
.Version 9.2.2 of ABINIT 
.(MPI version, prepared for a x86_64_linux_gnu9.3 computer) 

.Copyright (C) 1998-2020 ABINIT group . 
 ABINIT comes with ABSOLUTELY NO WARRANTY.
 It is free software, and you are welcome to redistribute it
 under certain conditions (GNU General Public License,
 see ~abinit/COPYING or http://www.gnu.org/copyleft/gpl.txt).

 ABINIT is a project of the Universite Catholique de Louvain,
 Corning Inc. and other collaborators, see ~abinit/doc/developers/contributors.txt .
 Please read https://docs.abinit.org/theory/acknowledgments for suggested
 acknowledgments of the ABINIT effort.
 For more information, see https://www.abinit.org .

.Starting date : Mon  2 May 2022.
- ( at 12h18 )
  
- input  file    -> hbn.in
- output file    -> hbn.out
- root for input  files -> hbn_in
- root for output files -> hbn_out


 DATASET    1 : space group P6_3/m m c (#194); Bravais hP (primitive hexag.)
================================================================================
 Values of the parameters that define the memory need for DATASET  1.
     intxc =       0    ionmov =       0      iscf =       7    lmnmax =       1
     lnmax =       1     mgfft =      72  mpssoang =       2    mqgrid =    3467
     natom =       4  nloc_mem =       1    nspden =       1   nspinor =       1
    nsppol =       1      nsym =      12    n1xccc =    2501    ntypat =       2
    occopt =       1   xclevel =       1
-    mband =          10        mffmem =           1         mkmem =           4
       mpw =        1427          nfft =       64800          nkpt =           4
================================================================================
P This job should need less than                      19.917 Mbytes of memory.
  Rough estimation (10% accuracy) of disk space for files :
_ WF disk file :      0.873 Mbytes ; DEN or POT disk file :      0.496 Mbytes.
================================================================================


 DATASET    2 : space group P6_3/m m c (#194); Bravais hP (primitive hexag.)
================================================================================
 Values of the parameters that define the memory need for DATASET  2.
     intxc =       0    ionmov =       0      iscf =      -2    lmnmax =       1
     lnmax =       1     mgfft =      72  mpssoang =       2    mqgrid =    3467
     natom =       4  nloc_mem =       1    nspden =       1   nspinor =       1
    nsppol =       1      nsym =      12    n1xccc =    2501    ntypat =       2
    occopt =       1   xclevel =       1
-    mband =          60        mffmem =           1         mkmem =           4
       mpw =        2854          nfft =       64800          nkpt =           4
================================================================================
P This job should need less than                      22.050 Mbytes of memory.
  Rough estimation (10% accuracy) of disk space for files :
_ WF disk file :     10.454 Mbytes ; DEN or POT disk file :      0.496 Mbytes.
================================================================================

--------------------------------------------------------------------------------
------------- Echo of variables that govern the present computation ------------
--------------------------------------------------------------------------------
-
- outvars: echo of selected default values                                      
-   iomode0 =  0 , fftalg0 =112 , wfoptalg0 =  0
-
- outvars: echo of global parameters not present in the input file              
-  max_nthreads =    1
-
 -outvars: echo values of preprocessed input variables --------
-          iomode           3
            acell      4.7163728000E+00  4.7163728000E+00  1.2175836200E+01 Bohr
              amu      1.08110000E+01  1.40067400E+01
           diemac      4.50000000E+00
             ecut      4.00000000E+01 Hartree
-          fftalg         112
           getden1          0
           getden2          1
             iscf1          7
             iscf2         -2
           istwfk1       2    3    4    5
           istwfk2       1    1    1    1
           jdtset        1    2
              kpt      0.00000000E+00  0.00000000E+00  0.00000000E+00
                       5.00000000E-01  0.00000000E+00  0.00000000E+00
                       0.00000000E+00  0.00000000E+00  5.00000000E-01
                       5.00000000E-01  0.00000000E+00  5.00000000E-01
         kptrlatt        2    0    0      0    2    0      0    0    2
          kptrlen      9.43274560E+00
P           mkmem           4
            natom           4
            nband1         10
            nband2         60
           nbdbuf1          0
           nbdbuf2          2
           ndtset           2
            ngfft          30      30      72
             nkpt           4
            nstep         100
             nsym          12
           ntypat           2
              occ      2.000000  2.000000  2.000000  2.000000  2.000000  2.000000
                       2.000000  2.000000  0.000000  0.000000
            rprim      1.0000000000E+00  0.0000000000E+00  0.0000000000E+00
                      -5.0000000000E-01  8.6602540378E-01  0.0000000000E+00
                       0.0000000000E+00  0.0000000000E+00  1.0000000000E+00
          spgroup         194
        symmorphi           0
           symrel      1  0  0   0  1  0   0  0  1       0 -1  0  -1  0  0   0  0 -1
                      -1 -1  0   1  0  0   0  0 -1      -1  0  0   1  1  0   0  0  1
                       0  1  0  -1 -1  0   0  0  1       1  1  0   0 -1  0   0  0 -1
                       1  0  0   0  1  0   0  0 -1       0 -1  0  -1  0  0   0  0  1
                      -1 -1  0   1  0  0   0  0  1      -1  0  0   1  1  0   0  0 -1
                       0  1  0  -1 -1  0   0  0 -1       1  1  0   0 -1  0   0  0  1
           toldfe1     1.00000000E-10 Hartree
           toldfe2     0.00000000E+00 Hartree
           tolwfr1     0.00000000E+00
           tolwfr2     1.00000000E-08
            typat      1  2  1  2
              wtk        0.12500    0.37500    0.12500    0.37500
           xangst      1.2478984965E+00  7.2047453286E-01  0.0000000000E+00
                      -1.2478984965E+00 -7.2047453286E-01  0.0000000000E+00
                      -1.2478984965E+00 -7.2047453286E-01  3.2215875063E+00
                       1.2478984965E+00  7.2047453286E-01  3.2215875063E+00
            xcart      2.3581864000E+00  1.3614995528E+00  0.0000000000E+00
                      -2.3581864000E+00 -1.3614995528E+00  0.0000000000E+00
                      -2.3581864000E+00 -1.3614995528E+00  6.0879181000E+00
                       2.3581864000E+00  1.3614995528E+00  6.0879181000E+00
             xred      6.6666666667E-01  3.3333333333E-01  0.0000000000E+00
                      -6.6666666667E-01 -3.3333333333E-01  0.0000000000E+00
                      -6.6666666667E-01 -3.3333333333E-01  5.0000000000E-01
                       6.6666666667E-01  3.3333333333E-01  5.0000000000E-01
            znucl        5.00000    7.00000

================================================================================

 chkinp: Checking input parameters for consistency, jdtset=   1.

 chkinp: Checking input parameters for consistency, jdtset=   2.

================================================================================
== DATASET  1 ==================================================================
-   mpi_nproc: 1, omp_nthreads: 1 (-1 if OMP is not activated)


--- !DatasetInfo
iteration_state: {dtset: 1, }
dimensions: {natom: 4, nkpt: 4, mband: 10, nsppol: 1, nspinor: 1, nspden: 1, mpw: 1427, }
cutoff_energies: {ecut:  40.0, pawecutdg:  -1.0, }
electrons: {nelect:   1.60000000E+01, charge:   0.00000000E+00, occopt:   1.00000000E+00, tsmear:   1.00000000E-02, }
meta: {optdriver: 0, ionmov: 0, optcell: 0, iscf: 7, paral_kgb: 0, }
...

 Exchange-correlation functional for the present dataset will be:
  LDA: new Teter (4/93) with spin-polarized option - ixc=1
 Citation for XC functional:
  S. Goedecker, M. Teter, J. Huetter, PRB 54, 1703 (1996)

 Real(R)+Recip(G) space primitive vectors, cartesian coordinates (Bohr,Bohr^-1):
 R(1)=  4.7163728  0.0000000  0.0000000  G(1)=  0.2120273  0.1224140  0.0000000
 R(2)= -2.3581864  4.0844987  0.0000000  G(2)=  0.0000000  0.2448281  0.0000000
 R(3)=  0.0000000  0.0000000 12.1758362  G(3)=  0.0000000  0.0000000  0.0821299
 Unit cell volume ucvol=  2.3455553E+02 bohr^3
 Angles (23,13,12)=  9.00000000E+01  9.00000000E+01  1.20000000E+02 degrees

 getcut: wavevector=  0.0000  0.0000  0.0000  ngfft=  30  30  72
         ecut(hartree)=     40.000   => boxcut(ratio)=   2.07701

--- Pseudopotential description ------------------------------------------------
- pspini: atom type   1  psp file is 5b.pspnc
- pspatm: opening atomic psp file    5b.pspnc
-  Troullier-Martins psp for element  B         Thu Oct 27 17:29:24 EDT 1994
-  5.00000   3.00000    940714                znucl, zion, pspdat
    1    1    1    1      2001   0.00000      pspcod,pspxc,lmax,lloc,mmax,r2well
    0   8.313  21.401    1   1.5924135        l,e99.0,e99.9,nproj,rcpsp
   0.00000000   0.00000000   0.00000000   0.00000000     rms, ekb1, ekb2, epsatm
    1  11.531  17.234    0   1.5924135        l,e99.0,e99.9,nproj,rcpsp
   0.00000000   0.00000000   0.00000000   0.00000000     rms, ekb1, ekb2, epsatm
    1.10004537463277    0.35216853368804    0.40909985967175   rchrg,fchrg,qchrg
  pspatm : epsatm=    0.59609267
         --- l  ekb(1:nproj) -->
             0    3.906219
 pspatm: atomic psp has been read  and splines computed

- pspini: atom type   2  psp file is 7n.pspnc
- pspatm: opening atomic psp file    7n.pspnc
-  Troullier-Martins psp for element  N         Thu Oct 27 17:29:45 EDT 1994
-  7.00000   5.00000    940714                znucl, zion, pspdat
    1    1    1    1      2001   0.00000      pspcod,pspxc,lmax,lloc,mmax,r2well
    0   9.676  16.205    1   1.4975844        l,e99.0,e99.9,nproj,rcpsp
   0.00000000   0.00000000   0.00000000   0.00000000     rms, ekb1, ekb2, epsatm
    1  17.792  24.348    0   1.4975844        l,e99.0,e99.9,nproj,rcpsp
   0.00000000   0.00000000   0.00000000   0.00000000     rms, ekb1, ekb2, epsatm
    0.67622446232424    2.19275283188720    0.59171052714445   rchrg,fchrg,qchrg
  pspatm : epsatm=    1.31070843
         --- l  ekb(1:nproj) -->
             0    5.141679
 pspatm: atomic psp has been read  and splines computed

   6.10176352E+01                                ecore*ucvol(ha*bohr**3)
--------------------------------------------------------------------------------

_setup2: Arith. and geom. avg. npw (full set) are    2838.375    2838.367

================================================================================

--- !BeginCycle
iteration_state: {dtset: 1, }
solver: {iscf: 7, nstep: 100, nline: 4, wfoptalg: 0, }
tolerances: {toldfe: 1.00E-10, }
...

     iter   Etot(hartree)      deltaE(h)  residm     vres2
 ETOT  1  -26.761100194331    -2.676E+01 1.332E-01 1.299E+03
 ETOT  2  -26.851038695772    -8.994E-02 3.146E-03 5.180E+02
 ETOT  3  -27.003713921369    -1.527E-01 5.036E-02 4.936E+01
 ETOT  4  -27.017248205851    -1.353E-02 1.708E-03 4.711E-01
 ETOT  5  -27.017347569789    -9.936E-05 1.054E-03 2.374E-02
 ETOT  6  -27.017350891348    -3.322E-06 1.321E-05 2.135E-03
 ETOT  7  -27.017351380424    -4.891E-07 1.428E-05 4.850E-05
 ETOT  8  -27.017351384971    -4.547E-09 4.384E-07 2.038E-06
 ETOT  9  -27.017351385060    -8.896E-11 3.513E-07 9.308E-08
 ETOT 10  -27.017351385066    -6.203E-12 2.420E-08 3.500E-10

 At SCF step   10, etot is converged : 
  for the second time, diff in etot=  6.203E-12 < toldfe=  1.000E-10

 Cartesian components of stress tensor (hartree/bohr^3)
  sigma(1 1)= -5.12825536E-04  sigma(3 2)=  0.00000000E+00
  sigma(2 2)= -5.12825536E-04  sigma(3 1)=  0.00000000E+00
  sigma(3 3)=  1.22436705E-04  sigma(2 1)=  0.00000000E+00


--- !ResultsGS
iteration_state: {dtset: 1, }
comment   : Summary of ground state results
lattice_vectors:
- [  4.7163728,   0.0000000,   0.0000000, ]
- [ -2.3581864,   4.0844987,   0.0000000, ]
- [  0.0000000,   0.0000000,  12.1758362, ]
lattice_lengths: [   4.71637,    4.71637,   12.17584, ]
lattice_angles: [ 90.000,  90.000, 120.000, ] # degrees, (23, 13, 12)
lattice_volume:   2.3455553E+02
convergence: {deltae: -6.203E-12, res2:  3.500E-10, residm:  2.420E-08, diffor: null, }
etotal    :  -2.70173514E+01
entropy   :   0.00000000E+00
fermie    :   1.61742601E-01
cartesian_stress_tensor: # hartree/bohr^3
- [ -5.12825536E-04,   0.00000000E+00,   0.00000000E+00, ]
- [  0.00000000E+00,  -5.12825536E-04,   0.00000000E+00, ]
- [  0.00000000E+00,   0.00000000E+00,   1.22436705E-04, ]
pressure_GPa:   8.8578E+00
xred      :
- [  6.6667E-01,   3.3333E-01,   0.0000E+00,  B]
- [ -6.6667E-01,  -3.3333E-01,   0.0000E+00,  N]
- [ -6.6667E-01,  -3.3333E-01,   5.0000E-01,  B]
- [  6.6667E-01,   3.3333E-01,   5.0000E-01,  N]
cartesian_forces: # hartree/bohr
- [ -0.00000000E+00,  -0.00000000E+00,  -0.00000000E+00, ]
- [ -0.00000000E+00,  -0.00000000E+00,  -0.00000000E+00, ]
- [ -0.00000000E+00,  -0.00000000E+00,  -0.00000000E+00, ]
- [ -0.00000000E+00,  -0.00000000E+00,  -0.00000000E+00, ]
force_length_stats: {min:   0.00000000E+00, max:   0.00000000E+00, mean:   0.00000000E+00, }
...

 Integrated electronic density in atomic spheres:
 ------------------------------------------------
 Atom  Sphere_radius  Integrated_density
    1        2.00000          3.54234254
    2        2.00000          5.83254013
    3        2.00000          3.54234254
    4        2.00000          5.83253998
================================================================================

 ----iterations are completed or convergence reached----

 Mean square residual over all n,k,spin=   60.522E-11; max=  24.200E-09
 reduced coordinates (array xred) for    4 atoms
       0.666666666667      0.333333333333      0.000000000000
      -0.666666666667     -0.333333333333      0.000000000000
      -0.666666666667     -0.333333333333      0.500000000000
       0.666666666667      0.333333333333      0.500000000000
 rms dE/dt=  0.0000E+00; max dE/dt=  0.0000E+00; dE/dt below (all hartree)
    1       0.000000000000      0.000000000000      0.000000000000
    2       0.000000000000      0.000000000000      0.000000000000
    3       0.000000000000      0.000000000000      0.000000000000
    4       0.000000000000      0.000000000000      0.000000000000

 cartesian coordinates (angstrom) at end:
    1      1.24789849648690     0.72047453286435     0.00000000000000
    2     -1.24789849648690    -0.72047453286435     0.00000000000000
    3     -1.24789849648690    -0.72047453286435     3.22158750628254
    4      1.24789849648690     0.72047453286435     3.22158750628254

 cartesian forces (hartree/bohr) at end:
    1     -0.00000000000000    -0.00000000000000    -0.00000000000000
    2     -0.00000000000000    -0.00000000000000    -0.00000000000000
    3     -0.00000000000000    -0.00000000000000    -0.00000000000000
    4     -0.00000000000000    -0.00000000000000    -0.00000000000000
 frms,max,avg= 0.0000000E+00 0.0000000E+00   0.000E+00  0.000E+00  0.000E+00 h/b

 cartesian forces (eV/Angstrom) at end:
    1     -0.00000000000000    -0.00000000000000    -0.00000000000000
    2     -0.00000000000000    -0.00000000000000    -0.00000000000000
    3     -0.00000000000000    -0.00000000000000    -0.00000000000000
    4     -0.00000000000000    -0.00000000000000    -0.00000000000000
 frms,max,avg= 0.0000000E+00 0.0000000E+00   0.000E+00  0.000E+00  0.000E+00 e/A
 length scales=  4.716372800000  4.716372800000 12.175836200000 bohr
              =  2.495796992974  2.495796992974  6.443175012565 angstroms
 prteigrs : about to open file hbn_out_DS1_EIG
 Fermi (or HOMO) energy (hartree) =   0.16174   Average Vxc (hartree)=  -0.39580
 Eigenvalues (hartree) for nkpt=   4  k points:
 kpt#   1, nband= 10, wtk=  0.12500, kpt=  0.0000  0.0000  0.0000 (reduced coord)
  -0.47604   -0.46089   -0.07129    0.02497    0.12739    0.12739    0.12931    0.12931
   0.35567    0.55767
 prteigrs : prtvol=0 or 1, do not print more k-points.


--- !EnergyTerms
iteration_state     : {dtset: 1, }
comment             : Components of total free energy in Hartree
kinetic             :  1.91175617945282E+01
hartree             :  7.92775198089116E+00
xc                  : -9.01585065177517E+00
Ewald energy        : -1.90009856095709E+01
psp_core            :  2.60141530814975E-01
local_psp           : -2.92380735291638E+01
non_local_psp       :  2.93210309920936E+00
total_energy        : -2.70173513850661E+01
total_energy_eV     : -7.35179519419536E+02
band_energy         : -1.26755962915306E+00
...


 Cartesian components of stress tensor (hartree/bohr^3)
  sigma(1 1)= -5.12825536E-04  sigma(3 2)=  0.00000000E+00
  sigma(2 2)= -5.12825536E-04  sigma(3 1)=  0.00000000E+00
  sigma(3 3)=  1.22436705E-04  sigma(2 1)=  0.00000000E+00

-Cartesian components of stress tensor (GPa)         [Pressure=  8.8578E+00 GPa]
- sigma(1 1)= -1.50878456E+01  sigma(3 2)=  0.00000000E+00
- sigma(2 2)= -1.50878456E+01  sigma(3 1)=  0.00000000E+00
- sigma(3 3)=  3.60221163E+00  sigma(2 1)=  0.00000000E+00

================================================================================
== DATASET  2 ==================================================================
-   mpi_nproc: 1, omp_nthreads: 1 (-1 if OMP is not activated)


--- !DatasetInfo
iteration_state: {dtset: 2, }
dimensions: {natom: 4, nkpt: 4, mband: 60, nsppol: 1, nspinor: 1, nspden: 1, mpw: 2854, }
cutoff_energies: {ecut:  40.0, pawecutdg:  -1.0, }
electrons: {nelect:   1.60000000E+01, charge:   0.00000000E+00, occopt:   1.00000000E+00, tsmear:   1.00000000E-02, }
meta: {optdriver: 0, ionmov: 0, optcell: 0, iscf: -2, paral_kgb: 0, }
...

 mkfilename : getden/=0, take file _DEN from output of DATASET   1.

 Exchange-correlation functional for the present dataset will be:
  LDA: new Teter (4/93) with spin-polarized option - ixc=1
 Citation for XC functional:
  S. Goedecker, M. Teter, J. Huetter, PRB 54, 1703 (1996)

 Real(R)+Recip(G) space primitive vectors, cartesian coordinates (Bohr,Bohr^-1):
 R(1)=  4.7163728  0.0000000  0.0000000  G(1)=  0.2120273  0.1224140  0.0000000
 R(2)= -2.3581864  4.0844987  0.0000000  G(2)=  0.0000000  0.2448281  0.0000000
 R(3)=  0.0000000  0.0000000 12.1758362  G(3)=  0.0000000  0.0000000  0.0821299
 Unit cell volume ucvol=  2.3455553E+02 bohr^3
 Angles (23,13,12)=  9.00000000E+01  9.00000000E+01  1.20000000E+02 degrees

 getcut: wavevector=  0.0000  0.0000  0.0000  ngfft=  30  30  72
         ecut(hartree)=     40.000   => boxcut(ratio)=   2.07701
--------------------------------------------------------------------------------


================================================================================
 prteigrs : about to open file hbn_out_DS2_EIG
 Non-SCF case, kpt    1 (  0.00000  0.00000  0.00000), residuals and eigenvalues=
  7.32E-10  9.62E-10  1.27E-09  1.25E-09  1.25E-09  5.09E-09  1.45E-09  5.80E-09
  1.11E-09  2.26E-09  4.44E-10  2.56E-09  1.23E-09  2.33E-09  1.49E-09  1.40E-09
  6.96E-10  1.96E-09  3.13E-09  8.37E-10  6.82E-10  1.50E-09  2.02E-09  1.18E-09
  1.39E-09  5.17E-09  2.47E-09  8.87E-10  5.00E-09  6.14E-10  5.43E-09  2.28E-09
  4.54E-09  6.05E-10  5.50E-09  9.04E-09  5.59E-09  7.52E-09  9.69E-09  1.22E-09
  1.47E-09  1.74E-09  1.29E-09  3.34E-09  5.35E-09  2.80E-09  3.22E-09  2.57E-09
  3.01E-09  1.98E-09  2.19E-09  5.02E-09  3.24E-09  7.98E-09  9.33E-09  8.23E-09
  9.39E-09  9.60E-09  9.80E-08  1.32E-07
 -4.7604E-01 -4.6089E-01 -7.1292E-02  2.4972E-02  1.2739E-01  1.2739E-01
  1.2931E-01  1.2931E-01  3.5567E-01  5.5767E-01  5.9433E-01  5.9433E-01
  6.0051E-01  6.0051E-01  6.3813E-01  6.4906E-01  7.3103E-01  7.8573E-01
  1.0210E+00  1.0808E+00  1.1191E+00  1.2026E+00  1.2026E+00  1.2609E+00
  1.3002E+00  1.3002E+00  1.3340E+00  1.3744E+00  1.3744E+00  1.4583E+00
  1.4583E+00  1.5007E+00  1.5007E+00  1.5307E+00  1.5307E+00  1.6058E+00
  1.6570E+00  1.6839E+00  1.8080E+00  1.8717E+00  1.8842E+00  1.8842E+00
  1.9304E+00  1.9304E+00  1.9796E+00  2.0427E+00  2.0427E+00  2.1630E+00
  2.1630E+00  2.1776E+00  2.1841E+00  2.1841E+00  2.3094E+00  2.3754E+00
  2.3754E+00  2.4167E+00  2.8151E+00  2.8151E+00  2.8313E+00  2.8348E+00
  prteigrs : nnsclo,ikpt=  100    1 max resid (incl. the buffer)=  1.31640E-07
 prteigrs : prtvol=0 or 1, do not print more k-points.

  prteigrs : nnsclo,ikpt=  100    2 max resid (incl. the buffer)=  1.06222E-04
  prteigrs : nnsclo,ikpt=  100    4 max resid (incl. the buffer)=  5.95911E-04


--- !ResultsGS
iteration_state: {dtset: 2, }
comment   : Summary of ground state results
lattice_vectors:
- [  4.7163728,   0.0000000,   0.0000000, ]
- [ -2.3581864,   4.0844987,   0.0000000, ]
- [  0.0000000,   0.0000000,  12.1758362, ]
lattice_lengths: [   4.71637,    4.71637,   12.17584, ]
lattice_angles: [ 90.000,  90.000, 120.000, ] # degrees, (23, 13, 12)
lattice_volume:   2.3455553E+02
convergence: {deltae:  0.000E+00, res2:  0.000E+00, residm:  9.691E-09, diffor:  0.000E+00, }
etotal    :  -2.70173514E+01
entropy   :   0.00000000E+00
fermie    :   1.61742601E-01
cartesian_stress_tensor: null
pressure_GPa: null
xred      :
- [  6.6667E-01,   3.3333E-01,   0.0000E+00,  B]
- [ -6.6667E-01,  -3.3333E-01,   0.0000E+00,  N]
- [ -6.6667E-01,  -3.3333E-01,   5.0000E-01,  B]
- [  6.6667E-01,   3.3333E-01,   5.0000E-01,  N]
cartesian_forces: null
force_length_stats: {min: null, max: null, mean: null, }
...

 Integrated electronic density in atomic spheres:
 ------------------------------------------------
 Atom  Sphere_radius  Integrated_density
    1        2.00000          3.54234254
    2        2.00000          5.83254013
    3        2.00000          3.54234254
    4        2.00000          5.83253998
================================================================================

 ----iterations are completed or convergence reached----

 Mean square residual over all n,k,spin=   33.454E-10; max=  96.910E-10
 reduced coordinates (array xred) for    4 atoms
       0.666666666667      0.333333333333      0.000000000000
      -0.666666666667     -0.333333333333      0.000000000000
      -0.666666666667     -0.333333333333      0.500000000000
       0.666666666667      0.333333333333      0.500000000000

 cartesian coordinates (angstrom) at end:
    1      1.24789849648690     0.72047453286435     0.00000000000000
    2     -1.24789849648690    -0.72047453286435     0.00000000000000
    3     -1.24789849648690    -0.72047453286435     3.22158750628254
    4      1.24789849648690     0.72047453286435     3.22158750628254
 length scales=  4.716372800000  4.716372800000 12.175836200000 bohr
              =  2.495796992974  2.495796992974  6.443175012565 angstroms
 prteigrs : about to open file hbn_out_DS2_EIG
 Eigenvalues (hartree) for nkpt=   4  k points:
 kpt#   1, nband= 60, wtk=  0.12500, kpt=  0.0000  0.0000  0.0000 (reduced coord)
  -0.47604   -0.46089   -0.07129    0.02497    0.12739    0.12739    0.12931    0.12931
   0.35567    0.55767    0.59433    0.59433    0.60051    0.60051    0.63813    0.64906
   0.73103    0.78573    1.02105    1.08083    1.11910    1.20265    1.20265    1.26091
   1.30023    1.30023    1.33398    1.37438    1.37438    1.45827    1.45827    1.50069
   1.50069    1.53072    1.53072    1.60577    1.65697    1.68392    1.80798    1.87168
   1.88420    1.88420    1.93039    1.93039    1.97958    2.04270    2.04270    2.16299
   2.16299    2.17765    2.18408    2.18408    2.30941    2.37536    2.37536    2.41670
   2.81511    2.81511    2.83135    2.83482
 prteigrs : prtvol=0 or 1, do not print more k-points.


== END DATASET(S) ==============================================================
================================================================================
  
 -outvars: echo values of variables after computation  --------
-          iomode           3
            acell      4.7163728000E+00  4.7163728000E+00  1.2175836200E+01 Bohr
              amu      1.08110000E+01  1.40067400E+01
           diemac      4.50000000E+00
             ecut      4.00000000E+01 Hartree
           etotal1    -2.7017351385E+01
            fcart1    -0.0000000000E+00 -0.0000000000E+00 -0.0000000000E+00
                      -0.0000000000E+00 -0.0000000000E+00 -0.0000000000E+00
                      -0.0000000000E+00 -0.0000000000E+00 -0.0000000000E+00
                      -0.0000000000E+00 -0.0000000000E+00 -0.0000000000E+00
-          fftalg         112
           getden1          0
           getden2          1
             iscf1          7
             iscf2         -2
           istwfk1       2    3    4    5
           istwfk2       1    1    1    1
           jdtset        1    2
              kpt      0.00000000E+00  0.00000000E+00  0.00000000E+00
                       5.00000000E-01  0.00000000E+00  0.00000000E+00
                       0.00000000E+00  0.00000000E+00  5.00000000E-01
                       5.00000000E-01  0.00000000E+00  5.00000000E-01
         kptrlatt        2    0    0      0    2    0      0    0    2
          kptrlen      9.43274560E+00
P           mkmem           4
            natom           4
            nband1         10
            nband2         60
           nbdbuf1          0
           nbdbuf2          2
           ndtset           2
            ngfft          30      30      72
             nkpt           4
            nstep         100
             nsym          12
           ntypat           2
              occ      2.000000  2.000000  2.000000  2.000000  2.000000  2.000000
                       2.000000  2.000000  0.000000  0.000000
            rprim      1.0000000000E+00  0.0000000000E+00  0.0000000000E+00
                      -5.0000000000E-01  8.6602540378E-01  0.0000000000E+00
                       0.0000000000E+00  0.0000000000E+00  1.0000000000E+00
          spgroup         194
           strten1    -5.1282553647E-04 -5.1282553646E-04  1.2243670532E-04
                       0.0000000000E+00  0.0000000000E+00  0.0000000000E+00
        symmorphi           0
           symrel      1  0  0   0  1  0   0  0  1       0 -1  0  -1  0  0   0  0 -1
                      -1 -1  0   1  0  0   0  0 -1      -1  0  0   1  1  0   0  0  1
                       0  1  0  -1 -1  0   0  0  1       1  1  0   0 -1  0   0  0 -1
                       1  0  0   0  1  0   0  0 -1       0 -1  0  -1  0  0   0  0  1
                      -1 -1  0   1  0  0   0  0  1      -1  0  0   1  1  0   0  0 -1
                       0  1  0  -1 -1  0   0  0 -1       1  1  0   0 -1  0   0  0  1
           toldfe1     1.00000000E-10 Hartree
           toldfe2     0.00000000E+00 Hartree
           tolwfr1     0.00000000E+00
           tolwfr2     1.00000000E-08
            typat      1  2  1  2
              wtk        0.12500    0.37500    0.12500    0.37500
           xangst      1.2478984965E+00  7.2047453286E-01  0.0000000000E+00
                      -1.2478984965E+00 -7.2047453286E-01  0.0000000000E+00
                      -1.2478984965E+00 -7.2047453286E-01  3.2215875063E+00
                       1.2478984965E+00  7.2047453286E-01  3.2215875063E+00
            xcart      2.3581864000E+00  1.3614995528E+00  0.0000000000E+00
                      -2.3581864000E+00 -1.3614995528E+00  0.0000000000E+00
                      -2.3581864000E+00 -1.3614995528E+00  6.0879181000E+00
                       2.3581864000E+00  1.3614995528E+00  6.0879181000E+00
             xred      6.6666666667E-01  3.3333333333E-01  0.0000000000E+00
                      -6.6666666667E-01 -3.3333333333E-01  0.0000000000E+00
                      -6.6666666667E-01 -3.3333333333E-01  5.0000000000E-01
                       6.6666666667E-01  3.3333333333E-01  5.0000000000E-01
            znucl        5.00000    7.00000

================================================================================


- Timing analysis has been suppressed with timopt=0



================================================================================

 Suggested references for the acknowledgment of ABINIT usage.

 The users of ABINIT have little formal obligations with respect to the ABINIT group
 (those specified in the GNU General Public License, http://www.gnu.org/copyleft/gpl.txt).
 However, it is common practice in the scientific literature,
 to acknowledge the efforts of people that have made the research possible.
 In this spirit, please find below suggested citations of work written by ABINIT developers,
 corresponding to implementations inside of ABINIT that you have used in the present run.
 Note also that it will be of great value to readers of publications presenting these results,
 to read papers enabling them to understand the theoretical formalism and details
 of the ABINIT implementation.
 For information on why they are suggested, see also https://docs.abinit.org/theory/acknowledgments.
-
- [1] Specification of an extensible and portable file format for electronic structure and crystallographic data
- X. Gonze, C.-O. Almbladh, A. Cucca, D. Caliste, C. Freysoldt, M. Marques, V. Olevano, Y. Pouillon, M.J. Verstraete,
- Comput. Material Science 43, 1056 (2008).
- Comment: to be cited in case the ETSF_IO file format is used, i.e. iomode=3.
- DOI and bibtex: see https://docs.abinit.org/theory/bibliography/#gonze2008
-
- [2] The Abinit project: Impact, environment and recent developments.
- Computer Phys. Comm. 248, 107042 (2020).
- X.Gonze, B. Amadon, G. Antonius, F.Arnardi, L.Baguet, J.-M.Beuken,
- J.Bieder, F.Bottin, J.Bouchet, E.Bousquet, N.Brouwer, F.Bruneval,
- G.Brunin, T.Cavignac, J.-B. Charraud, Wei Chen, M.Cote, S.Cottenier,
- J.Denier, G.Geneste, Ph.Ghosez, M.Giantomassi, Y.Gillet, O.Gingras,
- D.R.Hamann, G.Hautier, Xu He, N.Helbig, N.Holzwarth, Y.Jia, F.Jollet,
- W.Lafargue-Dit-Hauret, K.Lejaeghere, M.A.L.Marques, A.Martin, C.Martins,
- H.P.C. Miranda, F.Naccarato, K. Persson, G.Petretto, V.Planes, Y.Pouillon,
- S.Prokhorenko, F.Ricci, G.-M.Rignanese, A.H.Romero, M.M.Schmitt, M.Torrent,
- M.J.van Setten, B.Van Troeye, M.J.Verstraete, G.Zerah and J.W.Zwanzig
- Comment: the fifth generic paper describing the ABINIT project.
- Note that a version of this paper, that is not formatted for Computer Phys. Comm. 
- is available at https://www.abinit.org/sites/default/files/ABINIT20.pdf .
- The licence allows the authors to put it on the Web.
- DOI and bibtex: see https://docs.abinit.org/theory/bibliography/#gonze2020
-
- [3] ABINIT: Overview, and focus on selected capabilities
- J. Chem. Phys. 152, 124102 (2020).
- A. Romero, D.C. Allan, B. Amadon, G. Antonius, T. Applencourt, L.Baguet,
- J.Bieder, F.Bottin, J.Bouchet, E.Bousquet, F.Bruneval,
- G.Brunin, D.Caliste, M.Cote,
- J.Denier, C. Dreyer, Ph.Ghosez, M.Giantomassi, Y.Gillet, O.Gingras,
- D.R.Hamann, G.Hautier, F.Jollet, G. Jomard,
- A.Martin, 
- H.P.C. Miranda, F.Naccarato, G.Petretto, N.A. Pike, V.Planes,
- S.Prokhorenko, T. Rangel, F.Ricci, G.-M.Rignanese, M.Royo, M.Stengel, M.Torrent,
- M.J.van Setten, B.Van Troeye, M.J.Verstraete, J.Wiktor, J.W.Zwanziger, and X.Gonze.
- Comment: a global overview of ABINIT, with focus on selected capabilities .
- Note that a version of this paper, that is not formatted for J. Chem. Phys 
- is available at https://www.abinit.org/sites/default/files/ABINIT20_JPC.pdf .
- The licence allows the authors to put it on the Web.
- DOI and bibtex: see https://docs.abinit.org/theory/bibliography/#romero2020
-
- [4] Recent developments in the ABINIT software package.
- Computer Phys. Comm. 205, 106 (2016).
- X.Gonze, F.Jollet, F.Abreu Araujo, D.Adams, B.Amadon, T.Applencourt,
- C.Audouze, J.-M.Beuken, J.Bieder, A.Bokhanchuk, E.Bousquet, F.Bruneval
- D.Caliste, M.Cote, F.Dahm, F.Da Pieve, M.Delaveau, M.Di Gennaro,
- B.Dorado, C.Espejo, G.Geneste, L.Genovese, A.Gerossier, M.Giantomassi,
- Y.Gillet, D.R.Hamann, L.He, G.Jomard, J.Laflamme Janssen, S.Le Roux,
- A.Levitt, A.Lherbier, F.Liu, I.Lukacevic, A.Martin, C.Martins,
- M.J.T.Oliveira, S.Ponce, Y.Pouillon, T.Rangel, G.-M.Rignanese,
- A.H.Romero, B.Rousseau, O.Rubel, A.A.Shukri, M.Stankovski, M.Torrent,
- M.J.Van Setten, B.Van Troeye, M.J.Verstraete, D.Waroquier, J.Wiktor,
- B.Xu, A.Zhou, J.W.Zwanziger.
- Comment: the fourth generic paper describing the ABINIT project.
- Note that a version of this paper, that is not formatted for Computer Phys. Comm. 
- is available at https://www.abinit.org/sites/default/files/ABINIT16.pdf .
- The licence allows the authors to put it on the Web.
- DOI and bibtex: see https://docs.abinit.org/theory/bibliography/#gonze2016
-
- And optionally:
-
- [5] ABINIT: First-principles approach of materials and nanosystem properties.
- Computer Phys. Comm. 180, 2582-2615 (2009).
- X. Gonze, B. Amadon, P.-M. Anglade, J.-M. Beuken, F. Bottin, P. Boulanger, F. Bruneval,
- D. Caliste, R. Caracas, M. Cote, T. Deutsch, L. Genovese, Ph. Ghosez, M. Giantomassi
- S. Goedecker, D.R. Hamann, P. Hermet, F. Jollet, G. Jomard, S. Leroux, M. Mancini, S. Mazevet,
- M.J.T. Oliveira, G. Onida, Y. Pouillon, T. Rangel, G.-M. Rignanese, D. Sangalli, R. Shaltaf,
- M. Torrent, M.J. Verstraete, G. Zerah, J.W. Zwanziger
- Comment: the third generic paper describing the ABINIT project.
- Note that a version of this paper, that is not formatted for Computer Phys. Comm. 
- is available at https://www.abinit.org/sites/default/files/ABINIT_CPC_v10.pdf .
- The licence allows the authors to put it on the Web.
- DOI and bibtex: see https://docs.abinit.org/theory/bibliography/#gonze2009
-
- Proc.   0 individual time (sec): cpu=         32.5  wall=         33.9

================================================================================

 Calculation completed.
.Delivered   2 WARNINGs and   8 COMMENTs to log file.
+Overall time at end (sec) : cpu=         32.5  wall=         33.9
