
.Version 7.4.1 of ABINIT 
.(MPI version, prepared for a x86_64_linux_gnu4.8 computer) 

.Copyright (C) 1998-2013 ABINIT group . 
 ABINIT comes with ABSOLUTELY NO WARRANTY.
 It is free software, and you are welcome to redistribute it
 under certain conditions (GNU General Public License,
 see ~abinit/COPYING or http://www.gnu.org/copyleft/gpl.txt).

 ABINIT is a project of the Universite Catholique de Louvain,
 Corning Inc. and other collaborators, see ~abinit/doc/developers/contributors.txt .
 Please read ~abinit/doc/users/acknowledgments.html for suggested
 acknowledgments of the ABINIT effort.
 For more information, see http://www.abinit.org .

.Starting date : Tue 21 Jul 2015.
- ( at 08h47 )
  
- input  file    -> input/MoS2_single-layer_nscf_s2.in
- output file    -> reference_output/MoS2_single-layer_nscf_s2.out
- root for input  files -> io_files/MoS2_single-layer_scf_o
- root for output files -> io_files/MoS2_single-layer_nscf_s2_o


 Symmetries : space group P-6 m 2 (#187); Bravais hP (primitive hexag.)
================================================================================
 Values of the parameters that define the memory need of the present run
   intxc =         0  ionmov =         0    iscf =        -2 xclevel =         1
  lmnmax =         6   lnmax =         6   mband =        16  mffmem =         1
P  mgfft =       108   mkmem =         7 mpssoang=         3     mpw =      2541
  mqgrid =      5231   natom =         3    nfft =     62208    nkpt =         7
  nloalg =         4  nspden =         1 nspinor =         1  nsppol =         1
    nsym =        12  n1xccc =         0  ntypat =         2  occopt =         1
================================================================================
P This job should need less than                      16.397 Mbytes of memory.
  Rough estimation (10% accuracy) of disk space for files :
_ WF disk file :      4.345 Mbytes ; DEN or POT disk file :      0.477 Mbytes.
================================================================================

--------------------------------------------------------------------------------
------------- Echo of variables that govern the present computation ------------
--------------------------------------------------------------------------------
-
- outvars: echo of selected default values                                      
-   accesswff0 =  0 , fftalg0 =112 , wfoptalg0 =  0
-
- outvars: echo of global parameters not present in the input file              
-  max_nthreads =    0
-
 -outvars: echo values of preprocessed input variables --------
            acell      5.9203808995E+00  5.9203808994E+00  3.0000000000E+01 Bohr
              amu      9.59400000E+01  3.20660000E+01
           diemac      4.50000000E+00
             ecut      1.50000000E+01 Hartree
           irdden           1
             iscf          -2
              kpt      0.00000000E+00  4.08000000E-05  0.00000000E+00
                       1.66666700E-01  4.08000000E-05  0.00000000E+00
                       3.33333300E-01  4.08000000E-05  0.00000000E+00
                       4.99999900E-01  4.08000000E-05  0.00000000E+00
                       1.66666700E-01  1.66707400E-01  0.00000000E+00
                       3.33333300E-01  1.66707500E-01  0.00000000E+00
                       3.33333300E-01  3.33374100E-01  0.00000000E+00
           kptopt           0
          kssform           3
P           mkmem           7
            natom           3
            nband          16
         nbandkss          16
           nbdbuf           2
            ngfft          24      24     108
             nkpt           7
            nstep         100
             nsym          12
           ntypat           2
           prtvol           3
            rprim      1.0000000000E+00  0.0000000000E+00  0.0000000000E+00
                      -5.0000000000E-01  8.6602540378E-01  0.0000000000E+00
                       0.0000000000E+00  0.0000000000E+00  1.0000000000E+00
          spgroup         187
        symmorphi           0
           symrel      1  0  0   0  1  0   0  0  1       0 -1  0  -1  0  0   0  0 -1
                      -1 -1  0   1  0  0   0  0 -1      -1  0  0   1  1  0   0  0  1
                       0  1  0  -1 -1  0   0  0  1       1  1  0   0 -1  0   0  0 -1
                       1  0  0   0  1  0   0  0 -1       0 -1  0  -1  0  0   0  0  1
                      -1 -1  0   1  0  0   0  0  1      -1  0  0   1  1  0   0  0 -1
                       0  1  0  -1 -1  0   0  0 -1       1  1  0   0 -1  0   0  0  1
           tolwfr      1.00000000E-16
            typat      1  2  2
           xangst     -2.5183365611E-28  4.0793329699E-28  4.4712094400E-21
                       1.5664653191E+00  9.0439917365E-01  1.5521205663E+00
                       1.5664653191E+00  9.0439917365E-01 -1.5521205663E+00
            xcart     -4.7589664109E-28  7.7088221179E-28  8.4493613244E-21
                       2.9601904497E+00  1.7090667530E+00  2.9330827955E+00
                       2.9601904497E+00  1.7090667530E+00 -2.9330827955E+00
             xred     -5.2070279127E-30  1.5035149260E-28  2.8164537748E-22
                       6.6666666666E-01  3.3333333334E-01  9.7769426517E-02
                       6.6666666666E-01  3.3333333334E-01 -9.7769426517E-02
            znucl       42.00000   16.00000

================================================================================

 chkinp: Checking input parameters for consistency.

================================================================================
== DATASET  1 ==================================================================
-   nproc =    1

 Exchange-correlation functional for the present dataset will be:
  LDA: new Teter (4/93) with spin-polarized option - ixc=1
 Citation for XC functional:
  S. Goedecker, M. Teter, J. Huetter, PRB 54, 1703 (1996)

 Real(R)+Recip(G) space primitive vectors, cartesian coordinates (Bohr,Bohr^-1):
 R(1)=  5.9203809  0.0000000  0.0000000  G(1)=  0.1689081  0.0975191  0.0000000
 R(2)= -2.9601904  5.1272003  0.0000000  G(2)=  0.0000000  0.1950382  0.0000000
 R(3)=  0.0000000  0.0000000 30.0000000  G(3)=  0.0000000  0.0000000  0.0333333
 Unit cell volume ucvol=  9.1064935E+02 bohr^3
 Angles (23,13,12)=  9.00000000E+01  9.00000000E+01  1.20000000E+02 degrees

 getcut: wavevector=  0.0000  0.0000  0.0000  ngfft=  24  24 108
         ecut(hartree)=     15.000   => boxcut(ratio)=   2.06487

--- Pseudopotential description ------------------------------------------------
- pspini: atom type   1  psp file is 42mo.14.hgh
- pspatm: opening atomic psp file    42mo.14.hgh
- Hartwigsen-Goedecker-Hutter psp for Mo,  from PRB58, 3641 (1998)
- 42.00000  14.00000     10605                znucl, zion, pspdat
    3    1    2    0      2001   0.00000      pspcod,pspxc,lmax,lloc,mmax,r2well
 rloc=   0.4300000
 cc1 =  16.2374520; cc2 =   1.4965360; cc3 =   0.0000000; cc4 =   0.0000000
 rrs =   0.3762550; h11s=   3.3624260; h22s=  -5.2892760; h33s=   0.0000000
 rrp =   0.3617340; h11p=  -0.3795710; h22p=  -4.0677130; h33p=   0.0000000
                    k11p=   0.3786810; k22p=  -0.1245610; k33p=   0.0000000
 rrd =   0.5258280; h11d=  -1.5432110; h22d=   1.0743880; h33d=   0.0000000
                    k11d=   0.0144600; k22d=  -0.0147690; k33d=   0.0000000
-  Local part computed in reciprocal space.

 pspatm : COMMENT -
  the projectors are not normalized,
  so that the KB energies are not consistent with 
  definition in PRB44, 8503 (1991). 
  However, this does not influence the results obtained hereafter.
 pspatm: epsatm=   42.21916586
         --- l  ekb(1:nproj) -->
             0   -1.085688    0.721857
             1   -0.208345    0.013056
             2   -0.256316    0.182427
 pspatm: atomic psp has been read  and splines computed

- pspini: atom type   2  psp file is 16s.6.hgh
- pspatm: opening atomic psp file    16s.6.hgh
- Hartwigsen-Goedecker-Hutter psp for S,  from PRB58, 3641 (1998)
- 16.00000   6.00000     10605                znucl, zion, pspdat
    3    1    1    0      2001   0.00000      pspcod,pspxc,lmax,lloc,mmax,r2well
 rloc=   0.4200000
 cc1 =  -6.5544920; cc2 =   0.0000000; cc3 =   0.0000000; cc4 =   0.0000000
 rrs =   0.3617570; h11s=   7.9053030; h22s=   4.4716980; h33s=   0.0000000
 rrp =   0.4052850; h11p=   3.8665790; h22p=   0.0000000; h33p=   0.0000000
                    k11p=   0.0053720; k22p=   0.0220620; k33p=   0.0000000
-  Local part computed in reciprocal space.

 pspatm : COMMENT -
  the projectors are not normalized,
  so that the KB energies are not consistent with 
  definition in PRB44, 8503 (1991). 
  However, this does not influence the results obtained hereafter.
 pspatm: epsatm=   -0.99803221
         --- l  ekb(1:nproj) -->
             0    0.629324    1.447842
             1    0.299754
 pspatm: atomic psp has been read  and splines computed

--------------------------------------------------------------------------------

P newkpt: treating     16 bands with npw=    2525 for ikpt=   1 by node    0
P newkpt: treating     16 bands with npw=    2501 for ikpt=   2 by node    0
P newkpt: treating     16 bands with npw=    2541 for ikpt=   3 by node    0
P newkpt: treating     16 bands with npw=    2530 for ikpt=   4 by node    0
P newkpt: treating     16 bands with npw=    2521 for ikpt=   5 by node    0
P newkpt: treating     16 bands with npw=    2532 for ikpt=   6 by node    0
P newkpt: treating     16 bands with npw=    2529 for ikpt=   7 by node    0


================================================================================
 prteigrs : about to open file io_files/MoS2_single-layer_nscf_s2_o_EIG
 Non-SCF case, kpt    1 (  0.00000  0.00004  0.00000), residuals and eigenvalues=
  5.67E-17  1.75E-17  6.29E-17  7.04E-17  6.90E-17  4.09E-17  5.74E-17  5.69E-17
  3.34E-17  6.59E-17  6.51E-17  7.43E-17  6.47E-17  5.36E-17  8.21E-17  9.16E-17
 -2.1632E+00 -1.2876E+00 -1.2759E+00 -1.2759E+00 -5.5380E-01 -5.0458E-01
 -2.4306E-01 -1.3113E-01 -1.3113E-01 -1.0032E-01 -8.8338E-02 -8.8337E-02
 -3.7195E-02  7.3858E-02  7.3858E-02  8.4643E-02
 Non-SCF case, kpt    2 (  0.16667  0.00004  0.00000), residuals and eigenvalues=
  5.53E-17  1.78E-17  1.68E-17  7.60E-17  3.67E-17  6.25E-17  4.67E-17  1.95E-17
  3.50E-17  6.05E-17  3.17E-17  9.72E-17  8.67E-17  6.63E-17  6.17E-13  7.95E-14
 -2.1609E+00 -1.2864E+00 -1.2802E+00 -1.2769E+00 -5.3803E-01 -4.9839E-01
 -2.2787E-01 -1.5766E-01 -1.4445E-01 -1.1449E-01 -1.0958E-01 -7.0540E-02
 -4.6120E-02  5.3494E-02  6.4640E-02  6.9272E-02
  prteigrs : nnsclo,ikpt=  100    2 max resid (incl. the buffer)=  6.16525E-13
 Non-SCF case, kpt    3 (  0.33333  0.00004  0.00000), residuals and eigenvalues=
  8.07E-17  5.20E-17  3.93E-17  1.46E-17  4.47E-17  4.58E-17  4.84E-17  4.97E-17
  4.33E-17  7.75E-17  6.94E-17  9.16E-17  6.32E-17  7.70E-17  6.82E-17  2.55E-12
 -2.1636E+00 -1.2893E+00 -1.2846E+00 -1.2792E+00 -5.0233E-01 -4.8444E-01
 -2.3138E-01 -1.9221E-01 -1.7501E-01 -1.4037E-01 -9.2332E-02 -8.0232E-02
 -7.1015E-02  5.1987E-02  5.3728E-02  9.4999E-02
  prteigrs : nnsclo,ikpt=  100    3 max resid (incl. the buffer)=  2.55469E-12
 Non-SCF case, kpt    4 (  0.50000  0.00004  0.00000), residuals and eigenvalues=
  4.77E-17  4.51E-17  2.22E-17  2.63E-17  2.09E-17  7.73E-17  9.51E-17  8.45E-17
  8.67E-17  4.56E-17  8.87E-17  3.22E-17  6.14E-17  4.68E-17  6.37E-15  4.95E-10
 -2.1622E+00 -1.2934E+00 -1.2835E+00 -1.2803E+00 -4.7995E-01 -4.7611E-01
 -2.4970E-01 -2.1476E-01 -1.8638E-01 -1.5253E-01 -1.0278E-01 -6.4012E-02
 -5.5662E-02  5.2870E-02  7.2666E-02  1.1188E-01
  prteigrs : nnsclo,ikpt=  100    4 max resid (incl. the buffer)=  4.94940E-10
 Non-SCF case, kpt    5 (  0.16667  0.16671  0.00000), residuals and eigenvalues=
  1.86E-17  1.57E-17  8.61E-17  4.64E-17  1.62E-17  6.93E-17  9.46E-17  3.30E-17
  4.32E-17  2.64E-17  7.16E-17  5.29E-17  5.00E-17  3.89E-17  6.04E-13  3.30E-14
 -2.1622E+00 -1.2864E+00 -1.2851E+00 -1.2792E+00 -5.1212E-01 -4.8799E-01
 -2.2017E-01 -1.7266E-01 -1.7033E-01 -1.5433E-01 -1.0485E-01 -6.8125E-02
 -6.3990E-02  3.8319E-02  6.1715E-02  6.6846E-02
  prteigrs : nnsclo,ikpt=  100    5 max resid (incl. the buffer)=  6.04354E-13
 Non-SCF case, kpt    6 (  0.33333  0.16671  0.00000), residuals and eigenvalues=
  7.09E-17  5.33E-17  8.90E-17  7.55E-17  5.62E-17  9.10E-17  7.01E-17  2.73E-17
  5.91E-17  6.95E-17  6.08E-17  4.27E-17  9.89E-17  8.99E-17  2.59E-12  3.31E-15
 -2.1627E+00 -1.2914E+00 -1.2836E+00 -1.2823E+00 -4.8076E-01 -4.7534E-01
 -2.3283E-01 -2.1970E-01 -1.7477E-01 -1.5421E-01 -1.1866E-01 -9.5254E-02
 -5.2000E-02  5.1331E-02  7.4775E-02  9.1653E-02
  prteigrs : nnsclo,ikpt=  100    6 max resid (incl. the buffer)=  2.58604E-12
 Non-SCF case, kpt    7 (  0.33333  0.33337  0.00000), residuals and eigenvalues=
  5.77E-17  6.28E-17  3.97E-17  4.31E-17  4.61E-17  9.67E-17  5.64E-17  5.95E-17
  5.05E-17  9.90E-17  7.31E-17  8.66E-17  2.97E-17  5.90E-17  1.19E-14  1.36E-10
 -2.1623E+00 -1.2891E+00 -1.2870E+00 -1.2833E+00 -4.6958E-01 -4.6915E-01
 -2.4067E-01 -2.0408E-01 -1.8655E-01 -1.6312E-01 -1.3995E-01 -1.1309E-01
 -3.4971E-02  3.2989E-02  7.7862E-02  1.0350E-01
  prteigrs : nnsclo,ikpt=  100    7 max resid (incl. the buffer)=  1.36471E-10

======================================================================
 Calculating and writing out Kohn-Sham electronic Structure file
 Using conjugate gradient wavefunctions and energies (kssform=3)

 outkss : COMMENT - 
 At least one NC pseudopotential has more that one projector per angular channel
 number of Gamma centered plane waves   3281
 number of Gamma centered shells    393
 number of bands     16
 maximum angular momentum components      3
 Conjugate gradient eigenvalues
   k    eigenvalues [Hartree]
   1     -2.1632 -1.2876 -1.2759 -1.2759 -0.5538 -0.5046 -0.2431 -0.1311 -0.1311
         -0.1003 -0.0883 -0.0883 -0.0372  0.0739  0.0739  0.0846
   2     -2.1609 -1.2864 -1.2802 -1.2769 -0.5380 -0.4984 -0.2279 -0.1577 -0.1445
         -0.1145 -0.1096 -0.0705 -0.0461  0.0535  0.0646  0.0693
   3     -2.1636 -1.2893 -1.2846 -1.2792 -0.5023 -0.4844 -0.2314 -0.1922 -0.1750
         -0.1404 -0.0923 -0.0802 -0.0710  0.0520  0.0537  0.0950
   4     -2.1622 -1.2934 -1.2835 -1.2803 -0.4800 -0.4761 -0.2497 -0.2148 -0.1864
         -0.1525 -0.1028 -0.0640 -0.0557  0.0529  0.0727  0.1119
   5     -2.1622 -1.2864 -1.2851 -1.2792 -0.5121 -0.4880 -0.2202 -0.1727 -0.1703
         -0.1543 -0.1049 -0.0681 -0.0640  0.0383  0.0617  0.0668
   6     -2.1627 -1.2914 -1.2836 -1.2823 -0.4808 -0.4753 -0.2328 -0.2197 -0.1748
         -0.1542 -0.1187 -0.0953 -0.0520  0.0513  0.0748  0.0917
   7     -2.1623 -1.2891 -1.2870 -1.2833 -0.4696 -0.4692 -0.2407 -0.2041 -0.1865
         -0.1631 -0.1399 -0.1131 -0.0350  0.0330  0.0779  0.1035
 Test on the normalization of the wavefunctions
  min sum_G |a(n,k,G)| =  1.000000
  max sum_G |a(n,k,G)| =  1.000000
 Test on the orthogonalization of the wavefunctions
  min sum_G a(n,k,G)a(n',k,G) =  0.000000
  max sum_G a(n,k,G)a(n',k,G) =  0.000000

================================================================================

 ----iterations are completed or convergence reached----

 Mean square residual over all n,k,spin=   5.6956E-12; max=  4.9494E-10
   0.0000  0.0000  0.0000    1  9.16293E-17 kpt; spin; max resid(k); each band:
  5.67E-17 1.75E-17 6.29E-17 7.04E-17 6.90E-17 4.09E-17 5.74E-17 5.69E-17
  3.34E-17 6.59E-17 6.51E-17 7.43E-17 6.47E-17 5.36E-17 8.21E-17 9.16E-17
   0.1667  0.0000  0.0000    1  6.16525E-13 kpt; spin; max resid(k); each band:
  5.53E-17 1.78E-17 1.68E-17 7.60E-17 3.67E-17 6.25E-17 4.67E-17 1.95E-17
  3.50E-17 6.05E-17 3.17E-17 9.72E-17 8.67E-17 6.63E-17 6.17E-13 7.95E-14
   0.3333  0.0000  0.0000    1  2.55469E-12 kpt; spin; max resid(k); each band:
  8.07E-17 5.20E-17 3.93E-17 1.46E-17 4.47E-17 4.58E-17 4.84E-17 4.97E-17
  4.33E-17 7.75E-17 6.94E-17 9.16E-17 6.32E-17 7.70E-17 6.82E-17 2.55E-12
   0.5000  0.0000  0.0000    1  4.94940E-10 kpt; spin; max resid(k); each band:
  4.77E-17 4.51E-17 2.22E-17 2.63E-17 2.09E-17 7.73E-17 9.51E-17 8.45E-17
  8.67E-17 4.56E-17 8.87E-17 3.22E-17 6.14E-17 4.68E-17 6.37E-15 4.95E-10
   0.1667  0.1667  0.0000    1  6.04354E-13 kpt; spin; max resid(k); each band:
  1.86E-17 1.57E-17 8.61E-17 4.64E-17 1.62E-17 6.93E-17 9.46E-17 3.30E-17
  4.32E-17 2.64E-17 7.16E-17 5.29E-17 5.00E-17 3.89E-17 6.04E-13 3.30E-14
   0.3333  0.1667  0.0000    1  2.58604E-12 kpt; spin; max resid(k); each band:
  7.09E-17 5.33E-17 8.90E-17 7.55E-17 5.62E-17 9.10E-17 7.01E-17 2.73E-17
  5.91E-17 6.95E-17 6.08E-17 4.27E-17 9.89E-17 8.99E-17 2.59E-12 3.31E-15
   0.3333  0.3334  0.0000    1  1.36471E-10 kpt; spin; max resid(k); each band:
  5.77E-17 6.28E-17 3.97E-17 4.31E-17 4.61E-17 9.67E-17 5.64E-17 5.95E-17
  5.05E-17 9.90E-17 7.31E-17 8.66E-17 2.97E-17 5.90E-17 1.19E-14 1.36E-10
 reduced coordinates (array xred) for    3 atoms
      -0.000000000000      0.000000000000      0.000000000000
       0.666666666667      0.333333333333      0.097769426517
       0.666666666667      0.333333333333     -0.097769426517

 cartesian coordinates (angstrom) at end:
    1     -0.00000000000000     0.00000000000000     0.00000000000000
    2      1.56646531910230     0.90439917363492     1.55212056628604
    3      1.56646531910230     0.90439917363492    -1.55212056628604
 length scales=  5.920380899500  5.920380899400 30.000000000000 bohr
              =  3.132930638187  3.132930638134 15.875316257700 angstroms
 prteigrs : about to open file io_files/MoS2_single-layer_nscf_s2_o_EIG
 Eigenvalues (hartree) for nkpt=   7  k points:
 kpt#   1, nband= 16, wtk=  1.00000, kpt=  0.0000  0.0000  0.0000 (reduced coord)
  -2.16324  -1.28758  -1.27595  -1.27595  -0.55380  -0.50458  -0.24306  -0.13113
  -0.13113  -0.10032  -0.08834  -0.08834  -0.03719   0.07386   0.07386   0.08464
 kpt#   2, nband= 16, wtk=  1.00000, kpt=  0.1667  0.0000  0.0000 (reduced coord)
  -2.16087  -1.28639  -1.28023  -1.27686  -0.53803  -0.49839  -0.22787  -0.15766
  -0.14445  -0.11449  -0.10958  -0.07054  -0.04612   0.05349   0.06464   0.06927
 kpt#   3, nband= 16, wtk=  1.00000, kpt=  0.3333  0.0000  0.0000 (reduced coord)
  -2.16365  -1.28933  -1.28465  -1.27919  -0.50233  -0.48444  -0.23138  -0.19221
  -0.17501  -0.14037  -0.09233  -0.08023  -0.07102   0.05199   0.05373   0.09500
 kpt#   4, nband= 16, wtk=  1.00000, kpt=  0.5000  0.0000  0.0000 (reduced coord)
  -2.16225  -1.29343  -1.28346  -1.28027  -0.47995  -0.47611  -0.24970  -0.21476
  -0.18638  -0.15253  -0.10278  -0.06401  -0.05566   0.05287   0.07267   0.11188
 kpt#   5, nband= 16, wtk=  1.00000, kpt=  0.1667  0.1667  0.0000 (reduced coord)
  -2.16224  -1.28636  -1.28507  -1.27916  -0.51212  -0.48799  -0.22017  -0.17266
  -0.17033  -0.15433  -0.10485  -0.06813  -0.06399   0.03832   0.06171   0.06685
 kpt#   6, nband= 16, wtk=  1.00000, kpt=  0.3333  0.1667  0.0000 (reduced coord)
  -2.16266  -1.29136  -1.28362  -1.28233  -0.48076  -0.47534  -0.23283  -0.21970
  -0.17477  -0.15421  -0.11866  -0.09525  -0.05200   0.05133   0.07478   0.09165
 kpt#   7, nband= 16, wtk=  1.00000, kpt=  0.3333  0.3334  0.0000 (reduced coord)
  -2.16228  -1.28910  -1.28698  -1.28334  -0.46958  -0.46915  -0.24067  -0.20408
  -0.18655  -0.16312  -0.13995  -0.11309  -0.03497   0.03299   0.07786   0.10350
 Total charge density [el/Bohr^3]
,     Maximum=    8.7317E-01  at reduced coord.    0.8333    0.9167    0.0000
,Next maximum=    8.7317E-01  at reduced coord.    0.0833    0.9167    0.0000
,     Minimum=    3.8132E-07  at reduced coord.    0.2917    0.0417    0.4907
,Next minimum=    3.8132E-07  at reduced coord.    0.7500    0.0417    0.4907
,  Integrated=    2.6000E+01

== END DATASET(S) ==============================================================
================================================================================
  
 -outvars: echo values of variables after computation  --------
            acell      5.9203808995E+00  5.9203808994E+00  3.0000000000E+01 Bohr
              amu      9.59400000E+01  3.20660000E+01
           diemac      4.50000000E+00
             ecut      1.50000000E+01 Hartree
           irdden           1
             iscf          -2
              kpt      0.00000000E+00  4.08000000E-05  0.00000000E+00
                       1.66666700E-01  4.08000000E-05  0.00000000E+00
                       3.33333300E-01  4.08000000E-05  0.00000000E+00
                       4.99999900E-01  4.08000000E-05  0.00000000E+00
                       1.66666700E-01  1.66707400E-01  0.00000000E+00
                       3.33333300E-01  1.66707500E-01  0.00000000E+00
                       3.33333300E-01  3.33374100E-01  0.00000000E+00
           kptopt           0
          kssform           3
P           mkmem           7
            natom           3
            nband          16
         nbandkss          16
           nbdbuf           2
            ngfft          24      24     108
             nkpt           7
            nstep         100
             nsym          12
           ntypat           2
           prtvol           3
            rprim      1.0000000000E+00  0.0000000000E+00  0.0000000000E+00
                      -5.0000000000E-01  8.6602540378E-01  0.0000000000E+00
                       0.0000000000E+00  0.0000000000E+00  1.0000000000E+00
          spgroup         187
        symmorphi           0
           symrel      1  0  0   0  1  0   0  0  1       0 -1  0  -1  0  0   0  0 -1
                      -1 -1  0   1  0  0   0  0 -1      -1  0  0   1  1  0   0  0  1
                       0  1  0  -1 -1  0   0  0  1       1  1  0   0 -1  0   0  0 -1
                       1  0  0   0  1  0   0  0 -1       0 -1  0  -1  0  0   0  0  1
                      -1 -1  0   1  0  0   0  0  1      -1  0  0   1  1  0   0  0 -1
                       0  1  0  -1 -1  0   0  0 -1       1  1  0   0 -1  0   0  0  1
           tolwfr      1.00000000E-16
            typat      1  2  2
           xangst     -1.6313257281E-29  0.0000000000E+00  4.4712094400E-21
                       1.5664653191E+00  9.0439917363E-01  1.5521205663E+00
                       1.5664653191E+00  9.0439917363E-01 -1.5521205663E+00
            xcart     -3.0827588597E-29  0.0000000000E+00  8.4493613244E-21
                       2.9601904498E+00  1.7090667530E+00  2.9330827955E+00
                       2.9601904498E+00  1.7090667530E+00 -2.9330827955E+00
             xred     -5.2070279127E-30  0.0000000000E+00  2.8164537748E-22
                       6.6666666667E-01  3.3333333333E-01  9.7769426517E-02
                       6.6666666667E-01  3.3333333333E-01 -9.7769426517E-02
            znucl       42.00000   16.00000

================================================================================


- Timing analysis has been suppressed with timopt=0



================================================================================

 Suggested references for the acknowledgment of ABINIT usage.

 The users of ABINIT have little formal obligations with respect to the ABINIT group
 (those specified in the GNU General Public License, http://www.gnu.org/copyleft/gpl.txt).
 However, it is common practice in the scientific literature,
 to acknowledge the efforts of people that have made the research possible.
 In this spirit, please find below suggested citations of work written by ABINIT developers,
 corresponding to implementations inside of ABINIT that you have used in the present run.
 Note also that it will be of great value to readers of publications presenting these results,
 to read papers enabling them to understand the theoretical formalism and details
 of the ABINIT implementation.
 For information on why they are suggested, see also http://www.abinit.org/about/?text=acknowledgments.

 [1] ABINIT : First-principles approach of materials and nanosystem properties.
 X. Gonze, B. Amadon, P.-M. Anglade, J.-M. Beuken, F. Bottin, P. Boulanger, F. Bruneval,
 D. Caliste, R. Caracas, M. Cote, T. Deutsch, L. Genovese, Ph. Ghosez, M. Giantomassi
 S. Goedecker, D.R. Hamann, P. Hermet, F. Jollet, G. Jomard, S. Leroux, M. Mancini, S. Mazevet,
 M.J.T. Oliveira, G. Onida, Y. Pouillon, T. Rangel, G.-M. Rignanese, D. Sangalli, R. Shaltaf,
 M. Torrent, M.J. Verstraete, G. Zerah, J.W. Zwanziger
 Computer Phys. Comm. 180, 2582-2615 (2009).
 Comment : the third generic paper describing the ABINIT project.
 Note that a version of this paper, that is not formatted for Computer Phys. Comm. 
 is available at http://www.abinit.org/about/ABINIT_CPC_v10.pdf .
 The licence allows the authors to put it on the Web.

 [2] A brief introduction to the ABINIT software package.
 X. Gonze, G.-M. Rignanese, M. Verstraete, J.-M. Beuken, Y. Pouillon, R. Caracas, F. Jollet,
 M. Torrent, G. Zerah, M. Mikami, Ph. Ghosez, M. Veithen, J.-Y. Raty, V. Olevano, F. Bruneval,
 L. Reining, R. Godby, G. Onida, D.R. Hamann, and D.C. Allan.
 Z. Kristallogr. 220, 558-562 (2005).
 Comment : the second generic paper describing the ABINIT project. Note that this paper
 should be cited especially if you are using the GW part of ABINIT, as several authors
 of this part are not in the list of authors of the first or third paper.
 The .pdf of the latter paper is available at http://www.abinit.org/about/zfk_0505-06_558-562.pdf.
 Note that it should not redistributed (Copyright by Oldenburg Wissenshaftverlag,
 the licence allows the authors to put it on the Web).


 And optionally :

 [3] First-principles computation of material properties : the ABINIT software project. 
 X. Gonze, J.-M. Beuken, R. Caracas, F. Detraux, M. Fuchs, G.-M. Rignanese, L. Sindic,
 M. Verstraete, G. Zerah, F. Jollet, M. Torrent, A. Roy, M. Mikami, Ph. Ghosez, J.-Y. Raty, D.C. Allan.
 Computational Materials Science 25, 478-492 (2002). http://dx.doi.org/10.1016/S0927-0256(02)00325-7
 Comment : the original paper describing the ABINIT project.

 [4] Fast radix 2, 3, 4 and 5 kernels for Fast Fourier Transformations
 on computers with overlapping multiply-add instructions.
 S. Goedecker, SIAM J. on Scientific Computing 18, 1605 (1997).
-
- Proc.   0 individual time (sec): cpu=         20.6  wall=         20.6

================================================================================

 Calculation completed.
.Delivered   17 WARNINGs and   5 COMMENTs to log file.
+Overall time at end (sec) : cpu=         20.6  wall=         20.6
