
     Program PWSCF v.5.0.2 (svn rev. 9656) starts on 30Jun2015 at 11:45:34 

     This program is part of the open-source Quantum ESPRESSO suite
     for quantum simulation of materials; please cite
         "P. Giannozzi et al., J. Phys.:Condens. Matter 21 395502 (2009);
          URL http://www.quantum-espresso.org", 
     in publications or presentations arising from this work. More details at
     http://www.quantum-espresso.org/quote.php

     Parallel version (MPI), running on     1 processors

     Current dimensions of program PWSCF are:
     Max number of different atomic species (ntypx) = 10
     Max number of k-points (npk) =  40000
     Max angular momentum in pseudopotentials (lmaxx) =  3
     Waiting for input...
     Reading input from standard input

     Atomic positions and unit cell read from directory:
     ./Si_shift1_nscf.save/


     Subspace diagonalization in iterative solution of the eigenvalue problem:
     a serial algorithm will be used


     G-vector sticks info
     --------------------
     sticks:   dense  smooth     PW     G-vecs:    dense   smooth      PW
     Sum         211     211     85                 2085     2085     459



     bravais-lattice index     =            2
     lattice parameter (alat)  =      10.1830  a.u.
     unit-cell volume          =     263.9777 (a.u.)^3
     number of atoms/cell      =            2
     number of atomic types    =            1
     number of electrons       =         8.00
     number of Kohn-Sham states=           32
     kinetic-energy cutoff     =      15.0000  Ry
     charge density cutoff     =      60.0000  Ry
     Exchange-correlation      =  SLA  PZ   NOGX NOGC ( 1 1 0 0 0)
     EXX-fraction              =        0.00

     celldm(1)=  10.183000  celldm(2)=   0.000000  celldm(3)=   0.000000
     celldm(4)=   0.000000  celldm(5)=   0.000000  celldm(6)=   0.000000

     crystal axes: (cart. coord. in units of alat)
               a(1) = (  -0.500000   0.000000   0.500000 )  
               a(2) = (   0.000000   0.500000   0.500000 )  
               a(3) = (  -0.500000   0.500000   0.000000 )  

     reciprocal axes: (cart. coord. in units 2 pi/alat)
               b(1) = ( -1.000000 -1.000000  1.000000 )  
               b(2) = (  1.000000  1.000000  1.000000 )  
               b(3) = ( -1.000000  1.000000 -1.000000 )  


     PseudoPot. # 1 for Si read from file:
     ./Si.vbc.UPF
     MD5 check sum: 7974b67c806a44bbea7c2da40a3c413a
     Pseudo is Norm-conserving, Zval =  4.0
     Generated by new atomic code, or converted to UPF format
     Using radial grid of  431 points,  2 beta functions with: 
                l(1) =   0
                l(2) =   1

     atomic species   valence    mass     pseudopotential
        Si             4.00    28.08600     Si( 1.00)

     24 Sym. Ops. (no inversion) found


                                    s                        frac. trans.

      isym =  1     identity                                     

 cryst.   s( 1) = (     1          0          0      )
                  (     0          1          0      )
                  (     0          0          1      )

 cart.    s( 1) = (  1.0000000  0.0000000  0.0000000 )
                  (  0.0000000  1.0000000  0.0000000 )
                  (  0.0000000  0.0000000  1.0000000 )


      isym =  2     180 deg rotation - cart. axis [0,0,1]        

 cryst.   s( 2) = (     0          1         -1      )
                  (     1          0         -1      )
                  (     0          0         -1      )

 cart.    s( 2) = ( -1.0000000  0.0000000  0.0000000 )
                  (  0.0000000 -1.0000000  0.0000000 )
                  (  0.0000000  0.0000000  1.0000000 )


      isym =  3     180 deg rotation - cart. axis [0,1,0]        

 cryst.   s( 3) = (    -1          0          0      )
                  (    -1          0          1      )
                  (    -1          1          0      )

 cart.    s( 3) = ( -1.0000000  0.0000000  0.0000000 )
                  (  0.0000000  1.0000000  0.0000000 )
                  (  0.0000000  0.0000000 -1.0000000 )


      isym =  4     180 deg rotation - cart. axis [1,0,0]        

 cryst.   s( 4) = (     0         -1          1      )
                  (     0         -1          0      )
                  (     1         -1          0      )

 cart.    s( 4) = (  1.0000000  0.0000000  0.0000000 )
                  (  0.0000000 -1.0000000  0.0000000 )
                  (  0.0000000  0.0000000 -1.0000000 )


      isym =  5     120 deg rotation - cart. axis [-1,-1,-1]     

 cryst.   s( 5) = (    -1          0          1      )
                  (    -1          1          0      )
                  (    -1          0          0      )

 cart.    s( 5) = (  0.0000000  1.0000000  0.0000000 )
                  (  0.0000000  0.0000000  1.0000000 )
                  (  1.0000000  0.0000000  0.0000000 )


      isym =  6     120 deg rotation - cart. axis [-1,1,1]       

 cryst.   s( 6) = (     0          1          0      )
                  (     0          0          1      )
                  (     1          0          0      )

 cart.    s( 6) = (  0.0000000 -1.0000000  0.0000000 )
                  (  0.0000000  0.0000000  1.0000000 )
                  ( -1.0000000  0.0000000  0.0000000 )


      isym =  7     120 deg rotation - cart. axis [1,1,-1]       

 cryst.   s( 7) = (     1          0         -1      )
                  (     0          0         -1      )
                  (     0          1         -1      )

 cart.    s( 7) = (  0.0000000  1.0000000  0.0000000 )
                  (  0.0000000  0.0000000 -1.0000000 )
                  ( -1.0000000  0.0000000  0.0000000 )


      isym =  8     120 deg rotation - cart. axis [1,-1,1]       

 cryst.   s( 8) = (     0         -1          0      )
                  (     1         -1          0      )
                  (     0         -1          1      )

 cart.    s( 8) = (  0.0000000 -1.0000000  0.0000000 )
                  (  0.0000000  0.0000000 -1.0000000 )
                  (  1.0000000  0.0000000  0.0000000 )


      isym =  9     120 deg rotation - cart. axis [1,1,1]        

 cryst.   s( 9) = (     0          0         -1      )
                  (     0          1         -1      )
                  (     1          0         -1      )

 cart.    s( 9) = (  0.0000000  0.0000000  1.0000000 )
                  (  1.0000000  0.0000000  0.0000000 )
                  (  0.0000000  1.0000000  0.0000000 )


      isym = 10     120 deg rotation - cart. axis [-1,1,-1]      

 cryst.   s(10) = (    -1          1          0      )
                  (    -1          0          0      )
                  (    -1          0          1      )

 cart.    s(10) = (  0.0000000  0.0000000  1.0000000 )
                  ( -1.0000000  0.0000000  0.0000000 )
                  (  0.0000000 -1.0000000  0.0000000 )


      isym = 11     120 deg rotation - cart. axis [1,-1,-1]      

 cryst.   s(11) = (     0          0          1      )
                  (     1          0          0      )
                  (     0          1          0      )

 cart.    s(11) = (  0.0000000  0.0000000 -1.0000000 )
                  ( -1.0000000  0.0000000  0.0000000 )
                  (  0.0000000  1.0000000  0.0000000 )


      isym = 12     120 deg rotation - cart. axis [-1,-1,1]      

 cryst.   s(12) = (     1         -1          0      )
                  (     0         -1          1      )
                  (     0         -1          0      )

 cart.    s(12) = (  0.0000000  0.0000000 -1.0000000 )
                  (  1.0000000  0.0000000  0.0000000 )
                  (  0.0000000 -1.0000000  0.0000000 )


      isym = 13     inv. 180 deg rotation - cart. axis [1,1,0]   

 cryst.   s(13) = (     0          1          0      )
                  (     1          0          0      )
                  (     0          0          1      )

 cart.    s(13) = (  0.0000000 -1.0000000  0.0000000 )
                  ( -1.0000000  0.0000000  0.0000000 )
                  (  0.0000000  0.0000000  1.0000000 )


      isym = 14     inv. 180 deg rotation - cart. axis [1,-1,0]  

 cryst.   s(14) = (     1          0         -1      )
                  (     0          1         -1      )
                  (     0          0         -1      )

 cart.    s(14) = (  0.0000000  1.0000000  0.0000000 )
                  (  1.0000000  0.0000000  0.0000000 )
                  (  0.0000000  0.0000000  1.0000000 )


      isym = 15     inv.  90 deg rotation - cart. axis [0,0,-1]  

 cryst.   s(15) = (     0         -1          0      )
                  (     0         -1          1      )
                  (     1         -1          0      )

 cart.    s(15) = (  0.0000000 -1.0000000  0.0000000 )
                  (  1.0000000  0.0000000  0.0000000 )
                  (  0.0000000  0.0000000 -1.0000000 )


      isym = 16     inv.  90 deg rotation - cart. axis [0,0,1]   

 cryst.   s(16) = (    -1          0          1      )
                  (    -1          0          0      )
                  (    -1          1          0      )

 cart.    s(16) = (  0.0000000  1.0000000  0.0000000 )
                  ( -1.0000000  0.0000000  0.0000000 )
                  (  0.0000000  0.0000000 -1.0000000 )


      isym = 17     inv. 180 deg rotation - cart. axis [1,0,1]   

 cryst.   s(17) = (     1          0          0      )
                  (     0          0          1      )
                  (     0          1          0      )

 cart.    s(17) = (  0.0000000  0.0000000 -1.0000000 )
                  (  0.0000000  1.0000000  0.0000000 )
                  ( -1.0000000  0.0000000  0.0000000 )


      isym = 18     inv. 180 deg rotation - cart. axis [-1,0,1]  

 cryst.   s(18) = (    -1          0          0      )
                  (    -1          1          0      )
                  (    -1          0          1      )

 cart.    s(18) = (  0.0000000  0.0000000  1.0000000 )
                  (  0.0000000  1.0000000  0.0000000 )
                  (  1.0000000  0.0000000  0.0000000 )


      isym = 19     inv.  90 deg rotation - cart. axis [0,1,0]   

 cryst.   s(19) = (     0         -1          1      )
                  (     1         -1          0      )
                  (     0         -1          0      )

 cart.    s(19) = (  0.0000000  0.0000000 -1.0000000 )
                  (  0.0000000 -1.0000000  0.0000000 )
                  (  1.0000000  0.0000000  0.0000000 )


      isym = 20     inv.  90 deg rotation - cart. axis [0,-1,0]  

 cryst.   s(20) = (     0          1         -1      )
                  (     0          0         -1      )
                  (     1          0         -1      )

 cart.    s(20) = (  0.0000000  0.0000000  1.0000000 )
                  (  0.0000000 -1.0000000  0.0000000 )
                  ( -1.0000000  0.0000000  0.0000000 )


      isym = 21     inv. 180 deg rotation - cart. axis [0,1,1]   

 cryst.   s(21) = (     1         -1          0      )
                  (     0         -1          0      )
                  (     0         -1          1      )

 cart.    s(21) = (  1.0000000  0.0000000  0.0000000 )
                  (  0.0000000  0.0000000 -1.0000000 )
                  (  0.0000000 -1.0000000  0.0000000 )


      isym = 22     inv. 180 deg rotation - cart. axis [0,1,-1]  

 cryst.   s(22) = (     0          0          1      )
                  (     0          1          0      )
                  (     1          0          0      )

 cart.    s(22) = (  1.0000000  0.0000000  0.0000000 )
                  (  0.0000000  0.0000000  1.0000000 )
                  (  0.0000000  1.0000000  0.0000000 )


      isym = 23     inv.  90 deg rotation - cart. axis [-1,0,0]  

 cryst.   s(23) = (     0          0         -1      )
                  (     1          0         -1      )
                  (     0          1         -1      )

 cart.    s(23) = ( -1.0000000  0.0000000  0.0000000 )
                  (  0.0000000  0.0000000 -1.0000000 )
                  (  0.0000000  1.0000000  0.0000000 )


      isym = 24     inv.  90 deg rotation - cart. axis [1,0,0]   

 cryst.   s(24) = (    -1          1          0      )
                  (    -1          0          1      )
                  (    -1          0          0      )

 cart.    s(24) = ( -1.0000000  0.0000000  0.0000000 )
                  (  0.0000000  0.0000000  1.0000000 )
                  (  0.0000000 -1.0000000  0.0000000 )


     point group T_d (-43m) 
     there are  5 classes
     the character table:

       E     8C3   3C2   6S4   6s_d 
A_1    1.00  1.00  1.00  1.00  1.00
A_2    1.00  1.00  1.00 -1.00 -1.00
E      2.00 -1.00  2.00  0.00  0.00
T_1    3.00  0.00 -1.00  1.00 -1.00
T_2    3.00  0.00 -1.00 -1.00  1.00

     the symmetry operations in each class:
     E        1
     3C2      2    3    4
     8C3      5    7    8    6   12    9   10   11
     6s_d    13   14   17   18   21   22
     6S4     15   16   20   19   23   24

   Cartesian axes

     site n.     atom                  positions (alat units)
         1           Si  tau(   1) = (   0.0000000   0.0000000   0.0000000  )
         2           Si  tau(   2) = (   0.2500000   0.2500000   0.2500000  )

   Crystallographic axes

     site n.     atom                  positions (cryst. coord.)
         1           Si  tau(   1) = (  0.0000000  0.0000000  0.0000000  )
         2           Si  tau(   2) = ( -0.2500000  0.7500000 -0.2500000  )

     number of k points=    10
                       cart. coord. in units 2pi/alat
        k(    1) = (  -0.1249190   0.1250000   0.1250000), wk =   0.2000000
        k(    2) = (  -0.3749190   0.3750000  -0.1250000), wk =   0.2000000
        k(    3) = (   0.3750810  -0.3750000   0.6250000), wk =   0.2000000
        k(    4) = (   0.1250810  -0.1250000   0.3750000), wk =   0.2000000
        k(    5) = (  -0.1249190   0.6250000   0.1250000), wk =   0.2000000
        k(    6) = (   0.6250811  -0.1250000   0.8749999), wk =   0.2000000
        k(    7) = (   0.3750810   0.1250000   0.6250000), wk =   0.2000000
        k(    8) = (  -0.1249190  -0.8749999   0.1250000), wk =   0.2000000
        k(    9) = (  -0.3749190   0.3750000   0.3750000), wk =   0.2000000
        k(   10) = (   0.3750810  -0.3750000   1.1250000), wk =   0.2000000

                       cryst. coord.
        k(    1) = (   0.1249595   0.1250000   0.1249595), wk =   0.2000000
        k(    2) = (   0.1249595   0.1250000   0.3749595), wk =   0.2000000
        k(    3) = (   0.1249595   0.1250000  -0.3750405), wk =   0.2000000
        k(    4) = (   0.1249595   0.1250000  -0.1250405), wk =   0.2000000
        k(    5) = (   0.1249595   0.3750000   0.3749595), wk =   0.2000000
        k(    6) = (   0.1249594   0.3750000  -0.3750405), wk =   0.2000000
        k(    7) = (   0.1249595   0.3750000  -0.1250405), wk =   0.2000000
        k(    8) = (   0.1249595  -0.3750000  -0.3750405), wk =   0.2000000
        k(    9) = (   0.3749595   0.3750000   0.3749595), wk =   0.2000000
        k(   10) = (   0.3749595   0.3750000  -0.3750405), wk =   0.2000000

     Dense  grid:     2085 G-vectors     FFT dimensions: (  18,  18,  18)

     Largest allocated arrays     est. size (Mb)     dimensions
        Kohn-Sham Wavefunctions         0.13 Mb     (    271,   32)
        NL pseudopotentials             0.03 Mb     (    271,    8)
        Each V/rho on FFT grid          0.09 Mb     (   5832)
        Each G-vector array             0.02 Mb     (   2085)
        G-vector shells                 0.00 Mb     (     54)
     Largest temporary arrays     est. size (Mb)     dimensions
        Auxiliary wavefunctions         0.53 Mb     (    271,  128)
        Each subspace H/S matrix        0.25 Mb     ( 128, 128)
        Each <psi_i|beta_j> matrix      0.00 Mb     (      8,   32)

     The potential is recalculated from file :
     ./Si_shift1_nscf.save/charge-density.dat

     Starting wfc are    8 randomized atomic wfcs

     total cpu time spent up to now is        0.1 secs

     per-process dynamical memory:     4.2 Mb

     Band Structure Calculation
     Davidson diagonalization with overlap

     Computing kpt #:     1
     total cpu time spent up to now is        0.3 secs

     Computing kpt #:     2
     total cpu time spent up to now is        0.7 secs

     Computing kpt #:     3
     total cpu time spent up to now is        1.0 secs

     Computing kpt #:     4
     total cpu time spent up to now is        1.2 secs

     Computing kpt #:     5
     total cpu time spent up to now is        1.6 secs

     Computing kpt #:     6
     total cpu time spent up to now is        1.8 secs

     Computing kpt #:     7
     total cpu time spent up to now is        2.1 secs

     Computing kpt #:     8
     total cpu time spent up to now is        2.3 secs

     Computing kpt #:     9
     total cpu time spent up to now is        2.6 secs

     Computing kpt #:    10
     total cpu time spent up to now is        2.8 secs

     ethr =  1.25E-12,  avg # of iterations = 23.1

     total cpu time spent up to now is        2.8 secs

     End of band structure calculation

          k =-0.1249 0.1250 0.1250     band energies (ev):

    -5.5661   4.7062   6.0125   6.0128   8.8582   9.3235   9.3239  11.1306
    13.7024  13.7030  14.9174  16.9873  18.8244  18.8250  22.8159  27.6858
    27.6867  27.8681  30.5860  30.5861  32.7849  32.7850  33.6013  36.3533
    38.3543  38.3550  39.1466  41.2358  41.2366  41.9513  43.7280  43.7289

     occupation numbers 
     1.0000   1.0000   1.0000   1.0000   0.0000   0.0000   0.0000   0.0000
     0.0000   0.0000   0.0000   0.0000   0.0000   0.0000   0.0000   0.0000
     0.0000   0.0000   0.0000   0.0000   0.0000   0.0000   0.0000   0.0000
     0.0000   0.0000   0.0000   0.0000   0.0000   0.0000   0.0000   0.0000

          k =-0.3749 0.3750-0.1250     band energies (ev):

    -4.4932   1.6482   3.9404   5.5178   9.0971  10.0217  10.1917  12.6542
    12.8947  16.1131  16.5500  18.7843  20.4838  21.8454  23.0029  24.5066
    25.3990  28.0888  28.6254  29.5413  32.6712  33.2035  33.6756  36.2113
    36.2940  37.4661  37.8878  38.8546  40.0945  41.1120  41.3821  43.9127

     occupation numbers 
     1.0000   1.0000   1.0000   1.0000   0.0000   0.0000   0.0000   0.0000
     0.0000   0.0000   0.0000   0.0000   0.0000   0.0000   0.0000   0.0000
     0.0000   0.0000   0.0000   0.0000   0.0000   0.0000   0.0000   0.0000
     0.0000   0.0000   0.0000   0.0000   0.0000   0.0000   0.0000   0.0000

          k = 0.3751-0.3750 0.6250     band energies (ev):

    -3.2841  -0.5350   3.9903   4.7075   8.5329   9.8577  10.4590  13.7315
    15.3025  17.0201  17.9241  18.1722  18.9266  21.5161  24.7470  26.2406
    26.7726  27.6983  28.6100  28.9344  31.2354  32.3957  33.0794  34.2787
    34.7222  36.0957  36.6188  36.6717  39.2174  40.1376  40.5794  40.7255

     occupation numbers 
     1.0000   1.0000   1.0000   1.0000   0.0000   0.0000   0.0000   0.0000
     0.0000   0.0000   0.0000   0.0000   0.0000   0.0000   0.0000   0.0000
     0.0000   0.0000   0.0000   0.0000   0.0000   0.0000   0.0000   0.0000
     0.0000   0.0000   0.0000   0.0000   0.0000   0.0000   0.0000   0.0000

          k = 0.1251-0.1250 0.3750     band energies (ev):

    -5.0137   3.0797   4.9544   5.0476   8.4492  10.1051  10.8437  11.0947
    13.9286  14.6888  16.2578  17.8949  19.5882  20.8729  24.1426  24.5681
    25.6415  28.0884  28.2905  29.5660  32.7257  33.9130  34.9553  36.3547
    38.2214  38.7268  38.7550  39.8426  40.3361  41.1908  42.1183  42.7684

     occupation numbers 
     1.0000   1.0000   1.0000   1.0000   0.0000   0.0000   0.0000   0.0000
     0.0000   0.0000   0.0000   0.0000   0.0000   0.0000   0.0000   0.0000
     0.0000   0.0000   0.0000   0.0000   0.0000   0.0000   0.0000   0.0000
     0.0000   0.0000   0.0000   0.0000   0.0000   0.0000   0.0000   0.0000

          k =-0.1249 0.6250 0.1250     band energies (ev):

    -3.9362   1.3787   3.5650   4.0424   7.6219   9.1918  12.4056  12.6800
    16.5380  16.5992  17.9931  19.7682  20.0957  21.3115  22.3560  23.5217
    25.0532  26.3254  28.4607  30.7198  31.6737  33.0360  33.0545  33.8926
    35.5628  35.9741  37.0309  39.6570  40.2988  42.1361  42.6263  43.4960

     occupation numbers 
     1.0000   1.0000   1.0000   1.0000   0.0000   0.0000   0.0000   0.0000
     0.0000   0.0000   0.0000   0.0000   0.0000   0.0000   0.0000   0.0000
     0.0000   0.0000   0.0000   0.0000   0.0000   0.0000   0.0000   0.0000
     0.0000   0.0000   0.0000   0.0000   0.0000   0.0000   0.0000   0.0000

          k = 0.6251-0.1250 0.8750     band energies (ev):

    -2.2143  -0.6399   2.1182   3.2570   8.6779  10.5980  11.6609  13.8416
    14.8504  17.5833  18.7144  20.6735  21.8981  22.5314  23.9932  24.7690
    25.3104  25.9809  27.5448  28.3280  29.2894  30.7534  31.4960  34.1908
    34.5189  35.3595  37.2898  37.7096  38.7308  39.1305  40.8664  43.1934

     occupation numbers 
     1.0000   1.0000   1.0000   1.0000   0.0000   0.0000   0.0000   0.0000
     0.0000   0.0000   0.0000   0.0000   0.0000   0.0000   0.0000   0.0000
     0.0000   0.0000   0.0000   0.0000   0.0000   0.0000   0.0000   0.0000
     0.0000   0.0000   0.0000   0.0000   0.0000   0.0000   0.0000   0.0000

          k = 0.3751 0.1250 0.6250     band energies (ev):

    -3.4973   0.4321   2.9023   4.3260   9.1942   9.8903  11.3757  12.3330
    15.4729  16.1298  18.3731  19.4301  20.6824  21.5780  23.7512  24.7815
    25.5990  27.5486  28.4422  29.3818  30.7542  32.1692  32.5311  33.7155
    35.3590  36.2454  37.8780  38.0668  38.9548  39.9373  41.1096  42.4610

     occupation numbers 
     1.0000   1.0000   1.0000   1.0000   0.0000   0.0000   0.0000   0.0000
     0.0000   0.0000   0.0000   0.0000   0.0000   0.0000   0.0000   0.0000
     0.0000   0.0000   0.0000   0.0000   0.0000   0.0000   0.0000   0.0000
     0.0000   0.0000   0.0000   0.0000   0.0000   0.0000   0.0000   0.0000

          k =-0.1249-0.8750 0.1250     band energies (ev):

    -2.4024  -0.5276   2.7679   3.5553   7.1444   8.2475  14.7148  14.7782
    17.2059  17.3363  18.9153  19.2660  21.3460  21.5833  22.3572  25.1587
    25.2400  25.8693  27.2682  28.8867  29.1007  30.0514  30.6998  32.5697
    36.1183  36.6157  38.4451  39.1620  39.8457  41.1391  42.3532  42.5889

     occupation numbers 
     1.0000   1.0000   1.0000   1.0000   0.0000   0.0000   0.0000   0.0000
     0.0000   0.0000   0.0000   0.0000   0.0000   0.0000   0.0000   0.0000
     0.0000   0.0000   0.0000   0.0000   0.0000   0.0000   0.0000   0.0000
     0.0000   0.0000   0.0000   0.0000   0.0000   0.0000   0.0000   0.0000

          k =-0.3749 0.3750 0.3750     band energies (ev):

    -4.0356   0.2837   5.1988   5.1990   8.0508   9.7942   9.7944  14.0876
    15.0656  15.0664  16.0015  20.3310  20.3319  20.3955  23.0753  25.1020
    25.1028  29.2985  30.4162  30.5776  30.5776  33.4965  33.4975  35.0364
    35.0365  35.8772  37.6199  39.3250  39.3262  40.3736  40.3748  40.4305

     occupation numbers 
     1.0000   1.0000   1.0000   1.0000   0.0000   0.0000   0.0000   0.0000
     0.0000   0.0000   0.0000   0.0000   0.0000   0.0000   0.0000   0.0000
     0.0000   0.0000   0.0000   0.0000   0.0000   0.0000   0.0000   0.0000
     0.0000   0.0000   0.0000   0.0000   0.0000   0.0000   0.0000   0.0000

          k = 0.3751-0.3750 1.1250     band energies (ev):

    -2.7658  -0.3785   2.2057   4.3745   8.1334  11.8252  11.8714  13.3500
    14.3951  14.4393  18.9145  21.4517  21.5136  22.5408  22.9197  25.0658
    25.9832  26.4528  28.3471  28.7011  31.3615  31.7619  32.4987  32.9520
    34.2041  35.0735  36.0384  36.6876  39.9810  40.9176  41.6466  42.5148

     occupation numbers 
     1.0000   1.0000   1.0000   1.0000   0.0000   0.0000   0.0000   0.0000
     0.0000   0.0000   0.0000   0.0000   0.0000   0.0000   0.0000   0.0000
     0.0000   0.0000   0.0000   0.0000   0.0000   0.0000   0.0000   0.0000
     0.0000   0.0000   0.0000   0.0000   0.0000   0.0000   0.0000   0.0000

     highest occupied, lowest unoccupied level (ev):     6.0128    7.1444

     Writing output data file Si_shift1_nscf.save

     init_run     :      0.03s CPU      0.04s WALL (       1 calls)
     electrons    :      2.74s CPU      2.76s WALL (       1 calls)

     Called by init_run:
     wfcinit      :      0.00s CPU      0.00s WALL (       1 calls)
     potinit      :      0.00s CPU      0.00s WALL (       1 calls)

     Called by electrons:
     c_bands      :      2.74s CPU      2.76s WALL (       1 calls)
     v_of_rho     :      0.00s CPU      0.00s WALL (       1 calls)
     v_h          :      0.00s CPU      0.00s WALL (       1 calls)
     v_xc         :      0.00s CPU      0.00s WALL (       1 calls)

     Called by c_bands:
     init_us_2    :      0.00s CPU      0.00s WALL (      10 calls)
     cegterg      :      2.63s CPU      2.65s WALL (      17 calls)

     Called by sum_band:

     Called by *egterg:
     h_psi        :      1.06s CPU      1.07s WALL (     258 calls)
     g_psi        :      0.01s CPU      0.01s WALL (     231 calls)
     cdiaghg      :      1.18s CPU      1.18s WALL (     241 calls)
     cegterg:over :      0.20s CPU      0.20s WALL (     231 calls)
     cegterg:upda :      0.15s CPU      0.15s WALL (     231 calls)
     cegterg:last :      0.09s CPU      0.09s WALL (      47 calls)

     Called by h_psi:
     h_psi:vloc   :      1.01s CPU      1.03s WALL (     258 calls)
     h_psi:vnl    :      0.04s CPU      0.04s WALL (     258 calls)
     add_vuspsi   :      0.02s CPU      0.02s WALL (     258 calls)

     General routines
     calbec       :      0.02s CPU      0.02s WALL (     258 calls)
     fft          :      0.01s CPU      0.01s WALL (       3 calls)
     fftw         :      0.98s CPU      0.95s WALL (    8586 calls)
     davcio       :      0.00s CPU      0.00s WALL (      20 calls)

     Parallel routines
     fft_scatter  :      0.02s CPU      0.04s WALL (    8589 calls)

     PWSCF        :     2.89s CPU         2.92s WALL


   This run was terminated on:  11:45:37  30Jun2015            

=------------------------------------------------------------------------------=
   JOB DONE.
=------------------------------------------------------------------------------=
