
     Program PWSCF v.5.1 starts on 24Jul2018 at  6:55:27 

     This program is part of the open-source Quantum ESPRESSO suite
     for quantum simulation of materials; please cite
         "P. Giannozzi et al., J. Phys.:Condens. Matter 21 395502 (2009);
          URL http://www.quantum-espresso.org", 
     in publications or presentations arising from this work. More details at
     http://www.quantum-espresso.org/quote

     Parallel version (MPI), running on     1 processors
     Waiting for input...
     Reading input from standard input
     Message from routine read_cards :
     DEPRECATED: no units specified in ATOMIC_POSITIONS card
     Message from routine read_cards :
     ATOMIC_POSITIONS: units set to alat

     Current dimensions of program PWSCF are:
     Max number of different atomic species (ntypx) = 10
     Max number of k-points (npk) =  40000
     Max angular momentum in pseudopotentials (lmaxx) =  3

     Subspace diagonalization in iterative solution of the eigenvalue problem:
     a serial algorithm will be used


     G-vector sticks info
     --------------------
     sticks:   dense  smooth     PW     G-vecs:    dense   smooth      PW
     Sum         121     121     43                  941      941     181



     bravais-lattice index     =            2
     lattice parameter (alat)  =       7.5000  a.u.
     unit-cell volume          =     105.4688 (a.u.)^3
     number of atoms/cell      =            1
     number of atomic types    =            1
     number of electrons       =         3.00
     number of Kohn-Sham states=           20
     kinetic-energy cutoff     =      16.0000  Ry
     charge density cutoff     =      64.0000  Ry
     convergence threshold     =      1.0E-06
     mixing beta               =       0.7000
     number of iterations used =            8  plain     mixing
     Exchange-correlation      =  SLA  PZ   NOGX NOGC ( 1  1  0  0 0)

     celldm(1)=   7.500000  celldm(2)=   0.000000  celldm(3)=   0.000000
     celldm(4)=   0.000000  celldm(5)=   0.000000  celldm(6)=   0.000000

     crystal axes: (cart. coord. in units of alat)
               a(1) = (  -0.500000   0.000000   0.500000 )  
               a(2) = (   0.000000   0.500000   0.500000 )  
               a(3) = (  -0.500000   0.500000   0.000000 )  

     reciprocal axes: (cart. coord. in units 2 pi/alat)
               b(1) = ( -1.000000 -1.000000  1.000000 )  
               b(2) = (  1.000000  1.000000  1.000000 )  
               b(3) = ( -1.000000  1.000000 -1.000000 )  


     PseudoPot. # 1 for Al read from file:
     ./Al.vbc.UPF
     MD5 check sum: c34c8b369e81ee50c191f4345b5f621b
     Pseudo is Norm-conserving, Zval =  3.0
     Generated by new atomic code, or converted to UPF format
     Using radial grid of  171 points,  2 beta functions with: 
                l(1) =   0
                l(2) =   1

     atomic species   valence    mass     pseudopotential
        Al             3.00    26.98000     Al( 1.00)

     48 Sym. Ops., with inversion, found



   Cartesian axes

     site n.     atom                  positions (alat units)
         1           Al  tau(   1) = (   0.0000000   0.0000000   0.0000000  )

     number of k points=     8  Methfessel-Paxton smearing, width (Ry)=  0.0220
                       cart. coord. in units 2pi/alat
        k(    1) = (   0.0000000   0.0000000   0.0000000), wk =   0.0312500
        k(    2) = (  -0.2500000   0.2500000  -0.2500000), wk =   0.2500000
        k(    3) = (   0.5000000  -0.5000000   0.5000000), wk =   0.1250000
        k(    4) = (   0.0000000   0.5000000   0.0000000), wk =   0.1875000
        k(    5) = (   0.7500000  -0.2500000   0.7500000), wk =   0.7500000
        k(    6) = (   0.5000000   0.0000000   0.5000000), wk =   0.3750000
        k(    7) = (   0.0000000  -1.0000000   0.0000000), wk =   0.0937500
        k(    8) = (  -0.5000000  -1.0000000   0.0000000), wk =   0.1875000

     Dense  grid:      941 G-vectors     FFT dimensions: (  15,  15,  15)

     Largest allocated arrays     est. size (Mb)     dimensions
        Kohn-Sham Wavefunctions         0.04 Mb     (     125,   20)
        NL pseudopotentials             0.01 Mb     (     125,    4)
        Each V/rho on FFT grid          0.05 Mb     (    3375)
        Each G-vector array             0.01 Mb     (     941)
        G-vector shells                 0.00 Mb     (      33)
     Largest temporary arrays     est. size (Mb)     dimensions
        Auxiliary wavefunctions         0.15 Mb     (     125,   80)
        Each subspace H/S matrix        0.10 Mb     (      80,   80)
        Each <psi_i|beta_j> matrix      0.00 Mb     (       4,   20)
        Arrays for rho mixing           0.41 Mb     (    3375,    8)

     Initial potential from superposition of free atoms

     starting charge    2.99794, renormalised to    3.00000
     Starting wfc are    9 randomized atomic wfcs +   11 random wfc

     total cpu time spent up to now is        0.3 secs

     per-process dynamical memory:     5.2 Mb

     Self-consistent Calculation

     iteration #  1     ecut=    16.00 Ry     beta=0.70
     Davidson diagonalization with overlap
     ethr =  1.00E-02,  avg # of iterations =  4.5

     Threshold (ethr) on eigenvalues was too large:
     Diagonalizing with lowered threshold

     Davidson diagonalization with overlap
     ethr =  2.12E-04,  avg # of iterations =  1.0

     total cpu time spent up to now is        0.5 secs

     total energy              =      -4.16667368 Ry
     Harris-Foulkes estimate   =      -4.16738838 Ry
     estimated scf accuracy    <       0.00636631 Ry

     iteration #  2     ecut=    16.00 Ry     beta=0.70
     Davidson diagonalization with overlap
     ethr =  2.12E-04,  avg # of iterations =  1.0

     total cpu time spent up to now is        0.6 secs

     total energy              =      -4.16666399 Ry
     Harris-Foulkes estimate   =      -4.16669083 Ry
     estimated scf accuracy    <       0.00051067 Ry

     iteration #  3     ecut=    16.00 Ry     beta=0.70
     Davidson diagonalization with overlap
     ethr =  1.70E-05,  avg # of iterations =  1.0

     total cpu time spent up to now is        0.6 secs

     End of self-consistent calculation

          k = 0.0000 0.0000 0.0000 (   113 PWs)   bands (ev):

    -3.1867  21.1854  21.1854  21.1854  22.5617  22.5617  22.5617  25.0720
    28.4742  28.4742  31.0283  33.2355  33.2355  33.2355  40.6825  64.4621
    64.4621  64.4625  66.8424  66.8549

          k =-0.2500 0.2500-0.2500 (   117 PWs)   bands (ev):

    -1.4183  11.7912  19.3988  19.3988  22.9607  23.3442  23.3442  27.3735
    27.6613  27.6613  33.4542  39.8832  41.5247  41.5247  46.7230  50.1849
    50.1849  54.4178  67.0049  67.0050

          k = 0.5000-0.5000 0.5000 (   120 PWs)   bands (ev):

     3.5959   3.8237  19.9023  19.9023  19.9641  19.9641  23.7103  23.9931
    34.4314  34.4314  39.3111  39.3111  39.7577  45.8678  53.7637  54.8663
    54.8663  55.5682  56.7445  56.7445

          k = 0.0000 0.5000 0.0000 (   125 PWs)   bands (ev):

    -0.8368  15.7909  15.9743  15.9743  16.6902  19.6179  30.6722  30.7558
    30.7558  35.1779  35.7118  36.5627  36.5627  40.1937  50.6444  50.7292
    50.7292  52.8641  56.5452  66.2115

          k = 0.7500-0.2500 0.7500 (   113 PWs)   bands (ev):

     3.1401   7.5243  12.0334  15.5090  17.2208  24.6985  27.4537  30.4185
    33.6024  34.9608  40.2282  41.4511  44.3068  46.8969  47.9287  50.7496
    52.6875  53.8142  55.6620  58.7458

          k = 0.5000 0.0000 0.5000 (   117 PWs)   bands (ev):

     1.4592   9.5219  11.1636  17.9541  19.9878  25.7706  26.2414  27.3618
    30.0146  34.6316  36.7454  39.4256  45.2649  45.8417  51.1683  51.5985
    54.3423  55.4248  55.4924  58.8708

          k = 0.0000-1.0000 0.0000 (   116 PWs)   bands (ev):

     5.3365   6.6419  13.4796  14.0585  14.0585  17.6953  35.1779  36.8685
    36.8685  41.3546  41.3546  41.4715  42.0208  44.8895  50.3012  50.3012
    50.4280  50.4280  51.0179  51.4292

          k =-0.5000-1.0000 0.0000 (   108 PWs)   bands (ev):

     7.4224   7.4224   8.3704   9.6432  24.4710  24.4710  24.8716  27.2298
    37.1676  41.9081  42.7427  42.7427  44.6500  44.6500  45.0935  46.3959
    55.6822  55.6822  58.2976  61.6448

     the Fermi energy is     7.6422 ev

!    total energy              =      -4.16666592 Ry
     Harris-Foulkes estimate   =      -4.16666585 Ry
     estimated scf accuracy    <       0.00000016 Ry

     The total energy is the sum of the following terms:

     one-electron contribution =       2.96100439 Ry
     hartree contribution      =       0.01136245 Ry
     xc contribution           =      -1.63589428 Ry
     ewald contribution        =      -5.50183450 Ry
     smearing contrib. (-TS)   =      -0.00130399 Ry

     convergence has been achieved in   3 iterations

     Writing output data file Al.save

     init_run     :      0.06s CPU      0.17s WALL (       1 calls)
     electrons    :      0.30s CPU      0.32s WALL (       1 calls)

     Called by init_run:
     wfcinit      :      0.02s CPU      0.12s WALL (       1 calls)
     potinit      :      0.00s CPU      0.00s WALL (       1 calls)

     Called by electrons:
     c_bands      :      0.28s CPU      0.27s WALL (       4 calls)
     sum_band     :      0.02s CPU      0.02s WALL (       4 calls)
     v_of_rho     :      0.00s CPU      0.00s WALL (       4 calls)
     mix_rho      :      0.00s CPU      0.01s WALL (       4 calls)

     Called by c_bands:
     init_us_2    :      0.01s CPU      0.00s WALL (      72 calls)
     cegterg      :      0.27s CPU      0.27s WALL (      32 calls)

     Called by *egterg:
     h_psi        :      0.12s CPU      0.12s WALL (     100 calls)
     g_psi        :      0.00s CPU      0.00s WALL (      60 calls)
     cdiaghg      :      0.13s CPU      0.21s WALL (      84 calls)

     Called by h_psi:
     add_vuspsi   :      0.00s CPU      0.00s WALL (     100 calls)

     General routines
     calbec       :      0.01s CPU      0.02s WALL (     100 calls)
     fft          :      0.00s CPU      0.00s WALL (      17 calls)
     fftw         :      0.09s CPU      0.09s WALL (    4108 calls)

     Parallel routines
     fft_scatter  :      0.02s CPU      0.01s WALL (    4125 calls)

     PWSCF        :     0.44s CPU         0.73s WALL


   This run was terminated on:   6:55:28  24Jul2018            

=------------------------------------------------------------------------------=
   JOB DONE.
=------------------------------------------------------------------------------=
