
     Program PWSCF v.5.0.1 (svn rev. 9278) starts on  1Apr2013 at  4: 3:31 

     This program is part of the open-source Quantum ESPRESSO suite
     for quantum simulation of materials; please cite
         "P. Giannozzi et al., J. Phys.:Condens. Matter 21 395502 (2009);
          URL http://www.quantum-espresso.org", 
     in publications or presentations arising from this work. More details at
     http://www.quantum-espresso.org/quote.php

     Parallel version (MPI & OpenMP), running on    4096 processor cores
     Number of MPI processes:               256
     Threads/MPI process:                    16
     R & G space division:  proc/pool =     256
     wavefunctions fft division:  fft/group =       4

     Current dimensions of program PWSCF are:
     Max number of different atomic species (ntypx) = 10
     Max number of k-points (npk) =  40000
     Max angular momentum in pseudopotentials (lmaxx) =  3
     Reading input from GaAs001_c4x4_alpha-nscf.in

     Atomic positions and unit cell read from directory:
     ./GaAs001-out.save/
 

     Subspace diagonalization in iterative solution of the eigenvalue problem:
     scalapack distributed-memory algorithm (size of sub-group: 11* 11 procs)


   Task Groups are in USE
   groups and procs/group :     4   64
 
     Parallelization info
     --------------------
     sticks:   dense  smooth     PW     G-vecs:    dense   smooth      PW
     Min           7       7      1                  465      465      49
     Max           8       8      2                  476      476      70
     Sum        1861    1861    489               120517   120517   16403
 

     bravais-lattice index     =            0
     lattice parameter (alat)  =      10.6000  a.u.
     unit-cell volume          =   19056.2560 (a.u.)^3
     number of atoms/cell      =           70
     number of atomic types    =            3
     number of electrons       =       236.00
     number of Kohn-Sham states=          200
     kinetic-energy cutoff     =      13.0000  Ry
     charge density cutoff     =      52.0000  Ry
     Exchange-correlation      =  SLA  PZ   NOGX NOGC ( 1 1 0 0 0)
     EXX-fraction              =        0.00

     celldm(1)=  10.600000  celldm(2)=   0.000000  celldm(3)=   0.000000
     celldm(4)=   0.000000  celldm(5)=   0.000000  celldm(6)=   0.000000

     crystal axes: (cart. coord. in units of alat)
               a(1) = (   2.000000   0.000000   0.000000 )  
               a(2) = (   0.000000   2.000000   0.000000 )  
               a(3) = (   0.000000   0.000000   4.000000 )  

     reciprocal axes: (cart. coord. in units 2 pi/alat)
               b(1) = (  0.500000  0.000000  0.000000 )  
               b(2) = (  0.000000  0.500000  0.000000 )  
               b(3) = (  0.000000  0.000000  0.250000 )  


     PseudoPot. # 1 for Ga read from file:
     Ga_hamlu.fhi.UPF
     MD5 check sum: 4ad1663a8a964d7f0e56f5e6e9567420
     Pseudo is Norm-conserving + core correction, Zval =  3.0
     Generated by new atomic code, or converted to UPF format
     Using radial grid of  529 points,  2 beta functions with: 
                l(1) =   1
                l(2) =   2

     PseudoPot. # 2 for As read from file:
     As.pz-bhs.UPF
     MD5 check sum: 451cd3365afcfc94d28b1934951c34a8
     Pseudo is Norm-conserving, Zval =  5.0
     Generated by new atomic code, or converted to UPF format
     Using radial grid of  525 points,  2 beta functions with: 
                l(1) =   0
                l(2) =   1

     PseudoPot. # 3 for hn read from file:
     hn.UPF
     MD5 check sum: 210cc0432c1e48c32e185ffe18939226
     Pseudo is Norm-conserving, Zval =  1.2
     Generated by new atomic code, or converted to UPF format
     Using radial grid of  189 points,  0 beta functions with: 

     atomic species   valence    mass     pseudopotential
        Ga             3.00    69.72000     Ga( 1.00)
        As             5.00    74.92000     As( 1.00)
        hn             1.25     1.00800     hn( 1.00)

      2 Sym. Ops. (no inversion) found


                                    s                        frac. trans.

      isym =  1     identity                                     

 cryst.   s( 1) = (     1          0          0      )
                  (     0          1          0      )
                  (     0          0          1      )

 cart.    s( 1) = (  1.0000000  0.0000000  0.0000000 )
                  (  0.0000000  1.0000000  0.0000000 )
                  (  0.0000000  0.0000000  1.0000000 )


      isym =  2     inv. 180 deg rotation - cart. axis [1,1,0]   

 cryst.   s( 2) = (     0         -1          0      )
                  (    -1          0          0      )
                  (     0          0          1      )

 cart.    s( 2) = (  0.0000000 -1.0000000  0.0000000 )
                  ( -1.0000000  0.0000000  0.0000000 )
                  (  0.0000000  0.0000000  1.0000000 )


     point group C_s (m)    
     there are  2 classes
     the character table:

       E     s    
A'     1.00  1.00
A''    1.00 -1.00

     the symmetry operations in each class:
     E        1
     s        2

   Cartesian axes

     site n.     atom                  positions (alat units)
         1           As  tau(   1) = (  -0.6693748  -0.3022846   2.2335999  )
         2           As  tau(   2) = (   0.3022846   0.6693748   2.2335999  )
         3           As  tau(   3) = (  -0.1906658   0.1906658   2.2280867  )
         4           Ga  tau(   4) = (   0.1080071  -0.1080071   2.1133704  )
         5           Ga  tau(   5) = (   0.6289172   0.3973406   2.1127250  )
         6           Ga  tau(   6) = (  -0.3973406  -0.6289172   2.1127250  )
         7           As  tau(   7) = (  -0.5477469  -1.0182013   2.0379013  )
         8           As  tau(   8) = (   1.0182013   0.5477469   2.0379013  )
         9           As  tau(   9) = (  -0.9990747  -0.5131004   2.0332721  )
        10           As  tau(  10) = (   0.5131004   0.9990747   2.0332721  )
        11           As  tau(  11) = (   0.5022592   0.0025704   1.9981490  )
        12           As  tau(  12) = (  -0.0025704  -0.5022592   1.9981489  )
        13           As  tau(  13) = (  -0.4879538  -0.0039634   1.9619062  )
        14           As  tau(  14) = (   0.0039634   0.4879538   1.9619062  )
        15           Ga  tau(  15) = (  -0.2747188   0.7831392   1.7660487  )
        16           Ga  tau(  16) = (  -0.7831392   0.2747188   1.7660487  )
        17           Ga  tau(  17) = (   0.7757157  -0.2634475   1.7602518  )
        18           Ga  tau(  18) = (   0.2634475  -0.7757157   1.7602518  )
        19           Ga  tau(  19) = (  -0.7653913  -0.7561960   1.7576359  )
        20           Ga  tau(  20) = (   0.7561960   0.7653913   1.7576359  )
        21           Ga  tau(  21) = (   0.2617794   0.2427912   1.7114013  )
        22           Ga  tau(  22) = (  -0.2427912  -0.2617794   1.7114013  )
        23           As  tau(  23) = (  -0.5022848   0.5022848   1.5152972  )
        24           As  tau(  24) = (   0.5058769  -0.5058769   1.5146475  )
        25           As  tau(  25) = (  -0.9992295   0.0029184   1.5036097  )
        26           As  tau(  26) = (  -0.0029184   0.9992295   1.5036097  )
        27           As  tau(  27) = (  -0.5113817  -0.5129681   1.4926552  )
        28           As  tau(  28) = (   0.5129681   0.5113817   1.4926552  )
        29           As  tau(  29) = (   1.0000747  -1.0000747   1.4924278  )
        30           As  tau(  30) = (   0.0038279  -0.0038279   1.4741611  )
        31           Ga  tau(  31) = (  -0.7470038   0.7470038   1.2519131  )
        32           Ga  tau(  32) = (   0.2485935   0.7508877   1.2498674  )
        33           Ga  tau(  33) = (  -0.7508877  -0.2485935   1.2498674  )
        34           Ga  tau(  34) = (  -0.2571498   0.2571498   1.2493199  )
        35           Ga  tau(  35) = (   0.7498892  -0.7498892   1.2501445  )
        36           Ga  tau(  36) = (   0.7522060   0.2492646   1.2479092  )
        37           Ga  tau(  37) = (  -0.2492646  -0.7522060   1.2479092  )
        38           Ga  tau(  38) = (   0.2615454  -0.2615454   1.2469952  )
        39           As  tau(  39) = (   0.0000000   0.5000000   1.0000000  )
        40           As  tau(  40) = (   0.0000000  -0.5000000   1.0000000  )
        41           As  tau(  41) = (   0.5000000   0.0000000   1.0000000  )
        42           As  tau(  42) = (  -0.5000000   0.0000000   1.0000000  )
        43           As  tau(  43) = (   0.5000000   1.0000000   1.0000000  )
        44           As  tau(  44) = (   1.0000000   0.5000000   1.0000000  )
        45           As  tau(  45) = (   1.0000000   1.5000000   1.0000000  )
        46           As  tau(  46) = (   1.5000000   1.0000000   1.0000000  )
        47           Ga  tau(  47) = (   0.2500000   0.2500000   0.7500000  )
        48           Ga  tau(  48) = (  -0.2500000  -0.2500000   0.7500000  )
        49           Ga  tau(  49) = (   0.2500000   1.2500000   0.7500000  )
        50           Ga  tau(  50) = (   0.7500000   0.7500000   0.7500000  )
        51           Ga  tau(  51) = (   0.7500000   1.7500000   0.7500000  )
        52           Ga  tau(  52) = (   1.2500000   0.2500000   0.7500000  )
        53           Ga  tau(  53) = (   1.2500000   1.2500000   0.7500000  )
        54           Ga  tau(  54) = (   1.7500000   0.7500000   0.7500000  )
        55           hn  tau(  55) = (  -0.6024650  -0.6028112   0.5660175  )
        56           hn  tau(  56) = (  -0.3987235  -0.4015767   0.5716726  )
        57           hn  tau(  57) = (  -0.1023843  -0.1022666   0.5666647  )
        58           hn  tau(  58) = (  -0.1012623   0.8979669   0.5676811  )
        59           hn  tau(  59) = (   0.1022666   0.1023843   0.5666647  )
        60           hn  tau(  60) = (   0.1046450   1.1000981   0.5662487  )
        61           hn  tau(  61) = (   0.4015767   0.3987235   0.5716726  )
        62           hn  tau(  62) = (   0.3979696   1.3991827   0.5681350  )
        63           hn  tau(  63) = (   0.6028112   0.6024650   0.5660175  )
        64           hn  tau(  64) = (   0.6008172   1.6020305   0.5681350  )
        65           hn  tau(  65) = (   0.8999020  -0.1046450   0.5662487  )
        66           hn  tau(  66) = (   0.8981896   0.8993236   0.5685619  )
        67           hn  tau(  67) = (   1.1020332   0.1012623   0.5676811  )
        68           hn  tau(  68) = (   1.1006765   1.1018105   0.5685619  )
        69           hn  tau(  69) = (   1.4010210   0.3955919   0.5677190  )
        70           hn  tau(  70) = (   1.6044082   0.5989789   0.5677190  )

   Crystallographic axes

     site n.     atom                  positions (cryst. coord.)
         1           As  tau(   1) = ( -0.3346874 -0.1511423  0.5584000  )
         2           As  tau(   2) = (  0.1511423  0.3346874  0.5584000  )
         3           As  tau(   3) = ( -0.0953329  0.0953329  0.5570217  )
         4           Ga  tau(   4) = (  0.0540035 -0.0540035  0.5283426  )
         5           Ga  tau(   5) = (  0.3144586  0.1986703  0.5281812  )
         6           Ga  tau(   6) = ( -0.1986703 -0.3144586  0.5281812  )
         7           As  tau(   7) = ( -0.2738734 -0.5091007  0.5094753  )
         8           As  tau(   8) = (  0.5091007  0.2738734  0.5094753  )
         9           As  tau(   9) = ( -0.4995374 -0.2565502  0.5083180  )
        10           As  tau(  10) = (  0.2565502  0.4995374  0.5083180  )
        11           As  tau(  11) = (  0.2511296  0.0012852  0.4995372  )
        12           As  tau(  12) = ( -0.0012852 -0.2511296  0.4995372  )
        13           As  tau(  13) = ( -0.2439769 -0.0019817  0.4904766  )
        14           As  tau(  14) = (  0.0019817  0.2439769  0.4904766  )
        15           Ga  tau(  15) = ( -0.1373594  0.3915696  0.4415122  )
        16           Ga  tau(  16) = ( -0.3915696  0.1373594  0.4415122  )
        17           Ga  tau(  17) = (  0.3878579 -0.1317238  0.4400630  )
        18           Ga  tau(  18) = (  0.1317238 -0.3878579  0.4400630  )
        19           Ga  tau(  19) = ( -0.3826957 -0.3780980  0.4394090  )
        20           Ga  tau(  20) = (  0.3780980  0.3826957  0.4394090  )
        21           Ga  tau(  21) = (  0.1308897  0.1213956  0.4278503  )
        22           Ga  tau(  22) = ( -0.1213956 -0.1308897  0.4278503  )
        23           As  tau(  23) = ( -0.2511424  0.2511424  0.3788243  )
        24           As  tau(  24) = (  0.2529384 -0.2529384  0.3786619  )
        25           As  tau(  25) = ( -0.4996147  0.0014592  0.3759024  )
        26           As  tau(  26) = ( -0.0014592  0.4996147  0.3759024  )
        27           As  tau(  27) = ( -0.2556908 -0.2564841  0.3731638  )
        28           As  tau(  28) = (  0.2564841  0.2556908  0.3731638  )
        29           As  tau(  29) = (  0.5000374 -0.5000374  0.3731069  )
        30           As  tau(  30) = (  0.0019139 -0.0019139  0.3685403  )
        31           Ga  tau(  31) = ( -0.3735019  0.3735019  0.3129783  )
        32           Ga  tau(  32) = (  0.1242968  0.3754438  0.3124669  )
        33           Ga  tau(  33) = ( -0.3754438 -0.1242968  0.3124669  )
        34           Ga  tau(  34) = ( -0.1285749  0.1285749  0.3123300  )
        35           Ga  tau(  35) = (  0.3749446 -0.3749446  0.3125361  )
        36           Ga  tau(  36) = (  0.3761030  0.1246323  0.3119773  )
        37           Ga  tau(  37) = ( -0.1246323 -0.3761030  0.3119773  )
        38           Ga  tau(  38) = (  0.1307727 -0.1307727  0.3117488  )
        39           As  tau(  39) = (  0.0000000  0.2500000  0.2500000  )
        40           As  tau(  40) = (  0.0000000 -0.2500000  0.2500000  )
        41           As  tau(  41) = (  0.2500000  0.0000000  0.2500000  )
        42           As  tau(  42) = ( -0.2500000  0.0000000  0.2500000  )
        43           As  tau(  43) = (  0.2500000  0.5000000  0.2500000  )
        44           As  tau(  44) = (  0.5000000  0.2500000  0.2500000  )
        45           As  tau(  45) = (  0.5000000  0.7500000  0.2500000  )
        46           As  tau(  46) = (  0.7500000  0.5000000  0.2500000  )
        47           Ga  tau(  47) = (  0.1250000  0.1250000  0.1875000  )
        48           Ga  tau(  48) = ( -0.1250000 -0.1250000  0.1875000  )
        49           Ga  tau(  49) = (  0.1250000  0.6250000  0.1875000  )
        50           Ga  tau(  50) = (  0.3750000  0.3750000  0.1875000  )
        51           Ga  tau(  51) = (  0.3750000  0.8750000  0.1875000  )
        52           Ga  tau(  52) = (  0.6250000  0.1250000  0.1875000  )
        53           Ga  tau(  53) = (  0.6250000  0.6250000  0.1875000  )
        54           Ga  tau(  54) = (  0.8750000  0.3750000  0.1875000  )
        55           hn  tau(  55) = ( -0.3012325 -0.3014056  0.1415044  )
        56           hn  tau(  56) = ( -0.1993617 -0.2007884  0.1429181  )
        57           hn  tau(  57) = ( -0.0511921 -0.0511333  0.1416662  )
        58           hn  tau(  58) = ( -0.0506312  0.4489834  0.1419203  )
        59           hn  tau(  59) = (  0.0511333  0.0511921  0.1416662  )
        60           hn  tau(  60) = (  0.0523225  0.5500491  0.1415622  )
        61           hn  tau(  61) = (  0.2007884  0.1993617  0.1429181  )
        62           hn  tau(  62) = (  0.1989848  0.6995914  0.1420338  )
        63           hn  tau(  63) = (  0.3014056  0.3012325  0.1415044  )
        64           hn  tau(  64) = (  0.3004086  0.8010153  0.1420338  )
        65           hn  tau(  65) = (  0.4499510 -0.0523225  0.1415622  )
        66           hn  tau(  66) = (  0.4490948  0.4496618  0.1421405  )
        67           hn  tau(  67) = (  0.5510166  0.0506312  0.1419203  )
        68           hn  tau(  68) = (  0.5503383  0.5509052  0.1421405  )
        69           hn  tau(  69) = (  0.7005105  0.1977959  0.1419298  )
        70           hn  tau(  70) = (  0.8022041  0.2994895  0.1419298  )

     number of k points=     2
                       cart. coord. in units 2pi/alat
        k(    1) = (   0.1250000   0.1250000   0.0000000), wk =   1.0000000
        k(    2) = (  -0.1250000   0.1250000   0.0000000), wk =   1.0000000

                       cryst. coord.
        k(    1) = (   0.2500000   0.2500000   0.0000000), wk =   1.0000000
        k(    2) = (  -0.2500000   0.2500000   0.0000000), wk =   1.0000000

     Dense  grid:   120517 G-vectors     FFT dimensions: (  50,  50, 100)

     Largest allocated arrays     est. size (Mb)     dimensions
        Kohn-Sham Wavefunctions         0.15 Mb     (     49,  200)
        NL pseudopotentials             0.24 Mb     (     49,  324)
        Each V/rho on FFT grid          0.08 Mb     (   5000)
        Each G-vector array             0.00 Mb     (    473)
        G-vector shells                 0.00 Mb     (    187)
     Largest temporary arrays     est. size (Mb)     dimensions
        Auxiliary wavefunctions         0.60 Mb     (     49,  800)
        Each subspace H/S matrix        0.08 Mb     (  72,  72)
        Each <psi_i|beta_j> matrix      0.99 Mb     (    324,  200)
     writing wfc files to a dedicated directory

     Check: negative/imaginary core charge=   -0.000012    0.000000

     The potential is recalculated from file :
     ./GaAs001-out.save/charge-density.dat

     Starting wfc are  367 randomized atomic wfcs

     total cpu time spent up to now is        4.3 secs

     per-process dynamical memory:    23.5 Mb

     Band Structure Calculation
     Davidson diagonalization with overlap

     Computing kpt #:     1
     total cpu time spent up to now is       17.5 secs

     Computing kpt #:     2
     total cpu time spent up to now is       32.9 secs

     ethr =  5.00E-06,  avg # of iterations = 17.5

     total cpu time spent up to now is       32.9 secs

     End of band structure calculation

          k = 0.1250 0.1250 0.0000     band energies (ev):

   -13.7154 -13.1742 -12.8651 -12.6481 -12.4975 -12.3822 -12.2140 -12.1378
   -11.9768 -11.9446 -11.8134 -11.7372 -11.7136 -11.6716 -11.6344 -11.5814
   -11.5026 -11.4205 -11.3123 -11.2709 -11.1231 -11.0787 -10.9706 -10.9148
   -10.4456  -9.6893  -9.3681  -9.0233  -8.7918  -8.7363  -8.6280  -8.0902
    -7.7777  -7.7173  -7.6415  -7.3771  -7.2837  -7.2579  -7.1501  -7.1260
    -7.0303  -6.9058  -6.8353  -6.8027  -6.5994  -6.4938  -6.4148  -6.2802
    -6.1883  -5.9652  -5.6831  -5.5706  -5.4676  -5.4282  -5.3491  -5.2520
    -5.0395  -4.9204  -4.7274  -4.6481  -4.3783  -4.3466  -4.2759  -4.2310
    -4.1611  -4.1064  -4.0535  -4.0488  -3.9375  -3.8103  -3.7913  -3.7005
    -3.6600  -3.5964  -3.4851  -3.4215  -3.3990  -3.3458  -3.3216  -3.2624
    -3.2531  -3.1988  -3.1561  -3.0977  -3.0293  -2.9792  -2.9240  -2.8937
    -2.8509  -2.7794  -2.7261  -2.6893  -2.6489  -2.5780  -2.5650  -2.5381
    -2.4530  -2.4440  -2.3970  -2.3109  -2.2158  -2.1994  -2.1639  -2.1153
    -2.0554  -2.0200  -1.9673  -1.8732  -1.8142  -1.7545  -1.6990  -1.6728
    -1.5978  -1.4482  -1.3587  -1.1345  -1.1231  -0.9832   0.5693   0.6360
     0.8763   0.9539   0.9837   1.2236   1.2973   1.3343   1.3571   1.4674
     1.4747   1.5766   1.6283   1.6584   1.7816   1.8421   1.8910   1.9288
     1.9863   2.0376   2.0706   2.1564   2.2207   2.2643   2.3587   2.3651
     2.4785   2.5023   2.5038   2.5531   2.6165   2.6770   2.7536   2.8394
     2.8974   2.9782   3.0186   3.0626   3.1486   3.1981   3.3398   3.3542
     3.4039   3.4815   3.5154   3.5531   3.5763   3.6208   3.6858   3.7309
     3.7775   3.8272   3.8958   3.9650   3.9824   4.0071   4.0795   4.0876
     4.1368   4.1477   4.2146   4.2285   4.2761   4.3189   4.3621   4.4378
     4.4656   4.5715   4.5966   4.6027   4.6373   4.6680   4.7350   4.8118
     4.8763   4.9020   4.9065   5.0006   5.0346   5.0569   5.1245   5.1375

     occupation numbers 
     1.0000   1.0000   1.0000   1.0000   1.0000   1.0000   1.0000   1.0000
     1.0000   1.0000   1.0000   1.0000   1.0000   1.0000   1.0000   1.0000
     1.0000   1.0000   1.0000   1.0000   1.0000   1.0000   1.0000   1.0000
     1.0000   1.0000   1.0000   1.0000   1.0000   1.0000   1.0000   1.0000
     1.0000   1.0000   1.0000   1.0000   1.0000   1.0000   1.0000   1.0000
     1.0000   1.0000   1.0000   1.0000   1.0000   1.0000   1.0000   1.0000
     1.0000   1.0000   1.0000   1.0000   1.0000   1.0000   1.0000   1.0000
     1.0000   1.0000   1.0000   1.0000   1.0000   1.0000   1.0000   1.0000
     1.0000   1.0000   1.0000   1.0000   1.0000   1.0000   1.0000   1.0000
     1.0000   1.0000   1.0000   1.0000   1.0000   1.0000   1.0000   1.0000
     1.0000   1.0000   1.0000   1.0000   1.0000   1.0000   1.0000   1.0000
     1.0000   1.0000   1.0000   1.0000   1.0000   1.0000   1.0000   1.0000
     1.0000   1.0000   1.0000   1.0000   1.0000   1.0000   1.0000   1.0000
     1.0000   1.0000   1.0000   1.0000   1.0000   1.0000   1.0000   1.0000
     1.0000   1.0000   1.0000   1.0000   1.0000   1.0000   0.0000   0.0000
     0.0000   0.0000   0.0000   0.0000   0.0000   0.0000   0.0000   0.0000
     0.0000   0.0000   0.0000   0.0000   0.0000   0.0000   0.0000   0.0000
     0.0000   0.0000   0.0000   0.0000   0.0000   0.0000   0.0000   0.0000
     0.0000   0.0000   0.0000   0.0000   0.0000   0.0000   0.0000   0.0000
     0.0000   0.0000   0.0000   0.0000   0.0000   0.0000   0.0000   0.0000
     0.0000   0.0000   0.0000   0.0000   0.0000   0.0000   0.0000   0.0000
     0.0000   0.0000   0.0000   0.0000   0.0000   0.0000   0.0000   0.0000
     0.0000   0.0000   0.0000   0.0000   0.0000   0.0000   0.0000   0.0000
     0.0000   0.0000   0.0000   0.0000   0.0000   0.0000   0.0000   0.0000
     0.0000   0.0000   0.0000   0.0000   0.0000   0.0000   0.0000   0.0000

          k =-0.1250 0.1250 0.0000     band energies (ev):

   -13.7197 -13.1191 -12.9517 -12.6412 -12.4913 -12.3486 -12.2835 -12.0966
   -11.9637 -11.8555 -11.7642 -11.7600 -11.7133 -11.6992 -11.6541 -11.6181
   -11.5274 -11.4494 -11.3226 -11.2625 -11.1252 -11.0801 -11.0083 -10.8391
   -10.4756  -9.6197  -9.4195  -9.0705  -8.7771  -8.5561  -8.5498  -8.2690
    -8.2654  -7.4983  -7.3677  -7.2777  -7.2689  -7.2362  -7.1987  -7.1129
    -7.0630  -6.8411  -6.7608  -6.6540  -6.6270  -6.4938  -6.4485  -6.3396
    -6.2355  -6.1930  -6.1285  -5.7764  -5.4576  -5.3084  -5.2237  -4.9799
    -4.9790  -4.7970  -4.6766  -4.6338  -4.3480  -4.2907  -4.2355  -4.2120
    -4.1665  -4.0311  -4.0054  -3.9355  -3.9130  -3.8806  -3.8227  -3.7598
    -3.7320  -3.5929  -3.5594  -3.4909  -3.4346  -3.4078  -3.3763  -3.2921
    -3.2598  -3.2238  -3.1561  -3.0853  -3.0723  -3.0257  -2.9580  -2.8780
    -2.8592  -2.7589  -2.7586  -2.6798  -2.6025  -2.5998  -2.5301  -2.5271
    -2.4406  -2.4181  -2.3975  -2.3232  -2.3065  -2.1863  -2.1841  -2.1031
    -2.0842  -2.0207  -1.9516  -1.9012  -1.8511  -1.8203  -1.6431  -1.5642
    -1.4939  -1.4671  -1.3227  -1.2173  -1.0434  -0.8669   0.2198   0.6060
     0.7381   1.0891   1.1111   1.2073   1.2300   1.3270   1.4281   1.4405
     1.5848   1.5985   1.6696   1.7499   1.7792   1.8589   1.9496   1.9656
     2.0959   2.1968   2.2139   2.2410   2.2906   2.2987   2.3676   2.3826
     2.4453   2.4976   2.5479   2.6362   2.6454   2.6701   2.6935   2.7255
     2.7535   2.8771   2.8822   2.9569   3.0022   3.0730   3.2039   3.2174
     3.3157   3.4164   3.4508   3.4731   3.6527   3.6769   3.7433   3.7587
     3.7757   3.9078   3.9252   3.9745   3.9854   4.0466   4.0506   4.1581
     4.2033   4.2506   4.2787   4.2892   4.3065   4.3453   4.3667   4.4388
     4.5306   4.5441   4.5732   4.6367   4.6477   4.6806   4.7419   4.7509
     4.7815   4.8165   4.8589   4.8968   4.9028   4.9607   4.9675   5.0372

     occupation numbers 
     1.0000   1.0000   1.0000   1.0000   1.0000   1.0000   1.0000   1.0000
     1.0000   1.0000   1.0000   1.0000   1.0000   1.0000   1.0000   1.0000
     1.0000   1.0000   1.0000   1.0000   1.0000   1.0000   1.0000   1.0000
     1.0000   1.0000   1.0000   1.0000   1.0000   1.0000   1.0000   1.0000
     1.0000   1.0000   1.0000   1.0000   1.0000   1.0000   1.0000   1.0000
     1.0000   1.0000   1.0000   1.0000   1.0000   1.0000   1.0000   1.0000
     1.0000   1.0000   1.0000   1.0000   1.0000   1.0000   1.0000   1.0000
     1.0000   1.0000   1.0000   1.0000   1.0000   1.0000   1.0000   1.0000
     1.0000   1.0000   1.0000   1.0000   1.0000   1.0000   1.0000   1.0000
     1.0000   1.0000   1.0000   1.0000   1.0000   1.0000   1.0000   1.0000
     1.0000   1.0000   1.0000   1.0000   1.0000   1.0000   1.0000   1.0000
     1.0000   1.0000   1.0000   1.0000   1.0000   1.0000   1.0000   1.0000
     1.0000   1.0000   1.0000   1.0000   1.0000   1.0000   1.0000   1.0000
     1.0000   1.0000   1.0000   1.0000   1.0000   1.0000   1.0000   1.0000
     1.0000   1.0000   1.0000   1.0000   1.0000   1.0000   0.0000   0.0000
     0.0000   0.0000   0.0000   0.0000   0.0000   0.0000   0.0000   0.0000
     0.0000   0.0000   0.0000   0.0000   0.0000   0.0000   0.0000   0.0000
     0.0000   0.0000   0.0000   0.0000   0.0000   0.0000   0.0000   0.0000
     0.0000   0.0000   0.0000   0.0000   0.0000   0.0000   0.0000   0.0000
     0.0000   0.0000   0.0000   0.0000   0.0000   0.0000   0.0000   0.0000
     0.0000   0.0000   0.0000   0.0000   0.0000   0.0000   0.0000   0.0000
     0.0000   0.0000   0.0000   0.0000   0.0000   0.0000   0.0000   0.0000
     0.0000   0.0000   0.0000   0.0000   0.0000   0.0000   0.0000   0.0000
     0.0000   0.0000   0.0000   0.0000   0.0000   0.0000   0.0000   0.0000
     0.0000   0.0000   0.0000   0.0000   0.0000   0.0000   0.0000   0.0000

     highest occupied, lowest unoccupied level (ev):    -0.8669    0.2198

     Writing output data file GaAs001-out.save
 
     init_run     :      2.46s CPU      2.46s WALL (       1 calls)
     electrons    :     28.76s CPU     28.76s WALL (       1 calls)

     Called by init_run:
     wfcinit      :      0.00s CPU      0.00s WALL (       1 calls)
     potinit      :      0.17s CPU      0.17s WALL (       1 calls)

     Called by electrons:
     c_bands      :     28.61s CPU     28.61s WALL (       1 calls)
     v_of_rho     :      0.00s CPU      0.00s WALL (       1 calls)
     v_h          :      0.00s CPU      0.00s WALL (       1 calls)
     v_xc         :      0.00s CPU      0.00s WALL (       1 calls)

     Called by c_bands:
     init_us_2    :      0.00s CPU      0.00s WALL (       2 calls)
     cegterg      :     26.16s CPU     26.16s WALL (       3 calls)

     Called by sum_band:

     Called by *egterg:
     h_psi        :      2.45s CPU      2.45s WALL (      40 calls)
     g_psi        :      0.03s CPU      0.03s WALL (      35 calls)
     cdiaghg      :     23.15s CPU     23.15s WALL (      37 calls)
     cegterg:over :      0.78s CPU      0.78s WALL (      35 calls)
     cegterg:upda :      0.48s CPU      0.48s WALL (      35 calls)
     cegterg:last :      0.16s CPU      0.16s WALL (       7 calls)
     cdiaghg:chol :      0.64s CPU      0.64s WALL (      37 calls)
     cdiaghg:inve :      0.58s CPU      0.58s WALL (      37 calls)
     cdiaghg:para :      0.51s CPU      0.51s WALL (      74 calls)

     Called by h_psi:
     h_psi:vloc   :      2.10s CPU      2.10s WALL (      40 calls)
     h_psi:vnl    :      0.35s CPU      0.35s WALL (      40 calls)
     add_vuspsi   :      0.29s CPU      0.29s WALL (      40 calls)

     General routines
     calbec       :      0.06s CPU      0.06s WALL (      40 calls)
     fft          :      0.01s CPU      0.01s WALL (       4 calls)
     fftw         :      1.76s CPU      1.76s WALL (    2052 calls)
     davcio       :      0.01s CPU      0.01s WALL (       4 calls)
 
     Parallel routines
     fft_scatter  :      0.78s CPU      0.78s WALL (    2056 calls)
     ALLTOALL     :      0.22s CPU      0.23s WALL (    2034 calls)
 
     PWSCF        :    38.55s CPU        38.55s WALL

 
   This run was terminated on:   4: 4:10   1Apr2013            

=------------------------------------------------------------------------------=
   JOB DONE.
=------------------------------------------------------------------------------=
