
     Program PWSCF v.5.0.1 (svn rev. 9278) starts on  1Apr2013 at  3:58:59 

     This program is part of the open-source Quantum ESPRESSO suite
     for quantum simulation of materials; please cite
         "P. Giannozzi et al., J. Phys.:Condens. Matter 21 395502 (2009);
          URL http://www.quantum-espresso.org", 
     in publications or presentations arising from this work. More details at
     http://www.quantum-espresso.org/quote.php

     Parallel version (MPI & OpenMP), running on    4096 processor cores
     Number of MPI processes:               256
     Threads/MPI process:                    16
     R & G space division:  proc/pool =     256
     wavefunctions fft division:  fft/group =       4

     Current dimensions of program PWSCF are:
     Max number of different atomic species (ntypx) = 10
     Max number of k-points (npk) =  40000
     Max angular momentum in pseudopotentials (lmaxx) =  3
     Reading input from GaAs001_c4x4_alpha-scf.in

     Subspace diagonalization in iterative solution of the eigenvalue problem:
     scalapack distributed-memory algorithm (size of sub-group: 11* 11 procs)


   Task Groups are in USE
   groups and procs/group :     4   64
 
     Parallelization info
     --------------------
     sticks:   dense  smooth     PW     G-vecs:    dense   smooth      PW
     Min           7       7      1                  465      465      49
     Max           8       8      2                  476      476      70
     Sum        1861    1861    489               120517   120517   16403
 
     Title: 
     GaAs001-c4x4 alpha phase 7L                                                


     bravais-lattice index     =            0
     lattice parameter (alat)  =      10.6000  a.u.
     unit-cell volume          =   19056.2560 (a.u.)^3
     number of atoms/cell      =           70
     number of atomic types    =            3
     number of electrons       =       236.00
     number of Kohn-Sham states=          118
     kinetic-energy cutoff     =      13.0000  Ry
     charge density cutoff     =      52.0000  Ry
     convergence threshold     =      1.0E-08
     mixing beta               =       0.5000
     number of iterations used =            8  plain     mixing
     Exchange-correlation      =  SLA  PZ   NOGX NOGC ( 1 1 0 0 0)
     EXX-fraction              =        0.00

     celldm(1)=  10.600000  celldm(2)=   0.000000  celldm(3)=   0.000000
     celldm(4)=   0.000000  celldm(5)=   0.000000  celldm(6)=   0.000000

     crystal axes: (cart. coord. in units of alat)
               a(1) = (   2.000000   0.000000   0.000000 )  
               a(2) = (   0.000000   2.000000   0.000000 )  
               a(3) = (   0.000000   0.000000   4.000000 )  

     reciprocal axes: (cart. coord. in units 2 pi/alat)
               b(1) = (  0.500000  0.000000  0.000000 )  
               b(2) = (  0.000000  0.500000  0.000000 )  
               b(3) = (  0.000000  0.000000  0.250000 )  


     PseudoPot. # 1 for Ga read from file:
     Ga_hamlu.fhi.UPF
     MD5 check sum: 4ad1663a8a964d7f0e56f5e6e9567420
     Pseudo is Norm-conserving + core correction, Zval =  3.0
     Generated by new atomic code, or converted to UPF format
     Using radial grid of  529 points,  2 beta functions with: 
                l(1) =   1
                l(2) =   2

     PseudoPot. # 2 for As read from file:
     As.pz-bhs.UPF
     MD5 check sum: 451cd3365afcfc94d28b1934951c34a8
     Pseudo is Norm-conserving, Zval =  5.0
     Generated by new atomic code, or converted to UPF format
     Using radial grid of  525 points,  2 beta functions with: 
                l(1) =   0
                l(2) =   1

     PseudoPot. # 3 for hn read from file:
     hn.UPF
     MD5 check sum: 210cc0432c1e48c32e185ffe18939226
     Pseudo is Norm-conserving, Zval =  1.2
     Generated by new atomic code, or converted to UPF format
     Using radial grid of  189 points,  0 beta functions with: 

     atomic species   valence    mass     pseudopotential
        Ga             3.00    69.72000     Ga( 1.00)
        As             5.00    74.92000     As( 1.00)
        hn             1.25     1.00800     hn( 1.00)

      2 Sym. Ops. (no inversion) found


                                    s                        frac. trans.

      isym =  1     identity                                     

 cryst.   s( 1) = (     1          0          0      )
                  (     0          1          0      )
                  (     0          0          1      )

 cart.    s( 1) = (  1.0000000  0.0000000  0.0000000 )
                  (  0.0000000  1.0000000  0.0000000 )
                  (  0.0000000  0.0000000  1.0000000 )


      isym =  2     inv. 180 deg rotation - cart. axis [1,1,0]   

 cryst.   s( 2) = (     0         -1          0      )
                  (    -1          0          0      )
                  (     0          0          1      )

 cart.    s( 2) = (  0.0000000 -1.0000000  0.0000000 )
                  ( -1.0000000  0.0000000  0.0000000 )
                  (  0.0000000  0.0000000  1.0000000 )


     point group C_s (m)    
     there are  2 classes
     the character table:

       E     s    
A'     1.00  1.00
A''    1.00 -1.00

     the symmetry operations in each class:
     E        1
     s        2

   Cartesian axes

     site n.     atom                  positions (alat units)
         1           As  tau(   1) = (  -0.6693748  -0.3022846   2.2335999  )
         2           As  tau(   2) = (   0.3022846   0.6693748   2.2335999  )
         3           As  tau(   3) = (  -0.1906658   0.1906658   2.2280867  )
         4           Ga  tau(   4) = (   0.1080071  -0.1080071   2.1133704  )
         5           Ga  tau(   5) = (   0.6289172   0.3973406   2.1127250  )
         6           Ga  tau(   6) = (  -0.3973406  -0.6289172   2.1127250  )
         7           As  tau(   7) = (  -0.5477469  -1.0182013   2.0379013  )
         8           As  tau(   8) = (   1.0182013   0.5477469   2.0379013  )
         9           As  tau(   9) = (  -0.9990747  -0.5131004   2.0332721  )
        10           As  tau(  10) = (   0.5131004   0.9990747   2.0332721  )
        11           As  tau(  11) = (   0.5022592   0.0025704   1.9981490  )
        12           As  tau(  12) = (  -0.0025704  -0.5022592   1.9981489  )
        13           As  tau(  13) = (  -0.4879538  -0.0039634   1.9619062  )
        14           As  tau(  14) = (   0.0039634   0.4879538   1.9619062  )
        15           Ga  tau(  15) = (  -0.2747188   0.7831392   1.7660487  )
        16           Ga  tau(  16) = (  -0.7831392   0.2747188   1.7660487  )
        17           Ga  tau(  17) = (   0.7757157  -0.2634475   1.7602518  )
        18           Ga  tau(  18) = (   0.2634475  -0.7757157   1.7602518  )
        19           Ga  tau(  19) = (  -0.7653913  -0.7561960   1.7576359  )
        20           Ga  tau(  20) = (   0.7561960   0.7653913   1.7576359  )
        21           Ga  tau(  21) = (   0.2617794   0.2427912   1.7114013  )
        22           Ga  tau(  22) = (  -0.2427912  -0.2617794   1.7114013  )
        23           As  tau(  23) = (  -0.5022848   0.5022848   1.5152972  )
        24           As  tau(  24) = (   0.5058769  -0.5058769   1.5146475  )
        25           As  tau(  25) = (  -0.9992295   0.0029184   1.5036097  )
        26           As  tau(  26) = (  -0.0029184   0.9992295   1.5036097  )
        27           As  tau(  27) = (  -0.5113817  -0.5129681   1.4926552  )
        28           As  tau(  28) = (   0.5129681   0.5113817   1.4926552  )
        29           As  tau(  29) = (   1.0000747  -1.0000747   1.4924278  )
        30           As  tau(  30) = (   0.0038279  -0.0038279   1.4741611  )
        31           Ga  tau(  31) = (  -0.7470038   0.7470038   1.2519131  )
        32           Ga  tau(  32) = (   0.2485935   0.7508877   1.2498674  )
        33           Ga  tau(  33) = (  -0.7508877  -0.2485935   1.2498674  )
        34           Ga  tau(  34) = (  -0.2571498   0.2571498   1.2493199  )
        35           Ga  tau(  35) = (   0.7498892  -0.7498892   1.2501445  )
        36           Ga  tau(  36) = (   0.7522060   0.2492646   1.2479092  )
        37           Ga  tau(  37) = (  -0.2492646  -0.7522060   1.2479092  )
        38           Ga  tau(  38) = (   0.2615454  -0.2615454   1.2469952  )
        39           As  tau(  39) = (   0.0000000   0.5000000   1.0000000  )
        40           As  tau(  40) = (   0.0000000  -0.5000000   1.0000000  )
        41           As  tau(  41) = (   0.5000000   0.0000000   1.0000000  )
        42           As  tau(  42) = (  -0.5000000   0.0000000   1.0000000  )
        43           As  tau(  43) = (   0.5000000   1.0000000   1.0000000  )
        44           As  tau(  44) = (   1.0000000   0.5000000   1.0000000  )
        45           As  tau(  45) = (   1.0000000   1.5000000   1.0000000  )
        46           As  tau(  46) = (   1.5000000   1.0000000   1.0000000  )
        47           Ga  tau(  47) = (   0.2500000   0.2500000   0.7500000  )
        48           Ga  tau(  48) = (  -0.2500000  -0.2500000   0.7500000  )
        49           Ga  tau(  49) = (   0.2500000   1.2500000   0.7500000  )
        50           Ga  tau(  50) = (   0.7500000   0.7500000   0.7500000  )
        51           Ga  tau(  51) = (   0.7500000   1.7500000   0.7500000  )
        52           Ga  tau(  52) = (   1.2500000   0.2500000   0.7500000  )
        53           Ga  tau(  53) = (   1.2500000   1.2500000   0.7500000  )
        54           Ga  tau(  54) = (   1.7500000   0.7500000   0.7500000  )
        55           hn  tau(  55) = (  -0.6024650  -0.6028112   0.5660175  )
        56           hn  tau(  56) = (  -0.3987235  -0.4015767   0.5716726  )
        57           hn  tau(  57) = (  -0.1023843  -0.1022666   0.5666647  )
        58           hn  tau(  58) = (  -0.1012623   0.8979669   0.5676811  )
        59           hn  tau(  59) = (   0.1022666   0.1023843   0.5666647  )
        60           hn  tau(  60) = (   0.1046450   1.1000981   0.5662487  )
        61           hn  tau(  61) = (   0.4015767   0.3987235   0.5716726  )
        62           hn  tau(  62) = (   0.3979696   1.3991827   0.5681350  )
        63           hn  tau(  63) = (   0.6028112   0.6024650   0.5660175  )
        64           hn  tau(  64) = (   0.6008172   1.6020305   0.5681350  )
        65           hn  tau(  65) = (   0.8999020  -0.1046450   0.5662487  )
        66           hn  tau(  66) = (   0.8981896   0.8993236   0.5685619  )
        67           hn  tau(  67) = (   1.1020332   0.1012623   0.5676811  )
        68           hn  tau(  68) = (   1.1006765   1.1018105   0.5685619  )
        69           hn  tau(  69) = (   1.4010210   0.3955919   0.5677190  )
        70           hn  tau(  70) = (   1.6044082   0.5989789   0.5677190  )

   Crystallographic axes

     site n.     atom                  positions (cryst. coord.)
         1           As  tau(   1) = ( -0.3346874 -0.1511423  0.5584000  )
         2           As  tau(   2) = (  0.1511423  0.3346874  0.5584000  )
         3           As  tau(   3) = ( -0.0953329  0.0953329  0.5570217  )
         4           Ga  tau(   4) = (  0.0540035 -0.0540035  0.5283426  )
         5           Ga  tau(   5) = (  0.3144586  0.1986703  0.5281812  )
         6           Ga  tau(   6) = ( -0.1986703 -0.3144586  0.5281812  )
         7           As  tau(   7) = ( -0.2738734 -0.5091007  0.5094753  )
         8           As  tau(   8) = (  0.5091007  0.2738734  0.5094753  )
         9           As  tau(   9) = ( -0.4995374 -0.2565502  0.5083180  )
        10           As  tau(  10) = (  0.2565502  0.4995374  0.5083180  )
        11           As  tau(  11) = (  0.2511296  0.0012852  0.4995372  )
        12           As  tau(  12) = ( -0.0012852 -0.2511296  0.4995372  )
        13           As  tau(  13) = ( -0.2439769 -0.0019817  0.4904766  )
        14           As  tau(  14) = (  0.0019817  0.2439769  0.4904766  )
        15           Ga  tau(  15) = ( -0.1373594  0.3915696  0.4415122  )
        16           Ga  tau(  16) = ( -0.3915696  0.1373594  0.4415122  )
        17           Ga  tau(  17) = (  0.3878579 -0.1317238  0.4400630  )
        18           Ga  tau(  18) = (  0.1317238 -0.3878579  0.4400630  )
        19           Ga  tau(  19) = ( -0.3826957 -0.3780980  0.4394090  )
        20           Ga  tau(  20) = (  0.3780980  0.3826957  0.4394090  )
        21           Ga  tau(  21) = (  0.1308897  0.1213956  0.4278503  )
        22           Ga  tau(  22) = ( -0.1213956 -0.1308897  0.4278503  )
        23           As  tau(  23) = ( -0.2511424  0.2511424  0.3788243  )
        24           As  tau(  24) = (  0.2529384 -0.2529384  0.3786619  )
        25           As  tau(  25) = ( -0.4996147  0.0014592  0.3759024  )
        26           As  tau(  26) = ( -0.0014592  0.4996147  0.3759024  )
        27           As  tau(  27) = ( -0.2556908 -0.2564841  0.3731638  )
        28           As  tau(  28) = (  0.2564841  0.2556908  0.3731638  )
        29           As  tau(  29) = (  0.5000374 -0.5000374  0.3731069  )
        30           As  tau(  30) = (  0.0019139 -0.0019139  0.3685403  )
        31           Ga  tau(  31) = ( -0.3735019  0.3735019  0.3129783  )
        32           Ga  tau(  32) = (  0.1242968  0.3754438  0.3124669  )
        33           Ga  tau(  33) = ( -0.3754438 -0.1242968  0.3124669  )
        34           Ga  tau(  34) = ( -0.1285749  0.1285749  0.3123300  )
        35           Ga  tau(  35) = (  0.3749446 -0.3749446  0.3125361  )
        36           Ga  tau(  36) = (  0.3761030  0.1246323  0.3119773  )
        37           Ga  tau(  37) = ( -0.1246323 -0.3761030  0.3119773  )
        38           Ga  tau(  38) = (  0.1307727 -0.1307727  0.3117488  )
        39           As  tau(  39) = (  0.0000000  0.2500000  0.2500000  )
        40           As  tau(  40) = (  0.0000000 -0.2500000  0.2500000  )
        41           As  tau(  41) = (  0.2500000  0.0000000  0.2500000  )
        42           As  tau(  42) = ( -0.2500000  0.0000000  0.2500000  )
        43           As  tau(  43) = (  0.2500000  0.5000000  0.2500000  )
        44           As  tau(  44) = (  0.5000000  0.2500000  0.2500000  )
        45           As  tau(  45) = (  0.5000000  0.7500000  0.2500000  )
        46           As  tau(  46) = (  0.7500000  0.5000000  0.2500000  )
        47           Ga  tau(  47) = (  0.1250000  0.1250000  0.1875000  )
        48           Ga  tau(  48) = ( -0.1250000 -0.1250000  0.1875000  )
        49           Ga  tau(  49) = (  0.1250000  0.6250000  0.1875000  )
        50           Ga  tau(  50) = (  0.3750000  0.3750000  0.1875000  )
        51           Ga  tau(  51) = (  0.3750000  0.8750000  0.1875000  )
        52           Ga  tau(  52) = (  0.6250000  0.1250000  0.1875000  )
        53           Ga  tau(  53) = (  0.6250000  0.6250000  0.1875000  )
        54           Ga  tau(  54) = (  0.8750000  0.3750000  0.1875000  )
        55           hn  tau(  55) = ( -0.3012325 -0.3014056  0.1415044  )
        56           hn  tau(  56) = ( -0.1993617 -0.2007884  0.1429181  )
        57           hn  tau(  57) = ( -0.0511921 -0.0511333  0.1416662  )
        58           hn  tau(  58) = ( -0.0506312  0.4489834  0.1419203  )
        59           hn  tau(  59) = (  0.0511333  0.0511921  0.1416662  )
        60           hn  tau(  60) = (  0.0523225  0.5500491  0.1415622  )
        61           hn  tau(  61) = (  0.2007884  0.1993617  0.1429181  )
        62           hn  tau(  62) = (  0.1989848  0.6995914  0.1420338  )
        63           hn  tau(  63) = (  0.3014056  0.3012325  0.1415044  )
        64           hn  tau(  64) = (  0.3004086  0.8010153  0.1420338  )
        65           hn  tau(  65) = (  0.4499510 -0.0523225  0.1415622  )
        66           hn  tau(  66) = (  0.4490948  0.4496618  0.1421405  )
        67           hn  tau(  67) = (  0.5510166  0.0506312  0.1419203  )
        68           hn  tau(  68) = (  0.5503383  0.5509052  0.1421405  )
        69           hn  tau(  69) = (  0.7005105  0.1977959  0.1419298  )
        70           hn  tau(  70) = (  0.8022041  0.2994895  0.1419298  )

     number of k points=     2
                       cart. coord. in units 2pi/alat
        k(    1) = (   0.1250000   0.1250000   0.0000000), wk =   1.0000000
        k(    2) = (  -0.1250000   0.1250000   0.0000000), wk =   1.0000000

                       cryst. coord.
        k(    1) = (   0.2500000   0.2500000   0.0000000), wk =   1.0000000
        k(    2) = (  -0.2500000   0.2500000   0.0000000), wk =   1.0000000

     Dense  grid:   120517 G-vectors     FFT dimensions: (  50,  50, 100)

     Largest allocated arrays     est. size (Mb)     dimensions
        Kohn-Sham Wavefunctions         0.09 Mb     (     49,  118)
        NL pseudopotentials             0.24 Mb     (     49,  324)
        Each V/rho on FFT grid          0.08 Mb     (   5000)
        Each G-vector array             0.00 Mb     (    473)
        G-vector shells                 0.00 Mb     (    187)
     Largest temporary arrays     est. size (Mb)     dimensions
        Auxiliary wavefunctions         0.35 Mb     (     49,  472)
        Each subspace H/S matrix        0.03 Mb     (  42,  42)
        Each <psi_i|beta_j> matrix      0.58 Mb     (    324,  118)
        Arrays for rho mixing           0.61 Mb     (   5000,   8)
     writing wfc files to a dedicated directory

     Check: negative/imaginary core charge=   -0.000012    0.000000

     Initial potential from superposition of free atoms
     Check: negative starting charge=   -0.289584

     starting charge  235.99209, renormalised to  236.00000

     negative rho (up, down):  0.290E+00 0.000E+00
     Starting wfc are  367 randomized atomic wfcs

     total cpu time spent up to now is        6.9 secs

     per-process dynamical memory:    31.7 Mb

     Self-consistent Calculation

     iteration #  1     ecut=    13.00 Ry     beta=0.50
     Davidson diagonalization with overlap
     ethr =  1.00E-02,  avg # of iterations =  2.0

     negative rho (up, down):  0.131E+00 0.000E+00

     total cpu time spent up to now is        9.0 secs

     total energy              =    -689.96658478 Ry
     Harris-Foulkes estimate   =    -691.65840492 Ry
     estimated scf accuracy    <       3.17958239 Ry

     iteration #  2     ecut=    13.00 Ry     beta=0.50
     Davidson diagonalization with overlap
     ethr =  1.35E-03,  avg # of iterations =  4.0

     negative rho (up, down):  0.845E-01 0.000E+00

     total cpu time spent up to now is       13.9 secs

     total energy              =    -690.48170681 Ry
     Harris-Foulkes estimate   =    -691.15255909 Ry
     estimated scf accuracy    <       1.47746650 Ry

     iteration #  3     ecut=    13.00 Ry     beta=0.50
     Davidson diagonalization with overlap
     ethr =  6.26E-04,  avg # of iterations =  4.0

     negative rho (up, down):  0.491E-01 0.000E+00

     total cpu time spent up to now is       18.3 secs

     total energy              =    -690.73717680 Ry
     Harris-Foulkes estimate   =    -691.06955173 Ry
     estimated scf accuracy    <       1.03757026 Ry

     iteration #  4     ecut=    13.00 Ry     beta=0.50
     Davidson diagonalization with overlap
     ethr =  4.40E-04,  avg # of iterations =  3.5

     negative rho (up, down):  0.246E-01 0.000E+00

     total cpu time spent up to now is       22.0 secs

     total energy              =    -690.87600495 Ry
     Harris-Foulkes estimate   =    -690.91650529 Ry
     estimated scf accuracy    <       0.10536111 Ry

     iteration #  5     ecut=    13.00 Ry     beta=0.50
     Davidson diagonalization with overlap
     ethr =  4.46E-05,  avg # of iterations =  4.0

     negative rho (up, down):  0.553E-02 0.000E+00

     total cpu time spent up to now is       26.3 secs

     total energy              =    -690.89482011 Ry
     Harris-Foulkes estimate   =    -690.90982569 Ry
     estimated scf accuracy    <       0.04187709 Ry

     iteration #  6     ecut=    13.00 Ry     beta=0.50
     Davidson diagonalization with overlap
     ethr =  1.77E-05,  avg # of iterations =  4.0

     negative rho (up, down):  0.124E-02 0.000E+00

     total cpu time spent up to now is       30.6 secs

     total energy              =    -690.90067234 Ry
     Harris-Foulkes estimate   =    -690.90504469 Ry
     estimated scf accuracy    <       0.01275758 Ry

     iteration #  7     ecut=    13.00 Ry     beta=0.50
     Davidson diagonalization with overlap
     ethr =  5.41E-06,  avg # of iterations =  3.0

     negative rho (up, down):  0.220E-03 0.000E+00

     total cpu time spent up to now is       33.9 secs

     total energy              =    -690.90269353 Ry
     Harris-Foulkes estimate   =    -690.90299616 Ry
     estimated scf accuracy    <       0.00074544 Ry

     iteration #  8     ecut=    13.00 Ry     beta=0.50
     Davidson diagonalization with overlap
     ethr =  3.16E-07,  avg # of iterations =  4.0

     negative rho (up, down):  0.157E-04 0.000E+00

     total cpu time spent up to now is       38.5 secs

     total energy              =    -690.90292708 Ry
     Harris-Foulkes estimate   =    -690.90301949 Ry
     estimated scf accuracy    <       0.00026211 Ry

     iteration #  9     ecut=    13.00 Ry     beta=0.50
     Davidson diagonalization with overlap
     ethr =  1.11E-07,  avg # of iterations =  3.0

     negative rho (up, down):  0.666E-06 0.000E+00

     total cpu time spent up to now is       41.9 secs

     total energy              =    -690.90296184 Ry
     Harris-Foulkes estimate   =    -690.90298371 Ry
     estimated scf accuracy    <       0.00006890 Ry

     iteration # 10     ecut=    13.00 Ry     beta=0.50
     Davidson diagonalization with overlap
     ethr =  2.92E-08,  avg # of iterations =  3.0

     total cpu time spent up to now is       45.2 secs

     total energy              =    -690.90297303 Ry
     Harris-Foulkes estimate   =    -690.90297483 Ry
     estimated scf accuracy    <       0.00000490 Ry

     iteration # 11     ecut=    13.00 Ry     beta=0.50
     Davidson diagonalization with overlap
     ethr =  2.07E-09,  avg # of iterations =  4.0

     total cpu time spent up to now is       49.9 secs

     total energy              =    -690.90297457 Ry
     Harris-Foulkes estimate   =    -690.90297495 Ry
     estimated scf accuracy    <       0.00000142 Ry

     iteration # 12     ecut=    13.00 Ry     beta=0.50
     Davidson diagonalization with overlap
     ethr =  6.01E-10,  avg # of iterations =  2.5

     total cpu time spent up to now is       52.8 secs

     total energy              =    -690.90297469 Ry
     Harris-Foulkes estimate   =    -690.90297478 Ry
     estimated scf accuracy    <       0.00000029 Ry

     iteration # 13     ecut=    13.00 Ry     beta=0.50
     Davidson diagonalization with overlap
     ethr =  1.24E-10,  avg # of iterations =  4.0

     total cpu time spent up to now is       57.1 secs

     total energy              =    -690.90297475 Ry
     Harris-Foulkes estimate   =    -690.90297477 Ry
     estimated scf accuracy    <       0.00000007 Ry

     iteration # 14     ecut=    13.00 Ry     beta=0.50
     Davidson diagonalization with overlap
     ethr =  3.14E-11,  avg # of iterations =  3.0

     total cpu time spent up to now is       60.4 secs

     total energy              =    -690.90297476 Ry
     Harris-Foulkes estimate   =    -690.90297476 Ry
     estimated scf accuracy    <       0.00000001 Ry

     iteration # 15     ecut=    13.00 Ry     beta=0.50
     Davidson diagonalization with overlap
     ethr =  5.78E-12,  avg # of iterations =  3.0

     total cpu time spent up to now is       63.7 secs

     End of self-consistent calculation

          k = 0.1250 0.1250 0.0000 ( 15087 PWs)   bands (ev):

   -13.7155 -13.1742 -12.8650 -12.6480 -12.4973 -12.3822 -12.2140 -12.1378
   -11.9768 -11.9445 -11.8132 -11.7372 -11.7134 -11.6715 -11.6344 -11.5813
   -11.5025 -11.4205 -11.3122 -11.2707 -11.1229 -11.0786 -10.9704 -10.9146
   -10.4456  -9.6894  -9.3681  -9.0233  -8.7918  -8.7363  -8.6280  -8.0902
    -7.7777  -7.7173  -7.6415  -7.3771  -7.2836  -7.2578  -7.1500  -7.1259
    -7.0302  -6.9057  -6.8353  -6.8025  -6.5993  -6.4937  -6.4147  -6.2801
    -6.1881  -5.9651  -5.6831  -5.5706  -5.4676  -5.4282  -5.3490  -5.2520
    -5.0395  -4.9203  -4.7274  -4.6481  -4.3782  -4.3466  -4.2759  -4.2309
    -4.1611  -4.1064  -4.0534  -4.0487  -3.9374  -3.8102  -3.7913  -3.7004
    -3.6600  -3.5963  -3.4850  -3.4214  -3.3990  -3.3457  -3.3215  -3.2624
    -3.2530  -3.1987  -3.1560  -3.0976  -3.0292  -2.9792  -2.9240  -2.8936
    -2.8508  -2.7794  -2.7260  -2.6893  -2.6489  -2.5779  -2.5650  -2.5381
    -2.4529  -2.4439  -2.3969  -2.3109  -2.2157  -2.1993  -2.1639  -2.1153
    -2.0553  -2.0199  -1.9673  -1.8731  -1.8141  -1.7544  -1.6989  -1.6727
    -1.5978  -1.4480  -1.3586  -1.1345  -1.1230  -0.9831

     occupation numbers 
     1.0000   1.0000   1.0000   1.0000   1.0000   1.0000   1.0000   1.0000
     1.0000   1.0000   1.0000   1.0000   1.0000   1.0000   1.0000   1.0000
     1.0000   1.0000   1.0000   1.0000   1.0000   1.0000   1.0000   1.0000
     1.0000   1.0000   1.0000   1.0000   1.0000   1.0000   1.0000   1.0000
     1.0000   1.0000   1.0000   1.0000   1.0000   1.0000   1.0000   1.0000
     1.0000   1.0000   1.0000   1.0000   1.0000   1.0000   1.0000   1.0000
     1.0000   1.0000   1.0000   1.0000   1.0000   1.0000   1.0000   1.0000
     1.0000   1.0000   1.0000   1.0000   1.0000   1.0000   1.0000   1.0000
     1.0000   1.0000   1.0000   1.0000   1.0000   1.0000   1.0000   1.0000
     1.0000   1.0000   1.0000   1.0000   1.0000   1.0000   1.0000   1.0000
     1.0000   1.0000   1.0000   1.0000   1.0000   1.0000   1.0000   1.0000
     1.0000   1.0000   1.0000   1.0000   1.0000   1.0000   1.0000   1.0000
     1.0000   1.0000   1.0000   1.0000   1.0000   1.0000   1.0000   1.0000
     1.0000   1.0000   1.0000   1.0000   1.0000   1.0000   1.0000   1.0000
     1.0000   1.0000   1.0000   1.0000   1.0000   1.0000

          k =-0.1250 0.1250 0.0000 ( 15087 PWs)   bands (ev):

   -13.7197 -13.1191 -12.9516 -12.6411 -12.4912 -12.3485 -12.2835 -12.0965
   -11.9637 -11.8554 -11.7642 -11.7599 -11.7132 -11.6991 -11.6540 -11.6180
   -11.5273 -11.4494 -11.3224 -11.2624 -11.1250 -11.0801 -11.0081 -10.8389
   -10.4756  -9.6197  -9.4195  -9.0705  -8.7771  -8.5561  -8.5498  -8.2690
    -8.2654  -7.4983  -7.3677  -7.2775  -7.2688  -7.2361  -7.1986  -7.1128
    -7.0629  -6.8411  -6.7607  -6.6539  -6.6269  -6.4937  -6.4483  -6.3395
    -6.2355  -6.1928  -6.1285  -5.7763  -5.4576  -5.3083  -5.2237  -4.9798
    -4.9789  -4.7969  -4.6765  -4.6338  -4.3479  -4.2906  -4.2354  -4.2119
    -4.1664  -4.0311  -4.0053  -3.9354  -3.9130  -3.8805  -3.8226  -3.7597
    -3.7319  -3.5928  -3.5593  -3.4908  -3.4345  -3.4077  -3.3762  -3.2921
    -3.2597  -3.2237  -3.1560  -3.0852  -3.0723  -3.0256  -2.9580  -2.8779
    -2.8592  -2.7588  -2.7586  -2.6798  -2.6024  -2.5998  -2.5300  -2.5270
    -2.4406  -2.4180  -2.3974  -2.3232  -2.3065  -2.1862  -2.1840  -2.1031
    -2.0842  -2.0206  -1.9515  -1.9011  -1.8510  -1.8202  -1.6430  -1.5641
    -1.4938  -1.4670  -1.3227  -1.2173  -1.0434  -0.8668

     occupation numbers 
     1.0000   1.0000   1.0000   1.0000   1.0000   1.0000   1.0000   1.0000
     1.0000   1.0000   1.0000   1.0000   1.0000   1.0000   1.0000   1.0000
     1.0000   1.0000   1.0000   1.0000   1.0000   1.0000   1.0000   1.0000
     1.0000   1.0000   1.0000   1.0000   1.0000   1.0000   1.0000   1.0000
     1.0000   1.0000   1.0000   1.0000   1.0000   1.0000   1.0000   1.0000
     1.0000   1.0000   1.0000   1.0000   1.0000   1.0000   1.0000   1.0000
     1.0000   1.0000   1.0000   1.0000   1.0000   1.0000   1.0000   1.0000
     1.0000   1.0000   1.0000   1.0000   1.0000   1.0000   1.0000   1.0000
     1.0000   1.0000   1.0000   1.0000   1.0000   1.0000   1.0000   1.0000
     1.0000   1.0000   1.0000   1.0000   1.0000   1.0000   1.0000   1.0000
     1.0000   1.0000   1.0000   1.0000   1.0000   1.0000   1.0000   1.0000
     1.0000   1.0000   1.0000   1.0000   1.0000   1.0000   1.0000   1.0000
     1.0000   1.0000   1.0000   1.0000   1.0000   1.0000   1.0000   1.0000
     1.0000   1.0000   1.0000   1.0000   1.0000   1.0000   1.0000   1.0000
     1.0000   1.0000   1.0000   1.0000   1.0000   1.0000

!    total energy              =    -690.90297476 Ry
     Harris-Foulkes estimate   =    -690.90297476 Ry
     estimated scf accuracy    <          3.5E-09 Ry

     The total energy is the sum of the following terms:

     one-electron contribution =   -3170.10003244 Ry
     hartree contribution      =    1631.97492116 Ry
     xc contribution           =    -352.38267661 Ry
     ewald contribution        =    1199.60481313 Ry

     convergence has been achieved in  15 iterations

     Writing output data file GaAs001-out.save
 
     init_run     :      5.37s CPU      5.37s WALL (       1 calls)
     electrons    :     56.90s CPU     56.90s WALL (       1 calls)

     Called by init_run:
     wfcinit      :      1.65s CPU      1.65s WALL (       1 calls)
     potinit      :      0.12s CPU      0.12s WALL (       1 calls)

     Called by electrons:
     c_bands      :     53.49s CPU     53.49s WALL (      15 calls)
     sum_band     :      1.52s CPU      1.52s WALL (      15 calls)
     v_of_rho     :      0.15s CPU      0.15s WALL (      16 calls)
     v_h          :      0.02s CPU      0.02s WALL (      16 calls)
     v_xc         :      0.13s CPU      0.13s WALL (      16 calls)
     mix_rho      :      0.04s CPU      0.04s WALL (      15 calls)

     Called by c_bands:
     init_us_2    :      0.06s CPU      0.06s WALL (      62 calls)
     cegterg      :     52.84s CPU     52.84s WALL (      30 calls)

     Called by sum_band:

     Called by *egterg:
     h_psi        :      6.53s CPU      6.53s WALL (     134 calls)
     g_psi        :      0.08s CPU      0.08s WALL (     102 calls)
     cdiaghg      :     41.30s CPU     41.30s WALL (     132 calls)
     cegterg:over :      2.50s CPU      2.50s WALL (     102 calls)
     cegterg:upda :      1.42s CPU      1.42s WALL (     102 calls)
     cegterg:last :      0.31s CPU      0.31s WALL (      30 calls)
     cdiaghg:chol :      1.11s CPU      1.11s WALL (     132 calls)
     cdiaghg:inve :      0.29s CPU      0.29s WALL (     132 calls)
     cdiaghg:para :      1.46s CPU      1.46s WALL (     264 calls)

     Called by h_psi:
     h_psi:vloc   :      5.58s CPU      5.58s WALL (     134 calls)
     h_psi:vnl    :      0.94s CPU      0.94s WALL (     134 calls)
     add_vuspsi   :      0.75s CPU      0.75s WALL (     134 calls)

     General routines
     calbec       :      0.18s CPU      0.18s WALL (     134 calls)
     fft          :      0.10s CPU      0.10s WALL (      64 calls)
     fftw         :      5.59s CPU      5.59s WALL (    6256 calls)
     davcio       :      0.70s CPU      0.70s WALL (      94 calls)
 
     Parallel routines
     fft_scatter  :      2.65s CPU      2.65s WALL (    6320 calls)
     ALLTOALL     :      0.71s CPU      0.71s WALL (    6220 calls)
 
     PWSCF        :  1m 7.96s CPU     1m 7.96s WALL

 
   This run was terminated on:   4: 0: 7   1Apr2013            

=------------------------------------------------------------------------------=
   JOB DONE.
=------------------------------------------------------------------------------=
