
     Program PWSCF v.5.1 starts on 11Jan2017 at  9:39:16 

     This program is part of the open-source Quantum ESPRESSO suite
     for quantum simulation of materials; please cite
         "P. Giannozzi et al., J. Phys.:Condens. Matter 21 395502 (2009);
          URL http://www.quantum-espresso.org", 
     in publications or presentations arising from this work. More details at
     http://www.quantum-espresso.org/quote

     Parallel version (MPI), running on     1 processors
     Waiting for input...
     Reading input from standard input

     Current dimensions of program PWSCF are:
     Max number of different atomic species (ntypx) = 10
     Max number of k-points (npk) =  40000
     Max angular momentum in pseudopotentials (lmaxx) =  3

     Atomic positions and unit cell read from directory:
     ./mos2_FineGd.save/


     Subspace diagonalization in iterative solution of the eigenvalue problem:
     a serial algorithm will be used


     G-vector sticks info
     --------------------
     sticks:   dense  smooth     PW     G-vecs:    dense   smooth      PW
     Sum         583     583    163                56613    56613    9123



     bravais-lattice index     =            4
     lattice parameter (alat)  =       5.8772  a.u.
     unit-cell volume          =     897.4163 (a.u.)^3
     number of atoms/cell      =            3
     number of atomic types    =            2
     number of electrons       =        26.00
     number of Kohn-Sham states=           40
     kinetic-energy cutoff     =      60.0000  Ry
     charge density cutoff     =     240.0000  Ry
     Exchange-correlation      = SLA-PZ-NOGX-NOGC ( 1  1  0  0 0)
     Non magnetic calculation with spin-orbit


     celldm(1)=   5.877208  celldm(2)=   0.000000  celldm(3)=   5.104465
     celldm(4)=   0.000000  celldm(5)=   0.000000  celldm(6)=   0.000000

     crystal axes: (cart. coord. in units of alat)
               a(1) = (   1.000000   0.000000   0.000000 )  
               a(2) = (  -0.500000   0.866025   0.000000 )  
               a(3) = (   0.000000   0.000000   5.104465 )  

     reciprocal axes: (cart. coord. in units 2 pi/alat)
               b(1) = (  1.000000  0.577350 -0.000000 )  
               b(2) = (  0.000000  1.154701  0.000000 )  
               b(3) = (  0.000000 -0.000000  0.195907 )  


     PseudoPot. # 1 for Mo read from file:
     ./Mo_RL_withPS_PZ.UPF
     MD5 check sum: 75fa0bd84f1d166fc7323d3ac6c2f396
     Pseudo is Norm-conserving + core correction, Zval = 14.0
     Generated using "atomic" code by A. Dal Corso  (Quantum ESPRESSO distribution)
     Using radial grid of 1229 points,  8 beta functions with: 
                l(1) =   0
                l(2) =   0
                l(3) =   1
                l(4) =   1
                l(5) =   2
                l(6) =   2
                l(7) =   2
                l(8) =   2

     PseudoPot. # 2 for  S read from file:
     ./S.pz-hgh.UPF
     MD5 check sum: fb24c143a2a3ea3aba309d3cb9e9e6ec
     Pseudo is Norm-conserving, Zval =  6.0
     Generated in analytical, separable form
     Using radial grid of 1151 points,  3 beta functions with: 
                l(1) =   0
                l(2) =   0
                l(3) =   1

     atomic species   valence    mass     pseudopotential
        Mo            14.00    95.94000     Mo( 1.00)
        S              6.00    32.06500      S( 1.00)

     12 Sym. Ops. (no inversion) found


                                    s                        frac. trans.

      isym =  1     identity                                     

 cryst.   s( 1) = (     1          0          0      )
                  (     0          1          0      )
                  (     0          0          1      )

 cart.    s( 1) = (  1.0000000  0.0000000  0.0000000 )
                  (  0.0000000  1.0000000  0.0000000 )
                  (  0.0000000  0.0000000  1.0000000 )


      isym =  2     180 deg rotation - cart. axis [0,1,0]        

 cryst.   s( 2) = (    -1          0          0      )
                  (     1          1          0      )
                  (     0          0         -1      )

 cart.    s( 2) = ( -1.0000000  0.0000000  0.0000000 )
                  (  0.0000000  1.0000000  0.0000000 )
                  (  0.0000000  0.0000000 -1.0000000 )


      isym =  3     120 deg rotation - cryst. axis [0,0,1]       

 cryst.   s( 3) = (     0          1          0      )
                  (    -1         -1          0      )
                  (     0          0          1      )

 cart.    s( 3) = ( -0.5000000 -0.8660254  0.0000000 )
                  (  0.8660254 -0.5000000  0.0000000 )
                  (  0.0000000  0.0000000  1.0000000 )


      isym =  4     120 deg rotation - cryst. axis [0,0,-1]      

 cryst.   s( 4) = (    -1         -1          0      )
                  (     1          0          0      )
                  (     0          0          1      )

 cart.    s( 4) = ( -0.5000000  0.8660254  0.0000000 )
                  ( -0.8660254 -0.5000000  0.0000000 )
                  (  0.0000000  0.0000000  1.0000000 )


      isym =  5     180 deg rotation - cryst. axis [1,-1,0]      

 cryst.   s( 5) = (     0         -1          0      )
                  (    -1          0          0      )
                  (     0          0         -1      )

 cart.    s( 5) = (  0.5000000 -0.8660254  0.0000000 )
                  ( -0.8660254 -0.5000000  0.0000000 )
                  (  0.0000000  0.0000000 -1.0000000 )


      isym =  6     180 deg rotation - cryst. axis [2,1,0]       

 cryst.   s( 6) = (     1          1          0      )
                  (     0         -1          0      )
                  (     0          0         -1      )

 cart.    s( 6) = (  0.5000000  0.8660254  0.0000000 )
                  (  0.8660254 -0.5000000  0.0000000 )
                  (  0.0000000  0.0000000 -1.0000000 )


      isym =  7     inv. 180 deg rotation - cart. axis [0,0,1]   

 cryst.   s( 7) = (     1          0          0      )
                  (     0          1          0      )
                  (     0          0         -1      )

 cart.    s( 7) = (  1.0000000  0.0000000  0.0000000 )
                  (  0.0000000  1.0000000  0.0000000 )
                  (  0.0000000  0.0000000 -1.0000000 )


      isym =  8     inv. 180 deg rotation - cart. axis [1,0,0]   

 cryst.   s( 8) = (    -1          0          0      )
                  (     1          1          0      )
                  (     0          0          1      )

 cart.    s( 8) = ( -1.0000000  0.0000000  0.0000000 )
                  (  0.0000000  1.0000000  0.0000000 )
                  (  0.0000000  0.0000000  1.0000000 )


      isym =  9     inv.  60 deg rotation - cryst. axis [0,0,1]  

 cryst.   s( 9) = (    -1         -1          0      )
                  (     1          0          0      )
                  (     0          0         -1      )

 cart.    s( 9) = ( -0.5000000  0.8660254  0.0000000 )
                  ( -0.8660254 -0.5000000  0.0000000 )
                  (  0.0000000  0.0000000 -1.0000000 )


      isym = 10     inv.  60 deg rotation - cryst. axis [0,0,-1] 

 cryst.   s(10) = (     0          1          0      )
                  (    -1         -1          0      )
                  (     0          0         -1      )

 cart.    s(10) = ( -0.5000000 -0.8660254  0.0000000 )
                  (  0.8660254 -0.5000000  0.0000000 )
                  (  0.0000000  0.0000000 -1.0000000 )


      isym = 11     inv. 180 deg rotation - cryst. axis [0,1,0]  

 cryst.   s(11) = (     1          1          0      )
                  (     0         -1          0      )
                  (     0          0          1      )

 cart.    s(11) = (  0.5000000  0.8660254  0.0000000 )
                  (  0.8660254 -0.5000000  0.0000000 )
                  (  0.0000000  0.0000000  1.0000000 )


      isym = 12     inv. 180 deg rotation - cryst. axis [1,1,0]  

 cryst.   s(12) = (     0         -1          0      )
                  (    -1          0          0      )
                  (     0          0          1      )

 cart.    s(12) = (  0.5000000 -0.8660254  0.0000000 )
                  ( -0.8660254 -0.5000000  0.0000000 )
                  (  0.0000000  0.0000000  1.0000000 )


     double point group D_3h (-62m)
     there are  9 classes and  3 irreducible representations
     the character table:

       E     -E    2C3   -2C3   3C2'  s_h  2S3   -2S3   3s_v
                               -3C2' -s_h'             -3s_v
G_7    2.00 -2.00  1.00 -1.00  0.00  0.00  1.73 -1.73  0.00
G_8    2.00 -2.00  1.00 -1.00  0.00  0.00 -1.73  1.73  0.00
G_9    2.00 -2.00 -2.00  2.00  0.00  0.00  0.00  0.00  0.00

     the symmetry operations in each class:
     E             1
      3C2'-3C2'    2   -6   -5   -2    5    6
     2C3           3    4
      3s_v-3s_v    7   -7
      3s_v-3s_v    8   -8   11  -12  -11   12
     2S3           9   10
     -E           -1
     -2C3         -3   -4
     -2S3         -9  -10

   Cartesian axes

     site n.     atom                  positions (alat units)
         1           Mo  tau(   1) = (  -0.0000000   0.5773503   0.0000000  )
         2           S   tau(   2) = (   0.5000000   0.2886751   0.4991315  )
         3           S   tau(   3) = (   0.5000000   0.2886751  -0.4991315  )

   Crystallographic axes

     site n.     atom                  positions (cryst. coord.)
         1           Mo  tau(   1) = (  0.3333333  0.6666667  0.0000000  )
         2           S   tau(   2) = (  0.6666667  0.3333333  0.0977833  )
         3           S   tau(   3) = (  0.6666667  0.3333333 -0.0977833  )

     number of k points=     7
                       cart. coord. in units 2pi/alat
        k(    1) = (   0.0000000   0.0000000   0.0000000), wk =   0.0277778
        k(    2) = (   0.0000000   0.1924501   0.0000000), wk =   0.1666667
        k(    3) = (   0.0000000   0.3849002   0.0000000), wk =   0.1666667
        k(    4) = (   0.0000000  -0.5773503   0.0000000), wk =   0.0833333
        k(    5) = (   0.1666667   0.2886751   0.0000000), wk =   0.1666667
        k(    6) = (   0.1666667   0.4811252   0.0000000), wk =   0.3333333
        k(    7) = (   0.3333333   0.5773503   0.0000000), wk =   0.0555556

                       cryst. coord.
        k(    1) = (   0.0000000   0.0000000   0.0000000), wk =   0.0277778
        k(    2) = (   0.0000000   0.1666667   0.0000000), wk =   0.1666667
        k(    3) = (   0.0000000   0.3333333   0.0000000), wk =   0.1666667
        k(    4) = (   0.0000000  -0.5000000   0.0000000), wk =   0.0833333
        k(    5) = (   0.1666667   0.1666667   0.0000000), wk =   0.1666667
        k(    6) = (   0.1666667   0.3333333   0.0000000), wk =   0.3333333
        k(    7) = (   0.3333333   0.3333333   0.0000000), wk =   0.0555556

     Dense  grid:    56613 G-vectors     FFT dimensions: (  30,  30, 150)

     Largest allocated arrays     est. size (Mb)     dimensions
        Kohn-Sham Wavefunctions         8.65 Mb     (   14174,   40)
        NL pseudopotentials             4.11 Mb     (    7087,   38)
        Each V/rho on FFT grid          2.06 Mb     (  135000)
        Each G-vector array             0.43 Mb     (   56613)
        G-vector shells                 0.02 Mb     (    2835)
     Largest temporary arrays     est. size (Mb)     dimensions
        Each subspace H/S matrix        0.02 Mb     (      40,   40)
        Each <psi_i|beta_j> matrix      0.05 Mb     (      38,   2,   40)

     Check: negative/imaginary core charge=   -0.000110    0.000000

     The potential is recalculated from file :
     ./mos2_FineGd.save/charge-density.dat

     Starting wfc are   56 randomized atomic wfcs

     Band Structure Calculation
     CG style diagonalization

     Computing kpt #:     1
     total cpu time spent up to now is      164.4 secs

     Computing kpt #:     2
     c_bands:  1 eigenvalues not converged
     total cpu time spent up to now is      320.5 secs

     Computing kpt #:     3
     c_bands:  2 eigenvalues not converged
     total cpu time spent up to now is      475.9 secs

     Computing kpt #:     4
     c_bands:  1 eigenvalues not converged
     total cpu time spent up to now is      570.7 secs

     Computing kpt #:     5
     c_bands:  1 eigenvalues not converged
     total cpu time spent up to now is      669.1 secs

     Computing kpt #:     6
     c_bands:  2 eigenvalues not converged
     total cpu time spent up to now is      767.1 secs

     Computing kpt #:     7
     total cpu time spent up to now is      848.8 secs

     ethr =  3.85E-15,  avg # of iterations = 74.5

     total cpu time spent up to now is      848.8 secs

     End of band structure calculation

          k = 0.0000 0.0000 0.0000 (  7087 PWs)   bands (ev):

   -59.8563 -59.8563 -35.9006 -35.9006 -33.4873 -33.4873 -33.2110 -33.2110
   -13.9352 -13.9352 -12.5704 -12.5704  -5.4681  -5.4681  -2.2466  -2.2466
    -2.1573  -2.1573  -1.5728  -1.5728  -1.0814  -1.0814  -1.0290  -1.0290
     0.2432   0.2432   3.3423   3.3423   3.3786   3.3786   3.6316   3.6316
     3.6775   3.6775   5.1012   5.1012   5.7663   5.7663   6.6113   6.6113

     occupation numbers 
     1.0000   1.0000   1.0000   1.0000   1.0000   1.0000   1.0000   1.0000
     1.0000   1.0000   1.0000   1.0000   1.0000   1.0000   1.0000   1.0000
     1.0000   1.0000   1.0000   1.0000   1.0000   1.0000   1.0000   1.0000
     1.0000   1.0000   0.0000   0.0000   0.0000   0.0000   0.0000   0.0000
     0.0000   0.0000   0.0000   0.0000   0.0000   0.0000   0.0000   0.0000

          k = 0.0000 0.1925 0.0000 (  7045 PWs)   bands (ev):

   -59.8402 -59.8402 -35.9310 -35.9310 -33.5071 -33.5071 -33.2882 -33.2882
   -13.4987 -13.4987 -12.3911 -12.3911  -5.0331  -5.0331  -3.0061  -3.0061
    -2.6927  -2.6927  -1.7595  -1.7595  -1.6516  -1.6516  -0.7197  -0.7197
     0.0170   0.0170   2.7679   2.7679   3.1393   3.1393   3.2410   3.2410
     4.0085   4.0085   5.6921   5.6921   6.3267   6.3267   7.3273   7.3273

     occupation numbers 
     1.0000   1.0000   1.0000   1.0000   1.0000   1.0000   1.0000   1.0000
     1.0000   1.0000   1.0000   1.0000   1.0000   1.0000   1.0000   1.0000
     1.0000   1.0000   1.0000   1.0000   1.0000   1.0000   1.0000   1.0000
     1.0000   1.0000   0.0000   0.0000   0.0000   0.0000   0.0000   0.0000
     0.0000   0.0000   0.0000   0.0000   0.0000   0.0000   0.0000   0.0000

          k = 0.0000 0.3849 0.0000 (  7036 PWs)   bands (ev):

   -59.8127 -59.8127 -35.9994 -35.9994 -33.5864 -33.5864 -33.3896 -33.3896
   -12.4733 -12.4733 -11.9788 -11.9788  -5.0944  -5.0944  -4.0431  -4.0431
    -3.5843  -3.5843  -2.5147  -2.5147  -1.3237  -1.3237  -0.8682  -0.8682
    -0.6401  -0.6401   2.7956   2.7956   2.8952   2.8952   3.9554   3.9554
     4.7698   4.7698   7.2500   7.2500   7.6724   7.6724   8.2235   8.2235

     occupation numbers 
     1.0000   1.0000   1.0000   1.0000   1.0000   1.0000   1.0000   1.0000
     1.0000   1.0000   1.0000   1.0000   1.0000   1.0000   1.0000   1.0000
     1.0000   1.0000   1.0000   1.0000   1.0000   1.0000   1.0000   1.0000
     1.0000   1.0000   0.0000   0.0000   0.0000   0.0000   0.0000   0.0000
     0.0000   0.0000   0.0000   0.0000   0.0000   0.0000   0.0000   0.0000

          k = 0.0000-0.5774 0.0000 (  7056 PWs)   bands (ev):

   -59.8005 -59.8005 -36.0373 -36.0373 -33.6473 -33.6473 -33.4125 -33.4125
   -11.8253 -11.8253 -11.7345 -11.7345  -5.6747  -5.6747  -4.6965  -4.6965
    -3.8420  -3.8420  -2.8544  -2.8544  -1.5919  -1.5919  -0.4874  -0.4874
    -0.2523  -0.2523   2.9943   2.9943   3.4344   3.4344   4.3804   4.3804
     4.9805   4.9805   6.6136   6.6136   8.1206   8.1206   8.6657   8.6657

     occupation numbers 
     1.0000   1.0000   1.0000   1.0000   1.0000   1.0000   1.0000   1.0000
     1.0000   1.0000   1.0000   1.0000   1.0000   1.0000   1.0000   1.0000
     1.0000   1.0000   1.0000   1.0000   1.0000   1.0000   1.0000   1.0000
     1.0000   1.0000   0.0000   0.0000   0.0000   0.0000   0.0000   0.0000
     0.0000   0.0000   0.0000   0.0000   0.0000   0.0000   0.0000   0.0000

          k = 0.1667 0.2887 0.0000 (  7031 PWs)   bands (ev):

   -59.8191 -59.8191 -35.9852 -35.9755 -33.5502 -33.5477 -33.3935 -33.3769
   -12.7687 -12.7480 -12.0868 -12.0851  -4.7859  -4.7498  -3.4890  -3.4670
    -3.4442  -3.4380  -2.9607  -2.9367  -1.6209  -1.5361  -0.6549  -0.6520
    -0.4346  -0.3673   2.3262   2.3955   3.0845   3.0947   3.1980   3.2378
     4.8327   4.8777   6.7905   6.7948   7.3713   7.3732   8.2664   8.2871

     occupation numbers 
     1.0000   1.0000   1.0000   1.0000   1.0000   1.0000   1.0000   1.0000
     1.0000   1.0000   1.0000   1.0000   1.0000   1.0000   1.0000   1.0000
     1.0000   1.0000   1.0000   1.0000   1.0000   1.0000   1.0000   1.0000
     1.0000   1.0000   0.0000   0.0000   0.0000   0.0000   0.0000   0.0000
     0.0000   0.0000   0.0000   0.0000   0.0000   0.0000   0.0000   0.0000

          k = 0.1667 0.4811 0.0000 (  7045 PWs)   bands (ev):

   -59.7998 -59.7998 -36.0431 -36.0233 -33.6194 -33.6052 -33.4614 -33.4473
   -11.8776 -11.8244 -11.7142 -11.7100  -5.1936  -5.1823  -4.7896  -4.7744
    -3.5505  -3.5321  -2.9835  -2.9733  -2.0739  -1.9843  -1.3843  -1.3801
    -0.1060  -0.0058   2.7943   2.8137   3.4881   3.5905   3.8340   3.8518
     5.0902   5.1168   7.4540   7.4853   8.8506   8.8742   8.9261   8.9308

     occupation numbers 
     1.0000   1.0000   1.0000   1.0000   1.0000   1.0000   1.0000   1.0000
     1.0000   1.0000   1.0000   1.0000   1.0000   1.0000   1.0000   1.0000
     1.0000   1.0000   1.0000   1.0000   1.0000   1.0000   1.0000   1.0000
     1.0000   1.0000   0.0000   0.0000   0.0000   0.0000   0.0000   0.0000
     0.0000   0.0000   0.0000   0.0000   0.0000   0.0000   0.0000   0.0000

          k = 0.3333 0.5774 0.0000 (  7047 PWs)   bands (ev):

   -59.7932 -59.7932 -36.0630 -36.0329 -33.6086 -33.5494 -33.5451 -33.5286
   -11.5565 -11.5455 -11.5410 -11.4712  -5.3585  -5.3364  -4.4428  -4.4424
    -3.9760  -3.8485  -3.2161  -3.1712  -2.6616  -2.6589  -1.8465  -1.8234
     0.3962   0.5241   2.3189   2.3238   3.4062   3.4535   4.2098   4.3431
     5.6738   5.7587   7.6027   7.8040   7.9584   7.9586   9.8389   9.8450

     occupation numbers 
     1.0000   1.0000   1.0000   1.0000   1.0000   1.0000   1.0000   1.0000
     1.0000   1.0000   1.0000   1.0000   1.0000   1.0000   1.0000   1.0000
     1.0000   1.0000   1.0000   1.0000   1.0000   1.0000   1.0000   1.0000
     1.0000   1.0000   0.0000   0.0000   0.0000   0.0000   0.0000   0.0000
     0.0000   0.0000   0.0000   0.0000   0.0000   0.0000   0.0000   0.0000

     highest occupied, lowest unoccupied level (ev):     0.5241    2.3189

     Writing output data file mos2_FineGd.save

     init_run     :      0.96s CPU      1.27s WALL (       1 calls)
     electrons    :   1114.35s CPU    847.23s WALL (       1 calls)

     Called by init_run:
     wfcinit      :      0.00s CPU      0.00s WALL (       1 calls)
     potinit      :      0.08s CPU      0.15s WALL (       1 calls)

     Called by electrons:
     c_bands      :   1114.35s CPU    847.23s WALL (       1 calls)
     v_of_rho     :      0.03s CPU      0.03s WALL (       1 calls)
     v_h          :      0.01s CPU      0.01s WALL (       1 calls)
     v_xc         :      0.02s CPU      0.02s WALL (       1 calls)

     Called by c_bands:
     init_us_2    :      0.06s CPU      0.04s WALL (       7 calls)
     ccgdiagg     :   1061.26s CPU    796.88s WALL (      41 calls)
     wfcrot       :     52.34s CPU     49.66s WALL (      41 calls)

     Called by sum_band:

     Called by *cgdiagg:
     h_psi        :    969.40s CPU    744.39s WALL (   18870 calls)
     cdiaghg      :      0.16s CPU      0.12s WALL (      41 calls)

     Called by h_psi:
     h_psi:vloc   :    903.38s CPU    694.49s WALL (   18870 calls)
     h_psi:vnl    :     64.09s CPU     48.61s WALL (   18870 calls)
     add_vuspsi   :     28.30s CPU     21.25s WALL (   18870 calls)

     General routines
     calbec       :     67.52s CPU     51.67s WALL (   37699 calls)
     fft          :      0.07s CPU      0.12s WALL (       7 calls)
     fftw         :    776.09s CPU    598.45s WALL (   82324 calls)

     Parallel routines
     fft_scatter  :     52.78s CPU     39.96s WALL (   82331 calls)

     PWSCF        : 18m35.79s CPU    14m 9.64s WALL


   This run was terminated on:   9:53:26  11Jan2017            

=------------------------------------------------------------------------------=
   JOB DONE.
=------------------------------------------------------------------------------=
