
     Program PWSCF v.6.5 starts on 17May2021 at 16:53:24 

     This program is part of the open-source Quantum ESPRESSO suite
     for quantum simulation of materials; please cite
         "P. Giannozzi et al., J. Phys.:Condens. Matter 21 395502 (2009);
         "P. Giannozzi et al., J. Phys.:Condens. Matter 29 465901 (2017);
          URL http://www.quantum-espresso.org", 
     in publications or presentations arising from this work. More details at
     http://www.quantum-espresso.org/quote

     Parallel version (MPI), running on     1 processors

     MPI processes distributed on     1 nodes
     Waiting for input...
     Reading input from standard input

     Current dimensions of program PWSCF are:
     Max number of different atomic species (ntypx) = 10
     Max number of k-points (npk) =  40000
     Max angular momentum in pseudopotentials (lmaxx) =  3

     Atomic positions and unit cell read from directory:
     ./NiBr2.save/                                                                                                                                                                                                                                                   


     Fixed quantization axis for GGA:     0.000000    0.000000    1.000000

     Subspace diagonalization in iterative solution of the eigenvalue problem:
     a serial algorithm will be used


     G-vector sticks info
     --------------------
     sticks:   dense  smooth     PW     G-vecs:    dense   smooth      PW
     Sum         931     931    265                82711    82711   12671



     bravais-lattice index     =            4
     lattice parameter (alat)  =       6.9451  a.u.
     unit-cell volume          =    1044.3080 (a.u.)^3
     number of atoms/cell      =            3
     number of atomic types    =            2
     number of electrons       =        32.00
     number of Kohn-Sham states=           60
     kinetic-energy cutoff     =      70.0000  Ry
     charge density cutoff     =     280.0000  Ry
     Exchange-correlation= PBE
                           (   1   4   3   4   0   0   0)
     Noncollinear calculation with spin-orbit


     celldm(1)=   6.945108  celldm(2)=   0.000000  celldm(3)=   3.599656
     celldm(4)=   0.000000  celldm(5)=   0.000000  celldm(6)=   0.000000

     crystal axes: (cart. coord. in units of alat)
               a(1) = (   1.000000   0.000000   0.000000 )  
               a(2) = (  -0.500000   0.866025   0.000000 )  
               a(3) = (   0.000000   0.000000   3.599656 )  

     reciprocal axes: (cart. coord. in units 2 pi/alat)
               b(1) = (  1.000000  0.577350 -0.000000 )  
               b(2) = (  0.000000  1.154701  0.000000 )  
               b(3) = (  0.000000 -0.000000  0.277804 )  


     PseudoPot. # 1 for Ni read from file:
     ../../pseudo/Ni.upf
     MD5 check sum: 14a7e289c5fff9cacaba393040e62f02
     Pseudo is Norm-conserving + core correction, Zval = 18.0
     Generated using ONCVPSP code by D. R. Hamann
     Using radial grid of 1372 points, 10 beta functions with: 
                l(1) =   0
                l(2) =   0
                l(3) =   1
                l(4) =   1
                l(5) =   1
                l(6) =   1
                l(7) =   2
                l(8) =   2
                l(9) =   2
               l(10) =   2

     PseudoPot. # 2 for Br read from file:
     ../../pseudo/Br.upf
     MD5 check sum: 41f672ce76ec6f6480a05aabe46aac99
     Pseudo is Norm-conserving + core correction, Zval =  7.0
     Generated using ONCVPSP code by D. R. Hamann
     Using radial grid of 1110 points, 10 beta functions with: 
                l(1) =   0
                l(2) =   0
                l(3) =   1
                l(4) =   1
                l(5) =   1
                l(6) =   1
                l(7) =   2
                l(8) =   2
                l(9) =   2
               l(10) =   2

     atomic species   valence    mass     pseudopotential
        Ni            18.00    58.69340     Ni( 1.00)
        Br             7.00    79.90400     Br( 1.00)

     12 Sym. Ops., with inversion, found


                                    s                        frac. trans.

      isym =  1     identity                                     

 Time Reversal            0
 cryst.   s( 1) = (     1          0          0      )
                  (     0          1          0      )
                  (     0          0          1      )

 cart.    s( 1) = (  1.0000000  0.0000000  0.0000000 )
                  (  0.0000000  1.0000000  0.0000000 )
                  (  0.0000000  0.0000000  1.0000000 )


      isym =  2     180 deg rotation - cart. axis [1,0,0]        

 Time Reversal            1
 cryst.   s( 2) = (     1          0          0      )
                  (    -1         -1          0      )
                  (     0          0         -1      )

 cart.    s( 2) = (  1.0000000  0.0000000  0.0000000 )
                  (  0.0000000 -1.0000000  0.0000000 )
                  (  0.0000000  0.0000000 -1.0000000 )


      isym =  3     120 deg rotation - cryst. axis [0,0,1]       

 Time Reversal            0
 cryst.   s( 3) = (     0          1          0      )
                  (    -1         -1          0      )
                  (     0          0          1      )

 cart.    s( 3) = ( -0.5000000 -0.8660254  0.0000000 )
                  (  0.8660254 -0.5000000  0.0000000 )
                  (  0.0000000  0.0000000  1.0000000 )


      isym =  4     120 deg rotation - cryst. axis [0,0,-1]      

 Time Reversal            0
 cryst.   s( 4) = (    -1         -1          0      )
                  (     1          0          0      )
                  (     0          0          1      )

 cart.    s( 4) = ( -0.5000000  0.8660254  0.0000000 )
                  ( -0.8660254 -0.5000000  0.0000000 )
                  (  0.0000000  0.0000000  1.0000000 )


      isym =  5     180 deg rotation - cryst. axis [0,1,0]       

 Time Reversal            1
 cryst.   s( 5) = (    -1         -1          0      )
                  (     0          1          0      )
                  (     0          0         -1      )

 cart.    s( 5) = ( -0.5000000 -0.8660254  0.0000000 )
                  ( -0.8660254  0.5000000  0.0000000 )
                  (  0.0000000  0.0000000 -1.0000000 )


      isym =  6     180 deg rotation - cryst. axis [1,1,0]       

 Time Reversal            1
 cryst.   s( 6) = (     0          1          0      )
                  (     1          0          0      )
                  (     0          0         -1      )

 cart.    s( 6) = ( -0.5000000  0.8660254  0.0000000 )
                  (  0.8660254  0.5000000  0.0000000 )
                  (  0.0000000  0.0000000 -1.0000000 )


      isym =  7     inversion                                    

 Time Reversal            0
 cryst.   s( 7) = (    -1          0          0      )
                  (     0         -1          0      )
                  (     0          0         -1      )

 cart.    s( 7) = ( -1.0000000  0.0000000  0.0000000 )
                  (  0.0000000 -1.0000000  0.0000000 )
                  (  0.0000000  0.0000000 -1.0000000 )


      isym =  8     inv. 180 deg rotation - cart. axis [1,0,0]   

 Time Reversal            1
 cryst.   s( 8) = (    -1          0          0      )
                  (     1          1          0      )
                  (     0          0          1      )

 cart.    s( 8) = ( -1.0000000  0.0000000  0.0000000 )
                  (  0.0000000  1.0000000  0.0000000 )
                  (  0.0000000  0.0000000  1.0000000 )


      isym =  9     inv. 120 deg rotation - cryst. axis [0,0,1]  

 Time Reversal            0
 cryst.   s( 9) = (     0         -1          0      )
                  (     1          1          0      )
                  (     0          0         -1      )

 cart.    s( 9) = (  0.5000000  0.8660254  0.0000000 )
                  ( -0.8660254  0.5000000  0.0000000 )
                  (  0.0000000  0.0000000 -1.0000000 )


      isym = 10     inv. 120 deg rotation - cryst. axis [0,0,-1] 

 Time Reversal            0
 cryst.   s(10) = (     1          1          0      )
                  (    -1          0          0      )
                  (     0          0         -1      )

 cart.    s(10) = (  0.5000000 -0.8660254  0.0000000 )
                  (  0.8660254  0.5000000  0.0000000 )
                  (  0.0000000  0.0000000 -1.0000000 )


      isym = 11     inv. 180 deg rotation - cryst. axis [0,1,0]  

 Time Reversal            1
 cryst.   s(11) = (     1          1          0      )
                  (     0         -1          0      )
                  (     0          0          1      )

 cart.    s(11) = (  0.5000000  0.8660254  0.0000000 )
                  (  0.8660254 -0.5000000  0.0000000 )
                  (  0.0000000  0.0000000  1.0000000 )


      isym = 12     inv. 180 deg rotation - cryst. axis [1,1,0]  

 Time Reversal            1
 cryst.   s(12) = (     0         -1          0      )
                  (    -1          0          0      )
                  (     0          0          1      )

 cart.    s(12) = (  0.5000000 -0.8660254  0.0000000 )
                  ( -0.8660254 -0.5000000  0.0000000 )
                  (  0.0000000  0.0000000  1.0000000 )


     the magnetic double point group is D_3d (-3m)  [S_6 (-3)   ]
     using the double point group S_6 (-3)   
     there are 12 classes and  6 irreducible representations
     the character table:

       E     -E    C3    -C3   C3^2  -C3^2  i    -i    S6^5  -S6^5 S6    -S6  
                                                                              
G_4+   1.00 -1.00  0.50 -0.50  0.50 -0.50  1.00 -1.00  0.50 -0.50  0.50 -0.50
G_5+   1.00 -1.00  0.50 -0.50  0.50 -0.50  1.00 -1.00  0.50 -0.50  0.50 -0.50
G_6+   1.00 -1.00 -1.00  1.00 -1.00  1.00  1.00 -1.00 -1.00  1.00 -1.00  1.00
G_4-   1.00 -1.00  0.50 -0.50  0.50 -0.50 -1.00  1.00 -0.50  0.50 -0.50  0.50
G_5-   1.00 -1.00  0.50 -0.50  0.50 -0.50 -1.00  1.00 -0.50  0.50 -0.50  0.50
G_6-   1.00 -1.00 -1.00  1.00 -1.00  1.00 -1.00  1.00  1.00 -1.00  1.00 -1.00

     imaginary part

       E     -E    C3    -C3   C3^2  -C3^2  i    -i    S6^5  -S6^5 S6    -S6  
                                                                              
G_4+   0.00  0.00  0.87 -0.87 -0.87  0.87  0.00  0.00  0.87 -0.87 -0.87  0.87
G_5+   0.00  0.00 -0.87  0.87  0.87 -0.87  0.00  0.00 -0.87  0.87  0.87 -0.87
G_6+   0.00  0.00  0.00  0.00  0.00  0.00  0.00  0.00  0.00  0.00  0.00  0.00
G_4-   0.00  0.00  0.87 -0.87 -0.87  0.87  0.00  0.00 -0.87  0.87  0.87 -0.87
G_5-   0.00  0.00 -0.87  0.87  0.87 -0.87  0.00  0.00  0.87 -0.87 -0.87  0.87
G_6-   0.00  0.00  0.00  0.00  0.00  0.00  0.00  0.00  0.00  0.00  0.00  0.00

     the symmetry operations in each class and the name of the first element:

     E             1
          identity                                               
     -E           -1
          identity E                                             
     C3            2
          120 deg rotation - cryst. axis [0,0,1]                 
     -C3          -2
          120 deg rotation - cryst. axis [0,0,1] E               
     C3^2          3
          120 deg rotation - cryst. axis [0,0,-1]                
     -C3^2        -3
          120 deg rotation - cryst. axis [0,0,-1] E              
      i            4
          inversion                                              
     -i           -4
          inversion E                                            
     S6^5          5
          inv. 120 deg rotation - cryst. axis [0,0,1]            
     -S6^5        -5
          inv. 120 deg rotation - cryst. axis [0,0,1] E          
     S6            6
          inv. 120 deg rotation - cryst. axis [0,0,-1]           
     -S6          -6
          inv. 120 deg rotation - cryst. axis [0,0,-1] E         

   Cartesian axes

     site n.     atom                  positions (alat units)
         1           Ni  tau(   1) = (   0.0000000   0.0000000   0.0000000  )
         2           Br  tau(   2) = (   0.5000000   0.2886751   0.3739641  )
         3           Br  tau(   3) = (  -0.0000000   0.5773503  -0.3739641  )

   Crystallographic axes

     site n.     atom                  positions (cryst. coord.)
         1           Ni  tau(   1) = (  0.0000000  0.0000000  0.0000000  )
         2           Br  tau(   2) = (  0.6666667  0.3333333  0.1038888  )
         3           Br  tau(   3) = (  0.3333333  0.6666667 -0.1038888  )

     number of k points=     3  Gaussian smearing, width (Ry)=  0.0050
                       cart. coord. in units 2pi/alat
        k(    1) = (   0.0000000   0.0000000   0.0000000), wk =   0.1111111
        k(    2) = (   0.0000000   0.3849002   0.0000000), wk =   0.6666667
        k(    3) = (   0.3333333   0.5773503   0.0000000), wk =   0.2222222

                       cryst. coord.
        k(    1) = (   0.0000000   0.0000000   0.0000000), wk =   0.1111111
        k(    2) = (   0.0000000   0.3333333   0.0000000), wk =   0.6666667
        k(    3) = (   0.3333333   0.3333333   0.0000000), wk =   0.2222222

     Dense  grid:    82711 G-vectors     FFT dimensions: (  40,  40, 135)

     Dynamical RAM for                 wfc:      18.91 MB

     Dynamical RAM for     wfc (w. buffer):      18.91 MB

     Dynamical RAM for           str. fact:       2.52 MB

     Dynamical RAM for           local pot:       0.00 MB

     Dynamical RAM for          nlocal pot:      16.07 MB

     Dynamical RAM for                qrad:       7.78 MB

     Dynamical RAM for          rho,v,vnew:      34.92 MB

     Dynamical RAM for           G-vectors:       5.36 MB

     Dynamical RAM for          h,s,v(r/c):       2.64 MB

     Dynamical RAM for          <psi|beta>:       0.19 MB

     Dynamical RAM for                 psi:      75.64 MB

     Dynamical RAM for                hpsi:      75.64 MB

     Dynamical RAM for      wfcinit/wfcrot:      28.45 MB

     Estimated static dynamical RAM per process >     102.54 MB

     Estimated max dynamical RAM per process >     256.65 MB
     Generating pointlists ...
     new r_m :   0.2838 (alat units)  1.9707 (a.u.) for type    1
     new r_m :   0.2838 (alat units)  1.9707 (a.u.) for type    2

     The potential is recalculated from file :
     ./NiBr2.save/charge-density


     negative rho (up, down):  0.000E+00 2.120E-03
     Starting wfcs are   36 randomized atomic wfcs +   24 random wfcs

     Band Structure Calculation
     Davidson diagonalization with overlap

     Computing kpt #:     1  of     3
     total cpu time spent up to now is       31.3 secs

     Computing kpt #:     2  of     3
     total cpu time spent up to now is       60.8 secs

     Computing kpt #:     3  of     3
     total cpu time spent up to now is       91.0 secs

     ethr =  3.13E-10,  avg # of iterations = 26.7

     total cpu time spent up to now is       91.0 secs

     End of band structure calculation

          k = 0.0000 0.0000 0.0000 ( 10351 PWs)   bands (ev):

  -104.6357-103.1413 -66.1411 -65.6678 -64.2878 -63.4345 -62.9815 -62.6587
   -16.1463 -15.8885 -15.3104 -15.0268  -5.4387  -5.2089  -4.5868  -4.5245
    -3.4429  -3.2879  -2.6037  -2.5943  -2.5052  -2.3714  -2.1337  -1.8544
    -1.7094  -1.6815  -1.5746  -1.5623  -1.4100  -1.3052  -0.7151  -0.5054
     0.7492   0.8776   3.4577   3.6060   4.7262   4.8024   5.1314   5.2331
     5.3731   5.4640   7.5291   7.6058   7.6589   7.7068   7.7365   7.8135
     9.7161   9.8034  10.3105  10.3262  10.5185  10.5304  10.7516  10.9547
    12.4387  12.5871  13.0004  13.0015

     occupation numbers 
     1.0000   1.0000   1.0000   1.0000   1.0000   1.0000   1.0000   1.0000
     1.0000   1.0000   1.0000   1.0000   1.0000   1.0000   1.0000   1.0000
     1.0000   1.0000   1.0000   1.0000   1.0000   1.0000   1.0000   1.0000
     1.0000   1.0000   1.0000   1.0000   1.0000   1.0000   1.0000   1.0000
     0.0000   0.0000   0.0000   0.0000   0.0000   0.0000   0.0000   0.0000
     0.0000   0.0000   0.0000   0.0000   0.0000   0.0000   0.0000   0.0000
     0.0000   0.0000   0.0000   0.0000   0.0000   0.0000   0.0000   0.0000
     0.0000   0.0000   0.0000   0.0000

          k = 0.0000 0.3849 0.0000 ( 10350 PWs)   bands (ev):

  -104.6358-103.1415 -66.1423 -65.6690 -64.2890 -63.4357 -62.9826 -62.6600
   -15.5713 -15.2989 -15.1254 -14.8298  -5.5311  -5.3177  -5.0698  -4.6957
    -4.4616  -4.2234  -3.6408  -3.2682  -3.2120  -2.9429  -2.7360  -2.5377
    -2.3853  -2.1435  -2.0032  -1.5380  -1.3001  -1.1995  -1.1597  -0.7915
     0.3891   0.6964   4.2239   4.4470   5.5001   5.6217   6.2753   6.3802
     6.6415   6.7526   7.8842   8.0350   8.6465   8.7220   8.7763   8.8731
     8.8963   9.0087   9.6952   9.8500  10.6137  10.7614  11.2474  11.3456
    11.9970  12.0761  12.1153  12.3145

     occupation numbers 
     1.0000   1.0000   1.0000   1.0000   1.0000   1.0000   1.0000   1.0000
     1.0000   1.0000   1.0000   1.0000   1.0000   1.0000   1.0000   1.0000
     1.0000   1.0000   1.0000   1.0000   1.0000   1.0000   1.0000   1.0000
     1.0000   1.0000   1.0000   1.0000   1.0000   1.0000   1.0000   1.0000
     0.0000   0.0000   0.0000   0.0000   0.0000   0.0000   0.0000   0.0000
     0.0000   0.0000   0.0000   0.0000   0.0000   0.0000   0.0000   0.0000
     0.0000   0.0000   0.0000   0.0000   0.0000   0.0000   0.0000   0.0000
     0.0000   0.0000   0.0000   0.0000

          k = 0.3333 0.5774 0.0000 ( 10281 PWs)   bands (ev):

  -104.6353-103.1410 -66.1405 -65.6673 -64.2875 -63.4340 -62.9810 -62.6583
   -15.1345 -15.1327 -14.8423 -14.8405  -5.5148  -5.3349  -5.1267  -4.9554
    -4.8063  -4.6231  -4.0645  -4.0567  -3.8549  -3.6118  -3.0355  -2.9657
    -2.3612  -2.1121  -2.0277  -1.4976  -1.2972  -1.2880  -1.2189  -1.1800
     0.4048   0.4353   4.8787   5.1425   7.1607   7.1799   7.3028   7.3212
     8.2665   8.4198   8.5367   8.6530   8.7393   8.8144   8.8786   8.9518
     9.5254   9.6874   9.9925  10.0408  10.0940  10.1469  10.2834  10.3504
    10.9448  10.9590  11.0540  11.0674

     occupation numbers 
     1.0000   1.0000   1.0000   1.0000   1.0000   1.0000   1.0000   1.0000
     1.0000   1.0000   1.0000   1.0000   1.0000   1.0000   1.0000   1.0000
     1.0000   1.0000   1.0000   1.0000   1.0000   1.0000   1.0000   1.0000
     1.0000   1.0000   1.0000   1.0000   1.0000   1.0000   1.0000   1.0000
     0.0000   0.0000   0.0000   0.0000   0.0000   0.0000   0.0000   0.0000
     0.0000   0.0000   0.0000   0.0000   0.0000   0.0000   0.0000   0.0000
     0.0000   0.0000   0.0000   0.0000   0.0000   0.0000   0.0000   0.0000
     0.0000   0.0000   0.0000   0.0000

     the Fermi energy is     0.0109 ev

     Writing output data file ./NiBr2.save/

     init_run     :      0.56s CPU      0.61s WALL (       1 calls)
     electrons    :     89.95s CPU     90.25s WALL (       1 calls)

     Called by init_run:
     wfcinit      :      0.00s CPU      0.00s WALL (       1 calls)
     wfcinit:atom :      0.01s CPU      0.02s WALL (       3 calls)
     wfcinit:wfcr :      3.96s CPU      3.99s WALL (       3 calls)
     potinit      :      0.22s CPU      0.25s WALL (       1 calls)
     hinit0       :      0.30s CPU      0.31s WALL (       1 calls)

     Called by electrons:
     c_bands      :     89.95s CPU     90.25s WALL (       1 calls)
     v_of_rho     :      0.20s CPU      0.23s WALL (       1 calls)
     v_h          :      0.01s CPU      0.01s WALL (       1 calls)
     v_xc         :      0.19s CPU      0.22s WALL (       1 calls)

     Called by c_bands:
     init_us_2    :      0.02s CPU      0.02s WALL (       3 calls)
     cegterg      :     85.62s CPU     85.85s WALL (       6 calls)

     Called by sum_band:

     Called by *egterg:
     h_psi        :     41.15s CPU     41.28s WALL (      89 calls)
     g_psi        :      0.13s CPU      0.14s WALL (      80 calls)
     cdiaghg      :      1.19s CPU      1.19s WALL (      83 calls)
     cegterg:over :     20.19s CPU     20.19s WALL (      80 calls)
     cegterg:upda :     14.67s CPU     14.72s WALL (      80 calls)
     cegterg:last :      9.64s CPU      9.64s WALL (      15 calls)

     Called by h_psi:
     h_psi:calbec :      8.28s CPU      8.28s WALL (      89 calls)
     vloc_psi     :     24.66s CPU     24.70s WALL (      89 calls)
     add_vuspsi   :      8.10s CPU      8.10s WALL (      89 calls)

     General routines
     calbec       :      8.27s CPU      8.28s WALL (      89 calls)
     fft          :      0.09s CPU      0.09s WALL (      23 calls)
     fftw         :     21.03s CPU     21.06s WALL (   10220 calls)
     davcio       :      0.00s CPU      0.03s WALL (       6 calls)

     Parallel routines

     PWSCF        :   1m30.69s CPU   1m31.08s WALL


   This run was terminated on:  16:54:55  17May2021            

=------------------------------------------------------------------------------=
   JOB DONE.
=------------------------------------------------------------------------------=
