
     Program PWSCF v.6.5 starts on 17May2021 at 16:50:34 

     This program is part of the open-source Quantum ESPRESSO suite
     for quantum simulation of materials; please cite
         "P. Giannozzi et al., J. Phys.:Condens. Matter 21 395502 (2009);
         "P. Giannozzi et al., J. Phys.:Condens. Matter 29 465901 (2017);
          URL http://www.quantum-espresso.org", 
     in publications or presentations arising from this work. More details at
     http://www.quantum-espresso.org/quote

     Parallel version (MPI), running on     1 processors

     MPI processes distributed on     1 nodes
     Waiting for input...
     Reading input from standard input

     Current dimensions of program PWSCF are:
     Max number of different atomic species (ntypx) = 10
     Max number of k-points (npk) =  40000
     Max angular momentum in pseudopotentials (lmaxx) =  3

     Fixed quantization axis for GGA:     0.000000    0.000000    1.000000

     Subspace diagonalization in iterative solution of the eigenvalue problem:
     a serial algorithm will be used


     G-vector sticks info
     --------------------
     sticks:   dense  smooth     PW     G-vecs:    dense   smooth      PW
     Sum         931     931    265                82711    82711   12671



     bravais-lattice index     =            4
     lattice parameter (alat)  =       6.9451  a.u.
     unit-cell volume          =    1044.3080 (a.u.)^3
     number of atoms/cell      =            3
     number of atomic types    =            2
     number of electrons       =        32.00
     number of Kohn-Sham states=           40
     kinetic-energy cutoff     =      70.0000  Ry
     charge density cutoff     =     280.0000  Ry
     convergence threshold     =      1.0E-08
     mixing beta               =       0.7000
     number of iterations used =            8  plain     mixing
     Exchange-correlation= PBE
                           (   1   4   3   4   0   0   0)
     Noncollinear calculation with spin-orbit


     celldm(1)=   6.945108  celldm(2)=   0.000000  celldm(3)=   3.599656
     celldm(4)=   0.000000  celldm(5)=   0.000000  celldm(6)=   0.000000

     crystal axes: (cart. coord. in units of alat)
               a(1) = (   1.000000   0.000000   0.000000 )  
               a(2) = (  -0.500000   0.866025   0.000000 )  
               a(3) = (   0.000000   0.000000   3.599656 )  

     reciprocal axes: (cart. coord. in units 2 pi/alat)
               b(1) = (  1.000000  0.577350 -0.000000 )  
               b(2) = (  0.000000  1.154701  0.000000 )  
               b(3) = (  0.000000 -0.000000  0.277804 )  


     PseudoPot. # 1 for Ni read from file:
     ../../pseudo/Ni.upf
     MD5 check sum: 14a7e289c5fff9cacaba393040e62f02
     Pseudo is Norm-conserving + core correction, Zval = 18.0
     Generated using ONCVPSP code by D. R. Hamann
     Using radial grid of 1372 points, 10 beta functions with: 
                l(1) =   0
                l(2) =   0
                l(3) =   1
                l(4) =   1
                l(5) =   1
                l(6) =   1
                l(7) =   2
                l(8) =   2
                l(9) =   2
               l(10) =   2

     PseudoPot. # 2 for Br read from file:
     ../../pseudo/Br.upf
     MD5 check sum: 41f672ce76ec6f6480a05aabe46aac99
     Pseudo is Norm-conserving + core correction, Zval =  7.0
     Generated using ONCVPSP code by D. R. Hamann
     Using radial grid of 1110 points, 10 beta functions with: 
                l(1) =   0
                l(2) =   0
                l(3) =   1
                l(4) =   1
                l(5) =   1
                l(6) =   1
                l(7) =   2
                l(8) =   2
                l(9) =   2
               l(10) =   2

     atomic species   valence    mass     pseudopotential
        Ni            18.00    58.69340     Ni( 1.00)
        Br             7.00    79.90400     Br( 1.00)

     12 Sym. Ops., with inversion, found


                                    s                        frac. trans.

      isym =  1     identity                                     

 Time Reversal            0
 cryst.   s( 1) = (     1          0          0      )
                  (     0          1          0      )
                  (     0          0          1      )

 cart.    s( 1) = (  1.0000000  0.0000000  0.0000000 )
                  (  0.0000000  1.0000000  0.0000000 )
                  (  0.0000000  0.0000000  1.0000000 )


      isym =  2     180 deg rotation - cart. axis [1,0,0]        

 Time Reversal            1
 cryst.   s( 2) = (     1          0          0      )
                  (    -1         -1          0      )
                  (     0          0         -1      )

 cart.    s( 2) = (  1.0000000  0.0000000  0.0000000 )
                  (  0.0000000 -1.0000000  0.0000000 )
                  (  0.0000000  0.0000000 -1.0000000 )


      isym =  3     120 deg rotation - cryst. axis [0,0,1]       

 Time Reversal            0
 cryst.   s( 3) = (     0          1          0      )
                  (    -1         -1          0      )
                  (     0          0          1      )

 cart.    s( 3) = ( -0.5000000 -0.8660254  0.0000000 )
                  (  0.8660254 -0.5000000  0.0000000 )
                  (  0.0000000  0.0000000  1.0000000 )


      isym =  4     120 deg rotation - cryst. axis [0,0,-1]      

 Time Reversal            0
 cryst.   s( 4) = (    -1         -1          0      )
                  (     1          0          0      )
                  (     0          0          1      )

 cart.    s( 4) = ( -0.5000000  0.8660254  0.0000000 )
                  ( -0.8660254 -0.5000000  0.0000000 )
                  (  0.0000000  0.0000000  1.0000000 )


      isym =  5     180 deg rotation - cryst. axis [0,1,0]       

 Time Reversal            1
 cryst.   s( 5) = (    -1         -1          0      )
                  (     0          1          0      )
                  (     0          0         -1      )

 cart.    s( 5) = ( -0.5000000 -0.8660254  0.0000000 )
                  ( -0.8660254  0.5000000  0.0000000 )
                  (  0.0000000  0.0000000 -1.0000000 )


      isym =  6     180 deg rotation - cryst. axis [1,1,0]       

 Time Reversal            1
 cryst.   s( 6) = (     0          1          0      )
                  (     1          0          0      )
                  (     0          0         -1      )

 cart.    s( 6) = ( -0.5000000  0.8660254  0.0000000 )
                  (  0.8660254  0.5000000  0.0000000 )
                  (  0.0000000  0.0000000 -1.0000000 )


      isym =  7     inversion                                    

 Time Reversal            0
 cryst.   s( 7) = (    -1          0          0      )
                  (     0         -1          0      )
                  (     0          0         -1      )

 cart.    s( 7) = ( -1.0000000  0.0000000  0.0000000 )
                  (  0.0000000 -1.0000000  0.0000000 )
                  (  0.0000000  0.0000000 -1.0000000 )


      isym =  8     inv. 180 deg rotation - cart. axis [1,0,0]   

 Time Reversal            1
 cryst.   s( 8) = (    -1          0          0      )
                  (     1          1          0      )
                  (     0          0          1      )

 cart.    s( 8) = ( -1.0000000  0.0000000  0.0000000 )
                  (  0.0000000  1.0000000  0.0000000 )
                  (  0.0000000  0.0000000  1.0000000 )


      isym =  9     inv. 120 deg rotation - cryst. axis [0,0,1]  

 Time Reversal            0
 cryst.   s( 9) = (     0         -1          0      )
                  (     1          1          0      )
                  (     0          0         -1      )

 cart.    s( 9) = (  0.5000000  0.8660254  0.0000000 )
                  ( -0.8660254  0.5000000  0.0000000 )
                  (  0.0000000  0.0000000 -1.0000000 )


      isym = 10     inv. 120 deg rotation - cryst. axis [0,0,-1] 

 Time Reversal            0
 cryst.   s(10) = (     1          1          0      )
                  (    -1          0          0      )
                  (     0          0         -1      )

 cart.    s(10) = (  0.5000000 -0.8660254  0.0000000 )
                  (  0.8660254  0.5000000  0.0000000 )
                  (  0.0000000  0.0000000 -1.0000000 )


      isym = 11     inv. 180 deg rotation - cryst. axis [0,1,0]  

 Time Reversal            1
 cryst.   s(11) = (     1          1          0      )
                  (     0         -1          0      )
                  (     0          0          1      )

 cart.    s(11) = (  0.5000000  0.8660254  0.0000000 )
                  (  0.8660254 -0.5000000  0.0000000 )
                  (  0.0000000  0.0000000  1.0000000 )


      isym = 12     inv. 180 deg rotation - cryst. axis [1,1,0]  

 Time Reversal            1
 cryst.   s(12) = (     0         -1          0      )
                  (    -1          0          0      )
                  (     0          0          1      )

 cart.    s(12) = (  0.5000000 -0.8660254  0.0000000 )
                  ( -0.8660254 -0.5000000  0.0000000 )
                  (  0.0000000  0.0000000  1.0000000 )


     the magnetic double point group is D_3d (-3m)  [S_6 (-3)   ]
     using the double point group S_6 (-3)   
     there are 12 classes and  6 irreducible representations
     the character table:

       E     -E    C3    -C3   C3^2  -C3^2  i    -i    S6^5  -S6^5 S6    -S6  
                                                                              
G_4+   1.00 -1.00  0.50 -0.50  0.50 -0.50  1.00 -1.00  0.50 -0.50  0.50 -0.50
G_5+   1.00 -1.00  0.50 -0.50  0.50 -0.50  1.00 -1.00  0.50 -0.50  0.50 -0.50
G_6+   1.00 -1.00 -1.00  1.00 -1.00  1.00  1.00 -1.00 -1.00  1.00 -1.00  1.00
G_4-   1.00 -1.00  0.50 -0.50  0.50 -0.50 -1.00  1.00 -0.50  0.50 -0.50  0.50
G_5-   1.00 -1.00  0.50 -0.50  0.50 -0.50 -1.00  1.00 -0.50  0.50 -0.50  0.50
G_6-   1.00 -1.00 -1.00  1.00 -1.00  1.00 -1.00  1.00  1.00 -1.00  1.00 -1.00

     imaginary part

       E     -E    C3    -C3   C3^2  -C3^2  i    -i    S6^5  -S6^5 S6    -S6  
                                                                              
G_4+   0.00  0.00  0.87 -0.87 -0.87  0.87  0.00  0.00  0.87 -0.87 -0.87  0.87
G_5+   0.00  0.00 -0.87  0.87  0.87 -0.87  0.00  0.00 -0.87  0.87  0.87 -0.87
G_6+   0.00  0.00  0.00  0.00  0.00  0.00  0.00  0.00  0.00  0.00  0.00  0.00
G_4-   0.00  0.00  0.87 -0.87 -0.87  0.87  0.00  0.00 -0.87  0.87  0.87 -0.87
G_5-   0.00  0.00 -0.87  0.87  0.87 -0.87  0.00  0.00  0.87 -0.87 -0.87  0.87
G_6-   0.00  0.00  0.00  0.00  0.00  0.00  0.00  0.00  0.00  0.00  0.00  0.00

     the symmetry operations in each class and the name of the first element:

     E             1
          identity                                               
     -E           -1
          identity E                                             
     C3            2
          120 deg rotation - cryst. axis [0,0,1]                 
     -C3          -2
          120 deg rotation - cryst. axis [0,0,1] E               
     C3^2          3
          120 deg rotation - cryst. axis [0,0,-1]                
     -C3^2        -3
          120 deg rotation - cryst. axis [0,0,-1] E              
      i            4
          inversion                                              
     -i           -4
          inversion E                                            
     S6^5          5
          inv. 120 deg rotation - cryst. axis [0,0,1]            
     -S6^5        -5
          inv. 120 deg rotation - cryst. axis [0,0,1] E          
     S6            6
          inv. 120 deg rotation - cryst. axis [0,0,-1]           
     -S6          -6
          inv. 120 deg rotation - cryst. axis [0,0,-1] E         

   Cartesian axes

     site n.     atom                  positions (alat units)
         1           Ni  tau(   1) = (   0.0000000   0.0000000   0.0000000  )
         2           Br  tau(   2) = (   0.5000000   0.2886751   0.3739641  )
         3           Br  tau(   3) = (  -0.0000000   0.5773503  -0.3739641  )

   Crystallographic axes

     site n.     atom                  positions (cryst. coord.)
         1           Ni  tau(   1) = (  0.0000000  0.0000000  0.0000000  )
         2           Br  tau(   2) = (  0.6666667  0.3333333  0.1038888  )
         3           Br  tau(   3) = (  0.3333333  0.6666667 -0.1038888  )

     number of k points=     3  Gaussian smearing, width (Ry)=  0.0050
                       cart. coord. in units 2pi/alat
        k(    1) = (   0.0000000   0.0000000   0.0000000), wk =   0.1111111
        k(    2) = (   0.0000000   0.3849002   0.0000000), wk =   0.6666667
        k(    3) = (   0.3333333   0.5773503   0.0000000), wk =   0.2222222

                       cryst. coord.
        k(    1) = (   0.0000000   0.0000000   0.0000000), wk =   0.1111111
        k(    2) = (   0.0000000   0.3333333   0.0000000), wk =   0.6666667
        k(    3) = (   0.3333333   0.3333333   0.0000000), wk =   0.2222222

     Dense  grid:    82711 G-vectors     FFT dimensions: (  40,  40, 135)

     Dynamical RAM for                 wfc:      12.61 MB

     Dynamical RAM for     wfc (w. buffer):      50.43 MB

     Dynamical RAM for           str. fact:       2.52 MB

     Dynamical RAM for           local pot:       0.00 MB

     Dynamical RAM for          nlocal pot:      16.07 MB

     Dynamical RAM for                qrad:       7.78 MB

     Dynamical RAM for          rho,v,vnew:      34.92 MB

     Dynamical RAM for               rhoin:      11.64 MB

     Dynamical RAM for            rho*nmix:      80.77 MB

     Dynamical RAM for           G-vectors:       5.36 MB

     Dynamical RAM for          h,s,v(r/c):       1.17 MB

     Dynamical RAM for          <psi|beta>:       0.12 MB

     Dynamical RAM for                 psi:      50.43 MB

     Dynamical RAM for                hpsi:      50.43 MB

     Dynamical RAM for      wfcinit/wfcrot:      18.95 MB

     Estimated static dynamical RAM per process >     226.47 MB

     Estimated max dynamical RAM per process >     328.63 MB
     Generating pointlists ...
     new r_m :   0.2838 (alat units)  1.9707 (a.u.) for type    1
     new r_m :   0.2838 (alat units)  1.9707 (a.u.) for type    2

     Initial potential from superposition of free atoms

     starting charge   31.99973, renormalised to   32.00000

     negative rho (up, down):  8.852E-05 8.399E-02

 ==============================================================================
     atom number    1 relative position :    0.0000   0.0000   0.0000
     charge :    16.463599
     magnetization :          0.000000    0.000000   16.208644
     magnetization/charge:    0.000000    0.000000    0.984514
     polar coord.: r, theta, phi [deg] :    16.208644    0.000000  360.000000

 ==============================================================================

 ==============================================================================
     atom number    2 relative position :    0.5000   0.2887   0.3740
     charge :     4.736109
     magnetization :          0.000000    0.000000    0.127356
     magnetization/charge:    0.000000    0.000000    0.026890
     polar coord.: r, theta, phi [deg] :     0.127356    0.000000  360.000000

 ==============================================================================

 ==============================================================================
     atom number    3 relative position :   -0.0000   0.5774  -0.3740
     charge :     4.736109
     magnetization :          0.000000    0.000000    0.127356
     magnetization/charge:    0.000000    0.000000    0.026890
     polar coord.: r, theta, phi [deg] :     0.127356    0.000000  360.000000

 ==============================================================================
     Starting wfcs are   36 randomized atomic wfcs +    4 random wfcs

     total cpu time spent up to now is        5.7 secs

     Self-consistent Calculation

     iteration #  1     ecut=    70.00 Ry     beta= 0.70
     Davidson diagonalization with overlap
     ethr =  1.00E-02,  avg # of iterations =  8.0

     total cpu time spent up to now is       19.1 secs

     total energy              =    -393.07749561 Ry
     Harris-Foulkes estimate   =    -393.27239052 Ry
     estimated scf accuracy    <      10.21563284 Ry

     total magnetization       =     0.00     0.00     5.94 Bohr mag/cell
     absolute magnetization    =     5.99 Bohr mag/cell

     iteration #  2     ecut=    70.00 Ry     beta= 0.70
     Davidson diagonalization with overlap
     ethr =  1.00E-02,  avg # of iterations =  6.7

     total cpu time spent up to now is       35.5 secs

     total energy              =    -395.73572327 Ry
     Harris-Foulkes estimate   =    -405.20180991 Ry
     estimated scf accuracy    <      30.11160614 Ry

     total magnetization       =    -0.00    -0.00     0.98 Bohr mag/cell
     absolute magnetization    =     1.15 Bohr mag/cell

     iteration #  3     ecut=    70.00 Ry     beta= 0.70
     Davidson diagonalization with overlap
     ethr =  1.00E-02,  avg # of iterations =  3.0

     total cpu time spent up to now is       45.0 secs

     total energy              =    -397.54167334 Ry
     Harris-Foulkes estimate   =    -398.37928265 Ry
     estimated scf accuracy    <       4.24407282 Ry

     total magnetization       =    -0.00    -0.00     1.71 Bohr mag/cell
     absolute magnetization    =     1.74 Bohr mag/cell

     iteration #  4     ecut=    70.00 Ry     beta= 0.70
     Davidson diagonalization with overlap
     ethr =  1.00E-02,  avg # of iterations =  2.0

     negative rho (up, down):  7.116E-03 5.167E-03

     total cpu time spent up to now is       52.4 secs

     total energy              =    -398.30076411 Ry
     Harris-Foulkes estimate   =    -398.99200205 Ry
     estimated scf accuracy    <       2.91639661 Ry

     total magnetization       =     0.00    -0.00     2.22 Bohr mag/cell
     absolute magnetization    =     2.36 Bohr mag/cell

     iteration #  5     ecut=    70.00 Ry     beta= 0.70
     Davidson diagonalization with overlap
     ethr =  9.11E-03,  avg # of iterations =  2.0

     negative rho (up, down):  9.285E-04 1.884E-02

     total cpu time spent up to now is       59.5 secs

     total energy              =    -398.35156655 Ry
     Harris-Foulkes estimate   =    -398.56585874 Ry
     estimated scf accuracy    <       0.68904965 Ry

     total magnetization       =    -0.00     0.00     1.99 Bohr mag/cell
     absolute magnetization    =     2.05 Bohr mag/cell

     iteration #  6     ecut=    70.00 Ry     beta= 0.70
     Davidson diagonalization with overlap
     ethr =  2.15E-03,  avg # of iterations =  2.7

     total cpu time spent up to now is       67.5 secs

     total energy              =    -398.47398868 Ry
     Harris-Foulkes estimate   =    -398.48455675 Ry
     estimated scf accuracy    <       0.04166795 Ry

     total magnetization       =     0.00     0.00     1.98 Bohr mag/cell
     absolute magnetization    =     2.01 Bohr mag/cell

     iteration #  7     ecut=    70.00 Ry     beta= 0.70
     Davidson diagonalization with overlap
     ethr =  1.30E-04,  avg # of iterations =  6.3

     total cpu time spent up to now is       76.9 secs

     total energy              =    -398.49377593 Ry
     Harris-Foulkes estimate   =    -398.49365095 Ry
     estimated scf accuracy    <       0.00378265 Ry

     total magnetization       =    -0.00     0.00     1.99 Bohr mag/cell
     absolute magnetization    =     2.05 Bohr mag/cell

     iteration #  8     ecut=    70.00 Ry     beta= 0.70
     Davidson diagonalization with overlap
     ethr =  1.18E-05,  avg # of iterations =  2.3

     total cpu time spent up to now is       84.1 secs

     total energy              =    -398.49479997 Ry
     Harris-Foulkes estimate   =    -398.49412040 Ry
     estimated scf accuracy    <       0.00130769 Ry

     total magnetization       =     0.00     0.00     1.99 Bohr mag/cell
     absolute magnetization    =     2.06 Bohr mag/cell

     iteration #  9     ecut=    70.00 Ry     beta= 0.70
     Davidson diagonalization with overlap
     ethr =  4.09E-06,  avg # of iterations =  2.3

     negative rho (up, down):  0.000E+00 1.611E-03

     total cpu time spent up to now is       92.3 secs

     total energy              =    -398.49489949 Ry
     Harris-Foulkes estimate   =    -398.49500402 Ry
     estimated scf accuracy    <       0.00042604 Ry

     total magnetization       =    -0.00    -0.00     1.99 Bohr mag/cell
     absolute magnetization    =     2.07 Bohr mag/cell

     iteration # 10     ecut=    70.00 Ry     beta= 0.70
     Davidson diagonalization with overlap
     ethr =  1.33E-06,  avg # of iterations =  3.7

     negative rho (up, down):  0.000E+00 1.306E-03

     total cpu time spent up to now is      100.0 secs

     total energy              =    -398.49495701 Ry
     Harris-Foulkes estimate   =    -398.49494780 Ry
     estimated scf accuracy    <       0.00001979 Ry

     total magnetization       =    -0.00    -0.00     1.99 Bohr mag/cell
     absolute magnetization    =     2.07 Bohr mag/cell

     iteration # 11     ecut=    70.00 Ry     beta= 0.70
     Davidson diagonalization with overlap
     ethr =  6.18E-08,  avg # of iterations =  2.0

     negative rho (up, down):  0.000E+00 2.148E-03

     total cpu time spent up to now is      107.7 secs

     total energy              =    -398.49496010 Ry
     Harris-Foulkes estimate   =    -398.49495967 Ry
     estimated scf accuracy    <       0.00000327 Ry

     total magnetization       =     0.00     0.00     1.99 Bohr mag/cell
     absolute magnetization    =     2.07 Bohr mag/cell

     iteration # 12     ecut=    70.00 Ry     beta= 0.70
     Davidson diagonalization with overlap
     ethr =  1.02E-08,  avg # of iterations =  2.0

     negative rho (up, down):  0.000E+00 2.093E-03

     total cpu time spent up to now is      116.5 secs

     total energy              =    -398.49496097 Ry
     Harris-Foulkes estimate   =    -398.49496058 Ry
     estimated scf accuracy    <       0.00000039 Ry

     total magnetization       =    -0.00     0.00     1.99 Bohr mag/cell
     absolute magnetization    =     2.07 Bohr mag/cell

     iteration # 13     ecut=    70.00 Ry     beta= 0.70
     Davidson diagonalization with overlap
     ethr =  1.21E-09,  avg # of iterations =  2.3

     negative rho (up, down):  0.000E+00 2.065E-03

     total cpu time spent up to now is      125.8 secs

     total energy              =    -398.49496132 Ry
     Harris-Foulkes estimate   =    -398.49496109 Ry
     estimated scf accuracy    <       0.00000006 Ry

     total magnetization       =    -0.00    -0.00     1.99 Bohr mag/cell
     absolute magnetization    =     2.07 Bohr mag/cell

     iteration # 14     ecut=    70.00 Ry     beta= 0.70
     Davidson diagonalization with overlap
     ethr =  1.98E-10,  avg # of iterations =  3.0

     negative rho (up, down):  0.000E+00 2.120E-03

 ==============================================================================
     atom number    1 relative position :    0.0000   0.0000   0.0000
     charge :    16.524802
     magnetization :         -0.000000   -0.000000    1.377115
     magnetization/charge:   -0.000000   -0.000000    0.083336
     polar coord.: r, theta, phi [deg] :     1.377115    0.000000  360.000000

 ==============================================================================

 ==============================================================================
     atom number    2 relative position :    0.5000   0.2887   0.3740
     charge :     4.787769
     magnetization :          0.000000   -0.000000    0.231064
     magnetization/charge:    0.000000   -0.000000    0.048261
     polar coord.: r, theta, phi [deg] :     0.231064    0.000000  360.000000

 ==============================================================================

 ==============================================================================
     atom number    3 relative position :   -0.0000   0.5774  -0.3740
     charge :     4.787769
     magnetization :          0.000000   -0.000000    0.231064
     magnetization/charge:    0.000000   -0.000000    0.048261
     polar coord.: r, theta, phi [deg] :     0.231064    0.000000  360.000000

 ==============================================================================

     total cpu time spent up to now is      136.3 secs

     End of self-consistent calculation

          k = 0.0000 0.0000 0.0000 ( 10351 PWs)   bands (ev):

  -104.6351-103.1407 -66.1406 -65.6671 -64.2873 -63.4340 -62.9808 -62.6581
   -16.1462 -15.8883 -15.3103 -15.0267  -5.4386  -5.2087  -4.5866  -4.5243
    -3.4425  -3.2875  -2.6031  -2.5937  -2.5051  -2.3713  -2.1332  -1.8541
    -1.7093  -1.6813  -1.5742  -1.5620  -1.4098  -1.3048  -0.7149  -0.5052
     0.7497   0.8781   3.4578   3.6061   4.7264   4.8026   5.1312   5.2330

     occupation numbers 
     1.0000   1.0000   1.0000   1.0000   1.0000   1.0000   1.0000   1.0000
     1.0000   1.0000   1.0000   1.0000   1.0000   1.0000   1.0000   1.0000
     1.0000   1.0000   1.0000   1.0000   1.0000   1.0000   1.0000   1.0000
     1.0000   1.0000   1.0000   1.0000   1.0000   1.0000   1.0000   1.0000
     0.0000   0.0000   0.0000   0.0000   0.0000   0.0000   0.0000   0.0000

          k = 0.0000 0.3849 0.0000 ( 10350 PWs)   bands (ev):

  -104.6352-103.1409 -66.1417 -65.6684 -64.2884 -63.4351 -62.9819 -62.6594
   -15.5712 -15.2987 -15.1253 -14.8297  -5.5309  -5.3175  -5.0696  -4.6954
    -4.4614  -4.2233  -3.6406  -3.2679  -3.2117  -2.9427  -2.7358  -2.5372
    -2.3850  -2.1430  -2.0028  -1.5377  -1.2997  -1.1993  -1.1593  -0.7913
     0.3896   0.6969   4.2240   4.4472   5.5001   5.6218   6.2752   6.3802

     occupation numbers 
     1.0000   1.0000   1.0000   1.0000   1.0000   1.0000   1.0000   1.0000
     1.0000   1.0000   1.0000   1.0000   1.0000   1.0000   1.0000   1.0000
     1.0000   1.0000   1.0000   1.0000   1.0000   1.0000   1.0000   1.0000
     1.0000   1.0000   1.0000   1.0000   1.0000   1.0000   1.0000   1.0000
     0.0000   0.0000   0.0000   0.0000   0.0000   0.0000   0.0000   0.0000

          k = 0.3333 0.5774 0.0000 ( 10281 PWs)   bands (ev):

  -104.6347-103.1404 -66.1400 -65.6666 -64.2869 -63.4335 -62.9804 -62.6577
   -15.1344 -15.1326 -14.8422 -14.8403  -5.5147  -5.3347  -5.1265  -4.9551
    -4.8061  -4.6229  -4.0644  -4.0565  -3.8547  -3.6117  -3.0352  -2.9654
    -2.3607  -2.1115  -2.0272  -1.4971  -1.2969  -1.2876  -1.2187  -1.1796
     0.4053   0.4358   4.8788   5.1427   7.1607   7.1800   7.3029   7.3213

     occupation numbers 
     1.0000   1.0000   1.0000   1.0000   1.0000   1.0000   1.0000   1.0000
     1.0000   1.0000   1.0000   1.0000   1.0000   1.0000   1.0000   1.0000
     1.0000   1.0000   1.0000   1.0000   1.0000   1.0000   1.0000   1.0000
     1.0000   1.0000   1.0000   1.0000   1.0000   1.0000   1.0000   1.0000
     0.0000   0.0000   0.0000   0.0000   0.0000   0.0000   0.0000   0.0000

     the Fermi energy is     0.0047 ev

!    total energy              =    -398.49496124 Ry
     Harris-Foulkes estimate   =    -398.49496138 Ry
     estimated scf accuracy    <          8.7E-09 Ry

     The total energy is the sum of the following terms:

     one-electron contribution =    -947.89860245 Ry
     hartree contribution      =     477.21896735 Ry
     xc contribution           =     -63.57729665 Ry
     ewald contribution        =     135.76197051 Ry
     smearing contrib. (-TS)   =      -0.00000000 Ry

     total magnetization       =     0.00     0.00     1.99 Bohr mag/cell
     absolute magnetization    =     2.07 Bohr mag/cell

     convergence has been achieved in  14 iterations

     Writing output data file ./NiBr2.save/

     init_run     :      5.28s CPU      5.45s WALL (       1 calls)
     electrons    :    129.81s CPU    130.60s WALL (       1 calls)

     Called by init_run:
     wfcinit      :      4.10s CPU      4.21s WALL (       1 calls)
     wfcinit:atom :      0.02s CPU      0.04s WALL (       3 calls)
     wfcinit:wfcr :      4.03s CPU      4.09s WALL (       3 calls)
     potinit      :      0.56s CPU      0.61s WALL (       1 calls)
     hinit0       :      0.54s CPU      0.55s WALL (       1 calls)

     Called by electrons:
     c_bands      :    116.42s CPU    117.11s WALL (      14 calls)
     sum_band     :      9.76s CPU      9.79s WALL (      14 calls)
     v_of_rho     :      3.03s CPU      3.09s WALL (      15 calls)
     v_h          :      0.07s CPU      0.07s WALL (      15 calls)
     v_xc         :      2.96s CPU      3.02s WALL (      15 calls)
     mix_rho      :      0.82s CPU      0.86s WALL (      14 calls)

     Called by c_bands:
     init_us_2    :      0.38s CPU      0.41s WALL (      87 calls)
     cegterg      :    112.33s CPU    112.97s WALL (      42 calls)

     Called by sum_band:

     Called by *egterg:
     h_psi        :     76.91s CPU     77.44s WALL (     190 calls)
     g_psi        :      0.19s CPU      0.19s WALL (     145 calls)
     cdiaghg      :      0.73s CPU      0.74s WALL (     187 calls)
     cegterg:over :     15.93s CPU     15.96s WALL (     145 calls)
     cegterg:upda :     10.69s CPU     10.73s WALL (     145 calls)
     cegterg:last :      6.48s CPU      6.49s WALL (      45 calls)

     Called by h_psi:
     h_psi:calbec :     15.42s CPU     15.46s WALL (     190 calls)
     vloc_psi     :     46.12s CPU     46.30s WALL (     190 calls)
     add_vuspsi   :     15.08s CPU     15.12s WALL (     190 calls)

     General routines
     calbec       :     15.42s CPU     15.46s WALL (     190 calls)
     fft          :      1.45s CPU      1.46s WALL (     369 calls)
     ffts         :      0.22s CPU      0.22s WALL (      56 calls)
     fftw         :     46.03s CPU     46.19s WALL (   21696 calls)

     Parallel routines

     PWSCF        :   2m15.38s CPU   2m16.37s WALL


   This run was terminated on:  16:52:51  17May2021            

=------------------------------------------------------------------------------=
   JOB DONE.
=------------------------------------------------------------------------------=
