
     Program PWSCF v.6.0 (svn rev. 13079) starts on 19Sep2018 at  9:27: 7 

     This program is part of the open-source Quantum ESPRESSO suite
     for quantum simulation of materials; please cite
         "P. Giannozzi et al., J. Phys.:Condens. Matter 21 395502 (2009);
          URL http://www.quantum-espresso.org", 
     in publications or presentations arising from this work. More details at
     http://www.quantum-espresso.org/quote

     Parallel version (MPI), running on     1 processors
     Waiting for input...
     Reading input from standard input

     Current dimensions of program PWSCF are:
     Max number of different atomic species (ntypx) = 10
     Max number of k-points (npk) =  40000
     Max angular momentum in pseudopotentials (lmaxx) =  3

     Atomic positions and unit cell read from directory:
     ./mos2.save/


     IMPORTANT: XC functional enforced from input :
     Exchange-correlation      = LDA ( 1  1  0  0 0 0)
     Any further DFT definition will be discarded
     Please, verify this is what you really want


     Subspace diagonalization in iterative solution of the eigenvalue problem:
     a serial algorithm will be used


     G-vector sticks info
     --------------------
     sticks:   dense  smooth     PW     G-vecs:    dense   smooth      PW
     Sum         583     583    163                56613    56613    9123



     bravais-lattice index     =            4
     lattice parameter (alat)  =       5.8772  a.u.
     unit-cell volume          =     897.4163 (a.u.)^3
     number of atoms/cell      =            3
     number of atomic types    =            2
     number of electrons       =        26.00
     number of Kohn-Sham states=           40
     kinetic-energy cutoff     =      60.0000  Ry
     charge density cutoff     =     240.0000  Ry
     Exchange-correlation      = LDA ( 1  1  0  0 0 0)

     celldm(1)=   5.877208  celldm(2)=   0.000000  celldm(3)=   5.104465
     celldm(4)=   0.000000  celldm(5)=   0.000000  celldm(6)=   0.000000

     crystal axes: (cart. coord. in units of alat)
               a(1) = (   1.000000   0.000000   0.000000 )  
               a(2) = (  -0.500000   0.866025   0.000000 )  
               a(3) = (   0.000000   0.000000   5.104465 )  

     reciprocal axes: (cart. coord. in units 2 pi/alat)
               b(1) = (  1.000000  0.577350 -0.000000 )  
               b(2) = (  0.000000  1.154701  0.000000 )  
               b(3) = (  0.000000 -0.000000  0.195907 )  


     PseudoPot. # 1 for Mo read from file:
     ./Mo_ONCV_PBE-1.0.upf
     MD5 check sum: 4ad9145758a1d467f70cc26f028cba6c
     Pseudo is Norm-conserving, Zval = 14.0
     Generated using ONCVPSP code by D. R. Hamann
     Using radial grid of  602 points,  6 beta functions with: 
                l(1) =   0
                l(2) =   0
                l(3) =   1
                l(4) =   1
                l(5) =   2
                l(6) =   2

     PseudoPot. # 2 for S  read from file:
     ./S.pz-bhs.UPF
     MD5 check sum: dc396da238d0b77a006a9231206d2b3b
     Pseudo is Norm-conserving, Zval =  6.0
     Generated by new atomic code, or converted to UPF format
     Using radial grid of  475 points,  2 beta functions with: 
                l(1) =   0
                l(2) =   1

     atomic species   valence    mass     pseudopotential
        Mo            14.00    95.94000     Mo( 1.00)
        S              6.00    32.06500     S ( 1.00)

     12 Sym. Ops. (no inversion) found


                                    s                        frac. trans.

      isym =  1     identity                                     

 cryst.   s( 1) = (     1          0          0      )
                  (     0          1          0      )
                  (     0          0          1      )

 cart.    s( 1) = (  1.0000000  0.0000000  0.0000000 )
                  (  0.0000000  1.0000000  0.0000000 )
                  (  0.0000000  0.0000000  1.0000000 )


      isym =  2     180 deg rotation - cart. axis [0,1,0]        

 cryst.   s( 2) = (    -1          0          0      )
                  (     1          1          0      )
                  (     0          0         -1      )

 cart.    s( 2) = ( -1.0000000  0.0000000  0.0000000 )
                  (  0.0000000  1.0000000  0.0000000 )
                  (  0.0000000  0.0000000 -1.0000000 )


      isym =  3     120 deg rotation - cryst. axis [0,0,1]       

 cryst.   s( 3) = (     0          1          0      )
                  (    -1         -1          0      )
                  (     0          0          1      )

 cart.    s( 3) = ( -0.5000000 -0.8660254  0.0000000 )
                  (  0.8660254 -0.5000000  0.0000000 )
                  (  0.0000000  0.0000000  1.0000000 )


      isym =  4     120 deg rotation - cryst. axis [0,0,-1]      

 cryst.   s( 4) = (    -1         -1          0      )
                  (     1          0          0      )
                  (     0          0          1      )

 cart.    s( 4) = ( -0.5000000  0.8660254  0.0000000 )
                  ( -0.8660254 -0.5000000  0.0000000 )
                  (  0.0000000  0.0000000  1.0000000 )


      isym =  5     180 deg rotation - cryst. axis [1,-1,0]      

 cryst.   s( 5) = (     0         -1          0      )
                  (    -1          0          0      )
                  (     0          0         -1      )

 cart.    s( 5) = (  0.5000000 -0.8660254  0.0000000 )
                  ( -0.8660254 -0.5000000  0.0000000 )
                  (  0.0000000  0.0000000 -1.0000000 )


      isym =  6     180 deg rotation - cryst. axis [2,1,0]       

 cryst.   s( 6) = (     1          1          0      )
                  (     0         -1          0      )
                  (     0          0         -1      )

 cart.    s( 6) = (  0.5000000  0.8660254  0.0000000 )
                  (  0.8660254 -0.5000000  0.0000000 )
                  (  0.0000000  0.0000000 -1.0000000 )


      isym =  7     inv. 180 deg rotation - cart. axis [0,0,1]   

 cryst.   s( 7) = (     1          0          0      )
                  (     0          1          0      )
                  (     0          0         -1      )

 cart.    s( 7) = (  1.0000000  0.0000000  0.0000000 )
                  (  0.0000000  1.0000000  0.0000000 )
                  (  0.0000000  0.0000000 -1.0000000 )


      isym =  8     inv. 180 deg rotation - cart. axis [1,0,0]   

 cryst.   s( 8) = (    -1          0          0      )
                  (     1          1          0      )
                  (     0          0          1      )

 cart.    s( 8) = ( -1.0000000  0.0000000  0.0000000 )
                  (  0.0000000  1.0000000  0.0000000 )
                  (  0.0000000  0.0000000  1.0000000 )


      isym =  9     inv.  60 deg rotation - cryst. axis [0,0,1]  

 cryst.   s( 9) = (    -1         -1          0      )
                  (     1          0          0      )
                  (     0          0         -1      )

 cart.    s( 9) = ( -0.5000000  0.8660254  0.0000000 )
                  ( -0.8660254 -0.5000000  0.0000000 )
                  (  0.0000000  0.0000000 -1.0000000 )


      isym = 10     inv.  60 deg rotation - cryst. axis [0,0,-1] 

 cryst.   s(10) = (     0          1          0      )
                  (    -1         -1          0      )
                  (     0          0         -1      )

 cart.    s(10) = ( -0.5000000 -0.8660254  0.0000000 )
                  (  0.8660254 -0.5000000  0.0000000 )
                  (  0.0000000  0.0000000 -1.0000000 )


      isym = 11     inv. 180 deg rotation - cryst. axis [0,1,0]  

 cryst.   s(11) = (     1          1          0      )
                  (     0         -1          0      )
                  (     0          0          1      )

 cart.    s(11) = (  0.5000000  0.8660254  0.0000000 )
                  (  0.8660254 -0.5000000  0.0000000 )
                  (  0.0000000  0.0000000  1.0000000 )


      isym = 12     inv. 180 deg rotation - cryst. axis [1,1,0]  

 cryst.   s(12) = (     0         -1          0      )
                  (    -1          0          0      )
                  (     0          0          1      )

 cart.    s(12) = (  0.5000000 -0.8660254  0.0000000 )
                  ( -0.8660254 -0.5000000  0.0000000 )
                  (  0.0000000  0.0000000  1.0000000 )


     point group D_3h (-62m)
     there are  6 classes
     the character table:

       E     2C3   3C2   s_h   2S3   3s_v 
A'_1   1.00  1.00  1.00  1.00  1.00  1.00
A'_2   1.00  1.00 -1.00  1.00  1.00 -1.00
E'     2.00 -1.00  0.00  2.00 -1.00  0.00
A''1   1.00  1.00  1.00 -1.00 -1.00 -1.00
A''2   1.00  1.00 -1.00 -1.00 -1.00  1.00
E''    2.00 -1.00  0.00 -2.00  1.00  0.00

     the symmetry operations in each class and the name of the first element:

     E        1
          identity                                               
     2C3      3    4
          120 deg rotation - cryst. axis [0,0,1]                 
     3C2      2    6    5
          180 deg rotation - cart. axis [0,1,0]                  
     s_h      7
          inv. 180 deg rotation - cart. axis [0,0,1]             
     2S3      9   10
          inv.  60 deg rotation - cryst. axis [0,0,1]            
     3s_v     8   11   12
          inv. 180 deg rotation - cart. axis [1,0,0]             

   Cartesian axes

     site n.     atom                  positions (alat units)
         1           Mo  tau(   1) = (  -0.0000000   0.5773503   0.0000000  )
         2           S   tau(   2) = (   0.5000000   0.2886751   0.4991315  )
         3           S   tau(   3) = (   0.5000000   0.2886751  -0.4991315  )

   Crystallographic axes

     site n.     atom                  positions (cryst. coord.)
         1           Mo  tau(   1) = (  0.3333333  0.6666667  0.0000000  )
         2           S   tau(   2) = (  0.6666667  0.3333333  0.0977833  )
         3           S   tau(   3) = (  0.6666667  0.3333333 -0.0977833  )

     number of k points=     3
                       cart. coord. in units 2pi/alat
        k(    1) = (   0.0000000   0.0000000   0.0000000), wk =   0.2222222
        k(    2) = (   0.0000000   0.3849002   0.0000000), wk =   1.3333333
        k(    3) = (   0.3333333   0.5773503   0.0000000), wk =   0.4444444

                       cryst. coord.
        k(    1) = (   0.0000000   0.0000000   0.0000000), wk =   0.2222222
        k(    2) = (   0.0000000   0.3333333   0.0000000), wk =   1.3333333
        k(    3) = (   0.3333333   0.3333333   0.0000000), wk =   0.4444444

     Dense  grid:    56613 G-vectors     FFT dimensions: (  30,  30, 150)

     Estimated max dynamical RAM per process >      42.18Mb

     The potential is recalculated from file :
     ./mos2.save/charge-density.dat

     Starting wfc are    8 randomized atomic wfcs +   32 random wfc

     Band Structure Calculation
     Davidson diagonalization with overlap

     Computing kpt #:     1
     total cpu time spent up to now is       15.4 secs

     Computing kpt #:     2
     total cpu time spent up to now is       32.7 secs

     Computing kpt #:     3
     total cpu time spent up to now is       50.3 secs

     ethr =  3.85E-15,  avg # of iterations = 41.3

     total cpu time spent up to now is       50.3 secs

     End of band structure calculation

          k = 0.0000 0.0000 0.0000 (  7087 PWs)   bands (ev):

   -60.1220 -34.3686 -33.9713 -33.9713 -13.9580 -12.5523  -5.5191  -2.2182
    -2.2182  -1.5686  -1.0615  -1.0615   0.2375   3.3647   3.3647   3.6572
     3.6572   5.8872   6.2610   6.8277   7.6171   9.2927   9.5483  11.0584
    11.1156  11.1156  13.1291  13.1291  13.4611  14.1551  15.8222  16.4915
    16.4915  16.6937  16.8913  16.8913  19.1763  20.1086  20.5275  21.5303

     occupation numbers 
     1.0000   1.0000   1.0000   1.0000   1.0000   1.0000   1.0000   1.0000
     1.0000   1.0000   1.0000   1.0000   1.0000   0.0000   0.0000   0.0000
     0.0000   0.0000   0.0000   0.0000   0.0000   0.0000   0.0000   0.0000
     0.0000   0.0000   0.0000   0.0000   0.0000   0.0000   0.0000   0.0000
     0.0000   0.0000   0.0000   0.0000   0.0000   0.0000   0.0000   0.0000

          k = 0.0000 0.3849 0.0000 (  7036 PWs)   bands (ev):

   -60.0826 -34.3432 -34.2921 -34.0562 -12.4743 -11.9718  -5.1233  -4.0492
    -3.6101  -2.5275  -1.3209  -0.8581  -0.6608   2.8393   2.8864   3.9600
     4.7797   7.6828   7.8503   8.2971   8.9664   9.2140  10.4576  10.9803
    12.2351  12.3031  12.9466  13.4792  14.6937  14.9577  15.1869  15.6596
    15.7494  15.9856  17.1125  17.2409  18.1059  18.7084  18.9892  20.6994

     occupation numbers 
     1.0000   1.0000   1.0000   1.0000   1.0000   1.0000   1.0000   1.0000
     1.0000   1.0000   1.0000   1.0000   1.0000   0.0000   0.0000   0.0000
     0.0000   0.0000   0.0000   0.0000   0.0000   0.0000   0.0000   0.0000
     0.0000   0.0000   0.0000   0.0000   0.0000   0.0000   0.0000   0.0000
     0.0000   0.0000   0.0000   0.0000   0.0000   0.0000   0.0000   0.0000

          k = 0.3333 0.5774 0.0000 (  7047 PWs)   bands (ev):

   -60.0629 -34.3423 -34.2847 -34.2537 -11.5404 -11.4984  -5.3706  -4.4911
    -3.9056  -3.1954  -2.6564  -1.8417   0.4640   2.3400   3.4264   4.3014
     5.7490   7.7020   7.8304   9.8101  11.0324  11.7070  12.0536  12.3641
    12.4720  12.7534  13.3794  13.3808  13.5956  13.6631  14.1262  14.7089
    14.8924  15.0800  15.2232  15.3015  17.1682  17.5580  18.0325  18.1042

     occupation numbers 
     1.0000   1.0000   1.0000   1.0000   1.0000   1.0000   1.0000   1.0000
     1.0000   1.0000   1.0000   1.0000   1.0000   0.0000   0.0000   0.0000
     0.0000   0.0000   0.0000   0.0000   0.0000   0.0000   0.0000   0.0000
     0.0000   0.0000   0.0000   0.0000   0.0000   0.0000   0.0000   0.0000
     0.0000   0.0000   0.0000   0.0000   0.0000   0.0000   0.0000   0.0000

     highest occupied, lowest unoccupied level (ev):     0.4640    2.3400

     Writing output data file mos2.save

     init_run     :      0.28s CPU      0.30s WALL (       1 calls)
     electrons    :     51.02s CPU     49.97s WALL (       1 calls)

     Called by init_run:
     wfcinit      :      0.00s CPU      0.00s WALL (       1 calls)
     wfcinit:atom :      0.00s CPU      0.01s WALL (       3 calls)
     wfcinit:wfcr :      1.74s CPU      1.67s WALL (       3 calls)
     potinit      :      0.04s CPU      0.05s WALL (       1 calls)

     Called by electrons:
     c_bands      :     51.02s CPU     49.96s WALL (       1 calls)
     v_of_rho     :      0.03s CPU      0.03s WALL (       1 calls)
     v_h          :      0.01s CPU      0.01s WALL (       1 calls)
     v_xc         :      0.02s CPU      0.02s WALL (       1 calls)

     Called by c_bands:
     init_us_2    :      0.03s CPU      0.03s WALL (       3 calls)
     cegterg      :     49.12s CPU     48.10s WALL (       7 calls)

     Called by sum_band:

     Called by *egterg:
     h_psi        :     38.72s CPU     38.72s WALL (     134 calls)
     g_psi        :      0.20s CPU      0.17s WALL (     124 calls)
     cdiaghg      :      2.44s CPU      2.80s WALL (     127 calls)
     cegterg:over :      3.47s CPU      3.36s WALL (     124 calls)
     cegterg:upda :      3.33s CPU      2.67s WALL (     124 calls)
     cegterg:last :      2.05s CPU      1.29s WALL (      22 calls)

     Called by h_psi:
     h_psi:pot    :     38.35s CPU     38.39s WALL (     134 calls)
     h_psi:calbec :      0.93s CPU      1.06s WALL (     134 calls)
     vloc_psi     :     36.84s CPU     36.87s WALL (     134 calls)
     add_vuspsi   :      0.58s CPU      0.46s WALL (     134 calls)

     General routines
     calbec       :      0.92s CPU      1.06s WALL (     134 calls)
     fft          :      0.03s CPU      0.03s WALL (       3 calls)
     fftw         :     32.23s CPU     32.23s WALL (    5528 calls)
     davcio       :      0.01s CPU      0.03s WALL (       6 calls)

     Parallel routines
     fft_scatter  :      2.66s CPU      2.66s WALL (    5531 calls)

     PWSCF        :    51.49s CPU        50.51s WALL


   This run was terminated on:   9:27:57  19Sep2018            

=------------------------------------------------------------------------------=
   JOB DONE.
=------------------------------------------------------------------------------=
