
     Program PWSCF v.6.0 (svn rev. 13079) starts on 19Sep2018 at  9:25:37 

     This program is part of the open-source Quantum ESPRESSO suite
     for quantum simulation of materials; please cite
         "P. Giannozzi et al., J. Phys.:Condens. Matter 21 395502 (2009);
          URL http://www.quantum-espresso.org", 
     in publications or presentations arising from this work. More details at
     http://www.quantum-espresso.org/quote

     Parallel version (MPI), running on     1 processors
     Waiting for input...
     Reading input from standard input

     Current dimensions of program PWSCF are:
     Max number of different atomic species (ntypx) = 10
     Max number of k-points (npk) =  40000
     Max angular momentum in pseudopotentials (lmaxx) =  3

     IMPORTANT: XC functional enforced from input :
     Exchange-correlation      = LDA ( 1  1  0  0 0 0)
     Any further DFT definition will be discarded
     Please, verify this is what you really want


     Subspace diagonalization in iterative solution of the eigenvalue problem:
     a serial algorithm will be used


     G-vector sticks info
     --------------------
     sticks:   dense  smooth     PW     G-vecs:    dense   smooth      PW
     Sum         583     583    163                56613    56613    9123



     bravais-lattice index     =            4
     lattice parameter (alat)  =       5.8772  a.u.
     unit-cell volume          =     897.4163 (a.u.)^3
     number of atoms/cell      =            3
     number of atomic types    =            2
     number of electrons       =        26.00
     number of Kohn-Sham states=           26
     kinetic-energy cutoff     =      60.0000  Ry
     charge density cutoff     =     240.0000  Ry
     convergence threshold     =      1.0E-12
     mixing beta               =       0.7000
     number of iterations used =            8  plain     mixing
     Exchange-correlation      = LDA ( 1  1  0  0 0 0)

     celldm(1)=   5.877208  celldm(2)=   0.000000  celldm(3)=   5.104465
     celldm(4)=   0.000000  celldm(5)=   0.000000  celldm(6)=   0.000000

     crystal axes: (cart. coord. in units of alat)
               a(1) = (   1.000000   0.000000   0.000000 )  
               a(2) = (  -0.500000   0.866025   0.000000 )  
               a(3) = (   0.000000   0.000000   5.104465 )  

     reciprocal axes: (cart. coord. in units 2 pi/alat)
               b(1) = (  1.000000  0.577350 -0.000000 )  
               b(2) = (  0.000000  1.154701  0.000000 )  
               b(3) = (  0.000000 -0.000000  0.195907 )  


     PseudoPot. # 1 for Mo read from file:
     ./Mo_ONCV_PBE-1.0.upf
     MD5 check sum: 4ad9145758a1d467f70cc26f028cba6c
     Pseudo is Norm-conserving, Zval = 14.0
     Generated using ONCVPSP code by D. R. Hamann
     Using radial grid of  602 points,  6 beta functions with: 
                l(1) =   0
                l(2) =   0
                l(3) =   1
                l(4) =   1
                l(5) =   2
                l(6) =   2

     PseudoPot. # 2 for S  read from file:
     ./S.pz-bhs.UPF
     MD5 check sum: dc396da238d0b77a006a9231206d2b3b
     Pseudo is Norm-conserving, Zval =  6.0
     Generated by new atomic code, or converted to UPF format
     Using radial grid of  475 points,  2 beta functions with: 
                l(1) =   0
                l(2) =   1

     atomic species   valence    mass     pseudopotential
        Mo            14.00    95.94000     Mo( 1.00)
        S              6.00    32.06500     S ( 1.00)

     12 Sym. Ops. (no inversion) found


                                    s                        frac. trans.

      isym =  1     identity                                     

 cryst.   s( 1) = (     1          0          0      )
                  (     0          1          0      )
                  (     0          0          1      )

 cart.    s( 1) = (  1.0000000  0.0000000  0.0000000 )
                  (  0.0000000  1.0000000  0.0000000 )
                  (  0.0000000  0.0000000  1.0000000 )


      isym =  2     180 deg rotation - cart. axis [0,1,0]        

 cryst.   s( 2) = (    -1          0          0      )
                  (     1          1          0      )
                  (     0          0         -1      )

 cart.    s( 2) = ( -1.0000000  0.0000000  0.0000000 )
                  (  0.0000000  1.0000000  0.0000000 )
                  (  0.0000000  0.0000000 -1.0000000 )


      isym =  3     120 deg rotation - cryst. axis [0,0,1]       

 cryst.   s( 3) = (     0          1          0      )
                  (    -1         -1          0      )
                  (     0          0          1      )

 cart.    s( 3) = ( -0.5000000 -0.8660254  0.0000000 )
                  (  0.8660254 -0.5000000  0.0000000 )
                  (  0.0000000  0.0000000  1.0000000 )


      isym =  4     120 deg rotation - cryst. axis [0,0,-1]      

 cryst.   s( 4) = (    -1         -1          0      )
                  (     1          0          0      )
                  (     0          0          1      )

 cart.    s( 4) = ( -0.5000000  0.8660254  0.0000000 )
                  ( -0.8660254 -0.5000000  0.0000000 )
                  (  0.0000000  0.0000000  1.0000000 )


      isym =  5     180 deg rotation - cryst. axis [1,-1,0]      

 cryst.   s( 5) = (     0         -1          0      )
                  (    -1          0          0      )
                  (     0          0         -1      )

 cart.    s( 5) = (  0.5000000 -0.8660254  0.0000000 )
                  ( -0.8660254 -0.5000000  0.0000000 )
                  (  0.0000000  0.0000000 -1.0000000 )


      isym =  6     180 deg rotation - cryst. axis [2,1,0]       

 cryst.   s( 6) = (     1          1          0      )
                  (     0         -1          0      )
                  (     0          0         -1      )

 cart.    s( 6) = (  0.5000000  0.8660254  0.0000000 )
                  (  0.8660254 -0.5000000  0.0000000 )
                  (  0.0000000  0.0000000 -1.0000000 )


      isym =  7     inv. 180 deg rotation - cart. axis [0,0,1]   

 cryst.   s( 7) = (     1          0          0      )
                  (     0          1          0      )
                  (     0          0         -1      )

 cart.    s( 7) = (  1.0000000  0.0000000  0.0000000 )
                  (  0.0000000  1.0000000  0.0000000 )
                  (  0.0000000  0.0000000 -1.0000000 )


      isym =  8     inv. 180 deg rotation - cart. axis [1,0,0]   

 cryst.   s( 8) = (    -1          0          0      )
                  (     1          1          0      )
                  (     0          0          1      )

 cart.    s( 8) = ( -1.0000000  0.0000000  0.0000000 )
                  (  0.0000000  1.0000000  0.0000000 )
                  (  0.0000000  0.0000000  1.0000000 )


      isym =  9     inv.  60 deg rotation - cryst. axis [0,0,1]  

 cryst.   s( 9) = (    -1         -1          0      )
                  (     1          0          0      )
                  (     0          0         -1      )

 cart.    s( 9) = ( -0.5000000  0.8660254  0.0000000 )
                  ( -0.8660254 -0.5000000  0.0000000 )
                  (  0.0000000  0.0000000 -1.0000000 )


      isym = 10     inv.  60 deg rotation - cryst. axis [0,0,-1] 

 cryst.   s(10) = (     0          1          0      )
                  (    -1         -1          0      )
                  (     0          0         -1      )

 cart.    s(10) = ( -0.5000000 -0.8660254  0.0000000 )
                  (  0.8660254 -0.5000000  0.0000000 )
                  (  0.0000000  0.0000000 -1.0000000 )


      isym = 11     inv. 180 deg rotation - cryst. axis [0,1,0]  

 cryst.   s(11) = (     1          1          0      )
                  (     0         -1          0      )
                  (     0          0          1      )

 cart.    s(11) = (  0.5000000  0.8660254  0.0000000 )
                  (  0.8660254 -0.5000000  0.0000000 )
                  (  0.0000000  0.0000000  1.0000000 )


      isym = 12     inv. 180 deg rotation - cryst. axis [1,1,0]  

 cryst.   s(12) = (     0         -1          0      )
                  (    -1          0          0      )
                  (     0          0          1      )

 cart.    s(12) = (  0.5000000 -0.8660254  0.0000000 )
                  ( -0.8660254 -0.5000000  0.0000000 )
                  (  0.0000000  0.0000000  1.0000000 )


     point group D_3h (-62m)
     there are  6 classes
     the character table:

       E     2C3   3C2   s_h   2S3   3s_v 
A'_1   1.00  1.00  1.00  1.00  1.00  1.00
A'_2   1.00  1.00 -1.00  1.00  1.00 -1.00
E'     2.00 -1.00  0.00  2.00 -1.00  0.00
A''1   1.00  1.00  1.00 -1.00 -1.00 -1.00
A''2   1.00  1.00 -1.00 -1.00 -1.00  1.00
E''    2.00 -1.00  0.00 -2.00  1.00  0.00

     the symmetry operations in each class and the name of the first element:

     E        1
          identity                                               
     2C3      3    4
          120 deg rotation - cryst. axis [0,0,1]                 
     3C2      2    6    5
          180 deg rotation - cart. axis [0,1,0]                  
     s_h      7
          inv. 180 deg rotation - cart. axis [0,0,1]             
     2S3      9   10
          inv.  60 deg rotation - cryst. axis [0,0,1]            
     3s_v     8   11   12
          inv. 180 deg rotation - cart. axis [1,0,0]             

   Cartesian axes

     site n.     atom                  positions (alat units)
         1           Mo  tau(   1) = (  -0.0000000   0.5773503   0.0000000  )
         2           S   tau(   2) = (   0.5000000   0.2886751   0.4991315  )
         3           S   tau(   3) = (   0.5000000   0.2886751  -0.4991315  )

   Crystallographic axes

     site n.     atom                  positions (cryst. coord.)
         1           Mo  tau(   1) = (  0.3333333  0.6666667  0.0000000  )
         2           S   tau(   2) = (  0.6666667  0.3333333  0.0977833  )
         3           S   tau(   3) = (  0.6666667  0.3333333 -0.0977833  )

     number of k points=     3
                       cart. coord. in units 2pi/alat
        k(    1) = (   0.0000000   0.0000000   0.0000000), wk =   0.2222222
        k(    2) = (   0.0000000   0.3849002   0.0000000), wk =   1.3333333
        k(    3) = (   0.3333333   0.5773503   0.0000000), wk =   0.4444444

                       cryst. coord.
        k(    1) = (   0.0000000   0.0000000   0.0000000), wk =   0.2222222
        k(    2) = (   0.0000000   0.3333333   0.0000000), wk =   1.3333333
        k(    3) = (   0.3333333   0.3333333   0.0000000), wk =   0.4444444

     Dense  grid:    56613 G-vectors     FFT dimensions: (  30,  30, 150)

     Estimated max dynamical RAM per process >      58.30Mb

     Initial potential from superposition of free atoms

     starting charge   25.90927, renormalised to   26.00000

     negative rho (up, down):  4.631E-05 0.000E+00
     Starting wfc are    8 randomized atomic wfcs +   18 random wfc

     total cpu time spent up to now is        2.1 secs

     per-process dynamical memory:    42.2 Mb

     Self-consistent Calculation

     iteration #  1     ecut=    60.00 Ry     beta=0.70
     Davidson diagonalization with overlap
     ethr =  1.00E-02,  avg # of iterations =  7.7

     Threshold (ethr) on eigenvalues was too large:
     Diagonalizing with lowered threshold

     Davidson diagonalization with overlap
     ethr =  4.98E-04,  avg # of iterations =  2.0

     negative rho (up, down):  7.535E-06 0.000E+00

     total cpu time spent up to now is       13.9 secs

     total energy              =    -178.18092179 Ry
     Harris-Foulkes estimate   =    -178.27076657 Ry
     estimated scf accuracy    <       0.12822166 Ry

     iteration #  2     ecut=    60.00 Ry     beta=0.70
     Davidson diagonalization with overlap
     ethr =  4.93E-04,  avg # of iterations =  3.7

     negative rho (up, down):  2.794E-06 0.000E+00

     total cpu time spent up to now is       18.6 secs

     total energy              =    -178.18817570 Ry
     Harris-Foulkes estimate   =    -178.25695181 Ry
     estimated scf accuracy    <       0.13123811 Ry

     iteration #  3     ecut=    60.00 Ry     beta=0.70
     Davidson diagonalization with overlap
     ethr =  4.93E-04,  avg # of iterations =  3.3

     negative rho (up, down):  1.575E-06 0.000E+00

     total cpu time spent up to now is       22.6 secs

     total energy              =    -178.20632340 Ry
     Harris-Foulkes estimate   =    -178.25161373 Ry
     estimated scf accuracy    <       0.17237526 Ry

     iteration #  4     ecut=    60.00 Ry     beta=0.70
     Davidson diagonalization with overlap
     ethr =  4.93E-04,  avg # of iterations =  1.0

     total cpu time spent up to now is       25.6 secs

     total energy              =    -178.22851500 Ry
     Harris-Foulkes estimate   =    -178.22876363 Ry
     estimated scf accuracy    <       0.00082957 Ry

     iteration #  5     ecut=    60.00 Ry     beta=0.70
     Davidson diagonalization with overlap
     ethr =  3.19E-06,  avg # of iterations =  5.0

     total cpu time spent up to now is       29.9 secs

     total energy              =    -178.22870816 Ry
     Harris-Foulkes estimate   =    -178.22871958 Ry
     estimated scf accuracy    <       0.00003480 Ry

     iteration #  6     ecut=    60.00 Ry     beta=0.70
     Davidson diagonalization with overlap
     ethr =  1.34E-07,  avg # of iterations =  2.0

     total cpu time spent up to now is       32.6 secs

     total energy              =    -178.22871280 Ry
     Harris-Foulkes estimate   =    -178.22871309 Ry
     estimated scf accuracy    <       0.00000076 Ry

     iteration #  7     ecut=    60.00 Ry     beta=0.70
     Davidson diagonalization with overlap
     ethr =  2.94E-09,  avg # of iterations =  2.7

     total cpu time spent up to now is       36.2 secs

     total energy              =    -178.22871309 Ry
     Harris-Foulkes estimate   =    -178.22871311 Ry
     estimated scf accuracy    <       0.00000005 Ry

     iteration #  8     ecut=    60.00 Ry     beta=0.70
     Davidson diagonalization with overlap
     ethr =  1.84E-10,  avg # of iterations =  2.0

     total cpu time spent up to now is       39.7 secs

     total energy              =    -178.22871310 Ry
     Harris-Foulkes estimate   =    -178.22871310 Ry
     estimated scf accuracy    <          5.0E-09 Ry

     iteration #  9     ecut=    60.00 Ry     beta=0.70
     Davidson diagonalization with overlap
     ethr =  1.91E-11,  avg # of iterations =  2.0

     total cpu time spent up to now is       43.7 secs

     total energy              =    -178.22871310 Ry
     Harris-Foulkes estimate   =    -178.22871310 Ry
     estimated scf accuracy    <          2.2E-10 Ry

     iteration # 10     ecut=    60.00 Ry     beta=0.70
     Davidson diagonalization with overlap
     ethr =  8.55E-13,  avg # of iterations =  2.0

     total cpu time spent up to now is       47.6 secs

     total energy              =    -178.22871310 Ry
     Harris-Foulkes estimate   =    -178.22871310 Ry
     estimated scf accuracy    <          1.9E-12 Ry

     iteration # 11     ecut=    60.00 Ry     beta=0.70
     Davidson diagonalization with overlap
     ethr =  1.00E-13,  avg # of iterations =  1.0

     total cpu time spent up to now is       51.5 secs

     End of self-consistent calculation

          k = 0.0000 0.0000 0.0000 (  7087 PWs)   bands (ev):

   -60.1220 -34.3686 -33.9713 -33.9713 -13.9580 -12.5523  -5.5191  -2.2182
    -2.2182  -1.5686  -1.0615  -1.0615   0.2375   3.3647   3.3647   3.6572
     3.6572   5.8872   6.2610   6.8277   7.6171   9.2927   9.5483  11.0584
    11.1156  11.1156

     occupation numbers 
     1.0000   1.0000   1.0000   1.0000   1.0000   1.0000   1.0000   1.0000
     1.0000   1.0000   1.0000   1.0000   1.0000   0.0000   0.0000   0.0000
     0.0000   0.0000   0.0000   0.0000   0.0000   0.0000   0.0000   0.0000
     0.0000   0.0000

          k = 0.0000 0.3849 0.0000 (  7036 PWs)   bands (ev):

   -60.0826 -34.3432 -34.2921 -34.0562 -12.4743 -11.9718  -5.1233  -4.0492
    -3.6101  -2.5275  -1.3209  -0.8581  -0.6608   2.8393   2.8864   3.9600
     4.7797   7.6828   7.8503   8.2971   8.9664   9.2140  10.4576  10.9803
    12.2351  12.3031

     occupation numbers 
     1.0000   1.0000   1.0000   1.0000   1.0000   1.0000   1.0000   1.0000
     1.0000   1.0000   1.0000   1.0000   1.0000   0.0000   0.0000   0.0000
     0.0000   0.0000   0.0000   0.0000   0.0000   0.0000   0.0000   0.0000
     0.0000   0.0000

          k = 0.3333 0.5774 0.0000 (  7047 PWs)   bands (ev):

   -60.0628 -34.3423 -34.2847 -34.2536 -11.5404 -11.4984  -5.3706  -4.4911
    -3.9056  -3.1954  -2.6564  -1.8417   0.4640   2.3400   3.4264   4.3014
     5.7490   7.7020   7.8304   9.8101  11.0324  11.7070  12.0536  12.3641
    12.4720  12.7534

     occupation numbers 
     1.0000   1.0000   1.0000   1.0000   1.0000   1.0000   1.0000   1.0000
     1.0000   1.0000   1.0000   1.0000   1.0000   0.0000   0.0000   0.0000
     0.0000   0.0000   0.0000   0.0000   0.0000   0.0000   0.0000   0.0000
     0.0000   0.0000

     highest occupied, lowest unoccupied level (ev):     0.4640    2.3400

!    total energy              =    -178.22871310 Ry
     Harris-Foulkes estimate   =    -178.22871310 Ry
     estimated scf accuracy    <          4.7E-13 Ry

     The total energy is the sum of the following terms:

     one-electron contribution =    -820.15290792 Ry
     hartree contribution      =     411.04080235 Ry
     xc contribution           =     -24.53924541 Ry
     ewald contribution        =     255.42263788 Ry

     convergence has been achieved in  11 iterations

     Writing output data file mos2.save

     init_run     :      1.66s CPU      1.89s WALL (       1 calls)
     electrons    :     49.62s CPU     49.41s WALL (       1 calls)

     Called by init_run:
     wfcinit      :      1.27s CPU      1.36s WALL (       1 calls)
     wfcinit:atom :      0.01s CPU      0.01s WALL (       3 calls)
     wfcinit:wfcr :      1.18s CPU      1.23s WALL (       3 calls)
     potinit      :      0.14s CPU      0.16s WALL (       1 calls)

     Called by electrons:
     c_bands      :     41.40s CPU     41.22s WALL (      12 calls)
     sum_band     :      7.44s CPU      7.42s WALL (      12 calls)
     v_of_rho     :      0.34s CPU      0.32s WALL (      12 calls)
     v_h          :      0.13s CPU      0.12s WALL (      12 calls)
     v_xc         :      0.20s CPU      0.20s WALL (      12 calls)
     mix_rho      :      0.41s CPU      0.40s WALL (      12 calls)

     Called by c_bands:
     init_us_2    :      0.49s CPU      0.50s WALL (      75 calls)
     cegterg      :     40.56s CPU     40.43s WALL (      36 calls)

     Called by sum_band:

     Called by *egterg:
     h_psi        :     36.15s CPU     35.84s WALL (     142 calls)
     g_psi        :      0.11s CPU      0.10s WALL (     103 calls)
     cdiaghg      :      1.16s CPU      1.71s WALL (     136 calls)
     cegterg:over :      1.40s CPU      1.36s WALL (     103 calls)
     cegterg:upda :      1.22s CPU      1.01s WALL (     103 calls)
     cegterg:last :      0.59s CPU      0.42s WALL (      39 calls)

     Called by h_psi:
     h_psi:pot    :     35.84s CPU     35.57s WALL (     142 calls)
     h_psi:calbec :      0.86s CPU      0.97s WALL (     142 calls)
     vloc_psi     :     34.44s CPU     34.16s WALL (     142 calls)
     add_vuspsi   :      0.55s CPU      0.44s WALL (     142 calls)

     General routines
     calbec       :      0.86s CPU      0.97s WALL (     142 calls)
     fft          :      0.38s CPU      0.41s WALL (      49 calls)
     fftw         :     35.56s CPU     35.37s WALL (    5984 calls)

     Parallel routines
     fft_scatter  :      3.32s CPU      3.31s WALL (    6033 calls)

     PWSCF        :    51.41s CPU        51.58s WALL


   This run was terminated on:   9:26:28  19Sep2018            

=------------------------------------------------------------------------------=
   JOB DONE.
=------------------------------------------------------------------------------=
