
     Program PWSCF v.5.0.1 starts on 30Oct2013 at 17:32:41 

     This program is part of the open-source Quantum ESPRESSO suite
     for quantum simulation of materials; please cite
         "P. Giannozzi et al., J. Phys.:Condens. Matter 21 395502 (2009);
          URL http://www.quantum-espresso.org", 
     in publications or presentations arising from this work. More details at
     http://www.quantum-espresso.org/quote.php

     Parallel version (MPI), running on     6 processors
     R & G space division:  proc/pool =    6

     Current dimensions of program PWSCF are:
     Max number of different atomic species (ntypx) = 10
     Max number of k-points (npk) =  40000
     Max angular momentum in pseudopotentials (lmaxx) =  3
     Waiting for input...
     Reading input from standard input
Warning: card  &IONS ignored
Warning: card  / ignored
               file H.pz-vbc.UPF: wavefunction(s)  1S renormalized

     Atomic positions and unit cell read from directory:
     ./SCRATCH/chain.save/
 

     Subspace diagonalization in iterative solution of the eigenvalue problem:
     a serial algorithm will be used

 
     Parallelization info
     --------------------
     sticks:   dense  smooth     PW     G-vecs:    dense   smooth      PW
     Min        1671    1671    520                19596    19596    3367
     Max        1673    1673    522                19597    19597    3368
     Sum       10029   10029   3125               117581   117581   20205
 


     bravais-lattice index     =            8
     lattice parameter (alat)  =      30.0000  a.u.
     unit-cell volume          =    4200.2820 (a.u.)^3
     number of atoms/cell      =            4
     number of atomic types    =            2
     number of electrons       =        10.00
     number of Kohn-Sham states=           50
     kinetic-energy cutoff     =      35.0000  Ry
     charge density cutoff     =     140.0000  Ry
     Exchange-correlation      =  SLA  PZ   NOGX NOGC ( 1 1 0 0 0)
     EXX-fraction              =        0.00

     celldm(1)=  30.000000  celldm(2)=   1.000000  celldm(3)=   0.155566
     celldm(4)=   0.000000  celldm(5)=   0.000000  celldm(6)=   0.000000

     crystal axes: (cart. coord. in units of alat)
               a(1) = (   1.000000   0.000000   0.000000 )  
               a(2) = (   0.000000   1.000000   0.000000 )  
               a(3) = (   0.000000   0.000000   0.155566 )  

     reciprocal axes: (cart. coord. in units 2 pi/alat)
               b(1) = (  1.000000  0.000000  0.000000 )  
               b(2) = (  0.000000  1.000000  0.000000 )  
               b(3) = (  0.000000  0.000000  6.428140 )  


     PseudoPot. # 1 for C  read from file:
     ./C.pz-vbc.UPF
     MD5 check sum: ab53dd623bfeb79c5a7b057bc96eae20
     Pseudo is Norm-conserving, Zval =  4.0
     Generated by new atomic code, or converted to UPF format
     Using radial grid of  269 points,  1 beta functions with: 
                l(1) =   0

     PseudoPot. # 2 for H  read from file:
     ./H.pz-vbc.UPF
     MD5 check sum: 90becb985b714f09656c73597998d266
     Pseudo is Norm-conserving, Zval =  1.0
     Generated by new atomic code, or converted to UPF format
     Using radial grid of  131 points,  0 beta functions with: 

     atomic species   valence    mass     pseudopotential
        C              4.00     1.00000     C ( 1.00)
        H              1.00     1.00000     H ( 1.00)

      2 Sym. Ops. (no inversion) found
          (note:  2 additional sym.ops. were found but ignored
           their fractional translations are incommensurate with FFT grid)

                                    s                        frac. trans.

      isym =  1     identity                                     

 cryst.   s( 1) = (     1          0          0      )
                  (     0          1          0      )
                  (     0          0          1      )

 cart.    s( 1) = (  1.0000000  0.0000000  0.0000000 )
                  (  0.0000000  1.0000000  0.0000000 )
                  (  0.0000000  0.0000000  1.0000000 )


      isym =  2     inv. 180 deg rotation - cart. axis [0,1,0]   

 cryst.   s( 2) = (     1          0          0      )
                  (     0         -1          0      )
                  (     0          0          1      )

 cart.    s( 2) = (  1.0000000  0.0000000  0.0000000 )
                  (  0.0000000 -1.0000000  0.0000000 )
                  (  0.0000000  0.0000000  1.0000000 )


     point group C_s (m)    
     there are  2 classes
     the character table:

       E     s    
A'     1.00  1.00
A''    1.00 -1.00

     the symmetry operations in each class:
     E        1
     s        2

   Cartesian axes

     site n.     atom                  positions (alat units)
         1           C   tau(   1) = (   0.0000000   0.0000000  -0.0368990  )
         2           C   tau(   2) = (   0.0408396   0.0000000   0.0368992  )
         3           H   tau(   3) = (  -0.0678406   0.0000000  -0.0371833  )
         4           H   tau(   4) = (   0.1086802   0.0000000   0.0371835  )

   Crystallographic axes

     site n.     atom                  positions (cryst. coord.)
         1           C   tau(   1) = (  0.0000000  0.0000000 -0.2371919  )
         2           C   tau(   2) = (  0.0408396  0.0000000  0.2371933  )
         3           H   tau(   3) = ( -0.0678406  0.0000000 -0.2390191  )
         4           H   tau(   4) = (  0.1086802  0.0000000  0.2390205  )

     number of k points=    16
                       cart. coord. in units 2pi/alat
        k(    1) = (   0.0000000   0.0000000   0.0000000), wk =   0.0666667
        k(    2) = (   0.0000000   0.0000000   0.2142713), wk =   0.1333333
        k(    3) = (   0.0000000   0.0000000   0.4285427), wk =   0.1333333
        k(    4) = (   0.0000000   0.0000000   0.6428140), wk =   0.1333333
        k(    5) = (   0.0000000   0.0000000   0.8570853), wk =   0.1333333
        k(    6) = (   0.0000000   0.0000000   1.0713566), wk =   0.1333333
        k(    7) = (   0.0000000   0.0000000   1.2856280), wk =   0.1333333
        k(    8) = (   0.0000000   0.0000000   1.4998993), wk =   0.1333333
        k(    9) = (   0.0000000   0.0000000   1.7141706), wk =   0.1333333
        k(   10) = (   0.0000000   0.0000000   1.9284419), wk =   0.1333333
        k(   11) = (   0.0000000   0.0000000   2.1427133), wk =   0.1333333
        k(   12) = (   0.0000000   0.0000000   2.3569846), wk =   0.1333333
        k(   13) = (   0.0000000   0.0000000   2.5712559), wk =   0.1333333
        k(   14) = (   0.0000000   0.0000000   2.7855273), wk =   0.1333333
        k(   15) = (   0.0000000   0.0000000   2.9997986), wk =   0.1333333
        k(   16) = (   0.0000000   0.0000000  -3.2140699), wk =   0.0666667

                       cryst. coord.
        k(    1) = (   0.0000000   0.0000000   0.0000000), wk =   0.0666667
        k(    2) = (   0.0000000   0.0000000   0.0333333), wk =   0.1333333
        k(    3) = (   0.0000000   0.0000000   0.0666667), wk =   0.1333333
        k(    4) = (   0.0000000   0.0000000   0.1000000), wk =   0.1333333
        k(    5) = (   0.0000000   0.0000000   0.1333333), wk =   0.1333333
        k(    6) = (   0.0000000   0.0000000   0.1666667), wk =   0.1333333
        k(    7) = (   0.0000000   0.0000000   0.2000000), wk =   0.1333333
        k(    8) = (   0.0000000   0.0000000   0.2333333), wk =   0.1333333
        k(    9) = (   0.0000000   0.0000000   0.2666667), wk =   0.1333333
        k(   10) = (   0.0000000   0.0000000   0.3000000), wk =   0.1333333
        k(   11) = (   0.0000000   0.0000000   0.3333333), wk =   0.1333333
        k(   12) = (   0.0000000   0.0000000   0.3666667), wk =   0.1333333
        k(   13) = (   0.0000000   0.0000000   0.4000000), wk =   0.1333333
        k(   14) = (   0.0000000   0.0000000   0.4333333), wk =   0.1333333
        k(   15) = (   0.0000000   0.0000000   0.4666667), wk =   0.1333333
        k(   16) = (   0.0000000   0.0000000  -0.5000000), wk =   0.0666667

     Dense  grid:   117581 G-vectors     FFT dimensions: ( 120, 120,  18)

     Largest allocated arrays     est. size (Mb)     dimensions
        Kohn-Sham Wavefunctions         1.89 Mb     (   2479,   50)
        NL pseudopotentials             0.08 Mb     (   2479,    2)
        Each V/rho on FFT grid          0.66 Mb     (  43200)
        Each G-vector array             0.15 Mb     (  19597)
        G-vector shells                 0.04 Mb     (   5048)
     Largest temporary arrays     est. size (Mb)     dimensions
        Auxiliary wavefunctions         7.57 Mb     (   2479,  200)
        Each subspace H/S matrix        0.61 Mb     ( 200, 200)
        Each <psi_i|beta_j> matrix      0.00 Mb     (      2,   50)

     The potential is recalculated from file :
     ./SCRATCH/chain.save/charge-density.dat

     Starting wfc are   10 randomized atomic wfcs

     total cpu time spent up to now is        0.7 secs

     per-process dynamical memory:    16.5 Mb

     Band Structure Calculation
     Davidson diagonalization with overlap

     Computing kpt #:     1
     total cpu time spent up to now is        6.1 secs

     Computing kpt #:     2
     total cpu time spent up to now is       11.5 secs

     Computing kpt #:     3
     total cpu time spent up to now is       16.9 secs

     Computing kpt #:     4
     total cpu time spent up to now is       22.6 secs

     Computing kpt #:     5
     total cpu time spent up to now is       28.1 secs

     Computing kpt #:     6
     total cpu time spent up to now is       33.5 secs

     Computing kpt #:     7
     total cpu time spent up to now is       39.7 secs

     Computing kpt #:     8
     total cpu time spent up to now is       45.6 secs

     Computing kpt #:     9
     total cpu time spent up to now is       51.4 secs

     Computing kpt #:    10
     total cpu time spent up to now is       57.2 secs

     Computing kpt #:    11
     total cpu time spent up to now is       63.8 secs

     Computing kpt #:    12
     total cpu time spent up to now is       70.4 secs

     Computing kpt #:    13
     total cpu time spent up to now is       76.9 secs

     Computing kpt #:    14
     total cpu time spent up to now is       84.0 secs

     Computing kpt #:    15
     total cpu time spent up to now is       91.5 secs

     Computing kpt #:    16
     total cpu time spent up to now is       97.9 secs

     ethr =  1.00E-10,  avg # of iterations = 38.9

     total cpu time spent up to now is       97.9 secs

     End of band structure calculation

          k = 0.0000 0.0000 0.0000     band energies (ev):

   -20.5979 -13.9999  -8.9194  -8.9054  -7.9545  -0.2275  -0.0980   0.3027
     0.5396   0.6086   0.6717   1.0648   1.2181   1.3787   1.5517   1.7382
     2.0053   2.2885   2.6384   2.6758   2.9638   2.9791   3.0552   3.0657
     3.1098   3.3097   3.5275   4.1479   4.3939   4.6954   4.8657   4.9750
     4.9812   5.2105   5.3250   5.6814   5.7371   5.8536   5.8704   5.8716
     6.0474   6.1346   6.1531   6.7101   7.0153   7.5597   7.5850   7.7024
     7.8036   7.8559

     occupation numbers 
     0.0667   0.0667   0.0667   0.0667   0.0667   0.0000   0.0000   0.0000
     0.0000   0.0000   0.0000   0.0000   0.0000   0.0000   0.0000   0.0000
     0.0000   0.0000   0.0000   0.0000   0.0000   0.0000   0.0000   0.0000
     0.0000   0.0000   0.0000   0.0000   0.0000   0.0000   0.0000   0.0000
     0.0000   0.0000   0.0000   0.0000   0.0000   0.0000   0.0000   0.0000
     0.0000   0.0000   0.0000   0.0000   0.0000   0.0000   0.0000   0.0000
     0.0000   0.0000

          k = 0.0000 0.0000 0.2143     band energies (ev):

   -20.5789 -13.9815  -8.9559  -8.8938  -7.9840  -0.2002  -0.0740   0.3213
     0.5670   0.6347   0.6980   1.0924   1.2454   1.4053   1.5747   1.7595
     2.0341   2.3158   2.6651   2.7039   2.9900   3.0064   3.0825   3.0931
     3.1368   3.3289   3.5514   4.1909   4.4085   4.7227   4.9330   4.9992
     5.0059   5.2378   5.3582   5.7079   5.7690   5.8810   5.8968   5.8985
     6.0765   6.1541   6.1807   6.7332   7.0426   7.5868   7.6032   7.7162
     7.8233   7.8831

     occupation numbers 
     0.1333   0.1333   0.1333   0.1333   0.1333   0.0000   0.0000   0.0000
     0.0000   0.0000   0.0000   0.0000   0.0000   0.0000   0.0000   0.0000
     0.0000   0.0000   0.0000   0.0000   0.0000   0.0000   0.0000   0.0000
     0.0000   0.0000   0.0000   0.0000   0.0000   0.0000   0.0000   0.0000
     0.0000   0.0000   0.0000   0.0000   0.0000   0.0000   0.0000   0.0000
     0.0000   0.0000   0.0000   0.0000   0.0000   0.0000   0.0000   0.0000
     0.0000   0.0000

          k = 0.0000 0.0000 0.4285     band energies (ev):

   -20.5238 -13.9294  -9.1204  -8.8201  -8.0579  -0.1191  -0.0031   0.3736
     0.6488   0.7125   0.7771   1.1748   1.3273   1.4848   1.6423   1.8229
     2.1190   2.3977   2.7450   2.7878   3.0688   3.0879   3.1647   3.1754
     3.2171   3.3838   3.6222   4.3007   4.4559   4.8047   5.0503   5.0588
     5.1571   5.3196   5.4660   5.7873   5.8673   5.9632   5.9777   5.9790
     6.1653   6.2120   6.2628   6.8015   7.1243   7.6557   7.6678   7.7462
     7.8913   7.9649

     occupation numbers 
     0.1333   0.1333   0.1333   0.1333   0.1333   0.0000   0.0000   0.0000
     0.0000   0.0000   0.0000   0.0000   0.0000   0.0000   0.0000   0.0000
     0.0000   0.0000   0.0000   0.0000   0.0000   0.0000   0.0000   0.0000
     0.0000   0.0000   0.0000   0.0000   0.0000   0.0000   0.0000   0.0000
     0.0000   0.0000   0.0000   0.0000   0.0000   0.0000   0.0000   0.0000
     0.0000   0.0000   0.0000   0.0000   0.0000   0.0000   0.0000   0.0000
     0.0000   0.0000

          k = 0.0000 0.0000 0.6428     band energies (ev):

   -20.4327 -13.8448  -9.4148  -8.6990  -8.1372   0.0144   0.1136   0.4548
     0.7850   0.8412   0.9095   1.3120   1.4637   1.6167   1.7537   1.9286
     2.2584   2.5340   2.8780   2.9266   3.1996   3.2236   3.3016   3.3123
     3.3486   3.4737   3.7382   4.4355   4.5575   4.9412   5.1310   5.1914
     5.4092   5.4558   5.6787   5.9188   6.0361   6.1001   6.1122   6.1274
     6.3082   6.3242   6.3991   6.9130   7.2602   7.7415   7.7769   7.8086
     8.0195   8.1011

     occupation numbers 
     0.1333   0.1333   0.1333   0.1333   0.1333   0.0000   0.0000   0.0000
     0.0000   0.0000   0.0000   0.0000   0.0000   0.0000   0.0000   0.0000
     0.0000   0.0000   0.0000   0.0000   0.0000   0.0000   0.0000   0.0000
     0.0000   0.0000   0.0000   0.0000   0.0000   0.0000   0.0000   0.0000
     0.0000   0.0000   0.0000   0.0000   0.0000   0.0000   0.0000   0.0000
     0.0000   0.0000   0.0000   0.0000   0.0000   0.0000   0.0000   0.0000
     0.0000   0.0000

          k = 0.0000 0.0000 0.8571     band energies (ev):

   -20.3057 -13.7284  -9.8299  -8.5288  -8.2069   0.1991   0.2734   0.5519
     0.9758   1.0191   1.0957   1.5035   1.6547   1.7995   1.9062   2.0764
     2.4506   2.7249   3.0633   3.1195   3.3818   3.4130   3.4932   3.5039
     3.5181   3.6052   3.8950   4.5595   4.7413   5.1322   5.2350   5.3717
     5.6466   5.6505   5.9679   6.1013   6.2422   6.2918   6.2951   6.3789
     6.4444   6.5897   6.5995   7.0687   7.4470   7.8298   7.8783   7.9956
     8.2069   8.2919

     occupation numbers 
     0.1333   0.1333   0.1333   0.1333   0.1333   0.0000   0.0000   0.0000
     0.0000   0.0000   0.0000   0.0000   0.0000   0.0000   0.0000   0.0000
     0.0000   0.0000   0.0000   0.0000   0.0000   0.0000   0.0000   0.0000
     0.0000   0.0000   0.0000   0.0000   0.0000   0.0000   0.0000   0.0000
     0.0000   0.0000   0.0000   0.0000   0.0000   0.0000   0.0000   0.0000
     0.0000   0.0000   0.0000   0.0000   0.0000   0.0000   0.0000   0.0000
     0.0000   0.0000

          k = 0.0000 0.0000 1.0714     band energies (ev):

   -20.1420 -13.5841 -10.3315  -8.3118  -8.2721   0.4310   0.4741   0.6423
     1.2210   1.2439   1.3366   1.7493   1.9002   2.0301   2.0970   2.2674
     2.6949   2.9703   3.2999   3.3662   3.6137   3.6460   3.6856   3.7402
     3.7500   3.8192   4.0867   4.7015   4.9886   5.3555   5.3815   5.6045
     5.8916   5.9089   6.2602   6.3326   6.4775   6.5179   6.5383   6.6336
     6.6636   6.8345   6.9890   7.2935   7.6745   7.9159   8.1362   8.2393
     8.4512   8.5370

     occupation numbers 
     0.1333   0.1333   0.1333   0.1333   0.1333   0.0000   0.0000   0.0000
     0.0000   0.0000   0.0000   0.0000   0.0000   0.0000   0.0000   0.0000
     0.0000   0.0000   0.0000   0.0000   0.0000   0.0000   0.0000   0.0000
     0.0000   0.0000   0.0000   0.0000   0.0000   0.0000   0.0000   0.0000
     0.0000   0.0000   0.0000   0.0000   0.0000   0.0000   0.0000   0.0000
     0.0000   0.0000   0.0000   0.0000   0.0000   0.0000   0.0000   0.0000
     0.0000   0.0000

          k = 0.0000 0.0000 1.2856     band energies (ev):

   -19.9422 -13.4180 -10.8869  -8.3439  -8.0463   0.6821   0.6871   0.7350
     1.5140   1.5206   1.6326   2.0493   2.1998   2.3013   2.3255   2.5088
     2.9911   3.2700   3.5857   3.6665   3.8147   3.8923   3.9626   4.0414
     4.0506   4.1123   4.3100   4.8972   5.2854   5.5111   5.6795   5.8912
     6.1911   6.2083   6.5702   6.6095   6.7611   6.7663   6.8394   6.9005
     6.9754   7.1337   7.3062   7.6170   7.9378   8.0650   8.5372   8.5715
     8.7512   8.8360

     occupation numbers 
     0.1333   0.1333   0.1333   0.1333   0.1333   0.0000   0.0000   0.0000
     0.0000   0.0000   0.0000   0.0000   0.0000   0.0000   0.0000   0.0000
     0.0000   0.0000   0.0000   0.0000   0.0000   0.0000   0.0000   0.0000
     0.0000   0.0000   0.0000   0.0000   0.0000   0.0000   0.0000   0.0000
     0.0000   0.0000   0.0000   0.0000   0.0000   0.0000   0.0000   0.0000
     0.0000   0.0000   0.0000   0.0000   0.0000   0.0000   0.0000   0.0000
     0.0000   0.0000

          k = 0.0000 0.0000 1.4999     band energies (ev):

   -19.7069 -13.2492 -11.4471  -8.4360  -7.7352   0.6309   0.9277   1.0680
     1.8286   1.8746   1.9838   2.4034   2.5513   2.5983   2.6035   2.8146
     3.3394   3.6240   3.9173   3.9885   4.0201   4.2146   4.3145   4.3975
     4.4058   4.4656   4.5762   5.1688   5.6273   5.7168   6.0341   6.2322
     6.5448   6.5542   6.9104   6.9285   7.0548   7.1006   7.1953   7.2432
     7.3333   7.4871   7.5954   7.9194   8.2571   8.2953   8.8884   9.0299
     9.1065   9.1693

     occupation numbers 
     0.1333   0.1333   0.1333   0.1333   0.1333   0.0000   0.0000   0.0000
     0.0000   0.0000   0.0000   0.0000   0.0000   0.0000   0.0000   0.0000
     0.0000   0.0000   0.0000   0.0000   0.0000   0.0000   0.0000   0.0000
     0.0000   0.0000   0.0000   0.0000   0.0000   0.0000   0.0000   0.0000
     0.0000   0.0000   0.0000   0.0000   0.0000   0.0000   0.0000   0.0000
     0.0000   0.0000   0.0000   0.0000   0.0000   0.0000   0.0000   0.0000
     0.0000   0.0000

          k = 0.0000 0.0000 1.7142     band energies (ev):

   -19.4370 -13.1414 -11.9362  -8.5568  -7.3788   0.4249   1.1730   1.4539
     2.1904   2.2827   2.3899   2.8114   2.9122   2.9395   2.9693   3.1932
     3.7395   4.0316   4.2248   4.2905   4.4262   4.5822   4.7216   4.8084
     4.8152   4.8751   4.9093   5.5197   5.9976   6.0050   6.4433   6.6270
     6.9411   6.9527   7.2583   7.2888   7.4042   7.4985   7.6059   7.6484
     7.7422   7.8944   7.9290   8.0851   8.6099   8.6409   9.2198   9.2920
     9.5168   9.5202

     occupation numbers 
     0.1333   0.1333   0.1333   0.1333   0.1333   0.0000   0.0000   0.0000
     0.0000   0.0000   0.0000   0.0000   0.0000   0.0000   0.0000   0.0000
     0.0000   0.0000   0.0000   0.0000   0.0000   0.0000   0.0000   0.0000
     0.0000   0.0000   0.0000   0.0000   0.0000   0.0000   0.0000   0.0000
     0.0000   0.0000   0.0000   0.0000   0.0000   0.0000   0.0000   0.0000
     0.0000   0.0000   0.0000   0.0000   0.0000   0.0000   0.0000   0.0000
     0.0000   0.0000

          k = 0.0000 0.0000 1.9284     band energies (ev):

   -19.1337 -13.2801 -12.1542  -8.7142  -6.9784   0.0613   1.4148   1.8897
     2.6054   2.7451   2.8505   3.2732   3.3024   3.3282   3.4307   3.6390
     4.1916   4.4889   4.5543   4.7041   4.8826   5.0060   5.1829   5.2740
     5.2782   5.3217   5.3401   5.9427   6.3618   6.3781   6.9065   7.0720
     7.2760   7.4148   7.5238   7.7004   7.8197   7.9544   8.0710   8.1110
     8.1550   8.2040   8.3305   8.3554   9.0018   9.0837   9.4218   9.7456
     9.8337   9.9820

     occupation numbers 
     0.1333   0.1333   0.1333   0.1333   0.1333   0.0000   0.0000   0.0000
     0.0000   0.0000   0.0000   0.0000   0.0000   0.0000   0.0000   0.0000
     0.0000   0.0000   0.0000   0.0000   0.0000   0.0000   0.0000   0.0000
     0.0000   0.0000   0.0000   0.0000   0.0000   0.0000   0.0000   0.0000
     0.0000   0.0000   0.0000   0.0000   0.0000   0.0000   0.0000   0.0000
     0.0000   0.0000   0.0000   0.0000   0.0000   0.0000   0.0000   0.0000
     0.0000   0.0000

          k = 0.0000 0.0000 2.1427     band energies (ev):

   -18.7960 -13.7248 -12.0388  -8.9114  -6.5336  -0.4324   1.6603   2.3742
     3.0793   3.2615   3.3652   3.7606   3.7777   3.7940   3.9483   4.1452
     4.6954   4.9538   5.0227   5.1625   5.3783   5.4945   5.6981   5.7901
     5.7945   5.8086   5.8602   6.4269   6.4961   6.8052   7.3268   7.4233
     7.5702   7.9308   7.9538   8.1377   8.2987   8.4666   8.5024   8.5903
     8.6294   8.7185   8.7467   8.8694   9.4584   9.5665   9.7450   9.7867
    10.2392  10.5013

     occupation numbers 
     0.1333   0.1333   0.1333   0.1333   0.1333   0.0000   0.0000   0.0000
     0.0000   0.0000   0.0000   0.0000   0.0000   0.0000   0.0000   0.0000
     0.0000   0.0000   0.0000   0.0000   0.0000   0.0000   0.0000   0.0000
     0.0000   0.0000   0.0000   0.0000   0.0000   0.0000   0.0000   0.0000
     0.0000   0.0000   0.0000   0.0000   0.0000   0.0000   0.0000   0.0000
     0.0000   0.0000   0.0000   0.0000   0.0000   0.0000   0.0000   0.0000
     0.0000   0.0000

          k = 0.0000 0.0000 2.3570     band energies (ev):

   -18.4273 -14.2768 -11.7806  -9.1489  -6.0513  -1.0109   1.9272   2.9055
     3.6147   3.8317   3.9335   4.2872   4.3034   4.3610   4.5203   4.7074
     5.2500   5.4571   5.5901   5.6523   5.7601   6.0471   6.1962   6.2664
     6.3583   6.3697   6.4071   6.4352   6.9754   7.3195   7.7106   7.9920
     8.0333   8.4649   8.4954   8.5004   8.8331   8.9939   9.0084   9.0624
     9.1624   9.2023   9.2856   9.4335   9.6237   9.8616   9.9171  10.1516
    10.2778  10.4055

     occupation numbers 
     0.1333   0.1333   0.1333   0.1333   0.1333   0.0000   0.0000   0.0000
     0.0000   0.0000   0.0000   0.0000   0.0000   0.0000   0.0000   0.0000
     0.0000   0.0000   0.0000   0.0000   0.0000   0.0000   0.0000   0.0000
     0.0000   0.0000   0.0000   0.0000   0.0000   0.0000   0.0000   0.0000
     0.0000   0.0000   0.0000   0.0000   0.0000   0.0000   0.0000   0.0000
     0.0000   0.0000   0.0000   0.0000   0.0000   0.0000   0.0000   0.0000
     0.0000   0.0000

          k = 0.0000 0.0000 2.5713     band energies (ev):

   -18.0311 -14.8414 -11.4688  -9.4242  -5.5359  -1.6335   2.2351   3.4810
     4.2113   4.4552   4.5540   4.8788   4.8906   4.9803   5.1463   5.2946
     5.3234   5.8575   6.0309   6.2143   6.2309   6.6561   6.6683   6.8865
     6.9465   6.9996   7.0107   7.0650   7.5548   7.8685   7.8925   8.2254
     8.6041   8.8442   8.9873   9.0942   9.1224   9.2264   9.3806   9.4327
     9.5286   9.6138   9.6488   9.6637   9.8033   9.8299   9.8338   9.8535
     9.9077  10.0433

     occupation numbers 
     0.1333   0.1333   0.1333   0.1333   0.1333   0.0000   0.0000   0.0000
     0.0000   0.0000   0.0000   0.0000   0.0000   0.0000   0.0000   0.0000
     0.0000   0.0000   0.0000   0.0000   0.0000   0.0000   0.0000   0.0000
     0.0000   0.0000   0.0000   0.0000   0.0000   0.0000   0.0000   0.0000
     0.0000   0.0000   0.0000   0.0000   0.0000   0.0000   0.0000   0.0000
     0.0000   0.0000   0.0000   0.0000   0.0000   0.0000   0.0000   0.0000
     0.0000   0.0000

          k = 0.0000 0.0000 2.7855     band energies (ev):

   -17.6145 -15.3897 -11.1338  -9.7305  -4.9972  -2.2656   2.5960   4.0907
     4.6754   4.8753   5.1313   5.2223   5.5318   5.5482   5.6644   5.8257
     5.9776   6.5094   6.6677   6.6726   6.8922   7.2312   7.3064   7.3407
     7.5529   7.6838   7.6887   7.7274   7.7495   8.0371   8.2455   8.2875
     8.4431   8.6233   8.7084   8.7268   8.9141   9.0125   9.1078   9.3061
     9.3134   9.4435   9.6856   9.7107   9.7940   9.8972  10.0464  10.1308
    10.1487  10.2203

     occupation numbers 
     0.1333   0.1333   0.1333   0.1333   0.1333   0.0000   0.0000   0.0000
     0.0000   0.0000   0.0000   0.0000   0.0000   0.0000   0.0000   0.0000
     0.0000   0.0000   0.0000   0.0000   0.0000   0.0000   0.0000   0.0000
     0.0000   0.0000   0.0000   0.0000   0.0000   0.0000   0.0000   0.0000
     0.0000   0.0000   0.0000   0.0000   0.0000   0.0000   0.0000   0.0000
     0.0000   0.0000   0.0000   0.0000   0.0000   0.0000   0.0000   0.0000
     0.0000   0.0000

          k = 0.0000 0.0000 2.9998     band energies (ev):

   -17.2067 -15.8785 -10.7928 -10.0552  -4.4729  -2.8555   3.0146   4.0661
     4.7741   5.5817   5.8582   5.8672   6.2269   6.2407   6.2619   6.3899
     6.5565   6.7736   7.1269   7.2323   7.2964   7.5506   7.6072   7.6222
     7.6689   7.8353   7.8362   8.0286   8.0652   8.0911   8.1954   8.3009
     8.3788   8.4019   8.4249   8.4276   8.4899   8.7993   8.9913   8.9980
     9.1738   9.2247   9.3493   9.6138   9.7113   9.7616   9.9488  10.0322
    10.0564  10.0616

     occupation numbers 
     0.1333   0.1333   0.1333   0.1333   0.1333   0.0000   0.0000   0.0000
     0.0000   0.0000   0.0000   0.0000   0.0000   0.0000   0.0000   0.0000
     0.0000   0.0000   0.0000   0.0000   0.0000   0.0000   0.0000   0.0000
     0.0000   0.0000   0.0000   0.0000   0.0000   0.0000   0.0000   0.0000
     0.0000   0.0000   0.0000   0.0000   0.0000   0.0000   0.0000   0.0000
     0.0000   0.0000   0.0000   0.0000   0.0000   0.0000   0.0000   0.0000
     0.0000   0.0000

          k = 0.0000 0.0000-3.2141     band energies (ev):

   -16.9721 -16.1379 -10.5332 -10.3068  -4.1671  -3.1802   3.4000   3.6290
     5.4095   5.4768   6.3216   6.3761   6.6126   6.6268   6.7354   6.7735
     7.0046   7.0056   7.0401   7.0432   7.1823   7.1877   7.3452   7.3631
     7.5044   7.5361   7.9680   7.9924   8.1138   8.1702   8.4057   8.4389
     8.4569   8.4584   8.8083   8.8094   8.8867   8.9032   9.0780   9.0995
     9.1802   9.1882   9.2179   9.2215   9.2372   9.2423   9.2847   9.2853
     9.6665   9.7401

     occupation numbers 
     0.0667   0.0667   0.0667   0.0667   0.0667   0.0000   0.0000   0.0000
     0.0000   0.0000   0.0000   0.0000   0.0000   0.0000   0.0000   0.0000
     0.0000   0.0000   0.0000   0.0000   0.0000   0.0000   0.0000   0.0000
     0.0000   0.0000   0.0000   0.0000   0.0000   0.0000   0.0000   0.0000
     0.0000   0.0000   0.0000   0.0000   0.0000   0.0000   0.0000   0.0000
     0.0000   0.0000   0.0000   0.0000   0.0000   0.0000   0.0000   0.0000
     0.0000   0.0000

     highest occupied, lowest unoccupied level (ev):    -4.1671   -3.1802

     Writing output data file chain.save
 
     init_run     :      0.56s CPU      0.61s WALL (       1 calls)
     electrons    :     96.60s CPU     97.17s WALL (       1 calls)

     Called by init_run:
     wfcinit      :      0.00s CPU      0.00s WALL (       1 calls)
     potinit      :      0.03s CPU      0.03s WALL (       1 calls)

     Called by electrons:
     c_bands      :     96.60s CPU     97.17s WALL (       1 calls)
     v_of_rho     :      0.01s CPU      0.01s WALL (       1 calls)
     v_h          :      0.00s CPU      0.00s WALL (       1 calls)
     v_xc         :      0.01s CPU      0.00s WALL (       1 calls)

     Called by c_bands:
     init_us_2    :      0.00s CPU      0.00s WALL (      16 calls)
     cegterg      :     92.99s CPU     93.45s WALL (      37 calls)

     Called by sum_band:

     Called by *egterg:
     h_psi        :     58.09s CPU     58.22s WALL (     675 calls)
     g_psi        :      1.02s CPU      0.92s WALL (     622 calls)
     cdiaghg      :      9.89s CPU     10.09s WALL (     638 calls)
     cegterg:over :     11.89s CPU     12.02s WALL (     622 calls)
     cegterg:upda :      8.70s CPU      8.69s WALL (     622 calls)
     cegterg:last :      4.81s CPU      4.84s WALL (     109 calls)

     Called by h_psi:
     h_psi:vloc   :     57.18s CPU     57.18s WALL (     675 calls)
     h_psi:vnl    :      0.64s CPU      0.67s WALL (     675 calls)
     add_vuspsi   :      0.26s CPU      0.29s WALL (     675 calls)

     General routines
     calbec       :      0.37s CPU      0.38s WALL (     675 calls)
     fft          :      0.01s CPU      0.01s WALL (       3 calls)
     fftw         :     52.07s CPU     51.76s WALL (   31382 calls)
     davcio       :      0.08s CPU      0.09s WALL (      32 calls)
 
     Parallel routines
     fft_scatter  :     14.11s CPU     14.04s WALL (   31385 calls)
 
     PWSCF        :  1m38.74s CPU     1m39.57s WALL

 
   This run was terminated on:  17:34:20  30Oct2013            

=------------------------------------------------------------------------------=
   JOB DONE.
=------------------------------------------------------------------------------=
