
     Program PWSCF v.6.5 starts on  6Oct2020 at 16:38: 1 

     This program is part of the open-source Quantum ESPRESSO suite
     for quantum simulation of materials; please cite
         "P. Giannozzi et al., J. Phys.:Condens. Matter 21 395502 (2009);
         "P. Giannozzi et al., J. Phys.:Condens. Matter 29 465901 (2017);
          URL http://www.quantum-espresso.org", 
     in publications or presentations arising from this work. More details at
     http://www.quantum-espresso.org/quote

     Parallel version (MPI), running on     1 processors

     MPI processes distributed on     1 nodes
     Waiting for input...
     Reading input from standard input

     Current dimensions of program PWSCF are:
     Max number of different atomic species (ntypx) = 10
     Max number of k-points (npk) =  40000
     Max angular momentum in pseudopotentials (lmaxx) =  3
               file H.pbe-mt_fhi.UPF: wavefunction(s)  2p 4f renormalized
               file C.pbe-mt_fhi.UPF: wavefunction(s)  4f renormalized

     gamma-point specific algorithms are used

     Subspace diagonalization in iterative solution of the eigenvalue problem:
     a serial algorithm will be used


     G-vector sticks info
     --------------------
     sticks:   dense  smooth     PW     G-vecs:    dense   smooth      PW
     Sum        1129    1129    293                28671    28671    3695


     Title: 
     CH4_3dist                                                                  


     bravais-lattice index     =            8
     lattice parameter (alat)  =       9.4486  a.u.
     unit-cell volume          =     843.5418 (a.u.)^3
     number of atoms/cell      =            5
     number of atomic types    =            2
     number of electrons       =         8.00
     number of Kohn-Sham states=           10
     kinetic-energy cutoff     =      40.0000  Ry
     charge density cutoff     =     160.0000  Ry
     convergence threshold     =      1.0E-06
     mixing beta               =       0.7000
     number of iterations used =            8  plain     mixing
     Exchange-correlation= PBE
                           (   1   4   3   4   0   0   0)

     celldm(1)=   9.448631  celldm(2)=   1.000000  celldm(3)=   1.000000
     celldm(4)=   0.000000  celldm(5)=   0.000000  celldm(6)=   0.000000

     crystal axes: (cart. coord. in units of alat)
               a(1) = (   1.000000   0.000000   0.000000 )  
               a(2) = (   0.000000   1.000000   0.000000 )  
               a(3) = (   0.000000   0.000000   1.000000 )  

     reciprocal axes: (cart. coord. in units 2 pi/alat)
               b(1) = (  1.000000  0.000000  0.000000 )  
               b(2) = (  0.000000  1.000000  0.000000 )  
               b(3) = (  0.000000  0.000000  1.000000 )  


     PseudoPot. # 1 for H  read from file:
     ./H.pbe-mt_fhi.UPF
     MD5 check sum: a19bd5488733b3d98581df861506e80d
     Pseudo is Norm-conserving, Zval =  1.0
     Generated using FHI98PP, converted with fhi2upf.x v.5.0.2
     Using radial grid of  387 points,  3 beta functions with: 
                l(1) =   0
                l(2) =   1
                l(3) =   3

     PseudoPot. # 2 for C  read from file:
     ./C.pbe-mt_fhi.UPF
     MD5 check sum: 058ca341f9d6d5327d9962fd88a91b65
     Pseudo is Norm-conserving, Zval =  4.0
     Generated using FHI98PP, converted with fhi2upf.x v.5.0.2
     Using radial grid of  461 points,  3 beta functions with: 
                l(1) =   0
                l(2) =   1
                l(3) =   3

     atomic species   valence    mass     pseudopotential
        H              1.00     1.00794     H ( 1.00)
        C              4.00    12.01070     C ( 1.00)

     No symmetry found



   Cartesian axes

     site n.     atom                  positions (alat units)
         1           C   tau(   1) = (   0.0000000   0.0000000   0.0000000  )
         2           H   tau(   2) = (   0.1215000   0.1215000   0.1215000  )
         3           H   tau(   3) = (  -0.1485000  -0.1485000   0.1485000  )
         4           H   tau(   4) = (   0.1620000  -0.1620000  -0.1620000  )
         5           H   tau(   5) = (  -0.1350000   0.1350000  -0.1350000  )

     number of k points=     1  Methfessel-Paxton smearing, width (Ry)=  0.0007
                       cart. coord. in units 2pi/alat
        k(    1) = (   0.0000000   0.0000000   0.0000000), wk =   2.0000000

     Dense  grid:    14336 G-vectors     FFT dimensions: (  40,  40,  40)

     Estimated max dynamical RAM per process >      18.35 MB

     Initial potential from superposition of free atoms

     starting charge    7.99992, renormalised to    8.00000
     Starting wfcs are   80 randomized atomic wfcs

     total cpu time spent up to now is        0.6 secs

     Self-consistent Calculation

     iteration #  1     ecut=    40.00 Ry     beta= 0.70
     Davidson diagonalization with overlap
     ethr =  1.00E-02,  avg # of iterations =  3.0

     total cpu time spent up to now is        0.7 secs

     total energy              =     -15.85731603 Ry
     Harris-Foulkes estimate   =     -16.20334733 Ry
     estimated scf accuracy    <       0.51354246 Ry

     iteration #  2     ecut=    40.00 Ry     beta= 0.70
     Davidson diagonalization with overlap
     ethr =  6.42E-03,  avg # of iterations =  2.0

     total cpu time spent up to now is        0.8 secs

     total energy              =     -15.95860477 Ry
     Harris-Foulkes estimate   =     -16.12722748 Ry
     estimated scf accuracy    <       0.35259499 Ry

     iteration #  3     ecut=    40.00 Ry     beta= 0.70
     Davidson diagonalization with overlap
     ethr =  4.41E-03,  avg # of iterations =  1.0

     total cpu time spent up to now is        0.9 secs

     total energy              =     -16.02399406 Ry
     Harris-Foulkes estimate   =     -16.02646297 Ry
     estimated scf accuracy    <       0.00517753 Ry

     iteration #  4     ecut=    40.00 Ry     beta= 0.70
     Davidson diagonalization with overlap
     ethr =  6.47E-05,  avg # of iterations =  4.0

     total cpu time spent up to now is        1.0 secs

     total energy              =     -16.02655851 Ry
     Harris-Foulkes estimate   =     -16.02679989 Ry
     estimated scf accuracy    <       0.00063870 Ry

     iteration #  5     ecut=    40.00 Ry     beta= 0.70
     Davidson diagonalization with overlap
     ethr =  7.98E-06,  avg # of iterations =  2.0

     total cpu time spent up to now is        1.1 secs

     total energy              =     -16.02658410 Ry
     Harris-Foulkes estimate   =     -16.02659681 Ry
     estimated scf accuracy    <       0.00004741 Ry

     iteration #  6     ecut=    40.00 Ry     beta= 0.70
     Davidson diagonalization with overlap
     ethr =  5.93E-07,  avg # of iterations =  2.0

     total cpu time spent up to now is        1.2 secs

     total energy              =     -16.02659329 Ry
     Harris-Foulkes estimate   =     -16.02659322 Ry
     estimated scf accuracy    <       0.00000121 Ry

     iteration #  7     ecut=    40.00 Ry     beta= 0.70
     Davidson diagonalization with overlap
     ethr =  1.52E-08,  avg # of iterations =  2.0

     total cpu time spent up to now is        1.3 secs

     End of self-consistent calculation

          k = 0.0000 0.0000 0.0000 (  1848 PWs)   bands (ev):

   -14.8618  -8.0170  -7.3902  -6.8407  -0.7704   3.1985   3.7749   3.7805
     4.2036   5.1347

     the Fermi energy is    -4.8635 ev

!    total energy              =     -16.02659345 Ry
     Harris-Foulkes estimate   =     -16.02659347 Ry
     estimated scf accuracy    <       0.00000006 Ry

     The total energy is the sum of the following terms:

     one-electron contribution =     -19.73804343 Ry
     hartree contribution      =      11.07309807 Ry
     xc contribution           =      -6.07701725 Ry
     ewald contribution        =      -1.28463084 Ry
     smearing contrib. (-TS)   =       0.00000000 Ry

     convergence has been achieved in   7 iterations

     Forces acting on atoms (cartesian axes, Ry/au):

     atom    1 type  2   force =    -0.06494749   -0.14525059   -0.08255639
     atom    2 type  1   force =     0.02968505    0.01916801    0.02458387
     atom    3 type  1   force =     0.08823688    0.08341439   -0.09061549
     atom    4 type  1   force =    -0.10326492    0.10043745    0.10188749
     atom    5 type  1   force =     0.05029049   -0.05776926    0.04670051

     Total force =     0.310031     Total SCF correction =     0.000155

     Writing output data file ./CH4_3dist.save/

     init_run     :      0.37s CPU      0.39s WALL (       1 calls)
     electrons    :      0.78s CPU      0.79s WALL (       1 calls)
     forces       :      0.04s CPU      0.04s WALL (       1 calls)

     Called by init_run:
     wfcinit      :      0.25s CPU      0.26s WALL (       1 calls)
     potinit      :      0.04s CPU      0.05s WALL (       1 calls)
     hinit0       :      0.08s CPU      0.08s WALL (       1 calls)

     Called by electrons:
     c_bands      :      0.40s CPU      0.40s WALL (       7 calls)
     sum_band     :      0.07s CPU      0.07s WALL (       7 calls)
     v_of_rho     :      0.31s CPU      0.32s WALL (       8 calls)
     mix_rho      :      0.02s CPU      0.02s WALL (       7 calls)

     Called by c_bands:
     init_us_2    :      0.01s CPU      0.02s WALL (      15 calls)
     regterg      :      0.37s CPU      0.38s WALL (       7 calls)

     Called by sum_band:

     Called by *egterg:
     h_psi        :      0.44s CPU      0.44s WALL (      24 calls)
     g_psi        :      0.00s CPU      0.00s WALL (      16 calls)
     rdiaghg      :      0.01s CPU      0.01s WALL (      23 calls)

     Called by h_psi:
     h_psi:calbec :      0.10s CPU      0.10s WALL (      24 calls)
     vloc_psi     :      0.28s CPU      0.29s WALL (      24 calls)
     add_vuspsi   :      0.06s CPU      0.06s WALL (      24 calls)

     General routines
     calbec       :      0.11s CPU      0.11s WALL (      28 calls)
     fft          :      0.12s CPU      0.12s WALL (      65 calls)
     ffts         :      0.01s CPU      0.01s WALL (       7 calls)
     fftw         :      0.29s CPU      0.29s WALL (     295 calls)

     Parallel routines

     PWSCF        :      1.36s CPU      1.39s WALL


   This run was terminated on:  16:38: 3   6Oct2020            

=------------------------------------------------------------------------------=
   JOB DONE.
=------------------------------------------------------------------------------=
