
     Program PWSCF v.7.1 starts on 20Dec2022 at 23:23:13 

     This program is part of the open-source Quantum ESPRESSO suite
     for quantum simulation of materials; please cite
         "P. Giannozzi et al., J. Phys.:Condens. Matter 21 395502 (2009);
         "P. Giannozzi et al., J. Phys.:Condens. Matter 29 465901 (2017);
         "P. Giannozzi et al., J. Chem. Phys. 152 154105 (2020);
          URL http://www.quantum-espresso.org", 
     in publications or presentations arising from this work. More details at
     http://www.quantum-espresso.org/quote

     Parallel version (MPI), running on     1 processors

     MPI processes distributed on     1 nodes
     817 MiB available memory on the printing compute node when the environment starts

     Waiting for input...
     Reading input from standard input

     Current dimensions of program PWSCF are:
     Max number of different atomic species (ntypx) = 10
     Max number of k-points (npk) =  40000
     Max angular momentum in pseudopotentials (lmaxx) =  4

     Subspace diagonalization in iterative solution of the eigenvalue problem:
     a serial algorithm will be used


     G-vector sticks info
     --------------------
     sticks:   dense  smooth     PW     G-vecs:    dense   smooth      PW
     Sum        1313    1313    373                49989    49989    7587

     Using Slab Decomposition



     bravais-lattice index     =            8
     lattice parameter (alat)  =       5.1779  a.u.
     unit-cell volume          =     517.7850 (a.u.)^3
     number of atoms/cell      =            2
     number of atomic types    =            1
     number of electrons       =         2.00
     number of Kohn-Sham states=            8
     kinetic-energy cutoff     =      80.0000  Ry
     charge density cutoff     =     320.0000  Ry
     scf convergence threshold =      1.0E-06
     mixing beta               =       0.7000
     number of iterations used =            8  plain     mixing
     Exchange-correlation= PBE
                           (   1   4   3   4   0   0   0)

     celldm(1)=   5.177850  celldm(2)=   1.931304  celldm(3)=   1.931304
     celldm(4)=   0.000000  celldm(5)=   0.000000  celldm(6)=   0.000000

     crystal axes: (cart. coord. in units of alat)
               a(1) = (   1.000000   0.000000   0.000000 )  
               a(2) = (   0.000000   1.931304   0.000000 )  
               a(3) = (   0.000000   0.000000   1.931304 )  

     reciprocal axes: (cart. coord. in units 2 pi/alat)
               b(1) = (  1.000000  0.000000  0.000000 )  
               b(2) = (  0.000000  0.517785  0.000000 )  
               b(3) = (  0.000000  0.000000  0.517785 )  


     PseudoPot. # 1 for H  read from file:
     ./pseudo/H_ONCV_PBE.upf
     MD5 check sum: e96aa7e3e4a958db16958554ea960e2a
     Pseudo is Norm-conserving, Zval =  1.0
     Generated using ONCVPSP code by D. R. Hamann
     Using radial grid of 1166 points,  3 beta functions with: 
                l(1) =   0
                l(2) =   0
                l(3) =   1

     atomic species   valence    mass     pseudopotential
        H              1.00     1.00794     H ( 1.00)

      8 Sym. Ops. (no inversion) found


                                    s                        frac. trans.

      isym =  1     identity                                     

 cryst.   s( 1) = (     1          0          0      )
                  (     0          1          0      )
                  (     0          0          1      )

 cart.    s( 1) = (  1.0000000  0.0000000  0.0000000 )
                  (  0.0000000  1.0000000  0.0000000 )
                  (  0.0000000  0.0000000  1.0000000 )


      isym =  2     180 deg rotation - cart. axis [1,0,0]        

 cryst.   s( 2) = (     1          0          0      )
                  (     0         -1          0      )
                  (     0          0         -1      )

 cart.    s( 2) = (  1.0000000  0.0000000  0.0000000 )
                  (  0.0000000 -1.0000000  0.0000000 )
                  (  0.0000000  0.0000000 -1.0000000 )


      isym =  3      90 deg rotation - cart. axis [-1,0,0]       

 cryst.   s( 3) = (     1          0          0      )
                  (     0          0         -1      )
                  (     0          1          0      )

 cart.    s( 3) = (  1.0000000  0.0000000  0.0000000 )
                  (  0.0000000  0.0000000  1.0000000 )
                  (  0.0000000 -1.0000000  0.0000000 )


      isym =  4      90 deg rotation - cart. axis [1,0,0]        

 cryst.   s( 4) = (     1          0          0      )
                  (     0          0          1      )
                  (     0         -1          0      )

 cart.    s( 4) = (  1.0000000  0.0000000  0.0000000 )
                  (  0.0000000  0.0000000 -1.0000000 )
                  (  0.0000000  1.0000000  0.0000000 )


      isym =  5     inv. 180 deg rotation - cart. axis [0,0,1]   

 cryst.   s( 5) = (     1          0          0      )
                  (     0          1          0      )
                  (     0          0         -1      )

 cart.    s( 5) = (  1.0000000  0.0000000  0.0000000 )
                  (  0.0000000  1.0000000  0.0000000 )
                  (  0.0000000  0.0000000 -1.0000000 )


      isym =  6     inv. 180 deg rotation - cart. axis [0,1,0]   

 cryst.   s( 6) = (     1          0          0      )
                  (     0         -1          0      )
                  (     0          0          1      )

 cart.    s( 6) = (  1.0000000  0.0000000  0.0000000 )
                  (  0.0000000 -1.0000000  0.0000000 )
                  (  0.0000000  0.0000000  1.0000000 )


      isym =  7     inv. 180 deg rotation - cart. axis [0,1,1]   

 cryst.   s( 7) = (     1          0          0      )
                  (     0          0         -1      )
                  (     0         -1          0      )

 cart.    s( 7) = (  1.0000000  0.0000000  0.0000000 )
                  (  0.0000000  0.0000000 -1.0000000 )
                  (  0.0000000 -1.0000000  0.0000000 )


      isym =  8     inv. 180 deg rotation - cart. axis [0,1,-1]  

 cryst.   s( 8) = (     1          0          0      )
                  (     0          0          1      )
                  (     0          1          0      )

 cart.    s( 8) = (  1.0000000  0.0000000  0.0000000 )
                  (  0.0000000  0.0000000  1.0000000 )
                  (  0.0000000  1.0000000  0.0000000 )


     point group C_4v (4mm) 
     there are  5 classes
     the character table:

       E     2C4   C2    2s_v  2s_d 
A_1    1.00  1.00  1.00  1.00  1.00
A_2    1.00  1.00  1.00 -1.00 -1.00
B_1    1.00 -1.00  1.00  1.00 -1.00
B_2    1.00 -1.00  1.00 -1.00  1.00
E      2.00  0.00 -2.00  0.00  0.00

     the symmetry operations in each class and the name of the first element:

     E        1
          identity                                               
     2C4      3    4
           90 deg rotation - cart. axis [-1,0,0]                 
     C2       2
          180 deg rotation - cart. axis [1,0,0]                  
     2s_v     5    6
          inv. 180 deg rotation - cart. axis [0,0,1]             
     2s_d     7    8
          inv. 180 deg rotation - cart. axis [0,1,1]             

   Cartesian axes

     site n.     atom                  positions (alat units)
         1           H   tau(   1) = (   0.0000000   0.0000000   0.0000000  )
         2           H   tau(   2) = (   0.2700730   0.0000000   0.0000000  )

   Crystallographic axes

     site n.     atom                  positions (cryst. coord.)
         1           H   tau(   1) = (  0.0000000  0.0000000  0.0000000  )
         2           H   tau(   2) = (  0.2700730  0.0000000  0.0000000  )

     number of k points=     4
                       cart. coord. in units 2pi/alat
        k(    1) = (   0.0000000   0.0000000   0.0000000), wk =   0.3333333
        k(    2) = (   0.1666667   0.0000000   0.0000000), wk =   0.6666667
        k(    3) = (   0.3333333   0.0000000   0.0000000), wk =   0.6666667
        k(    4) = (  -0.5000000   0.0000000   0.0000000), wk =   0.3333333

                       cryst. coord.
        k(    1) = (   0.0000000   0.0000000   0.0000000), wk =   0.3333333
        k(    2) = (   0.1666667   0.0000000   0.0000000), wk =   0.6666667
        k(    3) = (   0.3333333   0.0000000   0.0000000), wk =   0.6666667
        k(    4) = (  -0.5000000   0.0000000   0.0000000), wk =   0.3333333

     Dense  grid:    49989 G-vectors     FFT dimensions: (  30,  60,  60)

     Dynamical RAM for                 wfc:       0.76 MB

     Dynamical RAM for     wfc (w. buffer):       3.82 MB

     Dynamical RAM for           str. fact:       0.76 MB

     Dynamical RAM for           local pot:       0.00 MB

     Dynamical RAM for          nlocal pot:       0.95 MB

     Dynamical RAM for                qrad:       0.25 MB

     Dynamical RAM for          rho,v,vnew:       4.76 MB

     Dynamical RAM for               rhoin:       1.59 MB

     Dynamical RAM for            rho*nmix:      12.20 MB

     Dynamical RAM for           G-vectors:       3.24 MB

     Dynamical RAM for          h,s,v(r/c):       0.01 MB

     Dynamical RAM for          <psi|beta>:       0.00 MB

     Dynamical RAM for                 psi:       1.53 MB

     Dynamical RAM for                hpsi:       1.53 MB

     Dynamical RAM for      wfcinit/wfcrot:       1.53 MB

     Estimated static dynamical RAM per process >      21.02 MB

     Estimated max dynamical RAM per process >      36.29 MB

     Initial potential from superposition of free atoms

     starting charge       2.0000, renormalised to       2.0000
     Starting wfcs are    2 randomized atomic wfcs +    6 random wfcs

     total cpu time spent up to now is        0.3 secs

     Self-consistent Calculation

     iteration #  1     ecut=    80.00 Ry     beta= 0.70
     Davidson diagonalization with overlap

---- Real-time Memory Report at c_bands before calling an iterative solver
            62 MiB given to the printing process from OS
             0 MiB allocation reported by mallinfo(arena+hblkhd)
           788 MiB available memory on the node where the printing process lives
------------------
     ethr =  1.00E-02,  avg # of iterations =  8.2

     total cpu time spent up to now is        1.0 secs

     total energy              =      -2.32626083 Ry
     estimated scf accuracy    <       0.11090418 Ry

     iteration #  2     ecut=    80.00 Ry     beta= 0.70
     Davidson diagonalization with overlap

---- Real-time Memory Report at c_bands before calling an iterative solver
            76 MiB given to the printing process from OS
             0 MiB allocation reported by mallinfo(arena+hblkhd)
           775 MiB available memory on the node where the printing process lives
------------------
     ethr =  5.55E-03,  avg # of iterations =  1.0

     total cpu time spent up to now is        1.3 secs

     total energy              =      -2.33336741 Ry
     estimated scf accuracy    <       0.00127399 Ry

     iteration #  3     ecut=    80.00 Ry     beta= 0.70
     Davidson diagonalization with overlap

---- Real-time Memory Report at c_bands before calling an iterative solver
            78 MiB given to the printing process from OS
             0 MiB allocation reported by mallinfo(arena+hblkhd)
           773 MiB available memory on the node where the printing process lives
------------------
     ethr =  6.37E-05,  avg # of iterations =  3.8

     total cpu time spent up to now is        1.7 secs

     total energy              =      -2.33353979 Ry
     estimated scf accuracy    <       0.00000730 Ry

     iteration #  4     ecut=    80.00 Ry     beta= 0.70
     Davidson diagonalization with overlap

---- Real-time Memory Report at c_bands before calling an iterative solver
            79 MiB given to the printing process from OS
             0 MiB allocation reported by mallinfo(arena+hblkhd)
           772 MiB available memory on the node where the printing process lives
------------------
     ethr =  3.65E-07,  avg # of iterations =  6.0

     total cpu time spent up to now is        2.1 secs

     End of self-consistent calculation

          k = 0.0000 0.0000 0.0000 (  6263 PWs)   bands (ev):

   -10.9461   0.0116   2.5273   2.5273   3.8947   7.1648   8.4144   8.4144

     occupation numbers 
     1.0000   0.0000   0.0000   0.0000   0.0000   0.0000   0.0000   0.0000

          k = 0.1667 0.0000 0.0000 (  6279 PWs)   bands (ev):

   -10.6036   0.4549   3.0790   3.0790   4.4509   5.6433   8.3690   8.9642

     occupation numbers 
     1.0000   0.0000   0.0000   0.0000   0.0000   0.0000   0.0000   0.0000

          k = 0.3333 0.0000 0.0000 (  6247 PWs)   bands (ev):

    -9.7761   0.8302   3.3028   4.7250   4.7250   6.1187   9.0351  10.1669

     occupation numbers 
     1.0000   0.0000   0.0000   0.0000   0.0000   0.0000   0.0000   0.0000

          k =-0.5000 0.0000 0.0000 (  6246 PWs)   bands (ev):

    -9.2483  -0.1272   4.8147   6.1220   7.0058   7.0058   8.0674   8.0675

     occupation numbers 
     1.0000   0.0000   0.0000   0.0000   0.0000   0.0000   0.0000   0.0000

     highest occupied, lowest unoccupied level (ev):    -9.2483   -0.1272

!    total energy              =      -2.33354048 Ry
     estimated scf accuracy    <       0.00000074 Ry

     The total energy is the sum of the following terms:
     one-electron contribution =      -2.81610981 Ry
     hartree contribution      =       1.55041382 Ry
     xc contribution           =      -1.38337488 Ry
     ewald contribution        =       0.31553038 Ry

     convergence has been achieved in   4 iterations

     Writing all to output data dir ./hchain.save/

     init_run     :      0.23s CPU      0.24s WALL (       1 calls)
     electrons    :      1.82s CPU      1.84s WALL (       1 calls)

     Called by init_run:
     wfcinit      :      0.11s CPU      0.11s WALL (       1 calls)
     wfcinit:atom :      0.00s CPU      0.00s WALL (       4 calls)
     wfcinit:wfcr :      0.09s CPU      0.10s WALL (       4 calls)
     potinit      :      0.08s CPU      0.08s WALL (       1 calls)
     hinit0       :      0.02s CPU      0.03s WALL (       1 calls)

     Called by electrons:
     c_bands      :      1.49s CPU      1.50s WALL (       4 calls)
     sum_band     :      0.16s CPU      0.16s WALL (       4 calls)
     v_of_rho     :      0.19s CPU      0.20s WALL (       5 calls)
     v_h          :      0.01s CPU      0.01s WALL (       5 calls)
     v_xc         :      0.18s CPU      0.19s WALL (       5 calls)
     mix_rho      :      0.02s CPU      0.02s WALL (       4 calls)

     Called by c_bands:
     init_us_2    :      0.04s CPU      0.04s WALL (      36 calls)
     init_us_2:cp :      0.04s CPU      0.04s WALL (      36 calls)
     cegterg      :      1.45s CPU      1.47s WALL (      16 calls)

     Called by sum_band:
     sum_band:wei :      0.00s CPU      0.00s WALL (       4 calls)
     sum_band:loo :      0.14s CPU      0.14s WALL (       4 calls)
     sum_band:buf :      0.00s CPU      0.00s WALL (      16 calls)
     sum_band:ini :      0.02s CPU      0.02s WALL (      16 calls)

     Called by *egterg:
     cdiaghg      :      0.01s CPU      0.01s WALL (      92 calls)
     cegterg:over :      0.03s CPU      0.03s WALL (      76 calls)
     cegterg:upda :      0.03s CPU      0.03s WALL (      76 calls)
     cegterg:last :      0.03s CPU      0.03s WALL (      49 calls)
     h_psi        :      1.40s CPU      1.42s WALL (      96 calls)
     g_psi        :      0.02s CPU      0.02s WALL (      76 calls)

     Called by h_psi:
     h_psi:calbec :      0.02s CPU      0.02s WALL (      96 calls)
     vloc_psi     :      1.36s CPU      1.37s WALL (      96 calls)
     add_vuspsi   :      0.01s CPU      0.02s WALL (      96 calls)

     General routines
     calbec       :      0.02s CPU      0.02s WALL (      96 calls)
     fft          :      0.07s CPU      0.07s WALL (      49 calls)
     ffts         :      0.01s CPU      0.01s WALL (       4 calls)
     fftw         :      1.13s CPU      1.14s WALL (    1100 calls)

     Parallel routines

     PWSCF        :      2.06s CPU      2.10s WALL


   This run was terminated on:  23:23:15  20Dec2022            

=------------------------------------------------------------------------------=
   JOB DONE.
=------------------------------------------------------------------------------=
