
     Program PWSCF v.7.1 starts on 21Dec2022 at 17:57:20 

     This program is part of the open-source Quantum ESPRESSO suite
     for quantum simulation of materials; please cite
         "P. Giannozzi et al., J. Phys.:Condens. Matter 21 395502 (2009);
         "P. Giannozzi et al., J. Phys.:Condens. Matter 29 465901 (2017);
         "P. Giannozzi et al., J. Chem. Phys. 152 154105 (2020);
          URL http://www.quantum-espresso.org", 
     in publications or presentations arising from this work. More details at
     http://www.quantum-espresso.org/quote

     Parallel version (MPI), running on     1 processors

     MPI processes distributed on     1 nodes
     3004 MiB available memory on the printing compute node when the environment starts

     Waiting for input...
     Reading input from standard input

     Current dimensions of program PWSCF are:
     Max number of different atomic species (ntypx) = 10
     Max number of k-points (npk) =  40000
     Max angular momentum in pseudopotentials (lmaxx) =  4

     Atomic positions and unit cell read from directory:
     ./hchain.save/
     Atomic positions from file used, from input discarded


     Subspace diagonalization in iterative solution of the eigenvalue problem:
     a serial algorithm will be used


     G-vector sticks info
     --------------------
     sticks:   dense  smooth     PW     G-vecs:    dense   smooth      PW
     Sum         661     661    197                17717    17717    2923

     Using Slab Decomposition



     bravais-lattice index     =            8
     lattice parameter (alat)  =       5.1779  a.u.
     unit-cell volume          =     517.7850 (a.u.)^3
     number of atoms/cell      =            2
     number of atomic types    =            1
     number of electrons       =         2.00
     number of Kohn-Sham states=           10
     kinetic-energy cutoff     =      40.0000  Ry
     charge density cutoff     =     160.0000  Ry
     Exchange-correlation= PBE
                           (   1   4   3   4   0   0   0)

     celldm(1)=   5.177850  celldm(2)=   1.931304  celldm(3)=   1.931304
     celldm(4)=   0.000000  celldm(5)=   0.000000  celldm(6)=   0.000000

     crystal axes: (cart. coord. in units of alat)
               a(1) = (   1.000000   0.000000   0.000000 )  
               a(2) = (   0.000000   1.931304   0.000000 )  
               a(3) = (   0.000000   0.000000   1.931304 )  

     reciprocal axes: (cart. coord. in units 2 pi/alat)
               b(1) = (  1.000000  0.000000  0.000000 )  
               b(2) = (  0.000000  0.517785  0.000000 )  
               b(3) = (  0.000000  0.000000  0.517785 )  


     PseudoPot. # 1 for H  read from file:
     ./pseudo/H_ONCV_PBE.upf
     MD5 check sum: e96aa7e3e4a958db16958554ea960e2a
     Pseudo is Norm-conserving, Zval =  1.0
     Generated using ONCVPSP code by D. R. Hamann
     Using radial grid of 1166 points,  3 beta functions with: 
                l(1) =   0
                l(2) =   0
                l(3) =   1

     atomic species   valence    mass     pseudopotential
        H              1.00     1.00794     H ( 1.00)

      8 Sym. Ops. (no inversion) found


                                    s                        frac. trans.

      isym =  1     identity                                     

 cryst.   s( 1) = (     1          0          0      )
                  (     0          1          0      )
                  (     0          0          1      )

 cart.    s( 1) = (  1.0000000  0.0000000  0.0000000 )
                  (  0.0000000  1.0000000  0.0000000 )
                  (  0.0000000  0.0000000  1.0000000 )


      isym =  2     180 deg rotation - cart. axis [1,0,0]        

 cryst.   s( 2) = (     1          0          0      )
                  (     0         -1          0      )
                  (     0          0         -1      )

 cart.    s( 2) = (  1.0000000  0.0000000  0.0000000 )
                  (  0.0000000 -1.0000000  0.0000000 )
                  (  0.0000000  0.0000000 -1.0000000 )


      isym =  3      90 deg rotation - cart. axis [-1,0,0]       

 cryst.   s( 3) = (     1          0          0      )
                  (     0          0         -1      )
                  (     0          1          0      )

 cart.    s( 3) = (  1.0000000  0.0000000  0.0000000 )
                  (  0.0000000  0.0000000  1.0000000 )
                  (  0.0000000 -1.0000000  0.0000000 )


      isym =  4      90 deg rotation - cart. axis [1,0,0]        

 cryst.   s( 4) = (     1          0          0      )
                  (     0          0          1      )
                  (     0         -1          0      )

 cart.    s( 4) = (  1.0000000  0.0000000  0.0000000 )
                  (  0.0000000  0.0000000 -1.0000000 )
                  (  0.0000000  1.0000000  0.0000000 )


      isym =  5     inv. 180 deg rotation - cart. axis [0,0,1]   

 cryst.   s( 5) = (     1          0          0      )
                  (     0          1          0      )
                  (     0          0         -1      )

 cart.    s( 5) = (  1.0000000  0.0000000  0.0000000 )
                  (  0.0000000  1.0000000  0.0000000 )
                  (  0.0000000  0.0000000 -1.0000000 )


      isym =  6     inv. 180 deg rotation - cart. axis [0,1,0]   

 cryst.   s( 6) = (     1          0          0      )
                  (     0         -1          0      )
                  (     0          0          1      )

 cart.    s( 6) = (  1.0000000  0.0000000  0.0000000 )
                  (  0.0000000 -1.0000000  0.0000000 )
                  (  0.0000000  0.0000000  1.0000000 )


      isym =  7     inv. 180 deg rotation - cart. axis [0,1,1]   

 cryst.   s( 7) = (     1          0          0      )
                  (     0          0         -1      )
                  (     0         -1          0      )

 cart.    s( 7) = (  1.0000000  0.0000000  0.0000000 )
                  (  0.0000000  0.0000000 -1.0000000 )
                  (  0.0000000 -1.0000000  0.0000000 )


      isym =  8     inv. 180 deg rotation - cart. axis [0,1,-1]  

 cryst.   s( 8) = (     1          0          0      )
                  (     0          0          1      )
                  (     0          1          0      )

 cart.    s( 8) = (  1.0000000  0.0000000  0.0000000 )
                  (  0.0000000  0.0000000  1.0000000 )
                  (  0.0000000  1.0000000  0.0000000 )


     point group C_4v (4mm) 
     there are  5 classes
     the character table:

       E     2C4   C2    2s_v  2s_d 
A_1    1.00  1.00  1.00  1.00  1.00
A_2    1.00  1.00  1.00 -1.00 -1.00
B_1    1.00 -1.00  1.00  1.00 -1.00
B_2    1.00 -1.00  1.00 -1.00  1.00
E      2.00  0.00 -2.00  0.00  0.00

     the symmetry operations in each class and the name of the first element:

     E        1
          identity                                               
     2C4      3    4
           90 deg rotation - cart. axis [-1,0,0]                 
     C2       2
          180 deg rotation - cart. axis [1,0,0]                  
     2s_v     5    6
          inv. 180 deg rotation - cart. axis [0,0,1]             
     2s_d     7    8
          inv. 180 deg rotation - cart. axis [0,1,1]             

   Cartesian axes

     site n.     atom                  positions (alat units)
         1           H   tau(   1) = (   0.0000000   0.0000000   0.0000000  )
         2           H   tau(   2) = (   0.2700730   0.0000000   0.0000000  )

   Crystallographic axes

     site n.     atom                  positions (cryst. coord.)
         1           H   tau(   1) = (  0.0000000  0.0000000  0.0000000  )
         2           H   tau(   2) = (  0.2700730  0.0000000  0.0000000  )

     number of k points=     4
                       cart. coord. in units 2pi/alat
        k(    1) = (   0.0000000   0.0000000   0.0000000), wk =   0.3333333
        k(    2) = (   0.1666667   0.0000000   0.0000000), wk =   0.6666667
        k(    3) = (   0.3333333   0.0000000   0.0000000), wk =   0.6666667
        k(    4) = (  -0.5000000   0.0000000   0.0000000), wk =   0.3333333

                       cryst. coord.
        k(    1) = (   0.0000000   0.0000000   0.0000000), wk =   0.3333333
        k(    2) = (   0.1666667   0.0000000   0.0000000), wk =   0.6666667
        k(    3) = (   0.3333333   0.0000000   0.0000000), wk =   0.6666667
        k(    4) = (  -0.5000000   0.0000000   0.0000000), wk =   0.3333333

     Dense  grid:    17717 G-vectors     FFT dimensions: (  24,  45,  45)

     Dynamical RAM for                 wfc:       0.34 MB

     Dynamical RAM for     wfc (w. buffer):       0.34 MB

     Dynamical RAM for           str. fact:       0.27 MB

     Dynamical RAM for           local pot:       0.00 MB

     Dynamical RAM for          nlocal pot:       0.34 MB

     Dynamical RAM for                qrad:       0.17 MB

     Dynamical RAM for          rho,v,vnew:       1.92 MB

     Dynamical RAM for           G-vectors:       1.15 MB

     Dynamical RAM for          h,s,v(r/c):       0.02 MB

     Dynamical RAM for          <psi|beta>:       0.00 MB

     Dynamical RAM for                 psi:       0.68 MB

     Dynamical RAM for                hpsi:       0.68 MB

     Dynamical RAM for      wfcinit/wfcrot:       0.68 MB

     Estimated static dynamical RAM per process >       6.59 MB

     Estimated max dynamical RAM per process >       7.96 MB

     The potential is recalculated from file :
     ./hchain.save/charge-density

     Starting wfcs are    2 randomized atomic wfcs +    8 random wfcs

     Band Structure Calculation
     Davidson diagonalization with overlap

     Computing kpt #:     1  of     4
     total cpu time spent up to now is        0.2 secs

     Computing kpt #:     2  of     4
     total cpu time spent up to now is        0.4 secs

     Computing kpt #:     3  of     4
     total cpu time spent up to now is        0.7 secs

     Computing kpt #:     4  of     4
     total cpu time spent up to now is        0.9 secs

     ethr =  5.00E-08,  avg # of iterations = 19.2

     total cpu time spent up to now is        0.9 secs

     End of band structure calculation

          k = 0.0000 0.0000 0.0000 (  2231 PWs)   bands (ev):

   -10.9272   0.0148   2.5265   2.5265   3.8947   7.1665   8.4135   8.4135
     8.6092   9.9730

     occupation numbers 
     1.0000   0.0000   0.0000   0.0000   0.0000   0.0000   0.0000   0.0000
     0.0000   0.0000

          k = 0.1667 0.0000 0.0000 (  2183 PWs)   bands (ev):

   -10.5818   0.4587   3.0783   3.0783   4.4509   5.6563   8.3715   8.9634
     8.9634   9.1650

     occupation numbers 
     1.0000   0.0000   0.0000   0.0000   0.0000   0.0000   0.0000   0.0000
     0.0000   0.0000

          k = 0.3333 0.0000 0.0000 (  2214 PWs)   bands (ev):

    -9.7521   0.8369   3.3067   4.7242   4.7242   6.1187   9.0380  10.1667
    10.5233  10.5233

     occupation numbers 
     1.0000   0.0000   0.0000   0.0000   0.0000   0.0000   0.0000   0.0000
     0.0000   0.0000

          k =-0.5000 0.0000 0.0000 (  2218 PWs)   bands (ev):

    -9.2231  -0.1223   4.8178   6.1243   7.0046   7.0046   8.0670   8.0670
     8.7492   9.0600

     occupation numbers 
     1.0000   0.0000   0.0000   0.0000   0.0000   0.0000   0.0000   0.0000
     0.0000   0.0000

     highest occupied, lowest unoccupied level (ev):    -9.2231   -0.1223

     Writing all to output data dir ./hchain.save/

     init_run     :      0.04s CPU      0.04s WALL (       1 calls)
     electrons    :      0.82s CPU      0.82s WALL (       1 calls)

     Called by init_run:
     wfcinit      :      0.00s CPU      0.00s WALL (       1 calls)
     wfcinit:atom :      0.00s CPU      0.00s WALL (       4 calls)
     wfcinit:wfcr :      0.05s CPU      0.05s WALL (       4 calls)
     potinit      :      0.02s CPU      0.02s WALL (       1 calls)
     hinit0       :      0.01s CPU      0.01s WALL (       1 calls)

     Called by electrons:
     c_bands      :      0.82s CPU      0.82s WALL (       1 calls)
     v_of_rho     :      0.02s CPU      0.02s WALL (       1 calls)
     v_h          :      0.00s CPU      0.00s WALL (       1 calls)
     v_xc         :      0.02s CPU      0.02s WALL (       1 calls)

     Called by c_bands:
     init_us_2    :      0.00s CPU      0.00s WALL (       4 calls)
     init_us_2:cp :      0.00s CPU      0.00s WALL (       4 calls)
     cegterg      :      0.76s CPU      0.76s WALL (       5 calls)

     Called by sum_band:

     Called by *egterg:
     cdiaghg      :      0.01s CPU      0.01s WALL (      81 calls)
     cegterg:over :      0.01s CPU      0.01s WALL (      77 calls)
     cegterg:upda :      0.02s CPU      0.02s WALL (      77 calls)
     cegterg:last :      0.02s CPU      0.02s WALL (      62 calls)
     h_psi        :      0.73s CPU      0.73s WALL (      86 calls)
     g_psi        :      0.01s CPU      0.01s WALL (      77 calls)

     Called by h_psi:
     h_psi:calbec :      0.01s CPU      0.01s WALL (      86 calls)
     vloc_psi     :      0.71s CPU      0.71s WALL (      86 calls)
     add_vuspsi   :      0.01s CPU      0.01s WALL (      86 calls)

     General routines
     calbec       :      0.01s CPU      0.01s WALL (      86 calls)
     fft          :      0.01s CPU      0.01s WALL (      10 calls)
     fftw         :      0.52s CPU      0.52s WALL (    1230 calls)
     davcio       :      0.00s CPU      0.00s WALL (       8 calls)

     Parallel routines

     PWSCF        :      0.87s CPU      0.88s WALL


   This run was terminated on:  17:57:21  21Dec2022            

=------------------------------------------------------------------------------=
   JOB DONE.
=------------------------------------------------------------------------------=
