
     Program PWSCF v.6.6 starts on 25Sep2020 at 10:46:46 

     This program is part of the open-source Quantum ESPRESSO suite
     for quantum simulation of materials; please cite
         "P. Giannozzi et al., J. Phys.:Condens. Matter 21 395502 (2009);
         "P. Giannozzi et al., J. Phys.:Condens. Matter 29 465901 (2017);
          URL http://www.quantum-espresso.org", 
     in publications or presentations arising from this work. More details at
     http://www.quantum-espresso.org/quote

     Parallel version (MPI & OpenMP), running on       2 processor cores
     Number of MPI processes:                 2
     Threads/MPI process:                     1

     MPI processes distributed on     1 nodes
     R & G space division:  proc/nbgrp/npool/nimage =       2
     Fft bands division:     nmany     =       1
     Waiting for input...
     Reading input from standard input

     Current dimensions of program PWSCF are:
     Max number of different atomic species (ntypx) = 10
     Max number of k-points (npk) =  40000
     Max angular momentum in pseudopotentials (lmaxx) =  3
     file H.pbe-mt_fhi.UPF: wavefunction(s)  2p 4f renormalized
     file C.pbe-mt_fhi.UPF: wavefunction(s)  4f renormalized

     gamma-point specific algorithms are used

     Subspace diagonalization in iterative solution of the eigenvalue problem:
     a serial algorithm will be used


     Parallelization info
     --------------------
     sticks:   dense  smooth     PW     G-vecs:    dense   smooth      PW
     Min         564     564    145                14335    14335    1847
     Max         565     565    148                14336    14336    1848
     Sum        1129    1129    293                28671    28671    3695


     Title: 
     CH4                                                                        


     bravais-lattice index     =            8
     lattice parameter (alat)  =       9.4486  a.u.
     unit-cell volume          =     843.5418 (a.u.)^3
     number of atoms/cell      =            5
     number of atomic types    =            2
     number of electrons       =         8.00
     number of Kohn-Sham states=           10
     kinetic-energy cutoff     =      40.0000  Ry
     charge density cutoff     =     160.0000  Ry
     convergence threshold     =      1.0E-06
     mixing beta               =       0.7000
     number of iterations used =            8  plain     mixing
     Exchange-correlation= PBE
                           (   1   4   3   4   0   0   0)

     celldm(1)=   9.448631  celldm(2)=   1.000000  celldm(3)=   1.000000
     celldm(4)=   0.000000  celldm(5)=   0.000000  celldm(6)=   0.000000

     crystal axes: (cart. coord. in units of alat)
               a(1) = (   1.000000   0.000000   0.000000 )  
               a(2) = (   0.000000   1.000000   0.000000 )  
               a(3) = (   0.000000   0.000000   1.000000 )  

     reciprocal axes: (cart. coord. in units 2 pi/alat)
               b(1) = (  1.000000  0.000000  0.000000 )  
               b(2) = (  0.000000  1.000000  0.000000 )  
               b(3) = (  0.000000  0.000000  1.000000 )  


     PseudoPot. # 1 for H  read from file:
     ../../pseudo/H.pbe-mt_fhi.UPF
     MD5 check sum: a19bd5488733b3d98581df861506e80d
     Pseudo is Norm-conserving, Zval =  1.0
     Generated using FHI98PP, converted with fhi2upf.x v.5.0.2
     Using radial grid of  387 points,  3 beta functions with: 
                l(1) =   0
                l(2) =   1
                l(3) =   3

     PseudoPot. # 2 for C  read from file:
     ../../pseudo/C.pbe-mt_fhi.UPF
     MD5 check sum: 058ca341f9d6d5327d9962fd88a91b65
     Pseudo is Norm-conserving, Zval =  4.0
     Generated using FHI98PP, converted with fhi2upf.x v.5.0.2
     Using radial grid of  461 points,  3 beta functions with: 
                l(1) =   0
                l(2) =   1
                l(3) =   3

     atomic species   valence    mass     pseudopotential
        H              1.00     1.00794     H ( 1.00)
        C              4.00    12.01070     C ( 1.00)

     24 Sym. Ops. (no inversion) found



   Cartesian axes

     site n.     atom                  positions (alat units)
         1           C   tau(   1) = (   0.0000000   0.0000000   0.0000000  )
         2           H   tau(   2) = (   0.1350000   0.1350000   0.1350000  )
         3           H   tau(   3) = (  -0.1350000  -0.1350000   0.1350000  )
         4           H   tau(   4) = (   0.1350000  -0.1350000  -0.1350000  )
         5           H   tau(   5) = (  -0.1350000   0.1350000  -0.1350000  )

     number of k points=     1  Methfessel-Paxton smearing, width (Ry)=  0.0007
                       cart. coord. in units 2pi/alat
        k(    1) = (   0.0000000   0.0000000   0.0000000), wk =   2.0000000

     Dense  grid:    14336 G-vectors     FFT dimensions: (  40,  40,  40)

     Estimated max dynamical RAM per process >       9.45 MB

     Estimated total dynamical RAM >      18.90 MB

     Initial potential from superposition of free atoms

     starting charge    7.99992, renormalised to    8.00000
     Starting wfcs are   80 randomized atomic wfcs

     total cpu time spent up to now is        0.2 secs

     Self-consistent Calculation

     iteration #  1     ecut=    40.00 Ry     beta= 0.70
     Davidson diagonalization with overlap
     ethr =  1.00E-02,  avg # of iterations =  3.0

     total cpu time spent up to now is        0.2 secs

     total energy              =     -15.95302392 Ry
     estimated scf accuracy    <       0.52888513 Ry

     iteration #  2     ecut=    40.00 Ry     beta= 0.70
     Davidson diagonalization with overlap
     ethr =  6.61E-03,  avg # of iterations =  2.0

     total cpu time spent up to now is        0.3 secs

     total energy              =     -16.06461617 Ry
     estimated scf accuracy    <       0.24149605 Ry

     iteration #  3     ecut=    40.00 Ry     beta= 0.70
     Davidson diagonalization with overlap
     ethr =  3.02E-03,  avg # of iterations =  1.0

     total cpu time spent up to now is        0.3 secs

     total energy              =     -16.10877949 Ry
     estimated scf accuracy    <       0.00448496 Ry

     iteration #  4     ecut=    40.00 Ry     beta= 0.70
     Davidson diagonalization with overlap
     ethr =  5.61E-05,  avg # of iterations =  5.0

     total cpu time spent up to now is        0.3 secs

     total energy              =     -16.11070070 Ry
     estimated scf accuracy    <       0.00039367 Ry

     iteration #  5     ecut=    40.00 Ry     beta= 0.70
     Davidson diagonalization with overlap
     ethr =  4.92E-06,  avg # of iterations =  2.0

     total cpu time spent up to now is        0.4 secs

     total energy              =     -16.11071289 Ry
     estimated scf accuracy    <       0.00002105 Ry

     iteration #  6     ecut=    40.00 Ry     beta= 0.70
     Davidson diagonalization with overlap
     ethr =  2.63E-07,  avg # of iterations =  2.0

     total cpu time spent up to now is        0.4 secs

     total energy              =     -16.11071778 Ry
     estimated scf accuracy    <       0.00000624 Ry

     iteration #  7     ecut=    40.00 Ry     beta= 0.70
     Davidson diagonalization with overlap
     ethr =  7.80E-08,  avg # of iterations =  1.0

     total cpu time spent up to now is        0.4 secs

     End of self-consistent calculation

          k = 0.0000 0.0000 0.0000 (  1848 PWs)   bands (ev):

   -15.0068  -7.6092  -7.6092  -7.6092  -0.5645   3.8483   3.8483   4.7858
     4.7858   4.7858

     the Fermi energy is    -5.1105 ev

!    total energy              =     -16.11071813 Ry
     estimated scf accuracy    <       0.00000042 Ry
     smearing contrib. (-TS)   =       0.00000000 Ry
     internal energy E=F+TS    =     -16.11071813 Ry

     The total energy is F=E-TS. E is the sum of the following terms:
     one-electron contribution =     -20.93975902 Ry
     hartree contribution      =      11.69052268 Ry
     xc contribution           =      -6.18480956 Ry
     ewald contribution        =      -0.67667222 Ry

     convergence has been achieved in   7 iterations

     Forces acting on atoms (cartesian axes, Ry/au):

     atom    1 type  2   force =     0.00000000    0.00000000    0.00000000
     atom    2 type  1   force =    -0.04988497   -0.04988497   -0.04988497
     atom    3 type  1   force =     0.04988497    0.04988497   -0.04988497
     atom    4 type  1   force =    -0.04988497    0.04988497    0.04988497
     atom    5 type  1   force =     0.04988497   -0.04988497    0.04988497

     Total force =     0.172807     Total SCF correction =     0.000234

     Writing output data file ./tmp/CH4.save/

     init_run     :      0.11s CPU      0.11s WALL (       1 calls)
     electrons    :      0.23s CPU      0.23s WALL (       1 calls)
     forces       :      0.01s CPU      0.01s WALL (       1 calls)

     Called by init_run:
     wfcinit      :      0.07s CPU      0.07s WALL (       1 calls)
     potinit      :      0.02s CPU      0.02s WALL (       1 calls)
     hinit0       :      0.02s CPU      0.02s WALL (       1 calls)

     Called by electrons:
     c_bands      :      0.11s CPU      0.12s WALL (       7 calls)
     sum_band     :      0.03s CPU      0.03s WALL (       7 calls)
     v_of_rho     :      0.09s CPU      0.09s WALL (       8 calls)
     mix_rho      :      0.01s CPU      0.01s WALL (       7 calls)

     Called by c_bands:
     init_us_2    :      0.00s CPU      0.00s WALL (      15 calls)
     regterg      :      0.10s CPU      0.11s WALL (       7 calls)

     Called by *egterg:
     rdiaghg      :      0.00s CPU      0.00s WALL (      23 calls)
     h_psi        :      0.13s CPU      0.13s WALL (      24 calls)
     g_psi        :      0.00s CPU      0.00s WALL (      16 calls)

     Called by h_psi:
     h_psi:calbec :      0.03s CPU      0.03s WALL (      24 calls)
     vloc_psi     :      0.09s CPU      0.10s WALL (      24 calls)
     add_vuspsi   :      0.01s CPU      0.01s WALL (      24 calls)

     General routines
     calbec       :      0.03s CPU      0.03s WALL (      28 calls)
     fft          :      0.04s CPU      0.04s WALL (      65 calls)
     ffts         :      0.00s CPU      0.00s WALL (       7 calls)
     fftw         :      0.10s CPU      0.11s WALL (     301 calls)

     Parallel routines
     fft_scatt_xy :      0.01s CPU      0.01s WALL (     373 calls)
     fft_scatt_yz :      0.02s CPU      0.02s WALL (     373 calls)

     PWSCF        :      0.43s CPU      0.44s WALL


   This run was terminated on:  10:46:47  25Sep2020            

=------------------------------------------------------------------------------=
   JOB DONE.
=------------------------------------------------------------------------------=
