
     Program PWSCF v.5.0.2 (svn rev. 9656) starts on 30Jun2015 at 11:45:41 

     This program is part of the open-source Quantum ESPRESSO suite
     for quantum simulation of materials; please cite
         "P. Giannozzi et al., J. Phys.:Condens. Matter 21 395502 (2009);
          URL http://www.quantum-espresso.org", 
     in publications or presentations arising from this work. More details at
     http://www.quantum-espresso.org/quote.php

     Parallel version (MPI), running on     1 processors

     Current dimensions of program PWSCF are:
     Max number of different atomic species (ntypx) = 10
     Max number of k-points (npk) =  40000
     Max angular momentum in pseudopotentials (lmaxx) =  3
     Waiting for input...
     Reading input from standard input

     Atomic positions and unit cell read from directory:
     ./Si_shift2_nscf.save/


     Subspace diagonalization in iterative solution of the eigenvalue problem:
     a serial algorithm will be used


     G-vector sticks info
     --------------------
     sticks:   dense  smooth     PW     G-vecs:    dense   smooth      PW
     Sum         211     211     85                 2085     2085     459



     bravais-lattice index     =            2
     lattice parameter (alat)  =      10.1830  a.u.
     unit-cell volume          =     263.9777 (a.u.)^3
     number of atoms/cell      =            2
     number of atomic types    =            1
     number of electrons       =         8.00
     number of Kohn-Sham states=           32
     kinetic-energy cutoff     =      15.0000  Ry
     charge density cutoff     =      60.0000  Ry
     Exchange-correlation      =  SLA  PZ   NOGX NOGC ( 1 1 0 0 0)
     EXX-fraction              =        0.00

     celldm(1)=  10.183000  celldm(2)=   0.000000  celldm(3)=   0.000000
     celldm(4)=   0.000000  celldm(5)=   0.000000  celldm(6)=   0.000000

     crystal axes: (cart. coord. in units of alat)
               a(1) = (  -0.500000   0.000000   0.500000 )  
               a(2) = (   0.000000   0.500000   0.500000 )  
               a(3) = (  -0.500000   0.500000   0.000000 )  

     reciprocal axes: (cart. coord. in units 2 pi/alat)
               b(1) = ( -1.000000 -1.000000  1.000000 )  
               b(2) = (  1.000000  1.000000  1.000000 )  
               b(3) = ( -1.000000  1.000000 -1.000000 )  


     PseudoPot. # 1 for Si read from file:
     ./Si.vbc.UPF
     MD5 check sum: 7974b67c806a44bbea7c2da40a3c413a
     Pseudo is Norm-conserving, Zval =  4.0
     Generated by new atomic code, or converted to UPF format
     Using radial grid of  431 points,  2 beta functions with: 
                l(1) =   0
                l(2) =   1

     atomic species   valence    mass     pseudopotential
        Si             4.00    28.08600     Si( 1.00)

     24 Sym. Ops. (no inversion) found


                                    s                        frac. trans.

      isym =  1     identity                                     

 cryst.   s( 1) = (     1          0          0      )
                  (     0          1          0      )
                  (     0          0          1      )

 cart.    s( 1) = (  1.0000000  0.0000000  0.0000000 )
                  (  0.0000000  1.0000000  0.0000000 )
                  (  0.0000000  0.0000000  1.0000000 )


      isym =  2     180 deg rotation - cart. axis [0,0,1]        

 cryst.   s( 2) = (     0          1         -1      )
                  (     1          0         -1      )
                  (     0          0         -1      )

 cart.    s( 2) = ( -1.0000000  0.0000000  0.0000000 )
                  (  0.0000000 -1.0000000  0.0000000 )
                  (  0.0000000  0.0000000  1.0000000 )


      isym =  3     180 deg rotation - cart. axis [0,1,0]        

 cryst.   s( 3) = (    -1          0          0      )
                  (    -1          0          1      )
                  (    -1          1          0      )

 cart.    s( 3) = ( -1.0000000  0.0000000  0.0000000 )
                  (  0.0000000  1.0000000  0.0000000 )
                  (  0.0000000  0.0000000 -1.0000000 )


      isym =  4     180 deg rotation - cart. axis [1,0,0]        

 cryst.   s( 4) = (     0         -1          1      )
                  (     0         -1          0      )
                  (     1         -1          0      )

 cart.    s( 4) = (  1.0000000  0.0000000  0.0000000 )
                  (  0.0000000 -1.0000000  0.0000000 )
                  (  0.0000000  0.0000000 -1.0000000 )


      isym =  5     120 deg rotation - cart. axis [-1,-1,-1]     

 cryst.   s( 5) = (    -1          0          1      )
                  (    -1          1          0      )
                  (    -1          0          0      )

 cart.    s( 5) = (  0.0000000  1.0000000  0.0000000 )
                  (  0.0000000  0.0000000  1.0000000 )
                  (  1.0000000  0.0000000  0.0000000 )


      isym =  6     120 deg rotation - cart. axis [-1,1,1]       

 cryst.   s( 6) = (     0          1          0      )
                  (     0          0          1      )
                  (     1          0          0      )

 cart.    s( 6) = (  0.0000000 -1.0000000  0.0000000 )
                  (  0.0000000  0.0000000  1.0000000 )
                  ( -1.0000000  0.0000000  0.0000000 )


      isym =  7     120 deg rotation - cart. axis [1,1,-1]       

 cryst.   s( 7) = (     1          0         -1      )
                  (     0          0         -1      )
                  (     0          1         -1      )

 cart.    s( 7) = (  0.0000000  1.0000000  0.0000000 )
                  (  0.0000000  0.0000000 -1.0000000 )
                  ( -1.0000000  0.0000000  0.0000000 )


      isym =  8     120 deg rotation - cart. axis [1,-1,1]       

 cryst.   s( 8) = (     0         -1          0      )
                  (     1         -1          0      )
                  (     0         -1          1      )

 cart.    s( 8) = (  0.0000000 -1.0000000  0.0000000 )
                  (  0.0000000  0.0000000 -1.0000000 )
                  (  1.0000000  0.0000000  0.0000000 )


      isym =  9     120 deg rotation - cart. axis [1,1,1]        

 cryst.   s( 9) = (     0          0         -1      )
                  (     0          1         -1      )
                  (     1          0         -1      )

 cart.    s( 9) = (  0.0000000  0.0000000  1.0000000 )
                  (  1.0000000  0.0000000  0.0000000 )
                  (  0.0000000  1.0000000  0.0000000 )


      isym = 10     120 deg rotation - cart. axis [-1,1,-1]      

 cryst.   s(10) = (    -1          1          0      )
                  (    -1          0          0      )
                  (    -1          0          1      )

 cart.    s(10) = (  0.0000000  0.0000000  1.0000000 )
                  ( -1.0000000  0.0000000  0.0000000 )
                  (  0.0000000 -1.0000000  0.0000000 )


      isym = 11     120 deg rotation - cart. axis [1,-1,-1]      

 cryst.   s(11) = (     0          0          1      )
                  (     1          0          0      )
                  (     0          1          0      )

 cart.    s(11) = (  0.0000000  0.0000000 -1.0000000 )
                  ( -1.0000000  0.0000000  0.0000000 )
                  (  0.0000000  1.0000000  0.0000000 )


      isym = 12     120 deg rotation - cart. axis [-1,-1,1]      

 cryst.   s(12) = (     1         -1          0      )
                  (     0         -1          1      )
                  (     0         -1          0      )

 cart.    s(12) = (  0.0000000  0.0000000 -1.0000000 )
                  (  1.0000000  0.0000000  0.0000000 )
                  (  0.0000000 -1.0000000  0.0000000 )


      isym = 13     inv. 180 deg rotation - cart. axis [1,1,0]   

 cryst.   s(13) = (     0          1          0      )
                  (     1          0          0      )
                  (     0          0          1      )

 cart.    s(13) = (  0.0000000 -1.0000000  0.0000000 )
                  ( -1.0000000  0.0000000  0.0000000 )
                  (  0.0000000  0.0000000  1.0000000 )


      isym = 14     inv. 180 deg rotation - cart. axis [1,-1,0]  

 cryst.   s(14) = (     1          0         -1      )
                  (     0          1         -1      )
                  (     0          0         -1      )

 cart.    s(14) = (  0.0000000  1.0000000  0.0000000 )
                  (  1.0000000  0.0000000  0.0000000 )
                  (  0.0000000  0.0000000  1.0000000 )


      isym = 15     inv.  90 deg rotation - cart. axis [0,0,-1]  

 cryst.   s(15) = (     0         -1          0      )
                  (     0         -1          1      )
                  (     1         -1          0      )

 cart.    s(15) = (  0.0000000 -1.0000000  0.0000000 )
                  (  1.0000000  0.0000000  0.0000000 )
                  (  0.0000000  0.0000000 -1.0000000 )


      isym = 16     inv.  90 deg rotation - cart. axis [0,0,1]   

 cryst.   s(16) = (    -1          0          1      )
                  (    -1          0          0      )
                  (    -1          1          0      )

 cart.    s(16) = (  0.0000000  1.0000000  0.0000000 )
                  ( -1.0000000  0.0000000  0.0000000 )
                  (  0.0000000  0.0000000 -1.0000000 )


      isym = 17     inv. 180 deg rotation - cart. axis [1,0,1]   

 cryst.   s(17) = (     1          0          0      )
                  (     0          0          1      )
                  (     0          1          0      )

 cart.    s(17) = (  0.0000000  0.0000000 -1.0000000 )
                  (  0.0000000  1.0000000  0.0000000 )
                  ( -1.0000000  0.0000000  0.0000000 )


      isym = 18     inv. 180 deg rotation - cart. axis [-1,0,1]  

 cryst.   s(18) = (    -1          0          0      )
                  (    -1          1          0      )
                  (    -1          0          1      )

 cart.    s(18) = (  0.0000000  0.0000000  1.0000000 )
                  (  0.0000000  1.0000000  0.0000000 )
                  (  1.0000000  0.0000000  0.0000000 )


      isym = 19     inv.  90 deg rotation - cart. axis [0,1,0]   

 cryst.   s(19) = (     0         -1          1      )
                  (     1         -1          0      )
                  (     0         -1          0      )

 cart.    s(19) = (  0.0000000  0.0000000 -1.0000000 )
                  (  0.0000000 -1.0000000  0.0000000 )
                  (  1.0000000  0.0000000  0.0000000 )


      isym = 20     inv.  90 deg rotation - cart. axis [0,-1,0]  

 cryst.   s(20) = (     0          1         -1      )
                  (     0          0         -1      )
                  (     1          0         -1      )

 cart.    s(20) = (  0.0000000  0.0000000  1.0000000 )
                  (  0.0000000 -1.0000000  0.0000000 )
                  ( -1.0000000  0.0000000  0.0000000 )


      isym = 21     inv. 180 deg rotation - cart. axis [0,1,1]   

 cryst.   s(21) = (     1         -1          0      )
                  (     0         -1          0      )
                  (     0         -1          1      )

 cart.    s(21) = (  1.0000000  0.0000000  0.0000000 )
                  (  0.0000000  0.0000000 -1.0000000 )
                  (  0.0000000 -1.0000000  0.0000000 )


      isym = 22     inv. 180 deg rotation - cart. axis [0,1,-1]  

 cryst.   s(22) = (     0          0          1      )
                  (     0          1          0      )
                  (     1          0          0      )

 cart.    s(22) = (  1.0000000  0.0000000  0.0000000 )
                  (  0.0000000  0.0000000  1.0000000 )
                  (  0.0000000  1.0000000  0.0000000 )


      isym = 23     inv.  90 deg rotation - cart. axis [-1,0,0]  

 cryst.   s(23) = (     0          0         -1      )
                  (     1          0         -1      )
                  (     0          1         -1      )

 cart.    s(23) = ( -1.0000000  0.0000000  0.0000000 )
                  (  0.0000000  0.0000000 -1.0000000 )
                  (  0.0000000  1.0000000  0.0000000 )


      isym = 24     inv.  90 deg rotation - cart. axis [1,0,0]   

 cryst.   s(24) = (    -1          1          0      )
                  (    -1          0          1      )
                  (    -1          0          0      )

 cart.    s(24) = ( -1.0000000  0.0000000  0.0000000 )
                  (  0.0000000  0.0000000  1.0000000 )
                  (  0.0000000 -1.0000000  0.0000000 )


     point group T_d (-43m) 
     there are  5 classes
     the character table:

       E     8C3   3C2   6S4   6s_d 
A_1    1.00  1.00  1.00  1.00  1.00
A_2    1.00  1.00  1.00 -1.00 -1.00
E      2.00 -1.00  2.00  0.00  0.00
T_1    3.00  0.00 -1.00  1.00 -1.00
T_2    3.00  0.00 -1.00 -1.00  1.00

     the symmetry operations in each class:
     E        1
     3C2      2    3    4
     8C3      5    7    8    6   12    9   10   11
     6s_d    13   14   17   18   21   22
     6S4     15   16   20   19   23   24

   Cartesian axes

     site n.     atom                  positions (alat units)
         1           Si  tau(   1) = (   0.0000000   0.0000000   0.0000000  )
         2           Si  tau(   2) = (   0.2500000   0.2500000   0.2500000  )

   Crystallographic axes

     site n.     atom                  positions (cryst. coord.)
         1           Si  tau(   1) = (  0.0000000  0.0000000  0.0000000  )
         2           Si  tau(   2) = ( -0.2500000  0.7500000 -0.2500000  )

     number of k points=    10
                       cart. coord. in units 2pi/alat
        k(    1) = (  -0.1250000   0.1250810   0.1250000), wk =   0.2000000
        k(    2) = (  -0.3750000   0.3750810  -0.1250000), wk =   0.2000000
        k(    3) = (   0.3750000  -0.3749190   0.6250000), wk =   0.2000000
        k(    4) = (   0.1250000  -0.1249190   0.3750000), wk =   0.2000000
        k(    5) = (  -0.1250000   0.6250811   0.1250000), wk =   0.2000000
        k(    6) = (   0.6250000  -0.1249190   0.8749999), wk =   0.2000000
        k(    7) = (   0.3750000   0.1250810   0.6250000), wk =   0.2000000
        k(    8) = (  -0.1250000  -0.8749189   0.1250000), wk =   0.2000000
        k(    9) = (  -0.3750000   0.3750810   0.3750000), wk =   0.2000000
        k(   10) = (   0.3750000  -0.3749190   1.1250000), wk =   0.2000000

                       cryst. coord.
        k(    1) = (   0.1250000   0.1250405   0.1250405), wk =   0.2000000
        k(    2) = (   0.1250000   0.1250405   0.3750405), wk =   0.2000000
        k(    3) = (   0.1250000   0.1250405  -0.3749595), wk =   0.2000000
        k(    4) = (   0.1250000   0.1250405  -0.1249595), wk =   0.2000000
        k(    5) = (   0.1250000   0.3750405   0.3750405), wk =   0.2000000
        k(    6) = (   0.1250000   0.3750405  -0.3749595), wk =   0.2000000
        k(    7) = (   0.1250000   0.3750405  -0.1249595), wk =   0.2000000
        k(    8) = (   0.1250000  -0.3749595  -0.3749595), wk =   0.2000000
        k(    9) = (   0.3750000   0.3750405   0.3750405), wk =   0.2000000
        k(   10) = (   0.3750000   0.3750405  -0.3749595), wk =   0.2000000

     Dense  grid:     2085 G-vectors     FFT dimensions: (  18,  18,  18)

     Largest allocated arrays     est. size (Mb)     dimensions
        Kohn-Sham Wavefunctions         0.13 Mb     (    271,   32)
        NL pseudopotentials             0.03 Mb     (    271,    8)
        Each V/rho on FFT grid          0.09 Mb     (   5832)
        Each G-vector array             0.02 Mb     (   2085)
        G-vector shells                 0.00 Mb     (     54)
     Largest temporary arrays     est. size (Mb)     dimensions
        Auxiliary wavefunctions         0.53 Mb     (    271,  128)
        Each subspace H/S matrix        0.25 Mb     ( 128, 128)
        Each <psi_i|beta_j> matrix      0.00 Mb     (      8,   32)

     The potential is recalculated from file :
     ./Si_shift2_nscf.save/charge-density.dat

     Starting wfc are    8 randomized atomic wfcs

     total cpu time spent up to now is        0.1 secs

     per-process dynamical memory:     4.2 Mb

     Band Structure Calculation
     Davidson diagonalization with overlap

     Computing kpt #:     1
     total cpu time spent up to now is        0.4 secs

     Computing kpt #:     2
     total cpu time spent up to now is        0.8 secs

     Computing kpt #:     3
     total cpu time spent up to now is        1.0 secs

     Computing kpt #:     4
     total cpu time spent up to now is        1.2 secs

     Computing kpt #:     5
     total cpu time spent up to now is        1.6 secs

     Computing kpt #:     6
     total cpu time spent up to now is        1.8 secs

     Computing kpt #:     7
     total cpu time spent up to now is        2.0 secs

     Computing kpt #:     8
     total cpu time spent up to now is        2.3 secs

     Computing kpt #:     9
     total cpu time spent up to now is        2.5 secs

     Computing kpt #:    10
     total cpu time spent up to now is        2.8 secs

     ethr =  1.25E-12,  avg # of iterations = 22.4

     total cpu time spent up to now is        2.8 secs

     End of band structure calculation

          k =-0.1250 0.1251 0.1250     band energies (ev):

    -5.5659   4.7052   6.0123   6.0126   8.8580   9.3238   9.3242  11.1315
    13.7022  13.7028  14.9180  16.9871  18.8253  18.8259  22.8169  27.6844
    27.6852  27.8670  30.5860  30.5861  32.7851  32.7852  33.6021  36.3535
    38.3557  38.3564  39.1450  41.2354  41.2361  41.9519  43.7264  43.7273

     occupation numbers 
     1.0000   1.0000   1.0000   1.0000   0.0000   0.0000   0.0000   0.0000
     0.0000   0.0000   0.0000   0.0000   0.0000   0.0000   0.0000   0.0000
     0.0000   0.0000   0.0000   0.0000   0.0000   0.0000   0.0000   0.0000
     0.0000   0.0000   0.0000   0.0000   0.0000   0.0000   0.0000   0.0000

          k =-0.3750 0.3751-0.1250     band energies (ev):

    -4.4927   1.6474   3.9397   5.5175   9.0971  10.0221  10.1919  12.6545
    12.8948  16.1135  16.5517  18.7847  20.4836  21.8453  23.0035  24.5060
    25.3993  28.0903  28.6247  29.5408  32.6698  33.2031  33.6752  36.2098
    36.2929  37.4661  37.8864  38.8536  40.0955  41.1119  41.3813  43.9116

     occupation numbers 
     1.0000   1.0000   1.0000   1.0000   0.0000   0.0000   0.0000   0.0000
     0.0000   0.0000   0.0000   0.0000   0.0000   0.0000   0.0000   0.0000
     0.0000   0.0000   0.0000   0.0000   0.0000   0.0000   0.0000   0.0000
     0.0000   0.0000   0.0000   0.0000   0.0000   0.0000   0.0000   0.0000

          k = 0.3750-0.3749 0.6250     band energies (ev):

    -3.2842  -0.5346   3.9899   4.7072   8.5328   9.8582  10.4596  13.7301
    15.3028  17.0208  17.9246  18.1717  18.9263  21.5180  24.7456  26.2389
    26.7736  27.6971  28.6094  28.9359  31.2341  32.3953  33.0811  34.2784
    34.7220  36.0969  36.6180  36.6717  39.2172  40.1384  40.5800  40.7261

     occupation numbers 
     1.0000   1.0000   1.0000   1.0000   0.0000   0.0000   0.0000   0.0000
     0.0000   0.0000   0.0000   0.0000   0.0000   0.0000   0.0000   0.0000
     0.0000   0.0000   0.0000   0.0000   0.0000   0.0000   0.0000   0.0000
     0.0000   0.0000   0.0000   0.0000   0.0000   0.0000   0.0000   0.0000

          k = 0.1250-0.1249 0.3750     band energies (ev):

    -5.0138   3.0806   4.9543   5.0474   8.4486  10.1057  10.8440  11.0942
    13.9280  14.6889  16.2582  17.8948  19.5872  20.8717  24.1436  24.5689
    25.6413  28.0892  28.2893  29.5659  32.7258  33.9130  34.9553  36.3554
    38.2213  38.7278  38.7554  39.8429  40.3355  41.1915  42.1174  42.7696

     occupation numbers 
     1.0000   1.0000   1.0000   1.0000   0.0000   0.0000   0.0000   0.0000
     0.0000   0.0000   0.0000   0.0000   0.0000   0.0000   0.0000   0.0000
     0.0000   0.0000   0.0000   0.0000   0.0000   0.0000   0.0000   0.0000
     0.0000   0.0000   0.0000   0.0000   0.0000   0.0000   0.0000   0.0000

          k =-0.1250 0.6251 0.1250     band energies (ev):

    -3.9357   1.3779   3.5645   4.0422   7.6219   9.1919  12.4059  12.6803
    16.5389  16.6005  17.9931  19.7673  20.0963  21.3112  22.3564  23.5227
    25.0529  26.3251  28.4609  30.7180  31.6742  33.0350  33.0546  33.8911
    35.5629  35.9734  37.0313  39.6565  40.2975  42.1356  42.6260  43.4957

     occupation numbers 
     1.0000   1.0000   1.0000   1.0000   0.0000   0.0000   0.0000   0.0000
     0.0000   0.0000   0.0000   0.0000   0.0000   0.0000   0.0000   0.0000
     0.0000   0.0000   0.0000   0.0000   0.0000   0.0000   0.0000   0.0000
     0.0000   0.0000   0.0000   0.0000   0.0000   0.0000   0.0000   0.0000

          k = 0.6250-0.1249 0.8750     band energies (ev):

    -2.2138  -0.6403   2.1180   3.2567   8.6786  10.5987  11.6606  13.8398
    14.8512  17.5829  18.7150  20.6740  21.8980  22.5330  23.9931  24.7683
    25.3107  25.9805  27.5443  28.3279  29.2885  30.7553  31.4957  34.1905
    34.5184  35.3579  37.2901  37.7098  38.7292  39.1303  40.8672  43.1940

     occupation numbers 
     1.0000   1.0000   1.0000   1.0000   0.0000   0.0000   0.0000   0.0000
     0.0000   0.0000   0.0000   0.0000   0.0000   0.0000   0.0000   0.0000
     0.0000   0.0000   0.0000   0.0000   0.0000   0.0000   0.0000   0.0000
     0.0000   0.0000   0.0000   0.0000   0.0000   0.0000   0.0000   0.0000

          k = 0.3750 0.1251 0.6250     band energies (ev):

    -3.4974   0.4321   2.9029   4.3260   9.1931   9.8911  11.3755  12.3325
    15.4740  16.1305  18.3727  19.4288  20.6815  21.5784  23.7511  24.7819
    25.5992  27.5478  28.4424  29.3823  30.7541  32.1694  32.5317  33.7157
    35.3600  36.2457  37.8775  38.0670  38.9548  39.9369  41.1111  42.4601

     occupation numbers 
     1.0000   1.0000   1.0000   1.0000   0.0000   0.0000   0.0000   0.0000
     0.0000   0.0000   0.0000   0.0000   0.0000   0.0000   0.0000   0.0000
     0.0000   0.0000   0.0000   0.0000   0.0000   0.0000   0.0000   0.0000
     0.0000   0.0000   0.0000   0.0000   0.0000   0.0000   0.0000   0.0000

          k =-0.1250-0.8749 0.1250     band energies (ev):

    -2.4029  -0.5270   2.7677   3.5555   7.1446   8.2483  14.7137  14.7770
    17.2061  17.3365  18.9149  19.2657  21.3467  21.5847  22.3558  25.1580
    25.2397  25.8696  27.2680  28.8882  29.1017  30.0513  30.7006  32.5704
    36.1181  36.6146  38.4455  39.1607  39.8445  41.1394  42.3534  42.5888

     occupation numbers 
     1.0000   1.0000   1.0000   1.0000   0.0000   0.0000   0.0000   0.0000
     0.0000   0.0000   0.0000   0.0000   0.0000   0.0000   0.0000   0.0000
     0.0000   0.0000   0.0000   0.0000   0.0000   0.0000   0.0000   0.0000
     0.0000   0.0000   0.0000   0.0000   0.0000   0.0000   0.0000   0.0000

          k =-0.3750 0.3751 0.3750     band energies (ev):

    -4.0352   0.2829   5.1987   5.1989   8.0507   9.7942   9.7944  14.0875
    15.0664  15.0673  16.0024  20.3298  20.3307  20.3956  23.0756  25.1033
    25.1042  29.2997  30.4146  30.5772  30.5773  33.4965  33.4975  35.0353
    35.0353  35.8771  37.6202  39.3247  39.3259  40.3731  40.3743  40.4290

     occupation numbers 
     1.0000   1.0000   1.0000   1.0000   0.0000   0.0000   0.0000   0.0000
     0.0000   0.0000   0.0000   0.0000   0.0000   0.0000   0.0000   0.0000
     0.0000   0.0000   0.0000   0.0000   0.0000   0.0000   0.0000   0.0000
     0.0000   0.0000   0.0000   0.0000   0.0000   0.0000   0.0000   0.0000

          k = 0.3750-0.3749 1.1250     band energies (ev):

    -2.7653  -0.3789   2.2054   4.3741   8.1330  11.8259  11.8722  13.3483
    14.3958  14.4401  18.9153  21.4510  21.5133  22.5424  22.9207  25.0648
    25.9833  26.4520  28.3471  28.6997  31.3614  31.7608  32.4995  32.9503
    34.2050  35.0752  36.0385  36.6860  39.9806  40.9178  41.6460  42.5145

     occupation numbers 
     1.0000   1.0000   1.0000   1.0000   0.0000   0.0000   0.0000   0.0000
     0.0000   0.0000   0.0000   0.0000   0.0000   0.0000   0.0000   0.0000
     0.0000   0.0000   0.0000   0.0000   0.0000   0.0000   0.0000   0.0000
     0.0000   0.0000   0.0000   0.0000   0.0000   0.0000   0.0000   0.0000

     highest occupied, lowest unoccupied level (ev):     6.0126    7.1446

     Writing output data file Si_shift2_nscf.save

     init_run     :      0.03s CPU      0.04s WALL (       1 calls)
     electrons    :      2.66s CPU      2.68s WALL (       1 calls)

     Called by init_run:
     wfcinit      :      0.00s CPU      0.00s WALL (       1 calls)
     potinit      :      0.00s CPU      0.00s WALL (       1 calls)

     Called by electrons:
     c_bands      :      2.66s CPU      2.67s WALL (       1 calls)
     v_of_rho     :      0.00s CPU      0.00s WALL (       1 calls)
     v_h          :      0.00s CPU      0.00s WALL (       1 calls)
     v_xc         :      0.00s CPU      0.00s WALL (       1 calls)

     Called by c_bands:
     init_us_2    :      0.00s CPU      0.00s WALL (      10 calls)
     cegterg      :      2.55s CPU      2.56s WALL (      15 calls)

     Called by sum_band:

     Called by *egterg:
     h_psi        :      1.01s CPU      1.03s WALL (     249 calls)
     g_psi        :      0.00s CPU      0.01s WALL (     224 calls)
     cdiaghg      :      1.17s CPU      1.15s WALL (     234 calls)
     cegterg:over :      0.21s CPU      0.19s WALL (     224 calls)
     cegterg:upda :      0.12s CPU      0.15s WALL (     224 calls)
     cegterg:last :      0.08s CPU      0.09s WALL (      45 calls)

     Called by h_psi:
     h_psi:vloc   :      0.97s CPU      0.99s WALL (     249 calls)
     h_psi:vnl    :      0.04s CPU      0.04s WALL (     249 calls)
     add_vuspsi   :      0.02s CPU      0.02s WALL (     249 calls)

     General routines
     calbec       :      0.02s CPU      0.02s WALL (     249 calls)
     fft          :      0.00s CPU      0.01s WALL (       3 calls)
     fftw         :      0.91s CPU      0.91s WALL (    8354 calls)
     davcio       :      0.00s CPU      0.00s WALL (      20 calls)

     Parallel routines
     fft_scatter  :      0.03s CPU      0.04s WALL (    8357 calls)

     PWSCF        :     2.82s CPU         2.89s WALL


   This run was terminated on:  11:45:44  30Jun2015            

=------------------------------------------------------------------------------=
   JOB DONE.
=------------------------------------------------------------------------------=
