
     Program PWSCF v.5.0.2 (svn rev. 9656) starts on 30Jun2015 at 11:46:35 

     This program is part of the open-source Quantum ESPRESSO suite
     for quantum simulation of materials; please cite
         "P. Giannozzi et al., J. Phys.:Condens. Matter 21 395502 (2009);
          URL http://www.quantum-espresso.org", 
     in publications or presentations arising from this work. More details at
     http://www.quantum-espresso.org/quote.php

     Parallel version (MPI), running on     1 processors

     Current dimensions of program PWSCF are:
     Max number of different atomic species (ntypx) = 10
     Max number of k-points (npk) =  40000
     Max angular momentum in pseudopotentials (lmaxx) =  3
     Waiting for input...
     Reading input from standard input

     Atomic positions and unit cell read from directory:
     ./Si_shift3_nscf.save/


     Subspace diagonalization in iterative solution of the eigenvalue problem:
     a serial algorithm will be used


     G-vector sticks info
     --------------------
     sticks:   dense  smooth     PW     G-vecs:    dense   smooth      PW
     Sum         211     211     85                 2085     2085     459



     bravais-lattice index     =            2
     lattice parameter (alat)  =      10.1830  a.u.
     unit-cell volume          =     263.9777 (a.u.)^3
     number of atoms/cell      =            2
     number of atomic types    =            1
     number of electrons       =         8.00
     number of Kohn-Sham states=           32
     kinetic-energy cutoff     =      15.0000  Ry
     charge density cutoff     =      60.0000  Ry
     Exchange-correlation      =  SLA  PZ   NOGX NOGC ( 1 1 0 0 0)
     EXX-fraction              =        0.00

     celldm(1)=  10.183000  celldm(2)=   0.000000  celldm(3)=   0.000000
     celldm(4)=   0.000000  celldm(5)=   0.000000  celldm(6)=   0.000000

     crystal axes: (cart. coord. in units of alat)
               a(1) = (  -0.500000   0.000000   0.500000 )  
               a(2) = (   0.000000   0.500000   0.500000 )  
               a(3) = (  -0.500000   0.500000   0.000000 )  

     reciprocal axes: (cart. coord. in units 2 pi/alat)
               b(1) = ( -1.000000 -1.000000  1.000000 )  
               b(2) = (  1.000000  1.000000  1.000000 )  
               b(3) = ( -1.000000  1.000000 -1.000000 )  


     PseudoPot. # 1 for Si read from file:
     ./Si.vbc.UPF
     MD5 check sum: 7974b67c806a44bbea7c2da40a3c413a
     Pseudo is Norm-conserving, Zval =  4.0
     Generated by new atomic code, or converted to UPF format
     Using radial grid of  431 points,  2 beta functions with: 
                l(1) =   0
                l(2) =   1

     atomic species   valence    mass     pseudopotential
        Si             4.00    28.08600     Si( 1.00)

     24 Sym. Ops. (no inversion) found


                                    s                        frac. trans.

      isym =  1     identity                                     

 cryst.   s( 1) = (     1          0          0      )
                  (     0          1          0      )
                  (     0          0          1      )

 cart.    s( 1) = (  1.0000000  0.0000000  0.0000000 )
                  (  0.0000000  1.0000000  0.0000000 )
                  (  0.0000000  0.0000000  1.0000000 )


      isym =  2     180 deg rotation - cart. axis [0,0,1]        

 cryst.   s( 2) = (     0          1         -1      )
                  (     1          0         -1      )
                  (     0          0         -1      )

 cart.    s( 2) = ( -1.0000000  0.0000000  0.0000000 )
                  (  0.0000000 -1.0000000  0.0000000 )
                  (  0.0000000  0.0000000  1.0000000 )


      isym =  3     180 deg rotation - cart. axis [0,1,0]        

 cryst.   s( 3) = (    -1          0          0      )
                  (    -1          0          1      )
                  (    -1          1          0      )

 cart.    s( 3) = ( -1.0000000  0.0000000  0.0000000 )
                  (  0.0000000  1.0000000  0.0000000 )
                  (  0.0000000  0.0000000 -1.0000000 )


      isym =  4     180 deg rotation - cart. axis [1,0,0]        

 cryst.   s( 4) = (     0         -1          1      )
                  (     0         -1          0      )
                  (     1         -1          0      )

 cart.    s( 4) = (  1.0000000  0.0000000  0.0000000 )
                  (  0.0000000 -1.0000000  0.0000000 )
                  (  0.0000000  0.0000000 -1.0000000 )


      isym =  5     120 deg rotation - cart. axis [-1,-1,-1]     

 cryst.   s( 5) = (    -1          0          1      )
                  (    -1          1          0      )
                  (    -1          0          0      )

 cart.    s( 5) = (  0.0000000  1.0000000  0.0000000 )
                  (  0.0000000  0.0000000  1.0000000 )
                  (  1.0000000  0.0000000  0.0000000 )


      isym =  6     120 deg rotation - cart. axis [-1,1,1]       

 cryst.   s( 6) = (     0          1          0      )
                  (     0          0          1      )
                  (     1          0          0      )

 cart.    s( 6) = (  0.0000000 -1.0000000  0.0000000 )
                  (  0.0000000  0.0000000  1.0000000 )
                  ( -1.0000000  0.0000000  0.0000000 )


      isym =  7     120 deg rotation - cart. axis [1,1,-1]       

 cryst.   s( 7) = (     1          0         -1      )
                  (     0          0         -1      )
                  (     0          1         -1      )

 cart.    s( 7) = (  0.0000000  1.0000000  0.0000000 )
                  (  0.0000000  0.0000000 -1.0000000 )
                  ( -1.0000000  0.0000000  0.0000000 )


      isym =  8     120 deg rotation - cart. axis [1,-1,1]       

 cryst.   s( 8) = (     0         -1          0      )
                  (     1         -1          0      )
                  (     0         -1          1      )

 cart.    s( 8) = (  0.0000000 -1.0000000  0.0000000 )
                  (  0.0000000  0.0000000 -1.0000000 )
                  (  1.0000000  0.0000000  0.0000000 )


      isym =  9     120 deg rotation - cart. axis [1,1,1]        

 cryst.   s( 9) = (     0          0         -1      )
                  (     0          1         -1      )
                  (     1          0         -1      )

 cart.    s( 9) = (  0.0000000  0.0000000  1.0000000 )
                  (  1.0000000  0.0000000  0.0000000 )
                  (  0.0000000  1.0000000  0.0000000 )


      isym = 10     120 deg rotation - cart. axis [-1,1,-1]      

 cryst.   s(10) = (    -1          1          0      )
                  (    -1          0          0      )
                  (    -1          0          1      )

 cart.    s(10) = (  0.0000000  0.0000000  1.0000000 )
                  ( -1.0000000  0.0000000  0.0000000 )
                  (  0.0000000 -1.0000000  0.0000000 )


      isym = 11     120 deg rotation - cart. axis [1,-1,-1]      

 cryst.   s(11) = (     0          0          1      )
                  (     1          0          0      )
                  (     0          1          0      )

 cart.    s(11) = (  0.0000000  0.0000000 -1.0000000 )
                  ( -1.0000000  0.0000000  0.0000000 )
                  (  0.0000000  1.0000000  0.0000000 )


      isym = 12     120 deg rotation - cart. axis [-1,-1,1]      

 cryst.   s(12) = (     1         -1          0      )
                  (     0         -1          1      )
                  (     0         -1          0      )

 cart.    s(12) = (  0.0000000  0.0000000 -1.0000000 )
                  (  1.0000000  0.0000000  0.0000000 )
                  (  0.0000000 -1.0000000  0.0000000 )


      isym = 13     inv. 180 deg rotation - cart. axis [1,1,0]   

 cryst.   s(13) = (     0          1          0      )
                  (     1          0          0      )
                  (     0          0          1      )

 cart.    s(13) = (  0.0000000 -1.0000000  0.0000000 )
                  ( -1.0000000  0.0000000  0.0000000 )
                  (  0.0000000  0.0000000  1.0000000 )


      isym = 14     inv. 180 deg rotation - cart. axis [1,-1,0]  

 cryst.   s(14) = (     1          0         -1      )
                  (     0          1         -1      )
                  (     0          0         -1      )

 cart.    s(14) = (  0.0000000  1.0000000  0.0000000 )
                  (  1.0000000  0.0000000  0.0000000 )
                  (  0.0000000  0.0000000  1.0000000 )


      isym = 15     inv.  90 deg rotation - cart. axis [0,0,-1]  

 cryst.   s(15) = (     0         -1          0      )
                  (     0         -1          1      )
                  (     1         -1          0      )

 cart.    s(15) = (  0.0000000 -1.0000000  0.0000000 )
                  (  1.0000000  0.0000000  0.0000000 )
                  (  0.0000000  0.0000000 -1.0000000 )


      isym = 16     inv.  90 deg rotation - cart. axis [0,0,1]   

 cryst.   s(16) = (    -1          0          1      )
                  (    -1          0          0      )
                  (    -1          1          0      )

 cart.    s(16) = (  0.0000000  1.0000000  0.0000000 )
                  ( -1.0000000  0.0000000  0.0000000 )
                  (  0.0000000  0.0000000 -1.0000000 )


      isym = 17     inv. 180 deg rotation - cart. axis [1,0,1]   

 cryst.   s(17) = (     1          0          0      )
                  (     0          0          1      )
                  (     0          1          0      )

 cart.    s(17) = (  0.0000000  0.0000000 -1.0000000 )
                  (  0.0000000  1.0000000  0.0000000 )
                  ( -1.0000000  0.0000000  0.0000000 )


      isym = 18     inv. 180 deg rotation - cart. axis [-1,0,1]  

 cryst.   s(18) = (    -1          0          0      )
                  (    -1          1          0      )
                  (    -1          0          1      )

 cart.    s(18) = (  0.0000000  0.0000000  1.0000000 )
                  (  0.0000000  1.0000000  0.0000000 )
                  (  1.0000000  0.0000000  0.0000000 )


      isym = 19     inv.  90 deg rotation - cart. axis [0,1,0]   

 cryst.   s(19) = (     0         -1          1      )
                  (     1         -1          0      )
                  (     0         -1          0      )

 cart.    s(19) = (  0.0000000  0.0000000 -1.0000000 )
                  (  0.0000000 -1.0000000  0.0000000 )
                  (  1.0000000  0.0000000  0.0000000 )


      isym = 20     inv.  90 deg rotation - cart. axis [0,-1,0]  

 cryst.   s(20) = (     0          1         -1      )
                  (     0          0         -1      )
                  (     1          0         -1      )

 cart.    s(20) = (  0.0000000  0.0000000  1.0000000 )
                  (  0.0000000 -1.0000000  0.0000000 )
                  ( -1.0000000  0.0000000  0.0000000 )


      isym = 21     inv. 180 deg rotation - cart. axis [0,1,1]   

 cryst.   s(21) = (     1         -1          0      )
                  (     0         -1          0      )
                  (     0         -1          1      )

 cart.    s(21) = (  1.0000000  0.0000000  0.0000000 )
                  (  0.0000000  0.0000000 -1.0000000 )
                  (  0.0000000 -1.0000000  0.0000000 )


      isym = 22     inv. 180 deg rotation - cart. axis [0,1,-1]  

 cryst.   s(22) = (     0          0          1      )
                  (     0          1          0      )
                  (     1          0          0      )

 cart.    s(22) = (  1.0000000  0.0000000  0.0000000 )
                  (  0.0000000  0.0000000  1.0000000 )
                  (  0.0000000  1.0000000  0.0000000 )


      isym = 23     inv.  90 deg rotation - cart. axis [-1,0,0]  

 cryst.   s(23) = (     0          0         -1      )
                  (     1          0         -1      )
                  (     0          1         -1      )

 cart.    s(23) = ( -1.0000000  0.0000000  0.0000000 )
                  (  0.0000000  0.0000000 -1.0000000 )
                  (  0.0000000  1.0000000  0.0000000 )


      isym = 24     inv.  90 deg rotation - cart. axis [1,0,0]   

 cryst.   s(24) = (    -1          1          0      )
                  (    -1          0          1      )
                  (    -1          0          0      )

 cart.    s(24) = ( -1.0000000  0.0000000  0.0000000 )
                  (  0.0000000  0.0000000  1.0000000 )
                  (  0.0000000 -1.0000000  0.0000000 )


     point group T_d (-43m) 
     there are  5 classes
     the character table:

       E     8C3   3C2   6S4   6s_d 
A_1    1.00  1.00  1.00  1.00  1.00
A_2    1.00  1.00  1.00 -1.00 -1.00
E      2.00 -1.00  2.00  0.00  0.00
T_1    3.00  0.00 -1.00  1.00 -1.00
T_2    3.00  0.00 -1.00 -1.00  1.00

     the symmetry operations in each class:
     E        1
     3C2      2    3    4
     8C3      5    7    8    6   12    9   10   11
     6s_d    13   14   17   18   21   22
     6S4     15   16   20   19   23   24

   Cartesian axes

     site n.     atom                  positions (alat units)
         1           Si  tau(   1) = (   0.0000000   0.0000000   0.0000000  )
         2           Si  tau(   2) = (   0.2500000   0.2500000   0.2500000  )

   Crystallographic axes

     site n.     atom                  positions (cryst. coord.)
         1           Si  tau(   1) = (  0.0000000  0.0000000  0.0000000  )
         2           Si  tau(   2) = ( -0.2500000  0.7500000 -0.2500000  )

     number of k points=    10
                       cart. coord. in units 2pi/alat
        k(    1) = (  -0.1250000   0.1250000   0.1250810), wk =   0.2000000
        k(    2) = (  -0.3750000   0.3750000  -0.1249190), wk =   0.2000000
        k(    3) = (   0.3750000  -0.3750000   0.6250811), wk =   0.2000000
        k(    4) = (   0.1250000  -0.1250000   0.3750810), wk =   0.2000000
        k(    5) = (  -0.1250000   0.6250000   0.1250810), wk =   0.2000000
        k(    6) = (   0.6250000  -0.1250000   0.8750810), wk =   0.2000000
        k(    7) = (   0.3750000   0.1250000   0.6250811), wk =   0.2000000
        k(    8) = (  -0.1250000  -0.8749999   0.1250810), wk =   0.2000000
        k(    9) = (  -0.3750000   0.3750000   0.3750810), wk =   0.2000000
        k(   10) = (   0.3750000  -0.3750000   1.1250811), wk =   0.2000000

                       cryst. coord.
        k(    1) = (   0.1250405   0.1250405   0.1250000), wk =   0.2000000
        k(    2) = (   0.1250405   0.1250405   0.3750000), wk =   0.2000000
        k(    3) = (   0.1250405   0.1250405  -0.3750000), wk =   0.2000000
        k(    4) = (   0.1250405   0.1250405  -0.1250000), wk =   0.2000000
        k(    5) = (   0.1250405   0.3750405   0.3750000), wk =   0.2000000
        k(    6) = (   0.1250405   0.3750405  -0.3750000), wk =   0.2000000
        k(    7) = (   0.1250405   0.3750405  -0.1250000), wk =   0.2000000
        k(    8) = (   0.1250405  -0.3749595  -0.3750000), wk =   0.2000000
        k(    9) = (   0.3750405   0.3750405   0.3750000), wk =   0.2000000
        k(   10) = (   0.3750406   0.3750406  -0.3750000), wk =   0.2000000

     Dense  grid:     2085 G-vectors     FFT dimensions: (  18,  18,  18)

     Largest allocated arrays     est. size (Mb)     dimensions
        Kohn-Sham Wavefunctions         0.13 Mb     (    271,   32)
        NL pseudopotentials             0.03 Mb     (    271,    8)
        Each V/rho on FFT grid          0.09 Mb     (   5832)
        Each G-vector array             0.02 Mb     (   2085)
        G-vector shells                 0.00 Mb     (     54)
     Largest temporary arrays     est. size (Mb)     dimensions
        Auxiliary wavefunctions         0.53 Mb     (    271,  128)
        Each subspace H/S matrix        0.25 Mb     ( 128, 128)
        Each <psi_i|beta_j> matrix      0.00 Mb     (      8,   32)

     The potential is recalculated from file :
     ./Si_shift3_nscf.save/charge-density.dat

     Starting wfc are    8 randomized atomic wfcs

     total cpu time spent up to now is        0.1 secs

     per-process dynamical memory:     4.2 Mb

     Band Structure Calculation
     Davidson diagonalization with overlap

     Computing kpt #:     1
     total cpu time spent up to now is        0.4 secs

     Computing kpt #:     2
     total cpu time spent up to now is        0.8 secs

     Computing kpt #:     3
     total cpu time spent up to now is        1.0 secs

     Computing kpt #:     4
     total cpu time spent up to now is        1.3 secs

     Computing kpt #:     5
     total cpu time spent up to now is        1.5 secs

     Computing kpt #:     6
     total cpu time spent up to now is        1.8 secs

     Computing kpt #:     7
     total cpu time spent up to now is        2.1 secs

     Computing kpt #:     8
     total cpu time spent up to now is        2.3 secs

     Computing kpt #:     9
     total cpu time spent up to now is        2.5 secs

     Computing kpt #:    10
     total cpu time spent up to now is        2.8 secs

     ethr =  1.25E-12,  avg # of iterations = 22.8

     total cpu time spent up to now is        2.8 secs

     End of band structure calculation

          k =-0.1250 0.1250 0.1251     band energies (ev):

    -5.5659   4.7052   6.0123   6.0126   8.8580   9.3238   9.3242  11.1315
    13.7022  13.7028  14.9180  16.9871  18.8253  18.8259  22.8169  27.6844
    27.6852  27.8670  30.5860  30.5861  32.7851  32.7852  33.6021  36.3535
    38.3557  38.3564  39.1450  41.2354  41.2361  41.9519  43.7264  43.7273

     occupation numbers 
     1.0000   1.0000   1.0000   1.0000   0.0000   0.0000   0.0000   0.0000
     0.0000   0.0000   0.0000   0.0000   0.0000   0.0000   0.0000   0.0000
     0.0000   0.0000   0.0000   0.0000   0.0000   0.0000   0.0000   0.0000
     0.0000   0.0000   0.0000   0.0000   0.0000   0.0000   0.0000   0.0000

          k =-0.3750 0.3750-0.1249     band energies (ev):

    -4.4930   1.6482   3.9396   5.5177   9.0974  10.0221  10.1920  12.6537
    12.8943  16.1139  16.5512  18.7839  20.4835  21.8447  23.0036  24.5068
    25.3998  28.0895  28.6239  29.5404  32.6709  33.2034  33.6757  36.2110
    36.2929  37.4666  37.8865  38.8552  40.0960  41.1123  41.3815  43.9132

     occupation numbers 
     1.0000   1.0000   1.0000   1.0000   0.0000   0.0000   0.0000   0.0000
     0.0000   0.0000   0.0000   0.0000   0.0000   0.0000   0.0000   0.0000
     0.0000   0.0000   0.0000   0.0000   0.0000   0.0000   0.0000   0.0000
     0.0000   0.0000   0.0000   0.0000   0.0000   0.0000   0.0000   0.0000

          k = 0.3750-0.3750 0.6251     band energies (ev):

    -3.2839  -0.5350   3.9895   4.7072   8.5328   9.8584  10.4597  13.7307
    15.3029  17.0197  17.9241  18.1729  18.9271  21.5174  24.7470  26.2402
    26.7719  27.6980  28.6089  28.9344  31.2345  32.3964  33.0797  34.2783
    34.7219  36.0964  36.6177  36.6709  39.2170  40.1390  40.5799  40.7262

     occupation numbers 
     1.0000   1.0000   1.0000   1.0000   0.0000   0.0000   0.0000   0.0000
     0.0000   0.0000   0.0000   0.0000   0.0000   0.0000   0.0000   0.0000
     0.0000   0.0000   0.0000   0.0000   0.0000   0.0000   0.0000   0.0000
     0.0000   0.0000   0.0000   0.0000   0.0000   0.0000   0.0000   0.0000

          k = 0.1250-0.1250 0.3751     band energies (ev):

    -5.0135   3.0796   4.9540   5.0470   8.4486  10.1059  10.8445  11.0939
    13.9291  14.6893  16.2586  17.8954  19.5880  20.8728  24.1420  24.5677
    25.6423  28.0888  28.2889  29.5658  32.7257  33.9133  34.9549  36.3546
    38.2201  38.7284  38.7537  39.8426  40.3352  41.1915  42.1176  42.7689

     occupation numbers 
     1.0000   1.0000   1.0000   1.0000   0.0000   0.0000   0.0000   0.0000
     0.0000   0.0000   0.0000   0.0000   0.0000   0.0000   0.0000   0.0000
     0.0000   0.0000   0.0000   0.0000   0.0000   0.0000   0.0000   0.0000
     0.0000   0.0000   0.0000   0.0000   0.0000   0.0000   0.0000   0.0000

          k =-0.1250 0.6250 0.1251     band energies (ev):

    -3.9361   1.3783   3.5648   4.0425   7.6224   9.1928  12.4047  12.6793
    16.5384  16.6000  17.9921  19.7676  20.0956  21.3116  22.3563  23.5227
    25.0545  26.3258  28.4600  30.7188  31.6732  33.0363  33.0542  33.8925
    35.5629  35.9752  37.0314  39.6565  40.2964  42.1354  42.6263  43.4961

     occupation numbers 
     1.0000   1.0000   1.0000   1.0000   0.0000   0.0000   0.0000   0.0000
     0.0000   0.0000   0.0000   0.0000   0.0000   0.0000   0.0000   0.0000
     0.0000   0.0000   0.0000   0.0000   0.0000   0.0000   0.0000   0.0000
     0.0000   0.0000   0.0000   0.0000   0.0000   0.0000   0.0000   0.0000

          k = 0.6250-0.1250 0.8751     band energies (ev):

    -2.2141  -0.6400   2.1183   3.2565   8.6792  10.5980  11.6599  13.8405
    14.8512  17.5842  18.7138  20.6738  21.8977  22.5323  23.9926  24.7689
    25.3113  25.9809  27.5445  28.3272  29.2889  30.7540  31.4966  34.1913
    34.5186  35.3591  37.2890  37.7096  38.7285  39.1309  40.8674  43.1939

     occupation numbers 
     1.0000   1.0000   1.0000   1.0000   0.0000   0.0000   0.0000   0.0000
     0.0000   0.0000   0.0000   0.0000   0.0000   0.0000   0.0000   0.0000
     0.0000   0.0000   0.0000   0.0000   0.0000   0.0000   0.0000   0.0000
     0.0000   0.0000   0.0000   0.0000   0.0000   0.0000   0.0000   0.0000

          k = 0.3750 0.1250 0.6251     band energies (ev):

    -3.4971   0.4320   2.9022   4.3254   9.1933   9.8915  11.3745  12.3339
    15.4743  16.1300  18.3735  19.4300  20.6817  21.5779  23.7514  24.7821
    25.5987  27.5478  28.4416  29.3815  30.7535  32.1692  32.5311  33.7158
    35.3589  36.2463  37.8771  38.0671  38.9548  39.9364  41.1093  42.4616

     occupation numbers 
     1.0000   1.0000   1.0000   1.0000   0.0000   0.0000   0.0000   0.0000
     0.0000   0.0000   0.0000   0.0000   0.0000   0.0000   0.0000   0.0000
     0.0000   0.0000   0.0000   0.0000   0.0000   0.0000   0.0000   0.0000
     0.0000   0.0000   0.0000   0.0000   0.0000   0.0000   0.0000   0.0000

          k =-0.1250-0.8750 0.1251     band energies (ev):

    -2.4023  -0.5276   2.7673   3.5555   7.1446   8.2487  14.7139  14.7773
    17.2049  17.3353  18.9161  19.2668  21.3471  21.5844  22.3563  25.1593
    25.2402  25.8689  27.2684  28.8871  29.1010  30.0505  30.7003  32.5697
    36.1183  36.6152  38.4451  39.1620  39.8431  41.1391  42.3536  42.5885

     occupation numbers 
     1.0000   1.0000   1.0000   1.0000   0.0000   0.0000   0.0000   0.0000
     0.0000   0.0000   0.0000   0.0000   0.0000   0.0000   0.0000   0.0000
     0.0000   0.0000   0.0000   0.0000   0.0000   0.0000   0.0000   0.0000
     0.0000   0.0000   0.0000   0.0000   0.0000   0.0000   0.0000   0.0000

          k =-0.3750 0.3750 0.3751     band energies (ev):

    -4.0352   0.2829   5.1987   5.1989   8.0507   9.7942   9.7944  14.0875
    15.0664  15.0673  16.0024  20.3298  20.3307  20.3956  23.0756  25.1033
    25.1042  29.2997  30.4146  30.5772  30.5773  33.4965  33.4975  35.0353
    35.0353  35.8771  37.6202  39.3247  39.3259  40.3731  40.3743  40.4290

     occupation numbers 
     1.0000   1.0000   1.0000   1.0000   0.0000   0.0000   0.0000   0.0000
     0.0000   0.0000   0.0000   0.0000   0.0000   0.0000   0.0000   0.0000
     0.0000   0.0000   0.0000   0.0000   0.0000   0.0000   0.0000   0.0000
     0.0000   0.0000   0.0000   0.0000   0.0000   0.0000   0.0000   0.0000

          k = 0.3750-0.3750 1.1251     band energies (ev):

    -2.7656  -0.3789   2.2060   4.3744   8.1333  11.8249  11.8713  13.3492
    14.3961  14.4404  18.9140  21.4503  21.5130  22.5418  22.9207  25.0663
    25.9841  26.4522  28.3468  28.6997  31.3623  31.7622  32.4994  32.9501
    34.2043  35.0746  36.0385  36.6880  39.9792  40.9174  41.6462  42.5151

     occupation numbers 
     1.0000   1.0000   1.0000   1.0000   0.0000   0.0000   0.0000   0.0000
     0.0000   0.0000   0.0000   0.0000   0.0000   0.0000   0.0000   0.0000
     0.0000   0.0000   0.0000   0.0000   0.0000   0.0000   0.0000   0.0000
     0.0000   0.0000   0.0000   0.0000   0.0000   0.0000   0.0000   0.0000

     highest occupied, lowest unoccupied level (ev):     6.0126    7.1446

     Writing output data file Si_shift3_nscf.save

     init_run     :      0.03s CPU      0.03s WALL (       1 calls)
     electrons    :      2.71s CPU      2.73s WALL (       1 calls)

     Called by init_run:
     wfcinit      :      0.00s CPU      0.00s WALL (       1 calls)
     potinit      :      0.00s CPU      0.00s WALL (       1 calls)

     Called by electrons:
     c_bands      :      2.71s CPU      2.73s WALL (       1 calls)
     v_of_rho     :      0.00s CPU      0.00s WALL (       1 calls)
     v_h          :      0.00s CPU      0.00s WALL (       1 calls)
     v_xc         :      0.00s CPU      0.00s WALL (       1 calls)

     Called by c_bands:
     init_us_2    :      0.00s CPU      0.00s WALL (      10 calls)
     cegterg      :      2.61s CPU      2.62s WALL (      17 calls)

     Called by sum_band:

     Called by *egterg:
     h_psi        :      1.06s CPU      1.07s WALL (     255 calls)
     g_psi        :      0.01s CPU      0.01s WALL (     228 calls)
     cdiaghg      :      1.16s CPU      1.16s WALL (     238 calls)
     cegterg:over :      0.19s CPU      0.19s WALL (     228 calls)
     cegterg:upda :      0.15s CPU      0.15s WALL (     228 calls)
     cegterg:last :      0.09s CPU      0.09s WALL (      47 calls)

     Called by h_psi:
     h_psi:vloc   :      1.01s CPU      1.02s WALL (     255 calls)
     h_psi:vnl    :      0.04s CPU      0.04s WALL (     255 calls)
     add_vuspsi   :      0.02s CPU      0.02s WALL (     255 calls)

     General routines
     calbec       :      0.02s CPU      0.02s WALL (     255 calls)
     fft          :      0.01s CPU      0.01s WALL (       3 calls)
     fftw         :      0.98s CPU      0.95s WALL (    8582 calls)
     davcio       :      0.00s CPU      0.00s WALL (      20 calls)

     Parallel routines
     fft_scatter  :      0.02s CPU      0.04s WALL (    8585 calls)

     PWSCF        :     2.86s CPU         2.90s WALL


   This run was terminated on:  11:46:38  30Jun2015            

=------------------------------------------------------------------------------=
   JOB DONE.
=------------------------------------------------------------------------------=
