
     Program PWSCF v.6.5 starts on 27Mar2021 at 17:28: 9 

     This program is part of the open-source Quantum ESPRESSO suite
     for quantum simulation of materials; please cite
         "P. Giannozzi et al., J. Phys.:Condens. Matter 21 395502 (2009);
         "P. Giannozzi et al., J. Phys.:Condens. Matter 29 465901 (2017);
          URL http://www.quantum-espresso.org", 
     in publications or presentations arising from this work. More details at
     http://www.quantum-espresso.org/quote

     Parallel version (MPI), running on     1 processors

     MPI processes distributed on     1 nodes
     Waiting for input...
     Reading input from standard input

     Current dimensions of program PWSCF are:
     Max number of different atomic species (ntypx) = 10
     Max number of k-points (npk) =  40000
     Max angular momentum in pseudopotentials (lmaxx) =  3

     Atomic positions and unit cell read from directory:
     ./CH4_3dist.save/                                                                                                                                                                                                                                               

               file H.pbe-mt_fhi.UPF: wavefunction(s)  2p 4f renormalized
               file C.pbe-mt_fhi.UPF: wavefunction(s)  4f renormalized

     gamma-point specific algorithms are used

     Subspace diagonalization in iterative solution of the eigenvalue problem:
     a serial algorithm will be used


     G-vector sticks info
     --------------------
     sticks:   dense  smooth     PW     G-vecs:    dense   smooth      PW
     Sum        8863    8863   2221               551097   551097   69041


     Title: 
     CH4_3dist                                                                  


     bravais-lattice index     =            2
     lattice parameter (alat)  =      40.1006  a.u.
     unit-cell volume          =   16120.9920 (a.u.)^3
     number of atoms/cell      =            5
     number of atomic types    =            2
     number of electrons       =         8.00
     number of Kohn-Sham states=           20
     kinetic-energy cutoff     =      40.0000  Ry
     charge density cutoff     =     160.0000  Ry
     Exchange-correlation= PBE
                           (   1   4   3   4   0   0   0)

     celldm(1)=  40.100574  celldm(2)=   0.000000  celldm(3)=   0.000000
     celldm(4)=   0.000000  celldm(5)=   0.000000  celldm(6)=   0.000000

     crystal axes: (cart. coord. in units of alat)
               a(1) = (  -0.500000   0.000000   0.500000 )  
               a(2) = (   0.000000   0.500000   0.500000 )  
               a(3) = (  -0.500000   0.500000   0.000000 )  

     reciprocal axes: (cart. coord. in units 2 pi/alat)
               b(1) = ( -1.000000 -1.000000  1.000000 )  
               b(2) = (  1.000000  1.000000  1.000000 )  
               b(3) = ( -1.000000  1.000000 -1.000000 )  


     PseudoPot. # 1 for H  read from file:
     ../../psp/H.pbe-mt_fhi.UPF
     MD5 check sum: a19bd5488733b3d98581df861506e80d
     Pseudo is Norm-conserving, Zval =  1.0
     Generated using FHI98PP, converted with fhi2upf.x v.5.0.2
     Using radial grid of  387 points,  3 beta functions with: 
                l(1) =   0
                l(2) =   1
                l(3) =   3

     PseudoPot. # 2 for C  read from file:
     ../../psp/C.pbe-mt_fhi.UPF
     MD5 check sum: 058ca341f9d6d5327d9962fd88a91b65
     Pseudo is Norm-conserving, Zval =  4.0
     Generated using FHI98PP, converted with fhi2upf.x v.5.0.2
     Using radial grid of  461 points,  3 beta functions with: 
                l(1) =   0
                l(2) =   1
                l(3) =   3

     atomic species   valence    mass     pseudopotential
        H              1.00     1.00794     H ( 1.00)
        C              4.00    12.01070     C ( 1.00)

     No symmetry found


                                    s                        frac. trans.

      isym =  1     identity                                     

 cryst.   s( 1) = (     1          0          0      )
                  (     0          1          0      )
                  (     0          0          1      )

 cart.    s( 1) = (  1.0000000  0.0000000  0.0000000 )
                  (  0.0000000  1.0000000  0.0000000 )
                  (  0.0000000  0.0000000  1.0000000 )


     point group C_1 (1)    
     there are  1 classes
     the character table:

       E    
A      1.00

     the symmetry operations in each class and the name of the first element:

     E        1
          identity                                               

   Cartesian axes

     site n.     atom                  positions (alat units)
         1           C   tau(   1) = (   0.0000000   0.0000000   0.0000000  )
         2           H   tau(   2) = (   0.0349901   0.0349901   0.0349901  )
         3           H   tau(   3) = (  -0.0286282  -0.0286282   0.0286282  )
         4           H   tau(   4) = (   0.0381710  -0.0381710  -0.0381710  )
         5           H   tau(   5) = (  -0.0318091   0.0318091  -0.0318091  )

   Crystallographic axes

     site n.     atom                  positions (cryst. coord.)
         1           C   tau(   1) = (  0.0000000  0.0000000  0.0000000  )
         2           H   tau(   2) = ( -0.0349901  0.1049702 -0.0349901  )
         3           H   tau(   3) = (  0.0858847 -0.0286282 -0.0286282  )
         4           H   tau(   4) = ( -0.0381710 -0.0381710 -0.0381710  )
         5           H   tau(   5) = ( -0.0318091 -0.0318091  0.0954274  )

     number of k points=     1  Methfessel-Paxton smearing, width (Ry)=  0.0007
                       cart. coord. in units 2pi/alat
        k(    1) = (   0.0000000   0.0000000   0.0000000), wk =   2.0000000

                       cryst. coord.
        k(    1) = (   0.0000000   0.0000000   0.0000000), wk =   2.0000000

     Dense  grid:   275549 G-vectors     FFT dimensions: ( 120, 120, 120)

     Dynamical RAM for                 wfc:      10.51 MB

     Dynamical RAM for     wfc (w. buffer):      10.51 MB

     Dynamical RAM for           str. fact:       8.41 MB

     Dynamical RAM for           local pot:       0.00 MB

     Dynamical RAM for          nlocal pot:      28.90 MB

     Dynamical RAM for                qrad:       5.18 MB

     Dynamical RAM for          rho,v,vnew:      52.16 MB

     Dynamical RAM for           G-vectors:      17.87 MB

     Dynamical RAM for          h,s,v(r/c):       0.15 MB

     Dynamical RAM for          <psi|beta>:       0.01 MB

     Dynamical RAM for                 psi:      42.03 MB

     Dynamical RAM for                hpsi:      42.03 MB

     Dynamical RAM for      wfcinit/wfcrot:      84.22 MB

     Estimated static dynamical RAM per process >     201.56 MB

     Estimated max dynamical RAM per process >     285.78 MB

     The potential is recalculated from file :
     ./CH4_3dist.save/charge-density

     Starting wfcs are   80 randomized atomic wfcs

     Band Structure Calculation
     Davidson diagonalization with overlap

     Computing kpt #:     1  of     1
     total cpu time spent up to now is       24.4 secs

     ethr =  1.00E-06,  avg # of iterations = 31.0

     total cpu time spent up to now is       24.4 secs

     End of band structure calculation

          k = 0.0000 0.0000 0.0000 ( 34521 PWs)   bands (ev):

   -16.2995  -9.5151  -8.8952  -8.3589  -0.7619   0.2232   0.4628   0.6006
     0.6330   0.8191   0.8619   0.8957   1.0014   1.1764   1.1782   1.1783
     1.2202   1.2297   1.2387   1.3792

     occupation numbers 
     1.0000   1.0000   1.0000   1.0000  -0.0000  -0.0000  -0.0000  -0.0000
    -0.0000  -0.0000  -0.0000  -0.0000  -0.0000  -0.0000  -0.0000  -0.0000
    -0.0000  -0.0000  -0.0000  -0.0000

     the Fermi energy is    -7.4602 ev

     Writing output data file ./CH4_3dist.save/

     init_run     :      0.70s CPU      0.85s WALL (       1 calls)
     electrons    :     23.37s CPU     23.47s WALL (       1 calls)

     Called by init_run:
     wfcinit      :      0.00s CPU      0.00s WALL (       1 calls)
     wfcinit:atom :      0.02s CPU      0.03s WALL (       1 calls)
     wfcinit:wfcr :      3.74s CPU      3.76s WALL (       1 calls)
     potinit      :      0.48s CPU      0.60s WALL (       1 calls)
     hinit0       :      0.13s CPU      0.15s WALL (       1 calls)

     Called by electrons:
     c_bands      :     23.37s CPU     23.47s WALL (       1 calls)
     v_of_rho     :      0.43s CPU      0.54s WALL (       1 calls)
     v_h          :      0.04s CPU      0.05s WALL (       1 calls)
     v_xc         :      0.39s CPU      0.49s WALL (       1 calls)

     Called by c_bands:
     init_us_2    :      0.01s CPU      0.02s WALL (       1 calls)
     regterg      :     19.46s CPU     19.50s WALL (       2 calls)

     Called by sum_band:

     Called by *egterg:
     h_psi        :     16.01s CPU     16.03s WALL (      34 calls)
     g_psi        :      0.04s CPU      0.04s WALL (      31 calls)
     rdiaghg      :      0.02s CPU      0.02s WALL (      32 calls)
     regterg:over :      3.22s CPU      3.22s WALL (      31 calls)
     regterg:upda :      1.52s CPU      1.52s WALL (      31 calls)
     regterg:last :      1.04s CPU      1.04s WALL (       8 calls)

     Called by h_psi:
     h_psi:calbec :      2.20s CPU      2.20s WALL (      34 calls)
     vloc_psi     :     12.38s CPU     12.38s WALL (      34 calls)
     add_vuspsi   :      1.41s CPU      1.41s WALL (      34 calls)

     General routines
     calbec       :      2.20s CPU      2.20s WALL (      34 calls)
     fft          :      0.30s CPU      0.30s WALL (       8 calls)
     fftw         :     11.28s CPU     11.28s WALL (     496 calls)
     davcio       :      0.00s CPU      0.01s WALL (       2 calls)

     Parallel routines

     PWSCF        :     24.17s CPU     24.44s WALL


   This run was terminated on:  17:28:34  27Mar2021            

=------------------------------------------------------------------------------=
   JOB DONE.
=------------------------------------------------------------------------------=
