
     Program PWSCF v.6.5 starts on 10Dec2020 at 18:36: 7 

     This program is part of the open-source Quantum ESPRESSO suite
     for quantum simulation of materials; please cite
         "P. Giannozzi et al., J. Phys.:Condens. Matter 21 395502 (2009);
         "P. Giannozzi et al., J. Phys.:Condens. Matter 29 465901 (2017);
          URL http://www.quantum-espresso.org", 
     in publications or presentations arising from this work. More details at
     http://www.quantum-espresso.org/quote

     Parallel version (MPI), running on     1 processors

     MPI processes distributed on     1 nodes
     Waiting for input...
     Reading input from standard input

     Current dimensions of program PWSCF are:
     Max number of different atomic species (ntypx) = 10
     Max number of k-points (npk) =  40000
     Max angular momentum in pseudopotentials (lmaxx) =  3

     Subspace diagonalization in iterative solution of the eigenvalue problem:
     a serial algorithm will be used


     G-vector sticks info
     --------------------
     sticks:   dense  smooth     PW     G-vecs:    dense   smooth      PW
     Sum        2677    2677    733               350177   350177   49579



     bravais-lattice index     =            4
     lattice parameter (alat)  =      12.6872  a.u.
     unit-cell volume          =    5575.9936 (a.u.)^3
     number of atoms/cell      =            8
     number of atomic types    =            2
     number of electrons       =        70.00 (up:  38.00, down:  32.00)
     number of Kohn-Sham states=           38
     kinetic-energy cutoff     =      60.0000  Ry
     charge density cutoff     =     240.0000  Ry
     convergence threshold     =      1.0E-08
     mixing beta               =       0.7000
     number of iterations used =            8  plain     mixing
     Exchange-correlation= PZ
                           (   1   1   0   0   0   0   0)

     celldm(1)=  12.687201  celldm(2)=   0.000000  celldm(3)=   3.152784
     celldm(4)=   0.000000  celldm(5)=   0.000000  celldm(6)=   0.000000

     crystal axes: (cart. coord. in units of alat)
               a(1) = (   1.000000   0.000000   0.000000 )  
               a(2) = (  -0.500000   0.866025   0.000000 )  
               a(3) = (   0.000000   0.000000   3.152784 )  

     reciprocal axes: (cart. coord. in units 2 pi/alat)
               b(1) = (  1.000000  0.577350 -0.000000 )  
               b(2) = (  0.000000  1.154701  0.000000 )  
               b(3) = (  0.000000 -0.000000  0.317180 )  


     PseudoPot. # 1 for Cr read from file:
     ../../psps/Cr.upf
     MD5 check sum: b32cdf955d2375499d0ea06d1493a96a
     Pseudo is Norm-conserving + core correction, Zval = 14.0
     Generated using ONCVPSP code by D. R. Hamann
     Using radial grid of 1600 points,  6 beta functions with: 
                l(1) =   0
                l(2) =   0
                l(3) =   1
                l(4) =   1
                l(5) =   2
                l(6) =   2

     PseudoPot. # 2 for I  read from file:
     ../../psps/I.upf
     MD5 check sum: d0d4d45a39a9ecd37d4d9deb6bd296a3
     Pseudo is Norm-conserving + core correction, Zval =  7.0
     Generated using ONCVPSP code by D. R. Hamann
     Using radial grid of 1196 points,  6 beta functions with: 
                l(1) =   0
                l(2) =   0
                l(3) =   1
                l(4) =   1
                l(5) =   2
                l(6) =   2

     atomic species   valence    mass     pseudopotential
        Cr            14.00    51.99000     Cr( 1.00)
        I              7.00   126.90000     I ( 1.00)

     Starting magnetic structure 
     atomic species   magnetization
        Cr           1.000
        I            0.000

     12 Sym. Ops., with inversion, found


                                    s                        frac. trans.

      isym =  1     identity                                     

 cryst.   s( 1) = (     1          0          0      )
                  (     0          1          0      )
                  (     0          0          1      )

 cart.    s( 1) = (  1.0000000  0.0000000  0.0000000 )
                  (  0.0000000  1.0000000  0.0000000 )
                  (  0.0000000  0.0000000  1.0000000 )


      isym =  2     180 deg rotation - cart. axis [0,1,0]        

 cryst.   s( 2) = (    -1          0          0      )
                  (     1          1          0      )
                  (     0          0         -1      )

 cart.    s( 2) = ( -1.0000000  0.0000000  0.0000000 )
                  (  0.0000000  1.0000000  0.0000000 )
                  (  0.0000000  0.0000000 -1.0000000 )


      isym =  3     120 deg rotation - cryst. axis [0,0,1]       

 cryst.   s( 3) = (     0          1          0      )
                  (    -1         -1          0      )
                  (     0          0          1      )

 cart.    s( 3) = ( -0.5000000 -0.8660254  0.0000000 )
                  (  0.8660254 -0.5000000  0.0000000 )
                  (  0.0000000  0.0000000  1.0000000 )


      isym =  4     120 deg rotation - cryst. axis [0,0,-1]      

 cryst.   s( 4) = (    -1         -1          0      )
                  (     1          0          0      )
                  (     0          0          1      )

 cart.    s( 4) = ( -0.5000000  0.8660254  0.0000000 )
                  ( -0.8660254 -0.5000000  0.0000000 )
                  (  0.0000000  0.0000000  1.0000000 )


      isym =  5     180 deg rotation - cryst. axis [1,-1,0]      

 cryst.   s( 5) = (     0         -1          0      )
                  (    -1          0          0      )
                  (     0          0         -1      )

 cart.    s( 5) = (  0.5000000 -0.8660254  0.0000000 )
                  ( -0.8660254 -0.5000000  0.0000000 )
                  (  0.0000000  0.0000000 -1.0000000 )


      isym =  6     180 deg rotation - cryst. axis [2,1,0]       

 cryst.   s( 6) = (     1          1          0      )
                  (     0         -1          0      )
                  (     0          0         -1      )

 cart.    s( 6) = (  0.5000000  0.8660254  0.0000000 )
                  (  0.8660254 -0.5000000  0.0000000 )
                  (  0.0000000  0.0000000 -1.0000000 )


      isym =  7     inversion                                    

 cryst.   s( 7) = (    -1          0          0      )
                  (     0         -1          0      )
                  (     0          0         -1      )

 cart.    s( 7) = ( -1.0000000  0.0000000  0.0000000 )
                  (  0.0000000 -1.0000000  0.0000000 )
                  (  0.0000000  0.0000000 -1.0000000 )


      isym =  8     inv. 180 deg rotation - cart. axis [0,1,0]   

 cryst.   s( 8) = (     1          0          0      )
                  (    -1         -1          0      )
                  (     0          0          1      )

 cart.    s( 8) = (  1.0000000  0.0000000  0.0000000 )
                  (  0.0000000 -1.0000000  0.0000000 )
                  (  0.0000000  0.0000000  1.0000000 )


      isym =  9     inv. 120 deg rotation - cryst. axis [0,0,1]  

 cryst.   s( 9) = (     0         -1          0      )
                  (     1          1          0      )
                  (     0          0         -1      )

 cart.    s( 9) = (  0.5000000  0.8660254  0.0000000 )
                  ( -0.8660254  0.5000000  0.0000000 )
                  (  0.0000000  0.0000000 -1.0000000 )


      isym = 10     inv. 120 deg rotation - cryst. axis [0,0,-1] 

 cryst.   s(10) = (     1          1          0      )
                  (    -1          0          0      )
                  (     0          0         -1      )

 cart.    s(10) = (  0.5000000 -0.8660254  0.0000000 )
                  (  0.8660254  0.5000000  0.0000000 )
                  (  0.0000000  0.0000000 -1.0000000 )


      isym = 11     inv. 180 deg rotation - cryst. axis [1,-1,0] 

 cryst.   s(11) = (     0          1          0      )
                  (     1          0          0      )
                  (     0          0          1      )

 cart.    s(11) = ( -0.5000000  0.8660254  0.0000000 )
                  (  0.8660254  0.5000000  0.0000000 )
                  (  0.0000000  0.0000000  1.0000000 )


      isym = 12     inv. 180 deg rotation - cryst. axis [2,1,0]  

 cryst.   s(12) = (    -1         -1          0      )
                  (     0          1          0      )
                  (     0          0          1      )

 cart.    s(12) = ( -0.5000000 -0.8660254  0.0000000 )
                  ( -0.8660254  0.5000000  0.0000000 )
                  (  0.0000000  0.0000000  1.0000000 )


     point group D_3d (-3m) 
     there are  6 classes
     the character table:

       E     2C3   3C2'  i     2S6   3s_d 
A_1g   1.00  1.00  1.00  1.00  1.00  1.00
A_2g   1.00  1.00 -1.00  1.00  1.00 -1.00
E_g    2.00 -1.00  0.00  2.00 -1.00  0.00
A_1u   1.00  1.00  1.00 -1.00 -1.00 -1.00
A_2u   1.00  1.00 -1.00 -1.00 -1.00  1.00
E_u    2.00 -1.00  0.00 -2.00  1.00  0.00

     the symmetry operations in each class and the name of the first element:

     E        1
          identity                                               
     2C3      3    4
          120 deg rotation - cryst. axis [0,0,1]                 
     3C2'     2    6    5
          180 deg rotation - cart. axis [0,1,0]                  
     i        7
          inversion                                              
     2S6      9   10
          inv. 120 deg rotation - cryst. axis [0,0,1]            
     3s_d     8   12   11
          inv. 180 deg rotation - cart. axis [0,1,0]             

   Cartesian axes

     site n.     atom                  positions (alat units)
         1           Cr  tau(   1) = (   0.5000000   0.2886751   0.0000000  )
         2           Cr  tau(   2) = (  -0.0000000   0.5773503   0.0000000  )
         3           I   tau(   3) = (   0.3254097   0.5636261  -0.2277343  )
         4           I   tau(   4) = (  -0.1745903   0.3023993  -0.2277343  )
         5           I   tau(   5) = (   0.3491807   0.0000000  -0.2277343  )
         6           I   tau(   6) = (   0.1745903   0.3023993   0.2277343  )
         7           I   tau(   7) = (   0.6508193   0.0000000   0.2277343  )
         8           I   tau(   8) = (  -0.3254097   0.5636261   0.2277343  )

   Crystallographic axes

     site n.     atom                  positions (cryst. coord.)
         1           Cr  tau(   1) = (  0.6666667  0.3333333  0.0000000  )
         2           Cr  tau(   2) = (  0.3333333  0.6666667  0.0000000  )
         3           I   tau(   3) = (  0.6508193  0.6508193 -0.0722328  )
         4           I   tau(   4) = (  0.0000000  0.3491807 -0.0722328  )
         5           I   tau(   5) = (  0.3491807  0.0000000 -0.0722328  )
         6           I   tau(   6) = (  0.3491807  0.3491807  0.0722328  )
         7           I   tau(   7) = (  0.6508193  0.0000000  0.0722328  )
         8           I   tau(   8) = (  0.0000000  0.6508193  0.0722328  )

     number of k points=     3
                       cart. coord. in units 2pi/alat
        k(    1) = (   0.0000000   0.0000000   0.0000000), wk =   0.1111111
        k(    2) = (   0.0000000   0.3849002   0.0000000), wk =   0.6666667
        k(    3) = (   0.3333333   0.5773503   0.0000000), wk =   0.2222222

                       cryst. coord.
        k(    1) = (   0.0000000   0.0000000   0.0000000), wk =   0.1111111
        k(    2) = (   0.0000000   0.3333333   0.0000000), wk =   0.6666667
        k(    3) = (   0.3333333   0.3333333   0.0000000), wk =   0.2222222

     Dense  grid:   350177 G-vectors     FFT dimensions: (  64,  64, 200)

     Dynamical RAM for                 wfc:      25.37 MB

     Dynamical RAM for     wfc (w. buffer):     177.62 MB

     Dynamical RAM for           str. fact:      10.69 MB

     Dynamical RAM for           local pot:       0.00 MB

     Dynamical RAM for          nlocal pot:      96.16 MB

     Dynamical RAM for                qrad:       5.02 MB

     Dynamical RAM for          rho,v,vnew:      69.56 MB

     Dynamical RAM for               rhoin:      23.19 MB

     Dynamical RAM for            rho*nmix:     170.98 MB

     Dynamical RAM for           G-vectors:      22.71 MB

     Dynamical RAM for          h,s,v(r/c):       1.06 MB

     Dynamical RAM for          <psi|beta>:       0.08 MB

     Dynamical RAM for                 psi:     101.50 MB

     Dynamical RAM for                hpsi:     101.50 MB

     Dynamical RAM for      wfcinit/wfcrot:      58.81 MB

     Estimated static dynamical RAM per process >     629.45 MB

     Estimated max dynamical RAM per process >     833.59 MB
     Generating pointlists ...
     new r_m :   0.1639 (alat units)  2.0799 (a.u.) for type    1
     new r_m :   0.1639 (alat units)  2.0799 (a.u.) for type    2

     Check: negative core charge=   -0.000002

     Initial potential from superposition of free atoms

     starting charge   69.99738, renormalised to   70.00000
     Starting wfcs are   44 randomized atomic wfcs

     total cpu time spent up to now is       17.1 secs

     Self-consistent Calculation

     iteration #  1     ecut=    60.00 Ry     beta= 0.70
     Davidson diagonalization with overlap
     ethr =  1.00E-02,  avg # of iterations =  4.0

     total cpu time spent up to now is       60.2 secs

     total energy              =    -511.14485320 Ry
     Harris-Foulkes estimate   =    -505.91013815 Ry
     estimated scf accuracy    <       4.96195600 Ry

     total magnetization       =     6.00 Bohr mag/cell
     absolute magnetization    =    10.32 Bohr mag/cell

     iteration #  2     ecut=    60.00 Ry     beta= 0.70
     Davidson diagonalization with overlap
     ethr =  7.09E-03,  avg # of iterations =  4.0

     total cpu time spent up to now is      102.2 secs

     total energy              =    -510.55596617 Ry
     Harris-Foulkes estimate   =    -511.88830015 Ry
     estimated scf accuracy    <       2.64761776 Ry

     total magnetization       =     6.00 Bohr mag/cell
     absolute magnetization    =    10.28 Bohr mag/cell

     iteration #  3     ecut=    60.00 Ry     beta= 0.70
     Davidson diagonalization with overlap
     ethr =  3.78E-03,  avg # of iterations =  4.5

     total cpu time spent up to now is      154.9 secs

     total energy              =    -511.21864783 Ry
     Harris-Foulkes estimate   =    -513.04271510 Ry
     estimated scf accuracy    <       7.47037804 Ry

     total magnetization       =     6.00 Bohr mag/cell
     absolute magnetization    =     6.29 Bohr mag/cell

     iteration #  4     ecut=    60.00 Ry     beta= 0.70
     Davidson diagonalization with overlap
     ethr =  3.78E-03,  avg # of iterations =  4.8

     total cpu time spent up to now is      206.1 secs

     total energy              =    -511.92857928 Ry
     Harris-Foulkes estimate   =    -511.97470675 Ry
     estimated scf accuracy    <       0.16557881 Ry

     total magnetization       =     6.00 Bohr mag/cell
     absolute magnetization    =     7.38 Bohr mag/cell

     iteration #  5     ecut=    60.00 Ry     beta= 0.70
     Davidson diagonalization with overlap
     ethr =  2.37E-04,  avg # of iterations =  5.7

     total cpu time spent up to now is      261.7 secs

     total energy              =    -511.99166525 Ry
     Harris-Foulkes estimate   =    -511.98994765 Ry
     estimated scf accuracy    <       0.00667852 Ry

     total magnetization       =     6.00 Bohr mag/cell
     absolute magnetization    =     7.06 Bohr mag/cell

     iteration #  6     ecut=    60.00 Ry     beta= 0.70
     Davidson diagonalization with overlap
     ethr =  9.54E-06,  avg # of iterations =  3.5

     total cpu time spent up to now is      303.1 secs

     total energy              =    -511.99302341 Ry
     Harris-Foulkes estimate   =    -511.99265632 Ry
     estimated scf accuracy    <       0.00274028 Ry

     total magnetization       =     6.00 Bohr mag/cell
     absolute magnetization    =     7.09 Bohr mag/cell

     iteration #  7     ecut=    60.00 Ry     beta= 0.70
     Davidson diagonalization with overlap
     ethr =  3.91E-06,  avg # of iterations =  3.0

     total cpu time spent up to now is      352.7 secs

     total energy              =    -511.99399658 Ry
     Harris-Foulkes estimate   =    -511.99496958 Ry
     estimated scf accuracy    <       0.00752377 Ry

     total magnetization       =     6.00 Bohr mag/cell
     absolute magnetization    =     6.90 Bohr mag/cell

     iteration #  8     ecut=    60.00 Ry     beta= 0.70
     Davidson diagonalization with overlap
     ethr =  3.91E-06,  avg # of iterations =  3.2

     total cpu time spent up to now is      389.1 secs

     total energy              =    -511.99369946 Ry
     Harris-Foulkes estimate   =    -511.99421415 Ry
     estimated scf accuracy    <       0.00191756 Ry

     total magnetization       =     6.00 Bohr mag/cell
     absolute magnetization    =     6.92 Bohr mag/cell

     iteration #  9     ecut=    60.00 Ry     beta= 0.70
     Davidson diagonalization with overlap
     ethr =  2.74E-06,  avg # of iterations =  4.0

     total cpu time spent up to now is      432.4 secs

     total energy              =    -511.99407864 Ry
     Harris-Foulkes estimate   =    -511.99411533 Ry
     estimated scf accuracy    <       0.00025782 Ry

     total magnetization       =     6.00 Bohr mag/cell
     absolute magnetization    =     6.92 Bohr mag/cell

     iteration # 10     ecut=    60.00 Ry     beta= 0.70
     Davidson diagonalization with overlap
     ethr =  3.68E-07,  avg # of iterations =  2.7

     total cpu time spent up to now is      467.8 secs

     total energy              =    -511.99408322 Ry
     Harris-Foulkes estimate   =    -511.99409394 Ry
     estimated scf accuracy    <       0.00005224 Ry

     total magnetization       =     6.00 Bohr mag/cell
     absolute magnetization    =     6.90 Bohr mag/cell

     iteration # 11     ecut=    60.00 Ry     beta= 0.70
     Davidson diagonalization with overlap
     ethr =  7.46E-08,  avg # of iterations =  4.0

     total cpu time spent up to now is      509.2 secs

     total energy              =    -511.99409261 Ry
     Harris-Foulkes estimate   =    -511.99409322 Ry
     estimated scf accuracy    <       0.00000198 Ry

     total magnetization       =     6.00 Bohr mag/cell
     absolute magnetization    =     6.90 Bohr mag/cell

     iteration # 12     ecut=    60.00 Ry     beta= 0.70
     Davidson diagonalization with overlap
     ethr =  2.83E-09,  avg # of iterations =  4.2

     total cpu time spent up to now is      555.4 secs

     total energy              =    -511.99409324 Ry
     Harris-Foulkes estimate   =    -511.99409324 Ry
     estimated scf accuracy    <       0.00000003 Ry

     total magnetization       =     6.00 Bohr mag/cell
     absolute magnetization    =     6.90 Bohr mag/cell

     iteration # 13     ecut=    60.00 Ry     beta= 0.70
     Davidson diagonalization with overlap
     ethr =  3.92E-11,  avg # of iterations =  4.8

     total cpu time spent up to now is      613.2 secs

     total energy              =    -511.99409326 Ry
     Harris-Foulkes estimate   =    -511.99409327 Ry
     estimated scf accuracy    <       0.00000002 Ry

     total magnetization       =     6.00 Bohr mag/cell
     absolute magnetization    =     6.90 Bohr mag/cell

     iteration # 14     ecut=    60.00 Ry     beta= 0.70
     Davidson diagonalization with overlap
     ethr =  3.24E-11,  avg # of iterations =  3.0

     Magnetic moment per site:
     atom:    1    charge:   12.4058    magn:    2.8355    constr:    0.0000
     atom:    2    charge:   12.4058    magn:    2.8355    constr:    0.0000
     atom:    3    charge:    3.9630    magn:   -0.0357    constr:    0.0000
     atom:    4    charge:    3.9630    magn:   -0.0357    constr:    0.0000
     atom:    5    charge:    3.9630    magn:   -0.0357    constr:    0.0000
     atom:    6    charge:    3.9630    magn:   -0.0357    constr:    0.0000
     atom:    7    charge:    3.9630    magn:   -0.0357    constr:    0.0000
     atom:    8    charge:    3.9630    magn:   -0.0357    constr:    0.0000

     total cpu time spent up to now is      652.7 secs

     End of self-consistent calculation

 ------ SPIN UP ------------


          k = 0.0000 0.0000 0.0000 ( 43743 PWs)   bands (ev):

   -74.4523 -74.4507 -46.1822 -46.1812 -46.1714 -46.1714 -46.1664 -46.1664
   -15.6310 -14.7575 -14.3972 -14.3972 -14.3013 -14.3013  -7.2038  -6.6965
    -6.1518  -6.1518  -6.1405  -6.1405  -5.7150  -5.3390  -5.2453  -5.2453
    -4.7970  -4.7970  -4.3914  -3.6146  -3.5728  -3.5728  -3.2848  -2.9383
    -2.9383  -2.9200  -2.8397  -2.8397  -2.3749  -2.3749

     occupation numbers 
     1.0000   1.0000   1.0000   1.0000   1.0000   1.0000   1.0000   1.0000
     1.0000   1.0000   1.0000   1.0000   1.0000   1.0000   1.0000   1.0000
     1.0000   1.0000   1.0000   1.0000   1.0000   1.0000   1.0000   1.0000
     1.0000   1.0000   1.0000   1.0000   1.0000   1.0000   1.0000   1.0000
     1.0000   1.0000   1.0000   1.0000   1.0000   1.0000

          k = 0.0000 0.3849 0.0000 ( 43735 PWs)   bands (ev):

   -74.4515 -74.4514 -46.1821 -46.1813 -46.1714 -46.1702 -46.1674 -46.1664
   -15.3780 -14.7308 -14.6174 -14.4939 -14.3605 -14.3376  -7.2024  -6.5834
    -6.3182  -6.1912  -6.0471  -5.6306  -5.6168  -5.2987  -5.2394  -4.9293
    -4.5204  -4.4200  -4.3709  -4.1515  -3.8979  -3.7807  -3.2157  -3.2132
    -3.0893  -2.8228  -2.8057  -2.7805  -2.5519  -2.3233

     occupation numbers 
     1.0000   1.0000   1.0000   1.0000   1.0000   1.0000   1.0000   1.0000
     1.0000   1.0000   1.0000   1.0000   1.0000   1.0000   1.0000   1.0000
     1.0000   1.0000   1.0000   1.0000   1.0000   1.0000   1.0000   1.0000
     1.0000   1.0000   1.0000   1.0000   1.0000   1.0000   1.0000   1.0000
     1.0000   1.0000   1.0000   1.0000   1.0000   1.0000

          k = 0.3333 0.5774 0.0000 ( 43680 PWs)   bands (ev):

   -74.4512 -74.4512 -46.1817 -46.1817 -46.1715 -46.1687 -46.1687 -46.1659
   -15.0218 -15.0218 -14.6661 -14.4508 -14.4508 -14.3773  -6.7180  -6.7180
    -6.2938  -6.1201  -6.1201  -5.6598  -5.6598  -5.6360  -5.2743  -4.9507
    -4.2701  -4.2701  -4.2364  -4.0224  -4.0224  -3.6585  -3.5296  -3.5296
    -3.0195  -2.8275  -2.6384  -2.6384  -2.4747  -2.4747

     occupation numbers 
     1.0000   1.0000   1.0000   1.0000   1.0000   1.0000   1.0000   1.0000
     1.0000   1.0000   1.0000   1.0000   1.0000   1.0000   1.0000   1.0000
     1.0000   1.0000   1.0000   1.0000   1.0000   1.0000   1.0000   1.0000
     1.0000   1.0000   1.0000   1.0000   1.0000   1.0000   1.0000   1.0000
     1.0000   1.0000   1.0000   1.0000   1.0000   1.0000

 ------ SPIN DOWN ----------


          k = 0.0000 0.0000 0.0000 ( 43743 PWs)   bands (ev):

   -71.6259 -71.6244 -43.3702 -43.3688 -43.3338 -43.3338 -43.3276 -43.3276
   -15.5923 -14.7589 -14.3931 -14.3931 -14.2973 -14.2973  -6.9356  -6.4664
    -5.9722  -5.9722  -5.8634  -5.8634  -5.6171  -5.1461  -4.6120  -4.6120
    -4.3352  -4.3114  -4.3114  -3.6060  -3.1859  -3.1859  -2.5190  -2.5190
    -0.7113  -0.6823  -0.6823  -0.6109  -0.3047  -0.3047

     occupation numbers 
     1.0000   1.0000   1.0000   1.0000   1.0000   1.0000   1.0000   1.0000
     1.0000   1.0000   1.0000   1.0000   1.0000   1.0000   1.0000   1.0000
     1.0000   1.0000   1.0000   1.0000   1.0000   1.0000   1.0000   1.0000
     1.0000   1.0000   1.0000   1.0000   1.0000   1.0000   1.0000   1.0000
     0.0000   0.0000   0.0000   0.0000   0.0000   0.0000

          k = 0.0000 0.3849 0.0000 ( 43735 PWs)   bands (ev):

   -71.6251 -71.6251 -43.3700 -43.3689 -43.3338 -43.3324 -43.3288 -43.3275
   -15.3440 -14.7170 -14.6177 -14.4911 -14.3571 -14.3311  -6.9680  -6.3505
    -6.2102  -5.9682  -5.7871  -5.3553  -5.1702  -4.7754  -4.7528  -4.4440
    -4.2611  -4.1152  -4.0548  -3.9141  -3.6413  -3.3518  -3.1608  -2.8502
    -0.8189  -0.7529  -0.4976  -0.3845  -0.3656  -0.2668

     occupation numbers 
     1.0000   1.0000   1.0000   1.0000   1.0000   1.0000   1.0000   1.0000
     1.0000   1.0000   1.0000   1.0000   1.0000   1.0000   1.0000   1.0000
     1.0000   1.0000   1.0000   1.0000   1.0000   1.0000   1.0000   1.0000
     1.0000   1.0000   1.0000   1.0000   1.0000   1.0000   1.0000   1.0000
     0.0000   0.0000   0.0000   0.0000   0.0000   0.0000

          k = 0.3333 0.5774 0.0000 ( 43680 PWs)   bands (ev):

   -71.6249 -71.6249 -43.3695 -43.3695 -43.3341 -43.3305 -43.3305 -43.3269
   -14.9955 -14.9955 -14.6633 -14.4496 -14.4496 -14.3714  -6.4900  -6.4900
    -6.0137  -5.9368  -5.9368  -5.4453  -5.2692  -5.2692  -4.6836  -4.5966
    -3.9782  -3.9588  -3.9588  -3.5198  -3.5198  -3.4849  -3.1166  -3.1166
    -0.8046  -0.8046  -0.6901  -0.4997  -0.2455  -0.2455

     occupation numbers 
     1.0000   1.0000   1.0000   1.0000   1.0000   1.0000   1.0000   1.0000
     1.0000   1.0000   1.0000   1.0000   1.0000   1.0000   1.0000   1.0000
     1.0000   1.0000   1.0000   1.0000   1.0000   1.0000   1.0000   1.0000
     1.0000   1.0000   1.0000   1.0000   1.0000   1.0000   1.0000   1.0000
     0.0000   0.0000   0.0000   0.0000   0.0000   0.0000

     highest occupied, lowest unoccupied level (ev):    -2.3233   -0.8189

!    total energy              =    -511.99409327 Ry
     Harris-Foulkes estimate   =    -511.99409327 Ry
     estimated scf accuracy    <          1.4E-09 Ry

     The total energy is the sum of the following terms:

     one-electron contribution =   -2094.09717311 Ry
     hartree contribution      =    1049.09317742 Ry
     xc contribution           =    -100.06033382 Ry
     ewald contribution        =     633.07023625 Ry

     total magnetization       =     6.00 Bohr mag/cell
     absolute magnetization    =     6.90 Bohr mag/cell

     convergence has been achieved in  14 iterations

     Writing output data file ./CrI3_kx3_e60.save/

     init_run     :     16.66s CPU     16.89s WALL (       1 calls)
     electrons    :    633.77s CPU    635.63s WALL (       1 calls)

     Called by init_run:
     wfcinit      :     15.21s CPU     15.38s WALL (       1 calls)
     wfcinit:atom :      0.08s CPU      0.14s WALL (       6 calls)
     wfcinit:wfcr :     14.53s CPU     14.58s WALL (       6 calls)
     potinit      :      0.58s CPU      0.61s WALL (       1 calls)
     hinit0       :      0.60s CPU      0.61s WALL (       1 calls)

     Called by electrons:
     c_bands      :    581.21s CPU    582.93s WALL (      14 calls)
     sum_band     :     48.41s CPU     48.44s WALL (      14 calls)
     v_of_rho     :      2.13s CPU      2.15s WALL (      15 calls)
     v_h          :      0.36s CPU      0.36s WALL (      15 calls)
     v_xc         :      1.77s CPU      1.80s WALL (      15 calls)
     mix_rho      :      1.94s CPU      2.02s WALL (      14 calls)

     Called by c_bands:
     init_us_2    :      3.32s CPU      3.35s WALL (     174 calls)
     cegterg      :    567.26s CPU    568.91s WALL (      84 calls)

     Called by sum_band:

     Called by *egterg:
     h_psi        :    425.07s CPU    426.53s WALL (     422 calls)
     g_psi        :      0.79s CPU      0.79s WALL (     332 calls)
     cdiaghg      :      1.53s CPU      1.53s WALL (     416 calls)
     cegterg:over :     66.25s CPU     66.26s WALL (     332 calls)
     cegterg:upda :     45.11s CPU     45.18s WALL (     332 calls)
     cegterg:last :     22.71s CPU     22.72s WALL (      84 calls)

     Called by h_psi:
     h_psi:calbec :     89.79s CPU     89.81s WALL (     422 calls)
     vloc_psi     :    245.94s CPU    246.18s WALL (     422 calls)
     add_vuspsi   :     88.37s CPU     88.38s WALL (     422 calls)

     General routines
     calbec       :     89.79s CPU     89.81s WALL (     422 calls)
     fft          :      1.34s CPU      1.34s WALL (      73 calls)
     ffts         :      0.54s CPU      0.54s WALL (      28 calls)
     fftw         :    264.50s CPU    264.70s WALL (   21132 calls)

     Parallel routines

     PWSCF        :  10m50.66s CPU  10m52.85s WALL


   This run was terminated on:  18:47: 0  10Dec2020            

=------------------------------------------------------------------------------=
   JOB DONE.
=------------------------------------------------------------------------------=
