
     Program PWSCF v.6.5 starts on  5Mar2021 at 17:36:47 

     This program is part of the open-source Quantum ESPRESSO suite
     for quantum simulation of materials; please cite
         "P. Giannozzi et al., J. Phys.:Condens. Matter 21 395502 (2009);
         "P. Giannozzi et al., J. Phys.:Condens. Matter 29 465901 (2017);
          URL http://www.quantum-espresso.org", 
     in publications or presentations arising from this work. More details at
     http://www.quantum-espresso.org/quote

     Parallel version (MPI), running on     1 processors

     MPI processes distributed on     1 nodes
     Waiting for input...
     Reading input from standard input

     Current dimensions of program PWSCF are:
     Max number of different atomic species (ntypx) = 10
     Max number of k-points (npk) =  40000
     Max angular momentum in pseudopotentials (lmaxx) =  3

     Atomic positions and unit cell read from directory:
     ./CH4.save/                                                                                                                                                                                                                                                     

               file H.pbe-mt_fhi.UPF: wavefunction(s)  2p 4f renormalized
               file C.pbe-mt_fhi.UPF: wavefunction(s)  4f renormalized

     gamma-point specific algorithms are used

     Subspace diagonalization in iterative solution of the eigenvalue problem:
     a serial algorithm will be used


     G-vector sticks info
     --------------------
     sticks:   dense  smooth     PW     G-vecs:    dense   smooth      PW
     Sum       10229   10229   2561               778439   778439   97521


     Title: 
     CH4                                                                        


     bravais-lattice index     =            8
     lattice parameter (alat)  =      28.3459  a.u.
     unit-cell volume          =   22775.6292 (a.u.)^3
     number of atoms/cell      =            5
     number of atomic types    =            2
     number of electrons       =         8.00
     number of Kohn-Sham states=           20
     kinetic-energy cutoff     =      40.0000  Ry
     charge density cutoff     =     160.0000  Ry
     Exchange-correlation= PBE
                           (   1   4   3   4   0   0   0)

     celldm(1)=  28.345892  celldm(2)=   1.000000  celldm(3)=   1.000000
     celldm(4)=   0.000000  celldm(5)=   0.000000  celldm(6)=   0.000000

     crystal axes: (cart. coord. in units of alat)
               a(1) = (   1.000000   0.000000   0.000000 )  
               a(2) = (   0.000000   1.000000   0.000000 )  
               a(3) = (   0.000000   0.000000   1.000000 )  

     reciprocal axes: (cart. coord. in units 2 pi/alat)
               b(1) = (  1.000000  0.000000  0.000000 )  
               b(2) = (  0.000000  1.000000  0.000000 )  
               b(3) = (  0.000000  0.000000  1.000000 )  


     PseudoPot. # 1 for H  read from file:
     ../../psp/H.pbe-mt_fhi.UPF
     MD5 check sum: a19bd5488733b3d98581df861506e80d
     Pseudo is Norm-conserving, Zval =  1.0
     Generated using FHI98PP, converted with fhi2upf.x v.5.0.2
     Using radial grid of  387 points,  3 beta functions with: 
                l(1) =   0
                l(2) =   1
                l(3) =   3

     PseudoPot. # 2 for C  read from file:
     ../../psp/C.pbe-mt_fhi.UPF
     MD5 check sum: 058ca341f9d6d5327d9962fd88a91b65
     Pseudo is Norm-conserving, Zval =  4.0
     Generated using FHI98PP, converted with fhi2upf.x v.5.0.2
     Using radial grid of  461 points,  3 beta functions with: 
                l(1) =   0
                l(2) =   1
                l(3) =   3

     atomic species   valence    mass     pseudopotential
        H              1.00     1.00794     H ( 1.00)
        C              4.00    12.01070     C ( 1.00)

     24 Sym. Ops. (no inversion) found


                                    s                        frac. trans.

      isym =  1     identity                                     

 cryst.   s( 1) = (     1          0          0      )
                  (     0          1          0      )
                  (     0          0          1      )

 cart.    s( 1) = (  1.0000000  0.0000000  0.0000000 )
                  (  0.0000000  1.0000000  0.0000000 )
                  (  0.0000000  0.0000000  1.0000000 )


      isym =  2     180 deg rotation - cart. axis [0,0,1]        

 cryst.   s( 2) = (    -1          0          0      )
                  (     0         -1          0      )
                  (     0          0          1      )

 cart.    s( 2) = ( -1.0000000  0.0000000  0.0000000 )
                  (  0.0000000 -1.0000000  0.0000000 )
                  (  0.0000000  0.0000000  1.0000000 )


      isym =  3     180 deg rotation - cart. axis [0,1,0]        

 cryst.   s( 3) = (    -1          0          0      )
                  (     0          1          0      )
                  (     0          0         -1      )

 cart.    s( 3) = ( -1.0000000  0.0000000  0.0000000 )
                  (  0.0000000  1.0000000  0.0000000 )
                  (  0.0000000  0.0000000 -1.0000000 )


      isym =  4     180 deg rotation - cart. axis [1,0,0]        

 cryst.   s( 4) = (     1          0          0      )
                  (     0         -1          0      )
                  (     0          0         -1      )

 cart.    s( 4) = (  1.0000000  0.0000000  0.0000000 )
                  (  0.0000000 -1.0000000  0.0000000 )
                  (  0.0000000  0.0000000 -1.0000000 )


      isym =  5     120 deg rotation - cart. axis [-1,-1,-1]     

 cryst.   s( 5) = (     0          0          1      )
                  (     1          0          0      )
                  (     0          1          0      )

 cart.    s( 5) = (  0.0000000  1.0000000  0.0000000 )
                  (  0.0000000  0.0000000  1.0000000 )
                  (  1.0000000  0.0000000  0.0000000 )


      isym =  6     120 deg rotation - cart. axis [-1,1,1]       

 cryst.   s( 6) = (     0          0         -1      )
                  (    -1          0          0      )
                  (     0          1          0      )

 cart.    s( 6) = (  0.0000000 -1.0000000  0.0000000 )
                  (  0.0000000  0.0000000  1.0000000 )
                  ( -1.0000000  0.0000000  0.0000000 )


      isym =  7     120 deg rotation - cart. axis [1,1,-1]       

 cryst.   s( 7) = (     0          0         -1      )
                  (     1          0          0      )
                  (     0         -1          0      )

 cart.    s( 7) = (  0.0000000  1.0000000  0.0000000 )
                  (  0.0000000  0.0000000 -1.0000000 )
                  ( -1.0000000  0.0000000  0.0000000 )


      isym =  8     120 deg rotation - cart. axis [1,-1,1]       

 cryst.   s( 8) = (     0          0          1      )
                  (    -1          0          0      )
                  (     0         -1          0      )

 cart.    s( 8) = (  0.0000000 -1.0000000  0.0000000 )
                  (  0.0000000  0.0000000 -1.0000000 )
                  (  1.0000000  0.0000000  0.0000000 )


      isym =  9     120 deg rotation - cart. axis [1,1,1]        

 cryst.   s( 9) = (     0          1          0      )
                  (     0          0          1      )
                  (     1          0          0      )

 cart.    s( 9) = (  0.0000000  0.0000000  1.0000000 )
                  (  1.0000000  0.0000000  0.0000000 )
                  (  0.0000000  1.0000000  0.0000000 )


      isym = 10     120 deg rotation - cart. axis [-1,1,-1]      

 cryst.   s(10) = (     0         -1          0      )
                  (     0          0         -1      )
                  (     1          0          0      )

 cart.    s(10) = (  0.0000000  0.0000000  1.0000000 )
                  ( -1.0000000  0.0000000  0.0000000 )
                  (  0.0000000 -1.0000000  0.0000000 )


      isym = 11     120 deg rotation - cart. axis [1,-1,-1]      

 cryst.   s(11) = (     0         -1          0      )
                  (     0          0          1      )
                  (    -1          0          0      )

 cart.    s(11) = (  0.0000000  0.0000000 -1.0000000 )
                  ( -1.0000000  0.0000000  0.0000000 )
                  (  0.0000000  1.0000000  0.0000000 )


      isym = 12     120 deg rotation - cart. axis [-1,-1,1]      

 cryst.   s(12) = (     0          1          0      )
                  (     0          0         -1      )
                  (    -1          0          0      )

 cart.    s(12) = (  0.0000000  0.0000000 -1.0000000 )
                  (  1.0000000  0.0000000  0.0000000 )
                  (  0.0000000 -1.0000000  0.0000000 )


      isym = 13     inv. 180 deg rotation - cart. axis [1,1,0]   

 cryst.   s(13) = (     0         -1          0      )
                  (    -1          0          0      )
                  (     0          0          1      )

 cart.    s(13) = (  0.0000000 -1.0000000  0.0000000 )
                  ( -1.0000000  0.0000000  0.0000000 )
                  (  0.0000000  0.0000000  1.0000000 )


      isym = 14     inv. 180 deg rotation - cart. axis [1,-1,0]  

 cryst.   s(14) = (     0          1          0      )
                  (     1          0          0      )
                  (     0          0          1      )

 cart.    s(14) = (  0.0000000  1.0000000  0.0000000 )
                  (  1.0000000  0.0000000  0.0000000 )
                  (  0.0000000  0.0000000  1.0000000 )


      isym = 15     inv.  90 deg rotation - cart. axis [0,0,-1]  

 cryst.   s(15) = (     0          1          0      )
                  (    -1          0          0      )
                  (     0          0         -1      )

 cart.    s(15) = (  0.0000000 -1.0000000  0.0000000 )
                  (  1.0000000  0.0000000  0.0000000 )
                  (  0.0000000  0.0000000 -1.0000000 )


      isym = 16     inv.  90 deg rotation - cart. axis [0,0,1]   

 cryst.   s(16) = (     0         -1          0      )
                  (     1          0          0      )
                  (     0          0         -1      )

 cart.    s(16) = (  0.0000000  1.0000000  0.0000000 )
                  ( -1.0000000  0.0000000  0.0000000 )
                  (  0.0000000  0.0000000 -1.0000000 )


      isym = 17     inv. 180 deg rotation - cart. axis [1,0,1]   

 cryst.   s(17) = (     0          0         -1      )
                  (     0          1          0      )
                  (    -1          0          0      )

 cart.    s(17) = (  0.0000000  0.0000000 -1.0000000 )
                  (  0.0000000  1.0000000  0.0000000 )
                  ( -1.0000000  0.0000000  0.0000000 )


      isym = 18     inv. 180 deg rotation - cart. axis [-1,0,1]  

 cryst.   s(18) = (     0          0          1      )
                  (     0          1          0      )
                  (     1          0          0      )

 cart.    s(18) = (  0.0000000  0.0000000  1.0000000 )
                  (  0.0000000  1.0000000  0.0000000 )
                  (  1.0000000  0.0000000  0.0000000 )


      isym = 19     inv.  90 deg rotation - cart. axis [0,1,0]   

 cryst.   s(19) = (     0          0          1      )
                  (     0         -1          0      )
                  (    -1          0          0      )

 cart.    s(19) = (  0.0000000  0.0000000 -1.0000000 )
                  (  0.0000000 -1.0000000  0.0000000 )
                  (  1.0000000  0.0000000  0.0000000 )


      isym = 20     inv.  90 deg rotation - cart. axis [0,-1,0]  

 cryst.   s(20) = (     0          0         -1      )
                  (     0         -1          0      )
                  (     1          0          0      )

 cart.    s(20) = (  0.0000000  0.0000000  1.0000000 )
                  (  0.0000000 -1.0000000  0.0000000 )
                  ( -1.0000000  0.0000000  0.0000000 )


      isym = 21     inv. 180 deg rotation - cart. axis [0,1,1]   

 cryst.   s(21) = (     1          0          0      )
                  (     0          0         -1      )
                  (     0         -1          0      )

 cart.    s(21) = (  1.0000000  0.0000000  0.0000000 )
                  (  0.0000000  0.0000000 -1.0000000 )
                  (  0.0000000 -1.0000000  0.0000000 )


      isym = 22     inv. 180 deg rotation - cart. axis [0,1,-1]  

 cryst.   s(22) = (     1          0          0      )
                  (     0          0          1      )
                  (     0          1          0      )

 cart.    s(22) = (  1.0000000  0.0000000  0.0000000 )
                  (  0.0000000  0.0000000  1.0000000 )
                  (  0.0000000  1.0000000  0.0000000 )


      isym = 23     inv.  90 deg rotation - cart. axis [-1,0,0]  

 cryst.   s(23) = (    -1          0          0      )
                  (     0          0          1      )
                  (     0         -1          0      )

 cart.    s(23) = ( -1.0000000  0.0000000  0.0000000 )
                  (  0.0000000  0.0000000 -1.0000000 )
                  (  0.0000000  1.0000000  0.0000000 )


      isym = 24     inv.  90 deg rotation - cart. axis [1,0,0]   

 cryst.   s(24) = (    -1          0          0      )
                  (     0          0         -1      )
                  (     0          1          0      )

 cart.    s(24) = ( -1.0000000  0.0000000  0.0000000 )
                  (  0.0000000  0.0000000  1.0000000 )
                  (  0.0000000 -1.0000000  0.0000000 )


     point group T_d (-43m) 
     there are  5 classes
     the character table:

       E     8C3   3C2   6S4   6s_d 
A_1    1.00  1.00  1.00  1.00  1.00
A_2    1.00  1.00  1.00 -1.00 -1.00
E      2.00 -1.00  2.00  0.00  0.00
T_1    3.00  0.00 -1.00  1.00 -1.00
T_2    3.00  0.00 -1.00 -1.00  1.00

     the symmetry operations in each class and the name of the first element:

     E        1
          identity                                               
     8C3      5    7    8    6   12    9   10   11
          120 deg rotation - cart. axis [-1,-1,-1]               
     3C2      2    3    4
          180 deg rotation - cart. axis [0,0,1]                  
     6S4     15   16   20   19   23   24
          inv.  90 deg rotation - cart. axis [0,0,-1]            
     6s_d    13   14   17   18   21   22
          inv. 180 deg rotation - cart. axis [1,1,0]             

   Cartesian axes

     site n.     atom                  positions (alat units)
         1           C   tau(   1) = (   0.0000000   0.0000000   0.0000000  )
         2           H   tau(   2) = (   0.0450000   0.0450000   0.0450000  )
         3           H   tau(   3) = (  -0.0450000  -0.0450000   0.0450000  )
         4           H   tau(   4) = (   0.0450000  -0.0450000  -0.0450000  )
         5           H   tau(   5) = (  -0.0450000   0.0450000  -0.0450000  )

   Crystallographic axes

     site n.     atom                  positions (cryst. coord.)
         1           C   tau(   1) = (  0.0000000  0.0000000  0.0000000  )
         2           H   tau(   2) = (  0.0450000  0.0450000  0.0450000  )
         3           H   tau(   3) = ( -0.0450000 -0.0450000  0.0450000  )
         4           H   tau(   4) = (  0.0450000 -0.0450000 -0.0450000  )
         5           H   tau(   5) = ( -0.0450000  0.0450000 -0.0450000  )

     number of k points=     1  Methfessel-Paxton smearing, width (Ry)=  0.0007
                       cart. coord. in units 2pi/alat
        k(    1) = (   0.0000000   0.0000000   0.0000000), wk =   2.0000000

                       cryst. coord.
        k(    1) = (   0.0000000   0.0000000   0.0000000), wk =   2.0000000

     Dense  grid:   389220 G-vectors     FFT dimensions: ( 120, 120, 120)

     Dynamical RAM for                 wfc:      14.85 MB

     Dynamical RAM for     wfc (w. buffer):      14.85 MB

     Dynamical RAM for           str. fact:      11.88 MB

     Dynamical RAM for           local pot:       0.00 MB

     Dynamical RAM for          nlocal pot:      40.83 MB

     Dynamical RAM for                qrad:       3.66 MB

     Dynamical RAM for          rho,v,vnew:      57.37 MB

     Dynamical RAM for           G-vectors:      25.24 MB

     Dynamical RAM for          h,s,v(r/c):       0.15 MB

     Dynamical RAM for          <psi|beta>:       0.01 MB

     Dynamical RAM for                 psi:      59.39 MB

     Dynamical RAM for                hpsi:      59.39 MB

     Dynamical RAM for      wfcinit/wfcrot:     118.92 MB

     Estimated static dynamical RAM per process >     237.56 MB

     Estimated max dynamical RAM per process >     356.49 MB

     The potential is recalculated from file :
     ./CH4.save/charge-density

     Starting wfcs are   80 randomized atomic wfcs

     Band Structure Calculation
     Davidson diagonalization with overlap

     Computing kpt #:     1  of     1
     total cpu time spent up to now is       48.6 secs

     ethr =  1.00E-06,  avg # of iterations = 31.0

     total cpu time spent up to now is       48.6 secs

     End of band structure calculation

          k = 0.0000 0.0000 0.0000 ( 48761 PWs)   bands (ev):

   -16.4367  -9.1120  -9.1120  -9.1120  -0.5207   0.2070   0.4782   0.4782
     0.4782   0.6322   0.6322   1.0511   1.0520   1.0521   1.0521   1.1420
     1.1420   1.1420   1.2828   1.3213

     occupation numbers 
     1.0000   1.0000   1.0000   1.0000  -0.0000  -0.0000  -0.0000  -0.0000
    -0.0000  -0.0000  -0.0000  -0.0000  -0.0000  -0.0000  -0.0000  -0.0000
    -0.0000  -0.0000  -0.0000  -0.0000

     the Fermi energy is    -7.5577 ev

     Writing output data file ./CH4.save/

     init_run     :      1.25s CPU      1.47s WALL (       1 calls)
     electrons    :     46.65s CPU     46.97s WALL (       1 calls)

     Called by init_run:
     wfcinit      :      0.00s CPU      0.00s WALL (       1 calls)
     wfcinit:atom :      0.04s CPU      0.07s WALL (       1 calls)
     wfcinit:wfcr :      7.22s CPU      7.29s WALL (       1 calls)
     potinit      :      0.79s CPU      0.97s WALL (       1 calls)
     hinit0       :      0.25s CPU      0.29s WALL (       1 calls)

     Called by electrons:
     c_bands      :     46.65s CPU     46.96s WALL (       1 calls)
     v_of_rho     :      0.71s CPU      0.87s WALL (       1 calls)
     v_h          :      0.07s CPU      0.08s WALL (       1 calls)
     v_xc         :      0.64s CPU      0.79s WALL (       1 calls)

     Called by c_bands:
     init_us_2    :      0.03s CPU      0.04s WALL (       1 calls)
     regterg      :     39.03s CPU     39.21s WALL (       2 calls)

     Called by sum_band:

     Called by *egterg:
     h_psi        :     29.33s CPU     29.41s WALL (      34 calls)
     g_psi        :      0.10s CPU      0.10s WALL (      31 calls)
     rdiaghg      :      0.04s CPU      0.04s WALL (      32 calls)
     regterg:over :      7.79s CPU      7.80s WALL (      31 calls)
     regterg:upda :      3.56s CPU      3.57s WALL (      31 calls)
     regterg:last :      2.37s CPU      2.38s WALL (       8 calls)

     Called by h_psi:
     h_psi:calbec :      5.20s CPU      5.22s WALL (      34 calls)
     vloc_psi     :     20.74s CPU     20.80s WALL (      34 calls)
     add_vuspsi   :      3.30s CPU      3.31s WALL (      34 calls)

     General routines
     calbec       :      5.20s CPU      5.22s WALL (      34 calls)
     fft          :      0.48s CPU      0.48s WALL (       8 calls)
     fftw         :     19.02s CPU     19.06s WALL (     512 calls)
     davcio       :      0.00s CPU      0.02s WALL (       2 calls)

     Parallel routines

     PWSCF        :     48.09s CPU     48.65s WALL


   This run was terminated on:  17:37:35   5Mar2021            

=------------------------------------------------------------------------------=
   JOB DONE.
=------------------------------------------------------------------------------=
