
     Program PWSCF v.6.5 starts on  5Mar2021 at 17:35:20 

     This program is part of the open-source Quantum ESPRESSO suite
     for quantum simulation of materials; please cite
         "P. Giannozzi et al., J. Phys.:Condens. Matter 21 395502 (2009);
         "P. Giannozzi et al., J. Phys.:Condens. Matter 29 465901 (2017);
          URL http://www.quantum-espresso.org", 
     in publications or presentations arising from this work. More details at
     http://www.quantum-espresso.org/quote

     Parallel version (MPI), running on     1 processors

     MPI processes distributed on     1 nodes
     Waiting for input...
     Reading input from standard input

     Current dimensions of program PWSCF are:
     Max number of different atomic species (ntypx) = 10
     Max number of k-points (npk) =  40000
     Max angular momentum in pseudopotentials (lmaxx) =  3
               file H.pbe-mt_fhi.UPF: wavefunction(s)  2p 4f renormalized
               file C.pbe-mt_fhi.UPF: wavefunction(s)  4f renormalized

     gamma-point specific algorithms are used

     Subspace diagonalization in iterative solution of the eigenvalue problem:
     a serial algorithm will be used


     G-vector sticks info
     --------------------
     sticks:   dense  smooth     PW     G-vecs:    dense   smooth      PW
     Sum       10229   10229   2561               778439   778439   97521


     Title: 
     CH4                                                                        


     bravais-lattice index     =            8
     lattice parameter (alat)  =      28.3459  a.u.
     unit-cell volume          =   22775.6292 (a.u.)^3
     number of atoms/cell      =            5
     number of atomic types    =            2
     number of electrons       =         8.00
     number of Kohn-Sham states=           10
     kinetic-energy cutoff     =      40.0000  Ry
     charge density cutoff     =     160.0000  Ry
     convergence threshold     =      1.0E-06
     mixing beta               =       0.7000
     number of iterations used =            8  plain     mixing
     Exchange-correlation= PBE
                           (   1   4   3   4   0   0   0)

     celldm(1)=  28.345892  celldm(2)=   1.000000  celldm(3)=   1.000000
     celldm(4)=   0.000000  celldm(5)=   0.000000  celldm(6)=   0.000000

     crystal axes: (cart. coord. in units of alat)
               a(1) = (   1.000000   0.000000   0.000000 )  
               a(2) = (   0.000000   1.000000   0.000000 )  
               a(3) = (   0.000000   0.000000   1.000000 )  

     reciprocal axes: (cart. coord. in units 2 pi/alat)
               b(1) = (  1.000000  0.000000  0.000000 )  
               b(2) = (  0.000000  1.000000  0.000000 )  
               b(3) = (  0.000000  0.000000  1.000000 )  


     PseudoPot. # 1 for H  read from file:
     ../../psp/H.pbe-mt_fhi.UPF
     MD5 check sum: a19bd5488733b3d98581df861506e80d
     Pseudo is Norm-conserving, Zval =  1.0
     Generated using FHI98PP, converted with fhi2upf.x v.5.0.2
     Using radial grid of  387 points,  3 beta functions with: 
                l(1) =   0
                l(2) =   1
                l(3) =   3

     PseudoPot. # 2 for C  read from file:
     ../../psp/C.pbe-mt_fhi.UPF
     MD5 check sum: 058ca341f9d6d5327d9962fd88a91b65
     Pseudo is Norm-conserving, Zval =  4.0
     Generated using FHI98PP, converted with fhi2upf.x v.5.0.2
     Using radial grid of  461 points,  3 beta functions with: 
                l(1) =   0
                l(2) =   1
                l(3) =   3

     atomic species   valence    mass     pseudopotential
        H              1.00     1.00794     H ( 1.00)
        C              4.00    12.01070     C ( 1.00)

     24 Sym. Ops. (no inversion) found



   Cartesian axes

     site n.     atom                  positions (alat units)
         1           C   tau(   1) = (   0.0000000   0.0000000   0.0000000  )
         2           H   tau(   2) = (   0.0450000   0.0450000   0.0450000  )
         3           H   tau(   3) = (  -0.0450000  -0.0450000   0.0450000  )
         4           H   tau(   4) = (   0.0450000  -0.0450000  -0.0450000  )
         5           H   tau(   5) = (  -0.0450000   0.0450000  -0.0450000  )

     number of k points=     1  Methfessel-Paxton smearing, width (Ry)=  0.0007
                       cart. coord. in units 2pi/alat
        k(    1) = (   0.0000000   0.0000000   0.0000000), wk =   2.0000000

     Dense  grid:   389220 G-vectors     FFT dimensions: ( 120, 120, 120)

     Estimated max dynamical RAM per process >     463.20 MB

     Initial potential from superposition of free atoms

     starting charge    7.99992, renormalised to    8.00000

     negative rho (up, down):  1.508E-03 0.000E+00
     Starting wfcs are   80 randomized atomic wfcs

     total cpu time spent up to now is        9.2 secs

     Self-consistent Calculation

     iteration #  1     ecut=    40.00 Ry     beta= 0.70
     Davidson diagonalization with overlap
     ethr =  1.00E-02,  avg # of iterations =  6.0

     negative rho (up, down):  4.349E-04 0.000E+00

     total cpu time spent up to now is       13.5 secs

     total energy              =     -15.97492278 Ry
     Harris-Foulkes estimate   =     -16.31911641 Ry
     estimated scf accuracy    <       0.51376870 Ry

     iteration #  2     ecut=    40.00 Ry     beta= 0.70
     Davidson diagonalization with overlap
     ethr =  6.42E-03,  avg # of iterations =  2.0

     negative rho (up, down):  2.450E-04 0.000E+00

     total cpu time spent up to now is       16.7 secs

     total energy              =     -16.08014179 Ry
     Harris-Foulkes estimate   =     -16.20714513 Ry
     estimated scf accuracy    <       0.24855030 Ry

     iteration #  3     ecut=    40.00 Ry     beta= 0.70
     Davidson diagonalization with overlap
     ethr =  3.11E-03,  avg # of iterations =  2.0

     negative rho (up, down):  7.848E-06 0.000E+00

     total cpu time spent up to now is       19.7 secs

     total energy              =     -16.13066014 Ry
     Harris-Foulkes estimate   =     -16.13312911 Ry
     estimated scf accuracy    <       0.00475374 Ry

     iteration #  4     ecut=    40.00 Ry     beta= 0.70
     Davidson diagonalization with overlap
     ethr =  5.94E-05,  avg # of iterations = 11.0

     negative rho (up, down):  1.189E-05 0.000E+00

     total cpu time spent up to now is       25.7 secs

     total energy              =     -16.13169775 Ry
     Harris-Foulkes estimate   =     -16.13177612 Ry
     estimated scf accuracy    <       0.00015605 Ry

     iteration #  5     ecut=    40.00 Ry     beta= 0.70
     Davidson diagonalization with overlap
     ethr =  1.95E-06,  avg # of iterations =  5.0

     total cpu time spent up to now is       29.8 secs

     total energy              =     -16.13171811 Ry
     Harris-Foulkes estimate   =     -16.13172601 Ry
     estimated scf accuracy    <       0.00001721 Ry

     iteration #  6     ecut=    40.00 Ry     beta= 0.70
     Davidson diagonalization with overlap
     ethr =  2.15E-07,  avg # of iterations =  1.0

     total cpu time spent up to now is       32.3 secs

     End of self-consistent calculation

          k = 0.0000 0.0000 0.0000 ( 48761 PWs)   bands (ev):

   -16.4417  -9.1167  -9.1167  -9.1167  -0.5222   0.2067   0.4776   0.4776
     0.6320   0.6321

     the Fermi energy is    -7.9048 ev

!    total energy              =     -16.13171919 Ry
     Harris-Foulkes estimate   =     -16.13171942 Ry
     estimated scf accuracy    <       0.00000032 Ry

     The total energy is the sum of the following terms:

     one-electron contribution =     -44.35254337 Ry
     hartree contribution      =      22.93833563 Ry
     xc contribution           =      -6.14997666 Ry
     ewald contribution        =      11.43246521 Ry
     smearing contrib. (-TS)   =       0.00000000 Ry

     convergence has been achieved in   6 iterations

     Forces acting on atoms (cartesian axes, Ry/au):

     atom    1 type  2   force =     0.00000000    0.00000000    0.00000000
     atom    2 type  1   force =    -0.04656737   -0.04656737   -0.04656737
     atom    3 type  1   force =     0.04656737    0.04656737   -0.04656737
     atom    4 type  1   force =    -0.04656737    0.04656737    0.04656737
     atom    5 type  1   force =     0.04656737   -0.04656737    0.04656737

     Total force =     0.161314     Total SCF correction =     0.000146

     Writing output data file ./CH4.save/

     init_run     :      8.73s CPU      9.08s WALL (       1 calls)
     electrons    :     22.71s CPU     23.11s WALL (       1 calls)
     forces       :      0.92s CPU      0.95s WALL (       1 calls)

     Called by init_run:
     wfcinit      :      7.41s CPU      7.53s WALL (       1 calls)
     potinit      :      0.87s CPU      1.05s WALL (       1 calls)
     hinit0       :      0.26s CPU      0.28s WALL (       1 calls)

     Called by electrons:
     c_bands      :     15.74s CPU     15.78s WALL (       6 calls)
     sum_band     :      2.18s CPU      2.18s WALL (       6 calls)
     v_of_rho     :      4.85s CPU      5.30s WALL (       7 calls)
     mix_rho      :      0.57s CPU      0.60s WALL (       6 calls)

     Called by c_bands:
     init_us_2    :      0.33s CPU      0.34s WALL (      13 calls)
     regterg      :     15.20s CPU     15.24s WALL (       6 calls)

     Called by sum_band:

     Called by *egterg:
     h_psi        :     16.96s CPU     17.03s WALL (      34 calls)
     g_psi        :      0.04s CPU      0.04s WALL (      27 calls)
     rdiaghg      :      0.01s CPU      0.01s WALL (      33 calls)

     Called by h_psi:
     h_psi:calbec :      3.01s CPU      3.01s WALL (      34 calls)
     vloc_psi     :     12.02s CPU     12.06s WALL (      34 calls)
     add_vuspsi   :      1.89s CPU      1.90s WALL (      34 calls)

     General routines
     calbec       :      3.42s CPU      3.42s WALL (      38 calls)
     fft          :      3.32s CPU      3.35s WALL (      57 calls)
     ffts         :      0.37s CPU      0.37s WALL (       6 calls)
     fftw         :     12.08s CPU     12.11s WALL (     330 calls)

     Parallel routines

     PWSCF        :     32.54s CPU     33.33s WALL


   This run was terminated on:  17:35:53   5Mar2021            

=------------------------------------------------------------------------------=
   JOB DONE.
=------------------------------------------------------------------------------=
