
     Program PWSCF     v.4.0.5  starts ...
     Today is 26Mar2013 at 10:44:18 

     For Norm-Conserving or Ultrasoft (Vanderbilt) Pseudopotentials or PAW

     Current dimensions of program pwscf are:
     Max number of different atomic species (ntypx) = 10
     Max number of k-points (npk) =  40000
     Max angular momentum in pseudopotentials (lmaxx) =  3


     bravais-lattice index     =            2
     lattice parameter (a_0)   =      10.1830  a.u.
     unit-cell volume          =     263.9777 (a.u.)^3
     number of atoms/cell      =            2
     number of atomic types    =            1
     number of electrons       =         8.00
     number of Kohn-Sham states=           20
     kinetic-energy cutoff     =      15.0000  Ry
     charge density cutoff     =      60.0000  Ry
     convergence threshold     =      1.0E-08
     mixing beta               =       0.7000
     number of iterations used =            8  plain     mixing
     Exchange-correlation      =  SLA  PZ   NOGX NOGC (1100)

     celldm(1)=  10.183000  celldm(2)=   0.000000  celldm(3)=   0.000000
     celldm(4)=   0.000000  celldm(5)=   0.000000  celldm(6)=   0.000000

     crystal axes: (cart. coord. in units of a_0)
               a(1) = ( -0.500000  0.000000  0.500000 )  
               a(2) = (  0.000000  0.500000  0.500000 )  
               a(3) = ( -0.500000  0.500000  0.000000 )  

     reciprocal axes: (cart. coord. in units 2 pi/a_0)
               b(1) = ( -1.000000 -1.000000  1.000000 )  
               b(2) = (  1.000000  1.000000  1.000000 )  
               b(3) = ( -1.000000  1.000000 -1.000000 )  


     PseudoPot. # 1 for Si read from file Si.vbc.UPF
     Pseudo is Norm-conserving, Zval =  4.0
     Generated by new atomic code, or converted to UPF format
     Using radial grid of  431 points,  2 beta functions with: 
                l(1) =   0
                l(2) =   1

     atomic species   valence    mass     pseudopotential
        Si             4.00    28.08600     Si( 1.00)

     24 Sym.Ops. (no inversion)

                                    s                        frac. trans.

      isym =  1     identity                                     

 cryst.   s( 1) = (     1          0          0      )
                  (     0          1          0      )
                  (     0          0          1      )

 cart.    s( 1) = (  1.0000000  0.0000000  0.0000000 )
                  (  0.0000000  1.0000000  0.0000000 )
                  (  0.0000000  0.0000000  1.0000000 )


      isym =  2     180 deg rotation - cart. axis [0,0,1]        

 cryst.   s( 2) = (     0          1         -1      )
                  (     1          0         -1      )
                  (     0          0         -1      )

 cart.    s( 2) = ( -1.0000000  0.0000000  0.0000000 )
                  (  0.0000000 -1.0000000  0.0000000 )
                  (  0.0000000  0.0000000  1.0000000 )


      isym =  3     180 deg rotation - cart. axis [0,1,0]        

 cryst.   s( 3) = (    -1          0          0      )
                  (    -1          0          1      )
                  (    -1          1          0      )

 cart.    s( 3) = ( -1.0000000  0.0000000  0.0000000 )
                  (  0.0000000  1.0000000  0.0000000 )
                  (  0.0000000  0.0000000 -1.0000000 )


      isym =  4     180 deg rotation - cart. axis [1,0,0]        

 cryst.   s( 4) = (     0         -1          1      )
                  (     0         -1          0      )
                  (     1         -1          0      )

 cart.    s( 4) = (  1.0000000  0.0000000  0.0000000 )
                  (  0.0000000 -1.0000000  0.0000000 )
                  (  0.0000000  0.0000000 -1.0000000 )


      isym =  5     120 deg rotation - cart. axis [-1,-1,-1]     

 cryst.   s( 5) = (    -1          0          1      )
                  (    -1          1          0      )
                  (    -1          0          0      )

 cart.    s( 5) = (  0.0000000  1.0000000  0.0000000 )
                  (  0.0000000  0.0000000  1.0000000 )
                  (  1.0000000  0.0000000  0.0000000 )


      isym =  6     120 deg rotation - cart. axis [-1,1,1]       

 cryst.   s( 6) = (     0          1          0      )
                  (     0          0          1      )
                  (     1          0          0      )

 cart.    s( 6) = (  0.0000000 -1.0000000  0.0000000 )
                  (  0.0000000  0.0000000  1.0000000 )
                  ( -1.0000000  0.0000000  0.0000000 )


      isym =  7     120 deg rotation - cart. axis [-1,-1,1]      

 cryst.   s( 7) = (     1          0         -1      )
                  (     0          0         -1      )
                  (     0          1         -1      )

 cart.    s( 7) = (  0.0000000  1.0000000  0.0000000 )
                  (  0.0000000  0.0000000 -1.0000000 )
                  ( -1.0000000  0.0000000  0.0000000 )


      isym =  8     120 deg rotation - cart. axis [-1,1,-1]      

 cryst.   s( 8) = (     0         -1          0      )
                  (     1         -1          0      )
                  (     0         -1          1      )

 cart.    s( 8) = (  0.0000000 -1.0000000  0.0000000 )
                  (  0.0000000  0.0000000 -1.0000000 )
                  (  1.0000000  0.0000000  0.0000000 )


      isym =  9     120 deg rotation - cart. axis [1,1,1]        

 cryst.   s( 9) = (     0          0         -1      )
                  (     0          1         -1      )
                  (     1          0         -1      )

 cart.    s( 9) = (  0.0000000  0.0000000  1.0000000 )
                  (  1.0000000  0.0000000  0.0000000 )
                  (  0.0000000  1.0000000  0.0000000 )


      isym = 10     120 deg rotation - cart. axis [1,-1,1]       

 cryst.   s(10) = (    -1          1          0      )
                  (    -1          0          0      )
                  (    -1          0          1      )

 cart.    s(10) = (  0.0000000  0.0000000  1.0000000 )
                  ( -1.0000000  0.0000000  0.0000000 )
                  (  0.0000000 -1.0000000  0.0000000 )


      isym = 11     120 deg rotation - cart. axis [1,-1,-1]      

 cryst.   s(11) = (     0          0          1      )
                  (     1          0          0      )
                  (     0          1          0      )

 cart.    s(11) = (  0.0000000  0.0000000 -1.0000000 )
                  ( -1.0000000  0.0000000  0.0000000 )
                  (  0.0000000  1.0000000  0.0000000 )


      isym = 12     120 deg rotation - cart. axis [1,1,-1]       

 cryst.   s(12) = (     1         -1          0      )
                  (     0         -1          1      )
                  (     0         -1          0      )

 cart.    s(12) = (  0.0000000  0.0000000 -1.0000000 )
                  (  1.0000000  0.0000000  0.0000000 )
                  (  0.0000000 -1.0000000  0.0000000 )


      isym = 13     inv. 180 deg rotation - cart. axis [1,1,0]   

 cryst.   s(13) = (     0          1          0      )
                  (     1          0          0      )
                  (     0          0          1      )

 cart.    s(13) = (  0.0000000 -1.0000000  0.0000000 )
                  ( -1.0000000  0.0000000  0.0000000 )
                  (  0.0000000  0.0000000  1.0000000 )


      isym = 14     inv. 180 deg rotation - cart. axis [1,-1,0]  

 cryst.   s(14) = (     1          0         -1      )
                  (     0          1         -1      )
                  (     0          0         -1      )

 cart.    s(14) = (  0.0000000  1.0000000  0.0000000 )
                  (  1.0000000  0.0000000  0.0000000 )
                  (  0.0000000  0.0000000  1.0000000 )


      isym = 15     inv.  90 deg rotation - cart. axis [0,0,-1]  

 cryst.   s(15) = (     0         -1          0      )
                  (     0         -1          1      )
                  (     1         -1          0      )

 cart.    s(15) = (  0.0000000 -1.0000000  0.0000000 )
                  (  1.0000000  0.0000000  0.0000000 )
                  (  0.0000000  0.0000000 -1.0000000 )


      isym = 16     inv.  90 deg rotation - cart. axis [0,0,1]   

 cryst.   s(16) = (    -1          0          1      )
                  (    -1          0          0      )
                  (    -1          1          0      )

 cart.    s(16) = (  0.0000000  1.0000000  0.0000000 )
                  ( -1.0000000  0.0000000  0.0000000 )
                  (  0.0000000  0.0000000 -1.0000000 )


      isym = 17     inv. 180 deg rotation - cart. axis [1,0,1]   

 cryst.   s(17) = (     1          0          0      )
                  (     0          0          1      )
                  (     0          1          0      )

 cart.    s(17) = (  0.0000000  0.0000000 -1.0000000 )
                  (  0.0000000  1.0000000  0.0000000 )
                  ( -1.0000000  0.0000000  0.0000000 )


      isym = 18     inv. 180 deg rotation - cart. axis [-1,0,1]  

 cryst.   s(18) = (    -1          0          0      )
                  (    -1          1          0      )
                  (    -1          0          1      )

 cart.    s(18) = (  0.0000000  0.0000000  1.0000000 )
                  (  0.0000000  1.0000000  0.0000000 )
                  (  1.0000000  0.0000000  0.0000000 )


      isym = 19     inv.  90 deg rotation - cart. axis [0,1,0]   

 cryst.   s(19) = (     0         -1          1      )
                  (     1         -1          0      )
                  (     0         -1          0      )

 cart.    s(19) = (  0.0000000  0.0000000 -1.0000000 )
                  (  0.0000000 -1.0000000  0.0000000 )
                  (  1.0000000  0.0000000  0.0000000 )


      isym = 20     inv.  90 deg rotation - cart. axis [0,-1,0]  

 cryst.   s(20) = (     0          1         -1      )
                  (     0          0         -1      )
                  (     1          0         -1      )

 cart.    s(20) = (  0.0000000  0.0000000  1.0000000 )
                  (  0.0000000 -1.0000000  0.0000000 )
                  ( -1.0000000  0.0000000  0.0000000 )


      isym = 21     inv. 180 deg rotation - cart. axis [0,1,1]   

 cryst.   s(21) = (     1         -1          0      )
                  (     0         -1          0      )
                  (     0         -1          1      )

 cart.    s(21) = (  1.0000000  0.0000000  0.0000000 )
                  (  0.0000000  0.0000000 -1.0000000 )
                  (  0.0000000 -1.0000000  0.0000000 )


      isym = 22     inv. 180 deg rotation - cart. axis [0,1,-1]  

 cryst.   s(22) = (     0          0          1      )
                  (     0          1          0      )
                  (     1          0          0      )

 cart.    s(22) = (  1.0000000  0.0000000  0.0000000 )
                  (  0.0000000  0.0000000  1.0000000 )
                  (  0.0000000  1.0000000  0.0000000 )


      isym = 23     inv.  90 deg rotation - cart. axis [-1,0,0]  

 cryst.   s(23) = (     0          0         -1      )
                  (     1          0         -1      )
                  (     0          1         -1      )

 cart.    s(23) = ( -1.0000000  0.0000000  0.0000000 )
                  (  0.0000000  0.0000000 -1.0000000 )
                  (  0.0000000  1.0000000  0.0000000 )


      isym = 24     inv.  90 deg rotation - cart. axis [1,0,0]   

 cryst.   s(24) = (    -1          1          0      )
                  (    -1          0          1      )
                  (    -1          0          0      )

 cart.    s(24) = ( -1.0000000  0.0000000  0.0000000 )
                  (  0.0000000  0.0000000  1.0000000 )
                  (  0.0000000 -1.0000000  0.0000000 )


     point group T_d (-43m) 
     there are  5 classes
     the character table:

       E     8C3   3C2   6S4   6s_d 
A_1    1.00  1.00  1.00  1.00  1.00
A_2    1.00  1.00  1.00 -1.00 -1.00
E      2.00 -1.00  2.00  0.00  0.00
T_1    3.00  0.00 -1.00  1.00 -1.00
T_2    3.00  0.00 -1.00 -1.00  1.00

     the symmetry operations in each class:
     E        1
     3C2      2    3    4
     8C3      5    7    8    6   12    9   10   11
     6s_d    13   14   17   18   21   22
     6S4     15   16   20   19   23   24

   Cartesian axes

     site n.     atom                  positions (a_0 units)
         1           Si  tau(  1) = (   0.0000000   0.0000000   0.0000000  )
         2           Si  tau(  2) = (   0.2500000   0.2500000   0.2500000  )

   Crystallographic axes

     site n.     atom                  positions (cryst. coord.)
         1           Si  tau(  1) = (  0.0000000  0.0000000  0.0000000  )
         2           Si  tau(  2) = ( -0.2500000  0.7500000 -0.2500000  )

     number of k points=    8
                       cart. coord. in units 2pi/a_0
        k(    1) = (   0.0000000   0.0000000   0.0000000), wk =   0.0312500
        k(    2) = (  -0.2500000   0.2500000  -0.2500000), wk =   0.2500000
        k(    3) = (   0.5000000  -0.5000000   0.5000000), wk =   0.1250000
        k(    4) = (   0.0000000   0.5000000   0.0000000), wk =   0.1875000
        k(    5) = (   0.7500000  -0.2500000   0.7500000), wk =   0.7500000
        k(    6) = (   0.5000000   0.0000000   0.5000000), wk =   0.3750000
        k(    7) = (   0.0000000  -1.0000000   0.0000000), wk =   0.0937500
        k(    8) = (  -0.5000000  -1.0000000   0.0000000), wk =   0.1875000

                       cryst. coord.
        k(    1) = (   0.0000000   0.0000000   0.0000000), wk =   0.0312500
        k(    2) = (   0.0000000   0.0000000   0.2500000), wk =   0.2500000
        k(    3) = (   0.0000000   0.0000000  -0.5000000), wk =   0.1250000
        k(    4) = (   0.0000000   0.2500000   0.2500000), wk =   0.1875000
        k(    5) = (   0.0000000   0.2500000  -0.5000000), wk =   0.7500000
        k(    6) = (   0.0000000   0.2500000  -0.2500000), wk =   0.3750000
        k(    7) = (   0.0000000  -0.5000000  -0.5000000), wk =   0.0937500
        k(    8) = (   0.2500000  -0.5000000  -0.2500000), wk =   0.1875000

     G cutoff =  157.5952  (   2085 G-vectors)     FFT grid: ( 18, 18, 18)

     Largest allocated arrays     est. size (Mb)     dimensions
        Kohn-Sham Wavefunctions         0.08 Mb     (    268,  20)
        NL pseudopotentials             0.03 Mb     (    268,   8)
        Each V/rho on FFT grid          0.09 Mb     (   5832)
        Each G-vector array             0.02 Mb     (   2085)
        G-vector shells                 0.00 Mb     (     54)
     Largest temporary arrays     est. size (Mb)     dimensions
        Auxiliary wavefunctions         0.33 Mb     (    268,  80)
        Each subspace H/S matrix        0.10 Mb     (     80,  80)
        Each <psi_i|beta_j> matrix      0.00 Mb     (      8,  20)
        Arrays for rho mixing           0.71 Mb     (   5832,   8)

     Initial potential from superposition of free atoms

     starting charge    7.99901, renormalised to    8.00000
     Starting wfc are    8 atomic +   12 random wfc

     total cpu time spent up to now is      0.08 secs

     per-process dynamical memory:     1.3 Mb

     Self-consistent Calculation

     iteration #  1     ecut=    15.00 Ry     beta=0.70
     Davidson diagonalization with overlap
     ethr =  1.00E-02,  avg # of iterations =  4.5

     Threshold (ethr) on eigenvalues was too large:
     Diagonalizing with lowered threshold

     Davidson diagonalization with overlap
     ethr =  8.62E-04,  avg # of iterations =  2.0

     total cpu time spent up to now is      0.57 secs

     total energy              =   -15.81611764 Ry
     Harris-Foulkes estimate   =   -15.84012385 Ry
     estimated scf accuracy    <     0.06881468 Ry

     iteration #  2     ecut=    15.00 Ry     beta=0.70
     Davidson diagonalization with overlap
     ethr =  8.60E-04,  avg # of iterations =  1.4

     total cpu time spent up to now is      0.72 secs

     total energy              =   -15.82026277 Ry
     Harris-Foulkes estimate   =   -15.82049613 Ry
     estimated scf accuracy    <     0.00189755 Ry

     iteration #  3     ecut=    15.00 Ry     beta=0.70
     Davidson diagonalization with overlap
     ethr =  2.37E-05,  avg # of iterations =  3.8

     total cpu time spent up to now is      0.91 secs

     total energy              =   -15.82028421 Ry
     Harris-Foulkes estimate   =   -15.82029005 Ry
     estimated scf accuracy    <     0.00006500 Ry

     iteration #  4     ecut=    15.00 Ry     beta=0.70
     Davidson diagonalization with overlap
     ethr =  8.12E-07,  avg # of iterations =  3.1

     total cpu time spent up to now is      1.09 secs

     total energy              =   -15.82028486 Ry
     Harris-Foulkes estimate   =   -15.82028485 Ry
     estimated scf accuracy    <     0.00000002 Ry

     iteration #  5     ecut=    15.00 Ry     beta=0.70
     Davidson diagonalization with overlap
     ethr =  2.27E-10,  avg # of iterations =  5.5

     total cpu time spent up to now is      1.48 secs

     End of self-consistent calculation

          k = 0.0000 0.0000 0.0000 (   259 PWs)   bands (ev):

    -5.7277   6.3571   6.3571   6.3571   8.9137   8.9137   8.9137   9.8887
    14.1160  14.2533  14.2533  17.6061  17.6061  17.6061  21.5063  29.8112
    29.8112  29.8112  31.2508  31.2508

     occupation numbers 
     0.0312   0.0312   0.0312   0.0312   0.0000   0.0000   0.0000   0.0000
     0.0000   0.0000   0.0000   0.0000   0.0000   0.0000   0.0000   0.0000
     0.0000   0.0000   0.0000   0.0000

          k =-0.2500 0.2500-0.2500 (   268 PWs)   bands (ev):

    -4.9248   2.3759   5.5670   5.5670   8.4258   9.8757   9.8757  13.3117
    13.6569  13.6569  15.2189  18.1410  21.1701  21.1701  24.4254  24.4361
    24.4361  26.3307  30.7824  30.7824

     occupation numbers 
     0.2500   0.2500   0.2500   0.2500   0.0000   0.0000   0.0000   0.0000
     0.0000   0.0000   0.0000   0.0000   0.0000   0.0000   0.0000   0.0000
     0.0000   0.0000   0.0000   0.0000

          k = 0.5000-0.5000 0.5000 (   266 PWs)   bands (ev):

    -3.3334  -0.7513   5.1209   5.1209   7.9529   9.6865   9.6865  13.9167
    17.1345  17.1345  17.6855  17.8413  17.8413  19.3730  25.8337  26.4244
    28.2584  28.2584  28.4987  28.4987

     occupation numbers 
     0.1250   0.1250   0.1250   0.1250   0.0000   0.0000   0.0000   0.0000
     0.0000   0.0000   0.0000   0.0000   0.0000   0.0000   0.0000   0.0000
     0.0000   0.0000   0.0000   0.0000

          k = 0.0000 0.5000 0.0000 (   258 PWs)   bands (ev):

    -4.6304   2.8688   4.4020   4.4020   7.4118   9.4598  12.1920  12.1920
    14.5304  15.4957  17.6787  19.4601  19.4601  20.0985  23.9103  23.9103
    25.0974  26.7979  27.4675  31.5216

     occupation numbers 
     0.1875   0.1875   0.1875   0.1875   0.0000   0.0000   0.0000   0.0000
     0.0000   0.0000   0.0000   0.0000   0.0000   0.0000   0.0000   0.0000
     0.0000   0.0000   0.0000   0.0000

          k = 0.7500-0.2500 0.7500 (   254 PWs)   bands (ev):

    -2.9484  -0.0715   2.7083   4.0795   7.8111  10.7959  12.1756  12.3483
    16.6179  17.0896  18.7731  19.1443  19.3950  23.2999  24.3791  25.1944
    25.9455  26.1088  26.4537  29.3557

     occupation numbers 
     0.7500   0.7500   0.7500   0.7500   0.0000   0.0000   0.0000   0.0000
     0.0000   0.0000   0.0000   0.0000   0.0000   0.0000   0.0000   0.0000
     0.0000   0.0000   0.0000   0.0000

          k = 0.5000 0.0000 0.5000 (   256 PWs)   bands (ev):

    -3.6428   0.8549   2.4645   4.9865   8.7954  11.1860  11.5197  12.5354
    12.8870  16.0662  19.0019  19.7613  19.8029  23.1187  23.7708  23.9705
    25.3508  27.7655  28.2964  30.5688

     occupation numbers 
     0.3750   0.3750   0.3750   0.3750   0.0000   0.0000   0.0000   0.0000
     0.0000   0.0000   0.0000   0.0000   0.0000   0.0000   0.0000   0.0000
     0.0000   0.0000   0.0000   0.0000

          k = 0.0000-1.0000 0.0000 (   254 PWs)   bands (ev):

    -1.4981  -1.4981   3.4127   3.4127   6.9649   6.9649  16.5724  16.5724
    17.5762  17.5762  19.1716  19.1716  19.4196  19.4196  25.3472  25.3472
    26.1735  26.1735  26.8208  26.8208

     occupation numbers 
     0.0938   0.0938   0.0938   0.0938   0.0000   0.0000   0.0000   0.0000
     0.0000   0.0000   0.0000   0.0000   0.0000   0.0000   0.0000   0.0000
     0.0000   0.0000   0.0000   0.0000

          k =-0.5000-1.0000 0.0000 (   264 PWs)   bands (ev):

    -1.3247  -1.3247   2.3493   2.3493  10.5893  10.5893  11.4107  11.4108
    17.1004  17.1004  19.5608  19.5608  22.8951  22.8951  24.9452  24.9452
    25.5124  25.5124  26.4556  26.4556

     occupation numbers 
     0.1875   0.1875   0.1875   0.1875   0.0000   0.0000   0.0000   0.0000
     0.0000   0.0000   0.0000   0.0000   0.0000   0.0000   0.0000   0.0000
     0.0000   0.0000   0.0000   0.0000

     highest occupied, lowest unoccupied level (ev):     6.3571    6.9649

!    total energy              =   -15.82028487 Ry
     Harris-Foulkes estimate   =   -15.82028487 Ry
     estimated scf accuracy    <        9.9E-10 Ry

     The total energy is the sum of the following terms:

     one-electron contribution =     4.84208889 Ry
     hartree contribution      =     1.09248147 Ry
     xc contribution           =    -4.82688335 Ry
     ewald contribution        =   -16.92797188 Ry

     convergence has been achieved in   5 iterations

     Writing output data file Si.save
 
     PWSCF        :     1.54s CPU time,    1.57s wall time

     init_run     :     0.07s CPU
     electrons    :     1.40s CPU

     Called by init_run:
     wfcinit      :     0.05s CPU
     potinit      :     0.00s CPU

     Called by electrons:
     c_bands      :     1.26s CPU (       6 calls,   0.211 s avg)
     sum_band     :     0.13s CPU (       6 calls,   0.022 s avg)
     v_of_rho     :     0.00s CPU (       6 calls,   0.000 s avg)
     v_h          :     0.00s CPU (       6 calls,   0.000 s avg)
     v_xc         :     0.00s CPU (       6 calls,   0.000 s avg)
     mix_rho      :     0.00s CPU (       6 calls,   0.000 s avg)

     Called by c_bands:
     init_us_2    :     0.00s CPU (     104 calls,   0.000 s avg)
     cegterg      :     1.26s CPU (      48 calls,   0.026 s avg)

     Called by sum_band:

     Called by *egterg:
     h_psi        :     0.72s CPU (     218 calls,   0.003 s avg)
     g_psi        :     0.01s CPU (     162 calls,   0.000 s avg)
     cdiaghg      :     0.30s CPU (     202 calls,   0.001 s avg)
     cegterg:over :     0.13s CPU (     162 calls,   0.001 s avg)
     cegterg:upda :     0.08s CPU (     162 calls,   0.000 s avg)
     cegterg:last :     0.02s CPU (      57 calls,   0.000 s avg)

     Called by h_psi:
     h_psi:init   :     0.00s CPU (     218 calls,   0.000 s avg)
     h_psi:firstf :     0.38s CPU (    2848 calls,   0.000 s avg)
     h_psi:second :     0.28s CPU (    2848 calls,   0.000 s avg)
     add_vuspsi   :     0.02s CPU (     218 calls,   0.000 s avg)

     General routines
     calbec       :     0.01s CPU (     218 calls,   0.000 s avg)
     cft3         :     0.00s CPU (      19 calls,   0.000 s avg)
     cft3s        :     0.71s CPU (    6656 calls,   0.000 s avg)
     davcio       :     0.00s CPU (     160 calls,   0.000 s avg)
 
