
     Program PWSCF v.5.1 starts on 28Jul2018 at 15:23: 6 

     This program is part of the open-source Quantum ESPRESSO suite
     for quantum simulation of materials; please cite
         "P. Giannozzi et al., J. Phys.:Condens. Matter 21 395502 (2009);
          URL http://www.quantum-espresso.org", 
     in publications or presentations arising from this work. More details at
     http://www.quantum-espresso.org/quote

     Parallel version (MPI), running on     1 processors
     Waiting for input...
     Reading input from standard input
     Message from routine read_cards :
     DEPRECATED: no units specified in ATOMIC_POSITIONS card
     Message from routine read_cards :
     ATOMIC_POSITIONS: units set to alat

     Current dimensions of program PWSCF are:
     Max number of different atomic species (ntypx) = 10
     Max number of k-points (npk) =  40000
     Max angular momentum in pseudopotentials (lmaxx) =  3

     Atomic positions and unit cell read from directory:
     ./Fe_nscf_e45_k4s3_nb20_so.save/


     Fixed quantization axis for GGA:     0.000000    0.000000    1.000000

     Subspace diagonalization in iterative solution of the eigenvalue problem:
     a serial algorithm will be used


     G-vector sticks info
     --------------------
     sticks:   dense  smooth     PW     G-vecs:    dense   smooth      PW
     Sum         291     291     95                 3151     3151     603

     Generating pointlists ...
     new r_m :   0.3572 (alat units)  1.9362 (a.u.) for type    1


     bravais-lattice index     =            3
     lattice parameter (alat)  =       5.4200  a.u.
     unit-cell volume          =      79.6100 (a.u.)^3
     number of atoms/cell      =            1
     number of atomic types    =            1
     number of electrons       =         8.00
     number of Kohn-Sham states=           20
     kinetic-energy cutoff     =      45.0000  Ry
     charge density cutoff     =     180.0000  Ry
     Exchange-correlation      = PBE ( 1  4  3  4 0)
     Noncollinear calculation with spin-orbit


     celldm(1)=   5.420000  celldm(2)=   0.000000  celldm(3)=   0.000000
     celldm(4)=   0.000000  celldm(5)=   0.000000  celldm(6)=   0.000000

     crystal axes: (cart. coord. in units of alat)
               a(1) = (   0.500000   0.500000   0.500000 )  
               a(2) = (  -0.500000   0.500000   0.500000 )  
               a(3) = (  -0.500000  -0.500000   0.500000 )  

     reciprocal axes: (cart. coord. in units 2 pi/alat)
               b(1) = (  1.000000  0.000000  1.000000 )  
               b(2) = ( -1.000000  1.000000  0.000000 )  
               b(3) = (  0.000000 -1.000000  1.000000 )  


     PseudoPot. # 1 for Fe read from file:
     ./Fe.rel-pbe-n-nc.UPF
     MD5 check sum: 94258d60e67ccf79570366bad73e55f4
     Pseudo is Norm-conserving + core correction, Zval =  8.0
     Generated using "atomic" code by A. Dal Corso  v.5.0.2 svn rev. 10042M
     Using radial grid of 1191 points,  4 beta functions with: 
                l(1) =   1
                l(2) =   1
                l(3) =   2
                l(4) =   2

     atomic species   valence    mass     pseudopotential
        Fe             8.00    55.84500     Fe( 1.00)

     16 Sym. Ops., with inversion, found


                                    s                        frac. trans.

      isym =  1     identity                                     

 Time Reversal            0
 cryst.   s( 1) = (     1          0          0      )
                  (     0          1          0      )
                  (     0          0          1      )

 cart.    s( 1) = (  1.0000000  0.0000000  0.0000000 )
                  (  0.0000000  1.0000000  0.0000000 )
                  (  0.0000000  0.0000000  1.0000000 )


      isym =  2     180 deg rotation - cart. axis [0,0,1]        

 Time Reversal            0
 cryst.   s( 2) = (     0          0          1      )
                  (     1         -1          1      )
                  (     1          0          0      )

 cart.    s( 2) = ( -1.0000000  0.0000000  0.0000000 )
                  (  0.0000000 -1.0000000  0.0000000 )
                  (  0.0000000  0.0000000  1.0000000 )


      isym =  3     180 deg rotation - cart. axis [0,1,0]        

 Time Reversal            1
 cryst.   s( 3) = (    -1          1         -1      )
                  (     0          0         -1      )
                  (     0         -1          0      )

 cart.    s( 3) = ( -1.0000000  0.0000000  0.0000000 )
                  (  0.0000000  1.0000000  0.0000000 )
                  (  0.0000000  0.0000000 -1.0000000 )


      isym =  4     180 deg rotation - cart. axis [1,0,0]        

 Time Reversal            1
 cryst.   s( 4) = (     0         -1          0      )
                  (    -1          0          0      )
                  (    -1          1         -1      )

 cart.    s( 4) = (  1.0000000  0.0000000  0.0000000 )
                  (  0.0000000 -1.0000000  0.0000000 )
                  (  0.0000000  0.0000000 -1.0000000 )


      isym =  5     180 deg rotation - cart. axis [1,1,0]        

 Time Reversal            1
 cryst.   s( 5) = (     0          0         -1      )
                  (     0         -1          0      )
                  (    -1          0          0      )

 cart.    s( 5) = (  0.0000000  1.0000000  0.0000000 )
                  (  1.0000000  0.0000000  0.0000000 )
                  (  0.0000000  0.0000000 -1.0000000 )


      isym =  6     180 deg rotation - cart. axis [1,-1,0]       

 Time Reversal            1
 cryst.   s( 6) = (    -1          0          0      )
                  (    -1          1         -1      )
                  (     0          0         -1      )

 cart.    s( 6) = (  0.0000000 -1.0000000  0.0000000 )
                  ( -1.0000000  0.0000000  0.0000000 )
                  (  0.0000000  0.0000000 -1.0000000 )


      isym =  7      90 deg rotation - cart. axis [0,0,-1]       

 Time Reversal            0
 cryst.   s( 7) = (     1         -1          1      )
                  (     1          0          0      )
                  (     0          1          0      )

 cart.    s( 7) = (  0.0000000  1.0000000  0.0000000 )
                  ( -1.0000000  0.0000000  0.0000000 )
                  (  0.0000000  0.0000000  1.0000000 )


      isym =  8      90 deg rotation - cart. axis [0,0,1]        

 Time Reversal            0
 cryst.   s( 8) = (     0          1          0      )
                  (     0          0          1      )
                  (     1         -1          1      )

 cart.    s( 8) = (  0.0000000 -1.0000000  0.0000000 )
                  (  1.0000000  0.0000000  0.0000000 )
                  (  0.0000000  0.0000000  1.0000000 )


      isym =  9     inversion                                    

 Time Reversal            0
 cryst.   s( 9) = (    -1          0          0      )
                  (     0         -1          0      )
                  (     0          0         -1      )

 cart.    s( 9) = ( -1.0000000  0.0000000  0.0000000 )
                  (  0.0000000 -1.0000000  0.0000000 )
                  (  0.0000000  0.0000000 -1.0000000 )


      isym = 10     inv. 180 deg rotation - cart. axis [0,0,1]   

 Time Reversal            0
 cryst.   s(10) = (     0          0         -1      )
                  (    -1          1         -1      )
                  (    -1          0          0      )

 cart.    s(10) = (  1.0000000  0.0000000  0.0000000 )
                  (  0.0000000  1.0000000  0.0000000 )
                  (  0.0000000  0.0000000 -1.0000000 )


      isym = 11     inv. 180 deg rotation - cart. axis [0,1,0]   

 Time Reversal            1
 cryst.   s(11) = (     1         -1          1      )
                  (     0          0          1      )
                  (     0          1          0      )

 cart.    s(11) = (  1.0000000  0.0000000  0.0000000 )
                  (  0.0000000 -1.0000000  0.0000000 )
                  (  0.0000000  0.0000000  1.0000000 )


      isym = 12     inv. 180 deg rotation - cart. axis [1,0,0]   

 Time Reversal            1
 cryst.   s(12) = (     0          1          0      )
                  (     1          0          0      )
                  (     1         -1          1      )

 cart.    s(12) = ( -1.0000000  0.0000000  0.0000000 )
                  (  0.0000000  1.0000000  0.0000000 )
                  (  0.0000000  0.0000000  1.0000000 )


      isym = 13     inv. 180 deg rotation - cart. axis [1,1,0]   

 Time Reversal            1
 cryst.   s(13) = (     0          0          1      )
                  (     0          1          0      )
                  (     1          0          0      )

 cart.    s(13) = (  0.0000000 -1.0000000  0.0000000 )
                  ( -1.0000000  0.0000000  0.0000000 )
                  (  0.0000000  0.0000000  1.0000000 )


      isym = 14     inv. 180 deg rotation - cart. axis [1,-1,0]  

 Time Reversal            1
 cryst.   s(14) = (     1          0          0      )
                  (     1         -1          1      )
                  (     0          0          1      )

 cart.    s(14) = (  0.0000000  1.0000000  0.0000000 )
                  (  1.0000000  0.0000000  0.0000000 )
                  (  0.0000000  0.0000000  1.0000000 )


      isym = 15     inv.  90 deg rotation - cart. axis [0,0,-1]  

 Time Reversal            0
 cryst.   s(15) = (    -1          1         -1      )
                  (    -1          0          0      )
                  (     0         -1          0      )

 cart.    s(15) = (  0.0000000 -1.0000000  0.0000000 )
                  (  1.0000000  0.0000000  0.0000000 )
                  (  0.0000000  0.0000000 -1.0000000 )


      isym = 16     inv.  90 deg rotation - cart. axis [0,0,1]   

 Time Reversal            0
 cryst.   s(16) = (     0         -1          0      )
                  (     0          0         -1      )
                  (    -1          1         -1      )

 cart.    s(16) = (  0.0000000  1.0000000  0.0000000 )
                  ( -1.0000000  0.0000000  0.0000000 )
                  (  0.0000000  0.0000000 -1.0000000 )


     the magnetic double point group is D_4h(4/mmm) [C_4h (4/m) ]
     using the double point group C_4h (4/m) 
     there are 16 classes and  8 irreducible representations
     the character table:

       E     -E    C4    -C4   C4^2  -C4^2 C4^3  -C4^3 i     -i    S4^3  -S4^3
                                                                              
G_5+   1.00 -1.00  0.71 -0.71  0.00  0.00  0.71 -0.71  1.00 -1.00  0.71 -0.71
G_6+   1.00 -1.00  0.71 -0.71  0.00  0.00  0.71 -0.71  1.00 -1.00  0.71 -0.71
G_7+   1.00 -1.00 -0.71  0.71  0.00  0.00 -0.71  0.71  1.00 -1.00 -0.71  0.71
G_8+   1.00 -1.00 -0.71  0.71  0.00  0.00 -0.71  0.71  1.00 -1.00 -0.71  0.71
G_5-   1.00 -1.00  0.71 -0.71  0.00  0.00  0.71 -0.71 -1.00  1.00 -0.71  0.71
G_6-   1.00 -1.00  0.71 -0.71  0.00  0.00  0.71 -0.71 -1.00  1.00 -0.71  0.71
G_7-   1.00 -1.00 -0.71  0.71  0.00  0.00 -0.71  0.71 -1.00  1.00  0.71 -0.71
G_8-   1.00 -1.00 -0.71  0.71  0.00  0.00 -0.71  0.71 -1.00  1.00  0.71 -0.71

       s_h   -s_h  S4    -S4  
                              
G_5+   0.00  0.00  0.71 -0.71
G_6+   0.00  0.00  0.71 -0.71
G_7+   0.00  0.00 -0.71  0.71
G_8+   0.00  0.00 -0.71  0.71
G_5-   0.00  0.00 -0.71  0.71
G_6-   0.00  0.00 -0.71  0.71
G_7-   0.00  0.00  0.71 -0.71
G_8-   0.00  0.00  0.71 -0.71

     imaginary part

       E     -E    C4    -C4   C4^2  -C4^2 C4^3  -C4^3 i     -i    S4^3  -S4^3
                                                                              
G_5+   0.00  0.00  0.71 -0.71  1.00 -1.00 -0.71  0.71  0.00  0.00  0.71 -0.71
G_6+   0.00  0.00 -0.71  0.71 -1.00  1.00  0.71 -0.71  0.00  0.00 -0.71  0.71
G_7+   0.00  0.00 -0.71  0.71  1.00 -1.00  0.71 -0.71  0.00  0.00 -0.71  0.71
G_8+   0.00  0.00  0.71 -0.71 -1.00  1.00 -0.71  0.71  0.00  0.00  0.71 -0.71
G_5-   0.00  0.00  0.71 -0.71  1.00 -1.00 -0.71  0.71  0.00  0.00 -0.71  0.71
G_6-   0.00  0.00 -0.71  0.71 -1.00  1.00  0.71 -0.71  0.00  0.00  0.71 -0.71
G_7-   0.00  0.00 -0.71  0.71  1.00 -1.00  0.71 -0.71  0.00  0.00  0.71 -0.71
G_8-   0.00  0.00  0.71 -0.71 -1.00  1.00 -0.71  0.71  0.00  0.00 -0.71  0.71

       s_h   -s_h  S4    -S4  
                              
G_5+   1.00 -1.00 -0.71  0.71
G_6+  -1.00  1.00  0.71 -0.71
G_7+   1.00 -1.00  0.71 -0.71
G_8+  -1.00  1.00 -0.71  0.71
G_5-  -1.00  1.00  0.71 -0.71
G_6-   1.00 -1.00 -0.71  0.71
G_7-  -1.00  1.00 -0.71  0.71
G_8-   1.00 -1.00  0.71 -0.71

     the symmetry operations in each class:
     E             1
     C4^2          2
     C4^3          3
     C4            4
     i             5
     s_h           6
     S4            7
     S4^3          8
     -E           -1
     -C4^2        -2
     -C4^3        -3
     -C4          -4
     -i           -5
     -s_h         -6
     -S4          -7
     -S4^3        -8

   Cartesian axes

     site n.     atom                  positions (alat units)
         1           Fe  tau(   1) = (   0.0000000   0.0000000   0.0000000  )

   Crystallographic axes

     site n.     atom                  positions (cryst. coord.)
         1           Fe  tau(   1) = (  0.0000000  0.0000000  0.0000000  )

     number of k points=    11  gaussian smearing, width (Ry)=  0.0250
                       cart. coord. in units 2pi/alat
        k(    1) = (   0.0000000   0.0000000   0.2500431), wk =   0.0909091
        k(    2) = (   0.0000000  -0.2500000   0.5000432), wk =   0.0909091
        k(    3) = (  -0.2500000   0.2500000   0.2500431), wk =   0.0909091
        k(    4) = (  -0.2500000   0.7500000  -0.2499569), wk =   0.0909091
        k(    5) = (   0.5000000  -0.5000000   0.2500431), wk =   0.0909091
        k(    6) = (   0.0000000   0.0000000   0.7500432), wk =   0.0909091
        k(    7) = (   0.0000000   0.2500000   0.0000431), wk =   0.0909091
        k(    8) = (  -0.2500000   0.5000000   0.0000431), wk =   0.0909091
        k(    9) = (   0.5000000   0.0000000  -0.2499569), wk =   0.0909091
        k(   10) = (  -0.5000000   0.2500000   0.5000432), wk =   0.0909091
        k(   11) = (   0.0000000   0.7500000   0.0000431), wk =   0.0909091

                       cryst. coord.
        k(    1) = (   0.1250216   0.1250216   0.1250216), wk =   0.0909091
        k(    2) = (   0.1250216   0.1250216   0.3750216), wk =   0.0909091
        k(    3) = (   0.1250216   0.3750216   0.1250216), wk =   0.0909091
        k(    4) = (   0.1250216   0.3750216  -0.3749784), wk =   0.0909091
        k(    5) = (   0.1250216  -0.3749784   0.1250216), wk =   0.0909091
        k(    6) = (   0.3750216   0.3750216   0.3750216), wk =   0.0909091
        k(    7) = (   0.1250216   0.1250216  -0.1249784), wk =   0.0909091
        k(    8) = (   0.1250216   0.3750216  -0.1249784), wk =   0.0909091
        k(    9) = (   0.1250216  -0.3749784  -0.3749784), wk =   0.0909091
        k(   10) = (   0.1250216   0.6250216   0.3750216), wk =   0.0909091
        k(   11) = (   0.3750216   0.3750216  -0.3749784), wk =   0.0909091

     Dense  grid:     3151 G-vectors     FFT dimensions: (  20,  20,  20)

     Largest allocated arrays     est. size (Mb)     dimensions
        Kohn-Sham Wavefunctions         0.25 Mb     (     822,   20)
        NL pseudopotentials             0.10 Mb     (     411,   16)
        Each V/rho on FFT grid          0.12 Mb     (    8000)
        Each G-vector array             0.02 Mb     (    3151)
        G-vector shells                 0.00 Mb     (      62)
     Largest temporary arrays     est. size (Mb)     dimensions
        Auxiliary wavefunctions         1.00 Mb     (     822,   80)
        Each subspace H/S matrix        0.10 Mb     (      80,   80)
        Each <psi_i|beta_j> matrix      0.01 Mb     (      16,   2,   20)

     Check: negative/imaginary core charge=   -0.000019    0.000000

     The potential is recalculated from file :
     ./Fe_nscf_e45_k4s3_nb20_so.save/charge-density.dat

     Starting wfc are   18 randomized atomic wfcs +    2 random wfc

     Band Structure Calculation
     Davidson diagonalization with overlap

     Computing kpt #:     1
     total cpu time spent up to now is        0.5 secs

     Computing kpt #:     2
     total cpu time spent up to now is        0.7 secs

     Computing kpt #:     3
     total cpu time spent up to now is        0.8 secs

     Computing kpt #:     4
     total cpu time spent up to now is        0.9 secs

     Computing kpt #:     5
     total cpu time spent up to now is        1.0 secs

     Computing kpt #:     6
     total cpu time spent up to now is        1.1 secs

     Computing kpt #:     7
     total cpu time spent up to now is        1.2 secs

     Computing kpt #:     8
     total cpu time spent up to now is        1.3 secs

     Computing kpt #:     9
     total cpu time spent up to now is        1.5 secs

     Computing kpt #:    10
     total cpu time spent up to now is        1.6 secs

     Computing kpt #:    11
     total cpu time spent up to now is        1.7 secs

     ethr =  1.25E-10,  avg # of iterations = 14.2

     total cpu time spent up to now is        1.7 secs

     End of band structure calculation

          k = 0.0000 0.0000 0.2500 (   398 PWs)   bands (ev):

     6.3215   6.4517  11.4308  11.4860  11.7718  12.0166  12.7499  13.6627
    13.7118  14.0911  14.9317  15.8925  36.0450  36.1123  37.6517  37.7546
    37.7587  38.0159  38.0779  38.2869

          k = 0.0000-0.2500 0.5000 (   407 PWs)   bands (ev):

     9.0566  10.0493  10.8620  11.0875  12.3831  12.9306  12.9719  13.4529
    14.0246  14.9992  15.9603  16.4588  24.5606  25.5745  31.9749  32.6161
    32.7089  32.9338  41.1106  41.4096

          k =-0.2500 0.2500 0.2500 (   411 PWs)   bands (ev):

     8.3521   8.6160  10.6531  10.6543  12.5173  12.5594  12.7253  12.7369
    13.6066  15.5851  15.6155  15.9052  30.5580  30.6089  31.0102  31.0662
    31.3501  32.2379  42.6566  43.0848

          k =-0.2500 0.7500-0.2500 (   400 PWs)   bands (ev):

    10.2399  10.2557  10.7819  12.1403  12.1482  12.6877  13.0206  13.0316
    15.5762  15.5982  20.7935  20.8318  21.9355  21.9549  22.9931  23.9829
    37.6644  38.2935  39.1609  39.1775

          k = 0.5000-0.5000 0.2500 (   406 PWs)   bands (ev):

     9.6045  10.3565  11.1619  11.5442  12.2697  12.7370  12.7650  12.8197
    15.7591  15.9564  17.6416  18.9857  21.3032  22.6326  28.1861  28.1896
    28.6665  28.9036  44.7910  45.0016

          k = 0.0000 0.0000 0.7500 (   402 PWs)   bands (ev):

     9.4218   9.5652  11.2676  11.7977  12.8412  12.9076  13.4493  15.1457
    15.2141  15.9618  18.3202  19.3584  25.5290  25.6972  26.0550  26.2181
    31.8101  32.0682  32.5336  32.8820

          k = 0.0000 0.2500 0.0000 (   398 PWs)   bands (ev):

     6.3210   6.4513  11.4560  11.4561  11.7868  12.0024  12.7550  13.6830
    13.6856  14.0972  14.9296  15.8931  36.0456  36.1128  37.6730  37.6973
    37.8001  38.0402  38.0506  38.2908

          k =-0.2500 0.5000 0.0000 (   407 PWs)   bands (ev):

     9.0563  10.0489  10.8637  11.0857  12.3815  12.9293  12.9746  13.4530
    14.0255  14.9976  15.9600  16.4593  24.5616  25.5752  31.9759  32.6127
    32.7145  32.9330  41.1110  41.4100

          k = 0.5000 0.0000-0.2500 (   407 PWs)   bands (ev):

     9.0564  10.0488  10.8637  11.0853  12.3841  12.9290  12.9714  13.4525
    14.0265  14.9995  15.9568  16.4607  24.5623  25.5761  31.9755  32.6190
    32.7070  32.9346  41.1096  41.4087

          k =-0.5000 0.2500 0.5000 (   406 PWs)   bands (ev):

     9.6042  10.3566  11.1615  11.5439  12.2727  12.7488  12.7691  12.8012
    15.7631  15.9529  17.6408  18.9851  21.3029  22.6325  28.1561  28.2257
    28.6606  28.9076  44.7898  45.0004

          k = 0.0000 0.7500 0.0000 (   402 PWs)   bands (ev):

     9.4220   9.5652  11.2681  11.7972  12.8725  12.8740  13.4512  15.1785
    15.1801  15.9625  18.3191  19.3578  25.6009  25.6011  26.1502  26.1502
    31.8100  32.0684  32.5335  32.8821

     Writing output data file Fe_nscf_e45_k4s3_nb20_so.save

     init_run     :      0.24s CPU      0.24s WALL (       1 calls)
     electrons    :      1.23s CPU      1.24s WALL (       1 calls)

     Called by init_run:
     wfcinit      :      0.00s CPU      0.00s WALL (       1 calls)
     potinit      :      0.02s CPU      0.02s WALL (       1 calls)

     Called by electrons:
     c_bands      :      1.23s CPU      1.24s WALL (       1 calls)
     v_of_rho     :      0.02s CPU      0.02s WALL (       1 calls)
     v_h          :      0.00s CPU      0.00s WALL (       1 calls)
     v_xc         :      0.02s CPU      0.02s WALL (       1 calls)

     Called by c_bands:
     init_us_2    :      0.00s CPU      0.00s WALL (      11 calls)
     cegterg      :      1.14s CPU      1.14s WALL (      11 calls)

     Called by sum_band:

     Called by *egterg:
     h_psi        :      0.80s CPU      0.78s WALL (     178 calls)
     g_psi        :      0.01s CPU      0.01s WALL (     156 calls)
     cdiaghg      :      0.19s CPU      0.21s WALL (     167 calls)
     cegterg:over :      0.08s CPU      0.08s WALL (     156 calls)
     cegterg:upda :      0.07s CPU      0.08s WALL (     156 calls)
     cegterg:last :      0.07s CPU      0.04s WALL (      33 calls)

     Called by h_psi:
     h_psi:vloc   :      0.76s CPU      0.74s WALL (     178 calls)
     h_psi:vnl    :      0.04s CPU      0.04s WALL (     178 calls)
     add_vuspsi   :      0.01s CPU      0.02s WALL (     178 calls)

     General routines
     calbec       :      0.02s CPU      0.02s WALL (     178 calls)
     fft          :      0.00s CPU      0.00s WALL (      23 calls)
     fftw         :      0.65s CPU      0.60s WALL (    8480 calls)

     Parallel routines
     fft_scatter  :      0.08s CPU      0.08s WALL (    8503 calls)

     PWSCF        :     1.73s CPU         1.77s WALL


   This run was terminated on:  15:23: 8  28Jul2018            

=------------------------------------------------------------------------------=
   JOB DONE.
=------------------------------------------------------------------------------=
