
     Program PWSCF v.5.1 starts on 28Jul2018 at 15:22:34 

     This program is part of the open-source Quantum ESPRESSO suite
     for quantum simulation of materials; please cite
         "P. Giannozzi et al., J. Phys.:Condens. Matter 21 395502 (2009);
          URL http://www.quantum-espresso.org", 
     in publications or presentations arising from this work. More details at
     http://www.quantum-espresso.org/quote

     Parallel version (MPI), running on     1 processors
     Waiting for input...
     Reading input from standard input
     Message from routine read_cards :
     DEPRECATED: no units specified in ATOMIC_POSITIONS card
     Message from routine read_cards :
     ATOMIC_POSITIONS: units set to alat

     Current dimensions of program PWSCF are:
     Max number of different atomic species (ntypx) = 10
     Max number of k-points (npk) =  40000
     Max angular momentum in pseudopotentials (lmaxx) =  3

     Atomic positions and unit cell read from directory:
     ./Fe_nscf_e45_k4s1_nb20_so.save/


     Fixed quantization axis for GGA:     0.000000    0.000000    1.000000

     Subspace diagonalization in iterative solution of the eigenvalue problem:
     a serial algorithm will be used


     G-vector sticks info
     --------------------
     sticks:   dense  smooth     PW     G-vecs:    dense   smooth      PW
     Sum         291     291     95                 3151     3151     603

     Generating pointlists ...
     new r_m :   0.3572 (alat units)  1.9362 (a.u.) for type    1


     bravais-lattice index     =            3
     lattice parameter (alat)  =       5.4200  a.u.
     unit-cell volume          =      79.6100 (a.u.)^3
     number of atoms/cell      =            1
     number of atomic types    =            1
     number of electrons       =         8.00
     number of Kohn-Sham states=           20
     kinetic-energy cutoff     =      45.0000  Ry
     charge density cutoff     =     180.0000  Ry
     Exchange-correlation      = PBE ( 1  4  3  4 0)
     Noncollinear calculation with spin-orbit


     celldm(1)=   5.420000  celldm(2)=   0.000000  celldm(3)=   0.000000
     celldm(4)=   0.000000  celldm(5)=   0.000000  celldm(6)=   0.000000

     crystal axes: (cart. coord. in units of alat)
               a(1) = (   0.500000   0.500000   0.500000 )  
               a(2) = (  -0.500000   0.500000   0.500000 )  
               a(3) = (  -0.500000  -0.500000   0.500000 )  

     reciprocal axes: (cart. coord. in units 2 pi/alat)
               b(1) = (  1.000000  0.000000  1.000000 )  
               b(2) = ( -1.000000  1.000000  0.000000 )  
               b(3) = (  0.000000 -1.000000  1.000000 )  


     PseudoPot. # 1 for Fe read from file:
     ./Fe.rel-pbe-n-nc.UPF
     MD5 check sum: 94258d60e67ccf79570366bad73e55f4
     Pseudo is Norm-conserving + core correction, Zval =  8.0
     Generated using "atomic" code by A. Dal Corso  v.5.0.2 svn rev. 10042M
     Using radial grid of 1191 points,  4 beta functions with: 
                l(1) =   1
                l(2) =   1
                l(3) =   2
                l(4) =   2

     atomic species   valence    mass     pseudopotential
        Fe             8.00    55.84500     Fe( 1.00)

     16 Sym. Ops., with inversion, found


                                    s                        frac. trans.

      isym =  1     identity                                     

 Time Reversal            0
 cryst.   s( 1) = (     1          0          0      )
                  (     0          1          0      )
                  (     0          0          1      )

 cart.    s( 1) = (  1.0000000  0.0000000  0.0000000 )
                  (  0.0000000  1.0000000  0.0000000 )
                  (  0.0000000  0.0000000  1.0000000 )


      isym =  2     180 deg rotation - cart. axis [0,0,1]        

 Time Reversal            0
 cryst.   s( 2) = (     0          0          1      )
                  (     1         -1          1      )
                  (     1          0          0      )

 cart.    s( 2) = ( -1.0000000  0.0000000  0.0000000 )
                  (  0.0000000 -1.0000000  0.0000000 )
                  (  0.0000000  0.0000000  1.0000000 )


      isym =  3     180 deg rotation - cart. axis [0,1,0]        

 Time Reversal            1
 cryst.   s( 3) = (    -1          1         -1      )
                  (     0          0         -1      )
                  (     0         -1          0      )

 cart.    s( 3) = ( -1.0000000  0.0000000  0.0000000 )
                  (  0.0000000  1.0000000  0.0000000 )
                  (  0.0000000  0.0000000 -1.0000000 )


      isym =  4     180 deg rotation - cart. axis [1,0,0]        

 Time Reversal            1
 cryst.   s( 4) = (     0         -1          0      )
                  (    -1          0          0      )
                  (    -1          1         -1      )

 cart.    s( 4) = (  1.0000000  0.0000000  0.0000000 )
                  (  0.0000000 -1.0000000  0.0000000 )
                  (  0.0000000  0.0000000 -1.0000000 )


      isym =  5     180 deg rotation - cart. axis [1,1,0]        

 Time Reversal            1
 cryst.   s( 5) = (     0          0         -1      )
                  (     0         -1          0      )
                  (    -1          0          0      )

 cart.    s( 5) = (  0.0000000  1.0000000  0.0000000 )
                  (  1.0000000  0.0000000  0.0000000 )
                  (  0.0000000  0.0000000 -1.0000000 )


      isym =  6     180 deg rotation - cart. axis [1,-1,0]       

 Time Reversal            1
 cryst.   s( 6) = (    -1          0          0      )
                  (    -1          1         -1      )
                  (     0          0         -1      )

 cart.    s( 6) = (  0.0000000 -1.0000000  0.0000000 )
                  ( -1.0000000  0.0000000  0.0000000 )
                  (  0.0000000  0.0000000 -1.0000000 )


      isym =  7      90 deg rotation - cart. axis [0,0,-1]       

 Time Reversal            0
 cryst.   s( 7) = (     1         -1          1      )
                  (     1          0          0      )
                  (     0          1          0      )

 cart.    s( 7) = (  0.0000000  1.0000000  0.0000000 )
                  ( -1.0000000  0.0000000  0.0000000 )
                  (  0.0000000  0.0000000  1.0000000 )


      isym =  8      90 deg rotation - cart. axis [0,0,1]        

 Time Reversal            0
 cryst.   s( 8) = (     0          1          0      )
                  (     0          0          1      )
                  (     1         -1          1      )

 cart.    s( 8) = (  0.0000000 -1.0000000  0.0000000 )
                  (  1.0000000  0.0000000  0.0000000 )
                  (  0.0000000  0.0000000  1.0000000 )


      isym =  9     inversion                                    

 Time Reversal            0
 cryst.   s( 9) = (    -1          0          0      )
                  (     0         -1          0      )
                  (     0          0         -1      )

 cart.    s( 9) = ( -1.0000000  0.0000000  0.0000000 )
                  (  0.0000000 -1.0000000  0.0000000 )
                  (  0.0000000  0.0000000 -1.0000000 )


      isym = 10     inv. 180 deg rotation - cart. axis [0,0,1]   

 Time Reversal            0
 cryst.   s(10) = (     0          0         -1      )
                  (    -1          1         -1      )
                  (    -1          0          0      )

 cart.    s(10) = (  1.0000000  0.0000000  0.0000000 )
                  (  0.0000000  1.0000000  0.0000000 )
                  (  0.0000000  0.0000000 -1.0000000 )


      isym = 11     inv. 180 deg rotation - cart. axis [0,1,0]   

 Time Reversal            1
 cryst.   s(11) = (     1         -1          1      )
                  (     0          0          1      )
                  (     0          1          0      )

 cart.    s(11) = (  1.0000000  0.0000000  0.0000000 )
                  (  0.0000000 -1.0000000  0.0000000 )
                  (  0.0000000  0.0000000  1.0000000 )


      isym = 12     inv. 180 deg rotation - cart. axis [1,0,0]   

 Time Reversal            1
 cryst.   s(12) = (     0          1          0      )
                  (     1          0          0      )
                  (     1         -1          1      )

 cart.    s(12) = ( -1.0000000  0.0000000  0.0000000 )
                  (  0.0000000  1.0000000  0.0000000 )
                  (  0.0000000  0.0000000  1.0000000 )


      isym = 13     inv. 180 deg rotation - cart. axis [1,1,0]   

 Time Reversal            1
 cryst.   s(13) = (     0          0          1      )
                  (     0          1          0      )
                  (     1          0          0      )

 cart.    s(13) = (  0.0000000 -1.0000000  0.0000000 )
                  ( -1.0000000  0.0000000  0.0000000 )
                  (  0.0000000  0.0000000  1.0000000 )


      isym = 14     inv. 180 deg rotation - cart. axis [1,-1,0]  

 Time Reversal            1
 cryst.   s(14) = (     1          0          0      )
                  (     1         -1          1      )
                  (     0          0          1      )

 cart.    s(14) = (  0.0000000  1.0000000  0.0000000 )
                  (  1.0000000  0.0000000  0.0000000 )
                  (  0.0000000  0.0000000  1.0000000 )


      isym = 15     inv.  90 deg rotation - cart. axis [0,0,-1]  

 Time Reversal            0
 cryst.   s(15) = (    -1          1         -1      )
                  (    -1          0          0      )
                  (     0         -1          0      )

 cart.    s(15) = (  0.0000000 -1.0000000  0.0000000 )
                  (  1.0000000  0.0000000  0.0000000 )
                  (  0.0000000  0.0000000 -1.0000000 )


      isym = 16     inv.  90 deg rotation - cart. axis [0,0,1]   

 Time Reversal            0
 cryst.   s(16) = (     0         -1          0      )
                  (     0          0         -1      )
                  (    -1          1         -1      )

 cart.    s(16) = (  0.0000000  1.0000000  0.0000000 )
                  ( -1.0000000  0.0000000  0.0000000 )
                  (  0.0000000  0.0000000 -1.0000000 )


     the magnetic double point group is D_4h(4/mmm) [C_4h (4/m) ]
     using the double point group C_4h (4/m) 
     there are 16 classes and  8 irreducible representations
     the character table:

       E     -E    C4    -C4   C4^2  -C4^2 C4^3  -C4^3 i     -i    S4^3  -S4^3
                                                                              
G_5+   1.00 -1.00  0.71 -0.71  0.00  0.00  0.71 -0.71  1.00 -1.00  0.71 -0.71
G_6+   1.00 -1.00  0.71 -0.71  0.00  0.00  0.71 -0.71  1.00 -1.00  0.71 -0.71
G_7+   1.00 -1.00 -0.71  0.71  0.00  0.00 -0.71  0.71  1.00 -1.00 -0.71  0.71
G_8+   1.00 -1.00 -0.71  0.71  0.00  0.00 -0.71  0.71  1.00 -1.00 -0.71  0.71
G_5-   1.00 -1.00  0.71 -0.71  0.00  0.00  0.71 -0.71 -1.00  1.00 -0.71  0.71
G_6-   1.00 -1.00  0.71 -0.71  0.00  0.00  0.71 -0.71 -1.00  1.00 -0.71  0.71
G_7-   1.00 -1.00 -0.71  0.71  0.00  0.00 -0.71  0.71 -1.00  1.00  0.71 -0.71
G_8-   1.00 -1.00 -0.71  0.71  0.00  0.00 -0.71  0.71 -1.00  1.00  0.71 -0.71

       s_h   -s_h  S4    -S4  
                              
G_5+   0.00  0.00  0.71 -0.71
G_6+   0.00  0.00  0.71 -0.71
G_7+   0.00  0.00 -0.71  0.71
G_8+   0.00  0.00 -0.71  0.71
G_5-   0.00  0.00 -0.71  0.71
G_6-   0.00  0.00 -0.71  0.71
G_7-   0.00  0.00  0.71 -0.71
G_8-   0.00  0.00  0.71 -0.71

     imaginary part

       E     -E    C4    -C4   C4^2  -C4^2 C4^3  -C4^3 i     -i    S4^3  -S4^3
                                                                              
G_5+   0.00  0.00  0.71 -0.71  1.00 -1.00 -0.71  0.71  0.00  0.00  0.71 -0.71
G_6+   0.00  0.00 -0.71  0.71 -1.00  1.00  0.71 -0.71  0.00  0.00 -0.71  0.71
G_7+   0.00  0.00 -0.71  0.71  1.00 -1.00  0.71 -0.71  0.00  0.00 -0.71  0.71
G_8+   0.00  0.00  0.71 -0.71 -1.00  1.00 -0.71  0.71  0.00  0.00  0.71 -0.71
G_5-   0.00  0.00  0.71 -0.71  1.00 -1.00 -0.71  0.71  0.00  0.00 -0.71  0.71
G_6-   0.00  0.00 -0.71  0.71 -1.00  1.00  0.71 -0.71  0.00  0.00  0.71 -0.71
G_7-   0.00  0.00 -0.71  0.71  1.00 -1.00  0.71 -0.71  0.00  0.00  0.71 -0.71
G_8-   0.00  0.00  0.71 -0.71 -1.00  1.00 -0.71  0.71  0.00  0.00 -0.71  0.71

       s_h   -s_h  S4    -S4  
                              
G_5+   1.00 -1.00 -0.71  0.71
G_6+  -1.00  1.00  0.71 -0.71
G_7+   1.00 -1.00  0.71 -0.71
G_8+  -1.00  1.00 -0.71  0.71
G_5-  -1.00  1.00  0.71 -0.71
G_6-   1.00 -1.00 -0.71  0.71
G_7-  -1.00  1.00 -0.71  0.71
G_8-   1.00 -1.00  0.71 -0.71

     the symmetry operations in each class:
     E             1
     C4^2          2
     C4^3          3
     C4            4
     i             5
     s_h           6
     S4            7
     S4^3          8
     -E           -1
     -C4^2        -2
     -C4^3        -3
     -C4          -4
     -i           -5
     -s_h         -6
     -S4          -7
     -S4^3        -8

   Cartesian axes

     site n.     atom                  positions (alat units)
         1           Fe  tau(   1) = (   0.0000000   0.0000000   0.0000000  )

   Crystallographic axes

     site n.     atom                  positions (cryst. coord.)
         1           Fe  tau(   1) = (  0.0000000  0.0000000  0.0000000  )

     number of k points=    11
                       cart. coord. in units 2pi/alat
        k(    1) = (   0.0000431   0.0000000   0.2500000), wk =   0.0909091
        k(    2) = (   0.0000431  -0.2500000   0.5000000), wk =   0.0909091
        k(    3) = (  -0.2499569   0.2500000   0.2500000), wk =   0.0909091
        k(    4) = (  -0.2499569   0.7500000  -0.2500000), wk =   0.0909091
        k(    5) = (   0.5000432  -0.5000000   0.2500000), wk =   0.0909091
        k(    6) = (   0.0000431   0.0000000   0.7500000), wk =   0.0909091
        k(    7) = (   0.0000431   0.2500000   0.0000000), wk =   0.0909091
        k(    8) = (  -0.2499569   0.5000000   0.0000000), wk =   0.0909091
        k(    9) = (   0.5000432   0.0000000  -0.2500000), wk =   0.0909091
        k(   10) = (  -0.4999568   0.2500000   0.5000000), wk =   0.0909091
        k(   11) = (   0.0000431   0.7500000   0.0000000), wk =   0.0909091

                       cryst. coord.
        k(    1) = (   0.1250216   0.1249784   0.1249784), wk =   0.0909091
        k(    2) = (   0.1250216   0.1249784   0.3749784), wk =   0.0909091
        k(    3) = (   0.1250216   0.3749784   0.1249784), wk =   0.0909091
        k(    4) = (   0.1250216   0.3749784  -0.3750216), wk =   0.0909091
        k(    5) = (   0.1250216  -0.3750216   0.1249784), wk =   0.0909091
        k(    6) = (   0.3750216   0.3749784   0.3749784), wk =   0.0909091
        k(    7) = (   0.1250216   0.1249784  -0.1250216), wk =   0.0909091
        k(    8) = (   0.1250216   0.3749784  -0.1250216), wk =   0.0909091
        k(    9) = (   0.1250216  -0.3750216  -0.3750216), wk =   0.0909091
        k(   10) = (   0.1250216   0.6249784   0.3749784), wk =   0.0909091
        k(   11) = (   0.3750216   0.3749784  -0.3750216), wk =   0.0909091

     Dense  grid:     3151 G-vectors     FFT dimensions: (  20,  20,  20)

     Largest allocated arrays     est. size (Mb)     dimensions
        Kohn-Sham Wavefunctions         0.25 Mb     (     822,   20)
        NL pseudopotentials             0.10 Mb     (     411,   16)
        Each V/rho on FFT grid          0.12 Mb     (    8000)
        Each G-vector array             0.02 Mb     (    3151)
        G-vector shells                 0.00 Mb     (      62)
     Largest temporary arrays     est. size (Mb)     dimensions
        Auxiliary wavefunctions         1.00 Mb     (     822,   80)
        Each subspace H/S matrix        0.10 Mb     (      80,   80)
        Each <psi_i|beta_j> matrix      0.01 Mb     (      16,   2,   20)

     Check: negative/imaginary core charge=   -0.000019    0.000000

     The potential is recalculated from file :
     ./Fe_nscf_e45_k4s1_nb20_so.save/charge-density.dat

     Starting wfc are   18 randomized atomic wfcs +    2 random wfc

     Band Structure Calculation
     Davidson diagonalization with overlap

     Computing kpt #:     1
     total cpu time spent up to now is        0.6 secs

     Computing kpt #:     2
     total cpu time spent up to now is        0.7 secs

     Computing kpt #:     3
     total cpu time spent up to now is        0.8 secs

     Computing kpt #:     4
     total cpu time spent up to now is        0.9 secs

     Computing kpt #:     5
     total cpu time spent up to now is        1.0 secs

     Computing kpt #:     6
     total cpu time spent up to now is        1.1 secs

     Computing kpt #:     7
     total cpu time spent up to now is        1.2 secs

     Computing kpt #:     8
     total cpu time spent up to now is        1.3 secs

     Computing kpt #:     9
     total cpu time spent up to now is        1.5 secs

     Computing kpt #:    10
     total cpu time spent up to now is        1.6 secs

     Computing kpt #:    11
     total cpu time spent up to now is        1.7 secs

     ethr =  1.25E-10,  avg # of iterations = 14.2

     total cpu time spent up to now is        1.7 secs

     End of band structure calculation

          k = 0.0000 0.0000 0.2500 (   398 PWs)   bands (ev):

     6.3211   6.4513  11.4307  11.4859  11.7717  12.0167  12.7498  13.6627
    13.7118  14.0910  14.9319  15.8924  36.0456  36.1130  37.6527  37.7555
    37.7599  38.0167  38.0787  38.2880

          k = 0.0000-0.2500 0.5000 (   407 PWs)   bands (ev):

     9.0564  10.0489  10.8620  11.0876  12.3832  12.9307  12.9718  13.4527
    14.0240  14.9993  15.9602  16.4586  24.5614  25.5752  31.9758  32.6170
    32.7093  32.9341  41.1110  41.4100

          k =-0.2500 0.2500 0.2500 (   411 PWs)   bands (ev):

     8.3515   8.6153  10.6532  10.6544  12.5172  12.5594  12.7255  12.7371
    13.6060  15.5851  15.6155  15.9048  30.5592  30.6102  31.0113  31.0674
    31.3516  32.2394  42.6559  43.0840

          k =-0.2500 0.7500-0.2500 (   400 PWs)   bands (ev):

    10.2399  10.2557  10.7819  12.1403  12.1482  12.6877  13.0206  13.0317
    15.5762  15.5982  20.7935  20.8318  21.9355  21.9549  22.9931  23.9829
    37.6644  38.2935  39.1609  39.1775

          k = 0.5000-0.5000 0.2500 (   406 PWs)   bands (ev):

     9.6043  10.3565  11.1617  11.5445  12.2698  12.7370  12.7651  12.8197
    15.7590  15.9564  17.6409  18.9850  21.3031  22.6325  28.1869  28.1908
    28.6674  28.9047  44.7898  45.0004

          k = 0.0000 0.0000 0.7500 (   402 PWs)   bands (ev):

     9.4219   9.5654  11.2675  11.7979  12.8410  12.9074  13.4492  15.1455
    15.2138  15.9617  18.3191  19.3575  25.5297  25.6980  26.0558  26.2189
    31.8103  32.0683  32.5337  32.8820

          k = 0.0000 0.2500 0.0000 (   398 PWs)   bands (ev):

     6.3210   6.4513  11.4560  11.4561  11.7868  12.0024  12.7550  13.6830
    13.6856  14.0972  14.9296  15.8931  36.0456  36.1128  37.6730  37.6973
    37.8001  38.0402  38.0506  38.2908

          k =-0.2500 0.5000 0.0000 (   407 PWs)   bands (ev):

     9.0563  10.0488  10.8638  11.0854  12.3814  12.9292  12.9748  13.4528
    14.0254  14.9974  15.9598  16.4593  24.5626  25.5761  31.9756  32.6125
    32.7145  32.9332  41.1097  41.4087

          k = 0.5000 0.0000-0.2500 (   407 PWs)   bands (ev):

     9.0566  10.0494  10.8636  11.0854  12.3841  12.9290  12.9713  13.4528
    14.0272  14.9996  15.9572  16.4610  24.5605  25.5744  31.9748  32.6183
    32.7065  32.9342  41.1105  41.4096

          k =-0.5000 0.2500 0.5000 (   406 PWs)   bands (ev):

     9.6042  10.3566  11.1615  11.5439  12.2727  12.7488  12.7691  12.8012
    15.7631  15.9529  17.6408  18.9851  21.3029  22.6325  28.1561  28.2257
    28.6606  28.9076  44.7898  45.0004

          k = 0.0000 0.7500 0.0000 (   402 PWs)   bands (ev):

     9.4220   9.5652  11.2681  11.7972  12.8725  12.8740  13.4512  15.1785
    15.1801  15.9625  18.3191  19.3578  25.6009  25.6011  26.1502  26.1502
    31.8100  32.0684  32.5335  32.8821

     Writing output data file Fe_nscf_e45_k4s1_nb20_so.save

     init_run     :      0.23s CPU      0.24s WALL (       1 calls)
     electrons    :      1.22s CPU      1.23s WALL (       1 calls)

     Called by init_run:
     wfcinit      :      0.00s CPU      0.00s WALL (       1 calls)
     potinit      :      0.02s CPU      0.02s WALL (       1 calls)

     Called by electrons:
     c_bands      :      1.22s CPU      1.23s WALL (       1 calls)
     v_of_rho     :      0.02s CPU      0.02s WALL (       1 calls)
     v_h          :      0.00s CPU      0.00s WALL (       1 calls)
     v_xc         :      0.02s CPU      0.02s WALL (       1 calls)

     Called by c_bands:
     init_us_2    :      0.00s CPU      0.00s WALL (      11 calls)
     cegterg      :      1.12s CPU      1.13s WALL (      11 calls)

     Called by sum_band:

     Called by *egterg:
     h_psi        :      0.69s CPU      0.77s WALL (     178 calls)
     g_psi        :      0.01s CPU      0.01s WALL (     156 calls)
     cdiaghg      :      0.20s CPU      0.21s WALL (     167 calls)
     cegterg:over :      0.14s CPU      0.08s WALL (     156 calls)
     cegterg:upda :      0.08s CPU      0.08s WALL (     156 calls)
     cegterg:last :      0.06s CPU      0.04s WALL (      33 calls)

     Called by h_psi:
     h_psi:vloc   :      0.64s CPU      0.73s WALL (     178 calls)
     h_psi:vnl    :      0.03s CPU      0.04s WALL (     178 calls)
     add_vuspsi   :      0.01s CPU      0.02s WALL (     178 calls)

     General routines
     calbec       :      0.02s CPU      0.02s WALL (     178 calls)
     fft          :      0.00s CPU      0.00s WALL (      23 calls)
     fftw         :      0.51s CPU      0.59s WALL (    8448 calls)

     Parallel routines
     fft_scatter  :      0.05s CPU      0.08s WALL (    8471 calls)

     PWSCF        :     1.74s CPU         1.79s WALL


   This run was terminated on:  15:22:36  28Jul2018            

=------------------------------------------------------------------------------=
   JOB DONE.
=------------------------------------------------------------------------------=
