
     Program PWSCF v.5.1 starts on 26Jul2018 at 12:58:35 

     This program is part of the open-source Quantum ESPRESSO suite
     for quantum simulation of materials; please cite
         "P. Giannozzi et al., J. Phys.:Condens. Matter 21 395502 (2009);
          URL http://www.quantum-espresso.org", 
     in publications or presentations arising from this work. More details at
     http://www.quantum-espresso.org/quote

     Parallel version (MPI), running on     1 processors
     Waiting for input...
     Reading input from standard input
     Message from routine read_cards :
     DEPRECATED: no units specified in ATOMIC_POSITIONS card
     Message from routine read_cards :
     ATOMIC_POSITIONS: units set to alat

     Current dimensions of program PWSCF are:
     Max number of different atomic species (ntypx) = 10
     Max number of k-points (npk) =  40000
     Max angular momentum in pseudopotentials (lmaxx) =  3

     Fixed quantization axis for GGA:     0.000000    0.000000    1.000000

     Subspace diagonalization in iterative solution of the eigenvalue problem:
     a serial algorithm will be used


     G-vector sticks info
     --------------------
     sticks:   dense  smooth     PW     G-vecs:    dense   smooth      PW
     Sum         291     291     99                 3151     3151     627

     Generating pointlists ...
     new r_m :   0.3572 (alat units)  1.9362 (a.u.) for type    1


     bravais-lattice index     =            3
     lattice parameter (alat)  =       5.4200  a.u.
     unit-cell volume          =      79.6100 (a.u.)^3
     number of atoms/cell      =            1
     number of atomic types    =            1
     number of electrons       =         8.00
     number of Kohn-Sham states=           16
     kinetic-energy cutoff     =      45.0000  Ry
     charge density cutoff     =     180.0000  Ry
     convergence threshold     =      1.0E-08
     mixing beta               =       0.7000
     number of iterations used =            8  plain     mixing
     Exchange-correlation      = PBE ( 1  4  3  4 0)
     Noncollinear calculation with spin-orbit


     celldm(1)=   5.420000  celldm(2)=   0.000000  celldm(3)=   0.000000
     celldm(4)=   0.000000  celldm(5)=   0.000000  celldm(6)=   0.000000

     crystal axes: (cart. coord. in units of alat)
               a(1) = (   0.500000   0.500000   0.500000 )  
               a(2) = (  -0.500000   0.500000   0.500000 )  
               a(3) = (  -0.500000  -0.500000   0.500000 )  

     reciprocal axes: (cart. coord. in units 2 pi/alat)
               b(1) = (  1.000000  0.000000  1.000000 )  
               b(2) = ( -1.000000  1.000000  0.000000 )  
               b(3) = (  0.000000 -1.000000  1.000000 )  


     PseudoPot. # 1 for Fe read from file:
     ./Fe.rel-pbe-n-nc.UPF
     MD5 check sum: 94258d60e67ccf79570366bad73e55f4
     Pseudo is Norm-conserving + core correction, Zval =  8.0
     Generated using "atomic" code by A. Dal Corso  v.5.0.2 svn rev. 10042M
     Using radial grid of 1191 points,  4 beta functions with: 
                l(1) =   1
                l(2) =   1
                l(3) =   2
                l(4) =   2

     atomic species   valence    mass     pseudopotential
        Fe             8.00    55.84500     Fe( 1.00)

     16 Sym. Ops., with inversion, found



   Cartesian axes

     site n.     atom                  positions (alat units)
         1           Fe  tau(   1) = (   0.0000000   0.0000000   0.0000000  )

     number of k points=    56  gaussian smearing, width (Ry)=  0.0250
                       cart. coord. in units 2pi/alat
        k(    1) = (   0.0000000   0.0000000   0.1250000), wk =   0.0039062
        k(    2) = (   0.0000000  -0.1250000   0.2500000), wk =   0.0156250
        k(    3) = (   0.0000000  -0.2500000   0.3750000), wk =   0.0156250
        k(    4) = (   0.0000000  -0.3750000   0.5000000), wk =   0.0156250
        k(    5) = (  -0.1250000   0.1250000   0.1250000), wk =   0.0156250
        k(    6) = (  -0.1250000  -0.1250000   0.3750000), wk =   0.0156250
        k(    7) = (  -0.1250000  -0.2500000   0.5000000), wk =   0.0312500
        k(    8) = (  -0.1250000   0.6250000  -0.3750000), wk =   0.0312500
        k(    9) = (  -0.2500000   0.2500000   0.1250000), wk =   0.0156250
        k(   10) = (  -0.2500000   0.7500000  -0.3750000), wk =   0.0156250
        k(   11) = (  -0.3750000   0.3750000   0.1250000), wk =   0.0156250
        k(   12) = (  -0.3750000   0.2500000   0.2500000), wk =   0.0312500
        k(   13) = (   0.5000000  -0.5000000   0.1250000), wk =   0.0078125
        k(   14) = (   0.5000000  -0.6250000   0.2500000), wk =   0.0312500
        k(   15) = (   0.3750000  -0.6250000   0.3750000), wk =   0.0156250
        k(   16) = (   0.0000000   0.0000000   0.3750000), wk =   0.0039062
        k(   17) = (   0.0000000  -0.1250000   0.5000000), wk =   0.0156250
        k(   18) = (   0.0000000  -0.2500000   0.6250000), wk =   0.0156250
        k(   19) = (  -0.1250000  -0.1250000   0.6250000), wk =   0.0156250
        k(   20) = (  -0.1250000   0.7500000  -0.2500000), wk =   0.0312500
        k(   21) = (   0.6250000  -0.6250000   0.3750000), wk =   0.0156250
        k(   22) = (   0.5000000  -0.5000000   0.3750000), wk =   0.0078125
        k(   23) = (   0.0000000   0.0000000   0.6250000), wk =   0.0039062
        k(   24) = (   0.0000000  -0.1250000   0.7500000), wk =   0.0156250
        k(   25) = (  -0.1250000   0.8750000  -0.1250000), wk =   0.0156250
        k(   26) = (   0.0000000   0.0000000   0.8750000), wk =   0.0039062
        k(   27) = (   0.0000000   0.1250000   0.0000000), wk =   0.0078125
        k(   28) = (  -0.1250000   0.2500000   0.0000000), wk =   0.0156250
        k(   29) = (   0.2500000   0.0000000  -0.1250000), wk =   0.0156250
        k(   30) = (  -0.2500000   0.3750000   0.0000000), wk =   0.0156250
        k(   31) = (   0.3750000   0.0000000  -0.2500000), wk =   0.0156250
        k(   32) = (  -0.3750000   0.5000000   0.0000000), wk =   0.0156250
        k(   33) = (   0.5000000   0.0000000  -0.3750000), wk =   0.0156250
        k(   34) = (  -0.1250000   0.3750000  -0.1250000), wk =   0.0312500
        k(   35) = (  -0.2500000   0.5000000  -0.1250000), wk =   0.0312500
        k(   36) = (   0.5000000  -0.1250000  -0.2500000), wk =   0.0312500
        k(   37) = (   0.6250000  -0.3750000  -0.1250000), wk =   0.0156250
        k(   38) = (   0.2500000   0.1250000  -0.2500000), wk =   0.0312500
        k(   39) = (   0.7500000  -0.3750000  -0.2500000), wk =   0.0312500
        k(   40) = (   0.3750000   0.1250000  -0.3750000), wk =   0.0312500
        k(   41) = (   0.2500000   0.2500000  -0.3750000), wk =   0.0156250
        k(   42) = (  -0.5000000   0.1250000   0.5000000), wk =   0.0156250
        k(   43) = (  -0.6250000   0.2500000   0.5000000), wk =   0.0312500
        k(   44) = (   0.2500000   0.5000000  -0.6250000), wk =   0.0312500
        k(   45) = (   0.0000000   0.3750000   0.0000000), wk =   0.0078125
        k(   46) = (  -0.1250000   0.5000000   0.0000000), wk =   0.0156250
        k(   47) = (   0.5000000   0.0000000  -0.1250000), wk =   0.0156250
        k(   48) = (  -0.2500000   0.6250000   0.0000000), wk =   0.0156250
        k(   49) = (   0.6250000   0.0000000  -0.2500000), wk =   0.0156250
        k(   50) = (  -0.1250000   0.6250000  -0.1250000), wk =   0.0312500
        k(   51) = (   0.7500000  -0.2500000  -0.1250000), wk =   0.0156250
        k(   52) = (  -0.5000000   0.3750000   0.5000000), wk =   0.0156250
        k(   53) = (   0.0000000   0.6250000   0.0000000), wk =   0.0078125
        k(   54) = (  -0.1250000   0.7500000   0.0000000), wk =   0.0156250
        k(   55) = (   0.7500000   0.0000000  -0.1250000), wk =   0.0156250
        k(   56) = (   0.0000000   0.8750000   0.0000000), wk =   0.0078125

     Dense  grid:     3151 G-vectors     FFT dimensions: (  20,  20,  20)

     Largest allocated arrays     est. size (Mb)     dimensions
        Kohn-Sham Wavefunctions         0.20 Mb     (     832,   16)
        NL pseudopotentials             0.10 Mb     (     416,   16)
        Each V/rho on FFT grid          0.12 Mb     (    8000)
        Each G-vector array             0.02 Mb     (    3151)
        G-vector shells                 0.00 Mb     (      62)
     Largest temporary arrays     est. size (Mb)     dimensions
        Auxiliary wavefunctions         0.81 Mb     (     832,   64)
        Each subspace H/S matrix        0.06 Mb     (      64,   64)
        Each <psi_i|beta_j> matrix      0.01 Mb     (      16,   2,   16)
        Arrays for rho mixing           0.98 Mb     (    8000,    8)

     Check: negative/imaginary core charge=   -0.000019    0.000000

     Initial potential from superposition of free atoms

     starting charge    7.99956, renormalised to    8.00000

     negative rho (up, down):  0.000E+00 6.863E-02

 ==============================================================================
     atom number    1 relative position :    0.0000   0.0000   0.0000
     charge :     6.512922
     magnetization :          0.000000    0.000000    6.512922
     magnetization/charge:    0.000000    0.000000    1.000000
     polar coord.: r, theta, phi [deg] :     6.512922    0.000000  360.000000

 ==============================================================================
     Starting wfc are   18 randomized atomic wfcs

     total cpu time spent up to now is        0.9 secs

     per-process dynamical memory:    19.0 Mb

     Self-consistent Calculation

     iteration #  1     ecut=    45.00 Ry     beta=0.70
     Davidson diagonalization with overlap
     ethr =  1.00E-02,  avg # of iterations =  3.7

 ==============================================================================
     atom number    1 relative position :    0.0000   0.0000   0.0000
     charge :     6.391922
     magnetization :          0.000000   -0.000000    4.333637
     magnetization/charge:    0.000000   -0.000000    0.677986
     polar coord.: r, theta, phi [deg] :     4.333637    0.000000  360.000000

 ==============================================================================

     total cpu time spent up to now is        2.6 secs

     total energy              =     -54.70329651 Ry
     Harris-Foulkes estimate   =     -54.51751783 Ry
     estimated scf accuracy    <       0.16391569 Ry

     total magnetization       =     0.00    -0.00     3.58 Bohr mag/cell
     absolute magnetization    =     3.58 Bohr mag/cell

     iteration #  2     ecut=    45.00 Ry     beta=0.70
     Davidson diagonalization with overlap
     ethr =  2.05E-03,  avg # of iterations =  1.3

 ==============================================================================
     atom number    1 relative position :    0.0000   0.0000   0.0000
     charge :     6.482056
     magnetization :          0.000000   -0.000000    3.397324
     magnetization/charge:    0.000000   -0.000000    0.524112
     polar coord.: r, theta, phi [deg] :     3.397324    0.000000  360.000000

 ==============================================================================

     total cpu time spent up to now is        3.7 secs

     total energy              =     -54.77899850 Ry
     Harris-Foulkes estimate   =     -54.74579933 Ry
     estimated scf accuracy    <       0.04758474 Ry

     total magnetization       =     0.00     0.00     3.02 Bohr mag/cell
     absolute magnetization    =     3.03 Bohr mag/cell

     iteration #  3     ecut=    45.00 Ry     beta=0.70
     Davidson diagonalization with overlap
     ethr =  5.95E-04,  avg # of iterations =  1.7

 ==============================================================================
     atom number    1 relative position :    0.0000   0.0000   0.0000
     charge :     6.449865
     magnetization :         -0.000000    0.000000    2.632302
     magnetization/charge:   -0.000000    0.000000    0.408117
     polar coord.: r, theta, phi [deg] :     2.632302    0.000000  360.000000

 ==============================================================================

     total cpu time spent up to now is        4.9 secs

     total energy              =     -54.79674210 Ry
     Harris-Foulkes estimate   =     -54.79185489 Ry
     estimated scf accuracy    <       0.01429453 Ry

     total magnetization       =     0.00    -0.00     2.79 Bohr mag/cell
     absolute magnetization    =     2.87 Bohr mag/cell

     iteration #  4     ecut=    45.00 Ry     beta=0.70
     Davidson diagonalization with overlap
     ethr =  1.79E-04,  avg # of iterations =  1.5

 ==============================================================================
     atom number    1 relative position :    0.0000   0.0000   0.0000
     charge :     6.452509
     magnetization :          0.000000    0.000000    2.243586
     magnetization/charge:    0.000000    0.000000    0.347708
     polar coord.: r, theta, phi [deg] :     2.243586    0.000000  360.000000

 ==============================================================================

     total cpu time spent up to now is        6.0 secs

     total energy              =     -54.80144495 Ry
     Harris-Foulkes estimate   =     -54.80322132 Ry
     estimated scf accuracy    <       0.00049508 Ry

     total magnetization       =     0.00     0.00     2.46 Bohr mag/cell
     absolute magnetization    =     2.63 Bohr mag/cell

     iteration #  5     ecut=    45.00 Ry     beta=0.70
     Davidson diagonalization with overlap
     ethr =  6.19E-06,  avg # of iterations =  4.9

 ==============================================================================
     atom number    1 relative position :    0.0000   0.0000   0.0000
     charge :     6.452778
     magnetization :          0.000000    0.000000    2.350085
     magnetization/charge:    0.000000    0.000000    0.364197
     polar coord.: r, theta, phi [deg] :     2.350085    0.000000  360.000000

 ==============================================================================

     total cpu time spent up to now is        7.9 secs

     total energy              =     -54.80411653 Ry
     Harris-Foulkes estimate   =     -54.80377357 Ry
     estimated scf accuracy    <       0.00016630 Ry

     total magnetization       =    -0.00     0.00     2.24 Bohr mag/cell
     absolute magnetization    =     2.43 Bohr mag/cell

     iteration #  6     ecut=    45.00 Ry     beta=0.70
     Davidson diagonalization with overlap
     ethr =  2.08E-06,  avg # of iterations =  2.1

 ==============================================================================
     atom number    1 relative position :    0.0000   0.0000   0.0000
     charge :     6.453165
     magnetization :         -0.000000    0.000000    2.369476
     magnetization/charge:   -0.000000    0.000000    0.367180
     polar coord.: r, theta, phi [deg] :     2.369476    0.000000  360.000000

 ==============================================================================

     total cpu time spent up to now is        9.2 secs

     total energy              =     -54.80426375 Ry
     Harris-Foulkes estimate   =     -54.80422580 Ry
     estimated scf accuracy    <       0.00001197 Ry

     total magnetization       =    -0.00     0.00     2.29 Bohr mag/cell
     absolute magnetization    =     2.46 Bohr mag/cell

     iteration #  7     ecut=    45.00 Ry     beta=0.70
     Davidson diagonalization with overlap
     ethr =  1.50E-07,  avg # of iterations =  3.6

 ==============================================================================
     atom number    1 relative position :    0.0000   0.0000   0.0000
     charge :     6.452711
     magnetization :         -0.000000    0.000000    2.363478
     magnetization/charge:   -0.000000    0.000000    0.366277
     polar coord.: r, theta, phi [deg] :     2.363478    0.000000  360.000000

 ==============================================================================

     total cpu time spent up to now is       10.8 secs

     total energy              =     -54.80427542 Ry
     Harris-Foulkes estimate   =     -54.80427502 Ry
     estimated scf accuracy    <       0.00000093 Ry

     total magnetization       =     0.00     0.00     2.30 Bohr mag/cell
     absolute magnetization    =     2.46 Bohr mag/cell

     iteration #  8     ecut=    45.00 Ry     beta=0.70
     Davidson diagonalization with overlap
     c_bands:  1 eigenvalues not converged
     ethr =  1.17E-08,  avg # of iterations =  3.8

 ==============================================================================
     atom number    1 relative position :    0.0000   0.0000   0.0000
     charge :     6.452837
     magnetization :          0.000000   -0.000000    2.366931
     magnetization/charge:    0.000000   -0.000000    0.366805
     polar coord.: r, theta, phi [deg] :     2.366931    0.000000  360.000000

 ==============================================================================

     total cpu time spent up to now is       12.5 secs

     total energy              =     -54.80427714 Ry
     Harris-Foulkes estimate   =     -54.80427710 Ry
     estimated scf accuracy    <       0.00000018 Ry

     total magnetization       =     0.00    -0.00     2.30 Bohr mag/cell
     absolute magnetization    =     2.46 Bohr mag/cell

     iteration #  9     ecut=    45.00 Ry     beta=0.70
     Davidson diagonalization with overlap
     ethr =  2.26E-09,  avg # of iterations =  3.1

 ==============================================================================
     atom number    1 relative position :    0.0000   0.0000   0.0000
     charge :     6.452810
     magnetization :          0.000000    0.000000    2.366967
     magnetization/charge:    0.000000    0.000000    0.366812
     polar coord.: r, theta, phi [deg] :     2.366967    0.000000  360.000000

 ==============================================================================

     total cpu time spent up to now is       14.0 secs

     End of self-consistent calculation

          k = 0.0000 0.0000 0.1250 (   401 PWs)   bands (ev):

     5.4202   5.5376  11.3682  11.4230  11.5415  12.3837  12.5900  13.6322
    13.6817  13.8246  15.4360  15.7084  37.9699  38.2511  39.2540  39.2627

          k = 0.0000-0.1250 0.2500 (   402 PWs)   bands (ev):

     6.5997   6.7408  11.1889  11.3091  12.0758  12.2024  12.6651  13.3920
    13.5272  14.4199  15.1070  15.7957  33.4616  33.8725  36.5189  36.6070

          k = 0.0000-0.2500 0.3750 (   407 PWs)   bands (ev):

     8.3256   8.7741  10.8071  11.2747  12.3920  12.8444  12.9266  13.0064
    13.1496  15.1556  15.4503  15.9307  27.0861  27.9248  33.8335  33.9283

          k = 0.0000-0.3750 0.5000 (   406 PWs)   bands (ev):

     8.9476  10.3233  10.5912  12.0088  12.5566  12.6742  13.4158  13.8001
    14.0913  15.3809  16.2120  16.3701  22.0634  23.3896  32.3253  32.3834

          k =-0.1250 0.1250 0.1250 (   393 PWs)   bands (ev):

     6.0278   6.1510  11.2641  11.2759  12.0479  12.5020  12.5241  13.4895
    13.5047  14.3651  15.5683  15.5834  36.2365  36.2642  36.3330  36.3574

          k =-0.1250-0.1250 0.3750 (   399 PWs)   bands (ev):

     8.0788   8.3552  10.9096  11.1837  12.1135  12.7944  13.0733  13.1684
    13.2826  14.8492  15.2382  16.1304  30.6241  30.8194  31.1995  31.4632

          k =-0.1250-0.2500 0.5000 (   405 PWs)   bands (ev):

     9.2766  10.2724  10.6344  11.1419  12.4009  12.6296  13.0107  13.1356
    14.7449  15.0952  15.9312  16.8956  24.7286  25.6966  28.6827  29.3239

          k =-0.1250 0.6250-0.3750 (   404 PWs)   bands (ev):

     9.4374  10.6836  11.0487  11.2377  12.4873  12.7249  12.8464  13.4585
    15.2494  16.1167  16.7380  18.1946  21.2353  22.6433  27.8811  28.5071

          k =-0.2500 0.2500 0.1250 (   400 PWs)   bands (ev):

     7.6359   7.8442  10.8733  10.9969  12.4299  12.6306  12.9746  13.0116
    13.1033  15.3335  15.4076  15.7358  30.2553  30.8699  33.5331  33.7577

          k =-0.2500 0.7500-0.3750 (   406 PWs)   bands (ev):

    10.0847  10.3081  10.8605  11.6576  12.2042  12.6260  12.7426  13.0731
    15.3300  15.7942  18.0879  19.5551  22.7860  23.7854  23.8173  24.7166

          k =-0.3750 0.3750 0.1250 (   406 PWs)   bands (ev):

     8.9478   9.8666  10.5368  11.6097  12.5168  12.6264  12.7287  12.9661
    14.2920  15.4741  15.8756  16.5100  24.3452  25.3668  31.5523  31.7549

          k =-0.3750 0.2500 0.2500 (   402 PWs)   bands (ev):

     9.1801   9.7060  10.5680  10.7226  12.5228  12.5628  12.6673  12.8018
    14.5021  15.5122  15.9064  16.6887  27.7473  27.9105  28.4241  28.6482

          k = 0.5000-0.5000 0.1250 (   406 PWs)   bands (ev):

     9.0821  10.4484  10.5998  12.4490  12.5642  12.6409  12.7603  13.4774
    15.5466  15.6276  15.9319  17.3105  21.1280  22.5990  30.8414  31.0172

          k = 0.5000-0.6250 0.2500 (   410 PWs)   bands (ev):

     9.6708  10.3850  11.1192  11.1991  12.2876  12.5980  12.6789  12.8243
    15.6313  15.9035  16.9784  18.5721  22.5581  23.6662  26.4266  27.1219

          k = 0.3750-0.6250 0.3750 (   408 PWs)   bands (ev):

    10.0670  10.6222  10.6521  11.8517  12.2350  12.2452  12.7824  12.8181
    15.7979  15.8304  20.6866  20.7139  21.8045  21.8109  22.9330  23.9501

          k = 0.0000 0.0000 0.3750 (   398 PWs)   bands (ev):

     7.6520   7.8571  11.3903  11.5152  11.5723  12.1301  13.2056  13.7162
    13.7635  14.1325  14.4844  16.3029  34.3493  34.3562  34.4832  34.5201

          k = 0.0000-0.1250 0.5000 (   408 PWs)   bands (ev):

     9.0304   9.6617  10.7040  11.3830  12.0112  12.8878  13.0337  13.5382
    13.8587  14.3769  15.3270  16.4919  27.9569  28.7350  31.3357  31.9977

          k = 0.0000-0.2500 0.6250 (   416 PWs)   bands (ev):

     9.4369  10.5569  11.0190  11.1473  12.1945  12.4633  13.2707  13.7192
    14.7158  16.2420  16.2970  17.8151  22.5241  23.6768  29.3896  29.9924

          k =-0.1250-0.1250 0.6250 (   414 PWs)   bands (ev):

     9.6739  10.1169  11.0344  11.4302  12.3048  12.3534  13.3079  13.5765
    14.7051  15.8374  16.1764  17.8850  25.7415  25.9465  26.5786  26.7145

          k =-0.1250 0.7500-0.2500 (   410 PWs)   bands (ev):

     9.7659  10.1212  11.2449  11.7227  12.0311  12.6340  13.3148  13.5383
    15.0685  16.0645  19.2954  20.4205  21.5891  22.7300  25.0094  25.7661

          k = 0.6250-0.6250 0.3750 (   408 PWs)   bands (ev):

    10.3360  10.3691  10.3726  11.3031  12.2050  12.2077  12.7215  12.7479
    15.8436  15.8684  16.9845  18.6818  25.8955  25.9474  26.1019  26.6139

          k = 0.5000-0.5000 0.3750 (   408 PWs)   bands (ev):

    10.1771  10.3433  10.9276  11.7862  12.1223  12.3640  12.7307  12.7768
    15.8805  15.9262  19.9961  21.1363  21.8065  22.9169  25.3108  25.3795

          k = 0.0000 0.0000 0.6250 (   414 PWs)   bands (ev):

     9.4661  10.0426  10.7561  12.1491  12.2075  12.4230  13.0215  14.3601
    14.4283  15.4829  15.5125  17.3199  28.0141  28.1782  28.6435  28.8033

          k = 0.0000-0.1250 0.7500 (   410 PWs)   bands (ev):

     9.5163   9.6180  11.4076  11.7763  12.3653  12.6154  13.6827  14.6235
    14.8964  16.2267  18.6865  19.7474  23.5803  24.3618  26.0630  26.5935

          k =-0.1250 0.8750-0.1250 (   415 PWs)   bands (ev):

     9.3695   9.3722  11.4638  11.4651  12.4386  13.4362  13.4586  14.6675
    15.9170  15.9359  22.1205  22.1942  22.8151  22.8872  23.1566  23.8153

          k = 0.0000 0.0000 0.8750 (   398 PWs)   bands (ev):

     9.1859   9.2089  11.2558  11.3576  13.5283  13.5938  13.6482  15.9877
    16.0553  16.1924  21.4212  21.9566  23.7880  23.9546  24.1498  24.3129

          k = 0.0000 0.1250 0.0000 (   401 PWs)   bands (ev):

     5.4202   5.5376  11.3907  11.3938  11.5490  12.3785  12.5950  13.6529
    13.6533  13.8320  15.4350  15.7092  37.9699  38.2509  39.2583  39.2583

          k =-0.1250 0.2500 0.0000 (   402 PWs)   bands (ev):

     6.5997   6.7408  11.1894  11.3089  12.0844  12.1884  12.6714  13.3935
    13.5236  14.4224  15.1045  15.7967  33.4617  33.8725  36.5191  36.6069

          k = 0.2500 0.0000-0.1250 (   402 PWs)   bands (ev):

     6.5997   6.7408  11.1891  11.3092  12.0829  12.1908  12.6703  13.3910
    13.5268  14.4212  15.1053  15.7965  33.4616  33.8725  36.5188  36.6072

          k =-0.2500 0.3750 0.0000 (   407 PWs)   bands (ev):

     8.3255   8.7741  10.8076  11.2745  12.3865  12.8554  12.9409  12.9833
    13.1532  15.1560  15.4484  15.9320  27.0862  27.9247  33.8341  33.9279

          k = 0.3750 0.0000-0.2500 (   407 PWs)   bands (ev):

     8.3256   8.7741  10.8074  11.2745  12.3915  12.8454  12.9199  13.0108
    13.1517  15.1577  15.4463  15.9325  27.0860  27.9247  33.8334  33.9285

          k =-0.3750 0.5000 0.0000 (   406 PWs)   bands (ev):

     8.9475  10.3233  10.5914  12.0066  12.5519  12.6821  13.4143  13.8001
    14.0922  15.3795  16.2144  16.3687  22.0636  23.3896  32.3271  32.3814

          k = 0.5000 0.0000-0.3750 (   406 PWs)   bands (ev):

     8.9476  10.3233  10.5913  12.0075  12.5631  12.6689  13.4143  13.7997
    14.0938  15.3811  16.2076  16.3738  22.0634  23.3896  32.3251  32.3835

          k =-0.1250 0.3750-0.1250 (   399 PWs)   bands (ev):

     8.0787   8.3552  10.9099  11.1840  12.1113  12.7906  13.0880  13.1610
    13.2813  14.8504  15.2358  16.1313  30.6252  30.8175  31.2006  31.4630

          k =-0.2500 0.5000-0.1250 (   405 PWs)   bands (ev):

     9.2765  10.2725  10.6349  11.1413  12.3985  12.6285  13.0177  13.1323
    14.7461  15.0939  15.9309  16.8961  24.7288  25.6965  28.6827  29.3238

          k = 0.5000-0.1250-0.2500 (   405 PWs)   bands (ev):

     9.2766  10.2725  10.6349  11.1412  12.4012  12.6266  13.0152  13.1336
    14.7462  15.0951  15.9297  16.8963  24.7286  25.6965  28.6828  29.3239

          k = 0.6250-0.3750-0.1250 (   404 PWs)   bands (ev):

     9.4373  10.6839  11.0501  11.2358  12.4837  12.7309  12.8451  13.4579
    15.2490  16.1168  16.7382  18.1947  21.2356  22.6432  27.8810  28.5071

          k = 0.2500 0.1250-0.2500 (   400 PWs)   bands (ev):

     7.6359   7.8442  10.8731  10.9969  12.4361  12.6225  12.9669  13.0253
    13.0992  15.3286  15.4140  15.7343  30.2552  30.8699  33.5328  33.7580

          k = 0.7500-0.3750-0.2500 (   406 PWs)   bands (ev):

    10.0841  10.3089  10.8602  11.6576  12.2042  12.6200  12.7489  13.0728
    15.3296  15.7945  18.0879  19.5553  22.7862  23.7754  23.8271  24.7164

          k = 0.3750 0.1250-0.3750 (   406 PWs)   bands (ev):

     8.9479   9.8666  10.5367  11.6096  12.5388  12.6103  12.7183  12.9701
    14.2923  15.4763  15.8732  16.5105  24.3450  25.3668  31.5512  31.7562

          k = 0.2500 0.2500-0.3750 (   402 PWs)   bands (ev):

     9.1801   9.7060  10.5676  10.7230  12.5263  12.5743  12.6488  12.8052
    14.5020  15.5127  15.9064  16.6885  27.7490  27.9076  28.4267  28.6467

          k =-0.5000 0.1250 0.5000 (   406 PWs)   bands (ev):

     9.0821  10.4484  10.5997  12.4553  12.5630  12.6425  12.7533  13.4770
    15.5513  15.6272  15.9279  17.3108  21.1278  22.5990  30.8395  31.0201

          k =-0.6250 0.2500 0.5000 (   410 PWs)   bands (ev):

     9.6708  10.3850  11.1188  11.1992  12.2896  12.6071  12.6715  12.8205
    15.6339  15.9012  16.9785  18.5720  22.5580  23.6663  26.4266  27.1219

          k = 0.2500 0.5000-0.6250 (   410 PWs)   bands (ev):

     9.6708  10.3851  11.1189  11.1992  12.2909  12.5949  12.6812  12.8218
    15.6331  15.9021  16.9784  18.5721  22.5579  23.6662  26.4267  27.1219

          k = 0.0000 0.3750 0.0000 (   398 PWs)   bands (ev):

     7.6519   7.8571  11.3888  11.5424  11.5481  12.1252  13.2126  13.7330
    13.7386  14.1427  14.4783  16.3035  34.3548  34.4111  34.4112  34.5131

          k =-0.1250 0.5000 0.0000 (   408 PWs)   bands (ev):

     9.0303   9.6617  10.7044  11.3833  12.0096  12.8745  13.0478  13.5393
    13.8614  14.3730  15.3268  16.4925  27.9571  28.7348  31.3358  31.9975

          k = 0.5000 0.0000-0.1250 (   408 PWs)   bands (ev):

     9.0303   9.6618  10.7043  11.3829  12.0107  12.8752  13.0449  13.5427
    13.8569  14.3767  15.3254  16.4927  27.9569  28.7348  31.3359  31.9978

          k =-0.2500 0.6250 0.0000 (   416 PWs)   bands (ev):

     9.4366  10.5578  11.0186  11.1468  12.1955  12.4607  13.2741  13.7176
    14.7155  16.2421  16.2970  17.8154  22.5243  23.6767  29.3895  29.9923

          k = 0.6250 0.0000-0.2500 (   416 PWs)   bands (ev):

     9.4368  10.5572  11.0197  11.1459  12.1952  12.4627  13.2704  13.7195
    14.7159  16.2657  16.2731  17.8155  22.5240  23.6767  29.3897  29.9924

          k =-0.1250 0.6250-0.1250 (   414 PWs)   bands (ev):

     9.6738  10.1171  11.0348  11.4300  12.3118  12.3445  13.3106  13.5756
    14.7048  15.8385  16.1753  17.8854  25.7508  25.9315  26.5995  26.6991

          k = 0.7500-0.2500-0.1250 (   410 PWs)   bands (ev):

     9.7656  10.1215  11.2449  11.7224  12.0322  12.6312  13.3203  13.5349
    15.0681  16.0647  19.2954  20.4208  21.5893  22.7299  25.0093  25.7660

          k =-0.5000 0.3750 0.5000 (   408 PWs)   bands (ev):

    10.1770  10.3433  10.9276  11.7849  12.1241  12.3652  12.7391  12.7666
    15.8875  15.9194  19.9961  21.1363  21.8065  22.9169  25.3030  25.3890

          k = 0.0000 0.6250 0.0000 (   414 PWs)   bands (ev):

     9.4660  10.0425  10.7563  12.1772  12.1817  12.4160  13.0255  14.3933
    14.3956  15.4833  15.5118  17.3204  28.0858  28.0859  28.7337  28.7337

          k =-0.1250 0.7500 0.0000 (   410 PWs)   bands (ev):

     9.5160   9.6181  11.4081  11.7756  12.3687  12.6110  13.6841  14.6264
    14.8929  16.2270  18.6866  19.7477  23.5807  24.3611  26.0636  26.5930

          k = 0.7500 0.0000-0.1250 (   410 PWs)   bands (ev):

     9.5163   9.6178  11.4084  11.7751  12.3666  12.6141  13.6830  14.6246
    14.8953  16.2268  18.6865  19.7477  23.5805  24.3611  26.0638  26.5930

          k = 0.0000 0.8750 0.0000 (   398 PWs)   bands (ev):

     9.1861   9.2088  11.2564  11.3570  13.5507  13.5611  13.6586  16.0157
    16.0219  16.1979  21.4209  21.9573  23.8527  23.8533  24.2495  24.2496

     the Fermi energy is    13.7471 ev

!    total energy              =     -54.80427734 Ry
     Harris-Foulkes estimate   =     -54.80427734 Ry
     estimated scf accuracy    <          1.3E-09 Ry

     The total energy is the sum of the following terms:

     one-electron contribution =       9.11169144 Ry
     hartree contribution      =       5.51739866 Ry
     xc contribution           =     -26.45682805 Ry
     ewald contribution        =     -42.97249836 Ry
     smearing contrib. (-TS)   =      -0.00404102 Ry

     total magnetization       =     0.00    -0.00     2.30 Bohr mag/cell
     absolute magnetization    =     2.46 Bohr mag/cell

     convergence has been achieved in   9 iterations

     Forces acting on atoms (Ry/au):

     atom    1 type  1   force =     0.00000000    0.00000000    0.00000000

     Total force =     0.000000     Total SCF correction =     0.000000


     entering subroutine stress ...

     Message from routine stres:
     noncollinear stress + GGA not implemented

     Writing output data file Fe_scf_e45_k8_nb20_so.save

     init_run     :      0.75s CPU      0.77s WALL (       1 calls)
     electrons    :     12.86s CPU     13.12s WALL (       1 calls)
     forces       :      0.08s CPU      0.08s WALL (       1 calls)

     Called by init_run:
     wfcinit      :      0.50s CPU      0.52s WALL (       1 calls)
     potinit      :      0.02s CPU      0.02s WALL (       1 calls)

     Called by electrons:
     c_bands      :     10.83s CPU     11.07s WALL (       9 calls)
     sum_band     :      1.82s CPU      1.85s WALL (       9 calls)
     v_of_rho     :      0.18s CPU      0.18s WALL (      10 calls)
     mix_rho      :      0.03s CPU      0.03s WALL (       9 calls)

     Called by c_bands:
     init_us_2    :      0.20s CPU      0.23s WALL (    1120 calls)
     cegterg      :     10.42s CPU     10.63s WALL (     504 calls)

     Called by *egterg:
     h_psi        :      7.92s CPU      8.13s WALL (    1993 calls)
     g_psi        :      0.06s CPU      0.07s WALL (    1433 calls)
     cdiaghg      :      1.41s CPU      1.32s WALL (    1937 calls)

     Called by h_psi:
     add_vuspsi   :      0.25s CPU      0.20s WALL (    1993 calls)

     General routines
     calbec       :      0.22s CPU      0.20s WALL (    2049 calls)
     fft          :      0.03s CPU      0.03s WALL (     303 calls)
     fftw         :      7.30s CPU      7.43s WALL (  102164 calls)

     Parallel routines
     fft_scatter  :      1.01s CPU      1.07s WALL (  102467 calls)

     PWSCF        :    14.02s CPU        14.34s WALL


   This run was terminated on:  12:58:49  26Jul2018            

=------------------------------------------------------------------------------=
   JOB DONE.
=------------------------------------------------------------------------------=
