
.Version 7.4.1 of ABINIT 
.(MPI version, prepared for a x86_64_linux_gnu4.8 computer) 

.Copyright (C) 1998-2013 ABINIT group . 
 ABINIT comes with ABSOLUTELY NO WARRANTY.
 It is free software, and you are welcome to redistribute it
 under certain conditions (GNU General Public License,
 see ~abinit/COPYING or http://www.gnu.org/copyleft/gpl.txt).

 ABINIT is a project of the Universite Catholique de Louvain,
 Corning Inc. and other collaborators, see ~abinit/doc/developers/contributors.txt .
 Please read ~abinit/doc/users/acknowledgments.html for suggested
 acknowledgments of the ABINIT effort.
 For more information, see http://www.abinit.org .

.Starting date : Tue 21 Jul 2015.
- ( at 08h45 )
  
- input  file    -> input/MoS2_single-layer_scf.in
- output file    -> reference_output/MoS2_single-layer_scf.out
- root for input  files -> io_files/MoS2_single-layer_scf_i
- root for output files -> io_files/MoS2_single-layer_scf_o


 Symmetries : space group P-6 m 2 (#187); Bravais hP (primitive hexag.)
================================================================================
 Values of the parameters that define the memory need of the present run
   intxc =         0  ionmov =         0    iscf =         7 xclevel =         1
  lmnmax =         6   lnmax =         6   mband =        14  mffmem =         1
P  mgfft =       108   mkmem =         7 mpssoang=         3     mpw =      2541
  mqgrid =      5231   natom =         3    nfft =     62208    nkpt =         7
  nloalg =         4  nspden =         1 nspinor =         1  nsppol =         1
    nsym =        12  n1xccc =         0  ntypat =         2  occopt =         1
================================================================================
P This job should need less than                      23.444 Mbytes of memory.
  Rough estimation (10% accuracy) of disk space for files :
_ WF disk file :      3.802 Mbytes ; DEN or POT disk file :      0.477 Mbytes.
================================================================================

--------------------------------------------------------------------------------
------------- Echo of variables that govern the present computation ------------
--------------------------------------------------------------------------------
-
- outvars: echo of selected default values                                      
-   accesswff0 =  0 , fftalg0 =112 , wfoptalg0 =  0
-
- outvars: echo of global parameters not present in the input file              
-  max_nthreads =    0
-
 -outvars: echo values of preprocessed input variables --------
            acell      5.9203808995E+00  5.9203808994E+00  3.0000000000E+01 Bohr
              amu      9.59400000E+01  3.20660000E+01
           diemac      4.50000000E+00
             ecut      1.50000000E+01 Hartree
           istwfk        2    0    0    3    0    0    0
              kpt      0.00000000E+00  0.00000000E+00  0.00000000E+00
                       1.66666667E-01  0.00000000E+00  0.00000000E+00
                       3.33333333E-01  0.00000000E+00  0.00000000E+00
                       5.00000000E-01  0.00000000E+00  0.00000000E+00
                       1.66666667E-01  1.66666667E-01  0.00000000E+00
                       3.33333333E-01  1.66666667E-01  0.00000000E+00
                       3.33333333E-01  3.33333333E-01  0.00000000E+00
         kptrlatt        6    0    0      0    6    0      0    0    1
          kptrlen      3.55222854E+01
P           mkmem           7
            natom           3
            nband          14
            ngfft          24      24     108
             nkpt           7
            nstep         100
             nsym          12
           ntypat           2
              occ      2.000000  2.000000  2.000000  2.000000  2.000000  2.000000
                       2.000000  2.000000  2.000000  2.000000  2.000000  2.000000
                       2.000000  0.000000
           prtvol           3
            rprim      1.0000000000E+00  0.0000000000E+00  0.0000000000E+00
                      -5.0000000000E-01  8.6602540378E-01  0.0000000000E+00
                       0.0000000000E+00  0.0000000000E+00  1.0000000000E+00
          spgroup         187
           symrel      1  0  0   0  1  0   0  0  1       0 -1  0  -1  0  0   0  0 -1
                      -1 -1  0   1  0  0   0  0 -1      -1  0  0   1  1  0   0  0  1
                       0  1  0  -1 -1  0   0  0  1       1  1  0   0 -1  0   0  0 -1
                       1  0  0   0  1  0   0  0 -1       0 -1  0  -1  0  0   0  0  1
                      -1 -1  0   1  0  0   0  0  1      -1  0  0   1  1  0   0  0 -1
                       0  1  0  -1 -1  0   0  0 -1       1  1  0   0 -1  0   0  0  1
           toldfe      1.00000000E-08 Hartree
            typat      1  2  2
              wtk        0.02778    0.16667    0.16667    0.08333    0.16667    0.33333
                         0.05556
           xangst      0.0000000000E+00  0.0000000000E+00  0.0000000000E+00
                       1.5664653191E+00  9.0439917365E-01  1.5521205663E+00
                       1.5664653191E+00  9.0439917365E-01 -1.5521205663E+00
            xcart      0.0000000000E+00  0.0000000000E+00  0.0000000000E+00
                       2.9601904497E+00  1.7090667530E+00  2.9330827955E+00
                       2.9601904497E+00  1.7090667530E+00 -2.9330827955E+00
             xred      0.0000000000E+00  0.0000000000E+00  0.0000000000E+00
                       6.6666666666E-01  3.3333333334E-01  9.7769426517E-02
                       6.6666666666E-01  3.3333333334E-01 -9.7769426517E-02
            znucl       42.00000   16.00000

================================================================================

 chkinp: Checking input parameters for consistency.

================================================================================
== DATASET  1 ==================================================================
-   nproc =    1

 Exchange-correlation functional for the present dataset will be:
  LDA: new Teter (4/93) with spin-polarized option - ixc=1
 Citation for XC functional:
  S. Goedecker, M. Teter, J. Huetter, PRB 54, 1703 (1996)

 Real(R)+Recip(G) space primitive vectors, cartesian coordinates (Bohr,Bohr^-1):
 R(1)=  5.9203809  0.0000000  0.0000000  G(1)=  0.1689081  0.0975191  0.0000000
 R(2)= -2.9601904  5.1272003  0.0000000  G(2)=  0.0000000  0.1950382  0.0000000
 R(3)=  0.0000000  0.0000000 30.0000000  G(3)=  0.0000000  0.0000000  0.0333333
 Unit cell volume ucvol=  9.1064935E+02 bohr^3
 Angles (23,13,12)=  9.00000000E+01  9.00000000E+01  1.20000000E+02 degrees

 getcut: wavevector=  0.0000  0.0000  0.0000  ngfft=  24  24 108
         ecut(hartree)=     15.000   => boxcut(ratio)=   2.06487

--- Pseudopotential description ------------------------------------------------
- pspini: atom type   1  psp file is 42mo.14.hgh
- pspatm: opening atomic psp file    42mo.14.hgh
- Hartwigsen-Goedecker-Hutter psp for Mo,  from PRB58, 3641 (1998)
- 42.00000  14.00000     10605                znucl, zion, pspdat
    3    1    2    0      2001   0.00000      pspcod,pspxc,lmax,lloc,mmax,r2well
 rloc=   0.4300000
 cc1 =  16.2374520; cc2 =   1.4965360; cc3 =   0.0000000; cc4 =   0.0000000
 rrs =   0.3762550; h11s=   3.3624260; h22s=  -5.2892760; h33s=   0.0000000
 rrp =   0.3617340; h11p=  -0.3795710; h22p=  -4.0677130; h33p=   0.0000000
                    k11p=   0.3786810; k22p=  -0.1245610; k33p=   0.0000000
 rrd =   0.5258280; h11d=  -1.5432110; h22d=   1.0743880; h33d=   0.0000000
                    k11d=   0.0144600; k22d=  -0.0147690; k33d=   0.0000000
-  Local part computed in reciprocal space.

 pspatm : COMMENT -
  the projectors are not normalized,
  so that the KB energies are not consistent with 
  definition in PRB44, 8503 (1991). 
  However, this does not influence the results obtained hereafter.
 pspatm: epsatm=   42.21916586
         --- l  ekb(1:nproj) -->
             0   -1.085688    0.721857
             1   -0.208345    0.013056
             2   -0.256316    0.182427
 pspatm: atomic psp has been read  and splines computed

- pspini: atom type   2  psp file is 16s.6.hgh
- pspatm: opening atomic psp file    16s.6.hgh
- Hartwigsen-Goedecker-Hutter psp for S,  from PRB58, 3641 (1998)
- 16.00000   6.00000     10605                znucl, zion, pspdat
    3    1    1    0      2001   0.00000      pspcod,pspxc,lmax,lloc,mmax,r2well
 rloc=   0.4200000
 cc1 =  -6.5544920; cc2 =   0.0000000; cc3 =   0.0000000; cc4 =   0.0000000
 rrs =   0.3617570; h11s=   7.9053030; h22s=   4.4716980; h33s=   0.0000000
 rrp =   0.4052850; h11p=   3.8665790; h22p=   0.0000000; h33p=   0.0000000
                    k11p=   0.0053720; k22p=   0.0220620; k33p=   0.0000000
-  Local part computed in reciprocal space.

 pspatm : COMMENT -
  the projectors are not normalized,
  so that the KB energies are not consistent with 
  definition in PRB44, 8503 (1991). 
  However, this does not influence the results obtained hereafter.
 pspatm: epsatm=   -0.99803221
         --- l  ekb(1:nproj) -->
             0    0.629324    1.447842
             1    0.299754
 pspatm: atomic psp has been read  and splines computed

   1.04580064E+03                                ecore*ucvol(ha*bohr**3)
--------------------------------------------------------------------------------

P newkpt: treating     14 bands with npw=    1263 for ikpt=   1 by node    0
P newkpt: treating     14 bands with npw=    2501 for ikpt=   2 by node    0
P newkpt: treating     14 bands with npw=    2541 for ikpt=   3 by node    0
P newkpt: treating     14 bands with npw=    1265 for ikpt=   4 by node    0
P newkpt: treating     14 bands with npw=    2521 for ikpt=   5 by node    0
P newkpt: treating     14 bands with npw=    2532 for ikpt=   6 by node    0
P newkpt: treating     14 bands with npw=    2529 for ikpt=   7 by node    0

_setup2: Arith. and geom. avg. npw (full set) are    2525.972    2525.941

================================================================================

     iter   Etot(hartree)      deltaE(h)  residm     vres2
 ETOT  1  -87.468647861165    -8.747E+01 8.544E-02 1.497E+03
 ETOT  2  -87.241758275852     2.269E-01 1.318E-02 6.057E+03
 ETOT  3  -88.352235475363    -1.110E+00 8.491E-03 5.143E+02
 ETOT  4  -88.400153459556    -4.792E-02 2.740E-03 4.715E+01
 ETOT  5  -88.402246278078    -2.093E-03 8.294E-03 1.022E+01
 ETOT  6  -88.402464993144    -2.187E-04 3.880E-03 2.358E-01
 ETOT  7  -88.402565989862    -1.010E-04 3.562E-03 1.102E-01
 ETOT  8  -88.402574352283    -8.362E-06 6.463E-04 6.259E-02
 ETOT  9  -88.402579549778    -5.197E-06 1.220E-03 9.124E-03
 ETOT 10  -88.402581004772    -1.455E-06 3.433E-04 2.841E-04
 ETOT 11  -88.402581035022    -3.025E-08 6.277E-04 5.801E-05
 ETOT 12  -88.402581038426    -3.403E-09 1.626E-04 2.464E-06
 ETOT 13  -88.402581038566    -1.407E-10 2.848E-04 3.907E-07

 At SCF step   13, etot is converged : 
  for the second time, diff in etot=  1.407E-10 < toldfe=  1.000E-08

 Cartesian components of stress tensor (hartree/bohr^3)
  sigma(1 1)=  7.56371963E-04  sigma(3 2)=  0.00000000E+00
  sigma(2 2)=  7.56371963E-04  sigma(3 1)=  0.00000000E+00
  sigma(3 3)=  7.39587874E-04  sigma(2 1)= -1.96739059E-14

================================================================================

 ----iterations are completed or convergence reached----

 Mean square residual over all n,k,spin=   4.8134E-06; max=  2.8475E-04
   0.0000  0.0000  0.0000    1  1.82528E-04 kpt; spin; max resid(k); each band:
  6.70E-12 1.48E-13 6.94E-14 6.68E-14 9.13E-13 1.39E-12 1.94E-12 6.83E-13
  6.37E-13 1.46E-12 7.45E-14 6.49E-14 7.27E-12 1.83E-04
   0.1667  0.0000  0.0000    1  1.31334E-06 kpt; spin; max resid(k); each band:
  6.87E-12 1.29E-13 1.48E-13 8.26E-14 9.32E-13 1.27E-12 2.01E-12 2.09E-12
  1.03E-12 1.36E-12 6.23E-14 1.60E-12 7.17E-12 1.31E-06
   0.3333  0.0000  0.0000    1  2.54202E-07 kpt; spin; max resid(k); each band:
  7.52E-12 2.29E-13 9.09E-14 1.37E-13 8.67E-13 9.58E-13 2.13E-12 4.91E-13
  1.88E-12 6.61E-14 1.14E-12 3.03E-13 5.88E-12 2.54E-07
   0.5000  0.0000  0.0000    1  2.84753E-04 kpt; spin; max resid(k); each band:
  3.91E-12 2.64E-13 7.10E-14 1.82E-13 7.28E-13 8.15E-13 1.64E-12 3.47E-13
  2.13E-12 6.37E-14 9.53E-13 8.50E-13 3.49E-12 2.85E-04
   0.1667  0.1667  0.0000    1  1.15440E-07 kpt; spin; max resid(k); each band:
  5.33E-12 1.88E-13 1.01E-13 1.47E-13 8.43E-13 1.07E-12 2.32E-12 2.78E-13
  1.14E-12 8.01E-13 3.65E-12 1.38E-12 4.29E-12 1.15E-07
   0.3333  0.1667  0.0000    1  2.73659E-06 kpt; spin; max resid(k); each band:
  6.92E-12 2.58E-13 7.16E-14 1.82E-13 7.79E-13 8.32E-13 1.85E-12 1.51E-13
  1.85E-12 6.11E-13 2.18E-12 1.09E-12 3.29E-12 2.74E-06
   0.3333  0.3333  0.0000    1  1.31703E-08 kpt; spin; max resid(k); each band:
  8.38E-12 2.33E-13 2.02E-13 6.25E-14 7.75E-13 4.37E-13 7.91E-14 1.42E-12
  1.23E-12 5.84E-13 8.86E-14 7.42E-13 1.68E-12 1.32E-08
 reduced coordinates (array xred) for    3 atoms
       0.000000000000      0.000000000000      0.000000000000
       0.666666666667      0.333333333333      0.097769426517
       0.666666666667      0.333333333333     -0.097769426517
 rms dE/dt=  3.5408E-02; max dE/dt=  7.5112E-02; dE/dt below (all hartree)
    1      -0.000000000000      0.000000000000      0.000000000000
    2       0.000000000000      0.000000000000     -0.075112132378
    3       0.000000000000      0.000000000000      0.075112132378

 cartesian coordinates (angstrom) at end:
    1      0.00000000000000     0.00000000000000     0.00000000000000
    2      1.56646531910230     0.90439917363492     1.55212056628604
    3      1.56646531910230     0.90439917363492    -1.55212056628604

 cartesian forces (hartree/bohr) at end:
    1      0.00000000000000     0.00000000000000    -0.00000000000000
    2     -0.00000000000000    -0.00000000000000     0.00250373774592
    3     -0.00000000000000    -0.00000000000000    -0.00250373774592
 frms,max,avg= 1.1802733E-03 2.5037377E-03   0.000E+00  0.000E+00  0.000E+00 h/b

 cartesian forces (eV/Angstrom) at end:
    1      0.00000000000000     0.00000000000000    -0.00000000000000
    2     -0.00000000000000    -0.00000000000000     0.12874736058756
    3     -0.00000000000000    -0.00000000000000    -0.12874736058756
 frms,max,avg= 6.0692088E-02 1.2874736E-01   0.000E+00  0.000E+00  0.000E+00 e/A
 length scales=  5.920380899500  5.920380899400 30.000000000000 bohr
              =  3.132930638187  3.132930638134 15.875316257700 angstroms
 prteigrs : about to open file io_files/MoS2_single-layer_scf_o_EIG
 Fermi (or HOMO) energy (hartree) =  -0.03497   Average Vxc (hartree)=  -0.18385
 Eigenvalues (hartree) for nkpt=   7  k points:
 kpt#   1, nband= 14, wtk=  0.02778, kpt=  0.0000  0.0000  0.0000 (reduced coord)
  -2.16323  -1.28758  -1.27594  -1.27594  -0.55380  -0.50458  -0.24306  -0.13113
  -0.13113  -0.10032  -0.08833  -0.08833  -0.03719   0.07439
 kpt#   2, nband= 14, wtk=  0.16667, kpt=  0.1667  0.0000  0.0000 (reduced coord)
  -2.16086  -1.28639  -1.28022  -1.27686  -0.53803  -0.49839  -0.22787  -0.15765
  -0.14444  -0.11449  -0.10957  -0.07054  -0.04611   0.05352
 kpt#   3, nband= 14, wtk=  0.16667, kpt=  0.3333  0.0000  0.0000 (reduced coord)
  -2.16364  -1.28932  -1.28464  -1.27918  -0.50233  -0.48444  -0.23137  -0.19220
  -0.17501  -0.14036  -0.09233  -0.08023  -0.07101   0.05371
 kpt#   4, nband= 14, wtk=  0.08333, kpt=  0.5000  0.0000  0.0000 (reduced coord)
  -2.16224  -1.29343  -1.28345  -1.28026  -0.47995  -0.47611  -0.24969  -0.21476
  -0.18638  -0.15252  -0.10278  -0.06401  -0.05566   0.05397
 kpt#   5, nband= 14, wtk=  0.16667, kpt=  0.1667  0.1667  0.0000 (reduced coord)
  -2.16223  -1.28635  -1.28507  -1.27915  -0.51213  -0.48799  -0.22016  -0.17264
  -0.17032  -0.15433  -0.10484  -0.06812  -0.06398   0.03832
 kpt#   6, nband= 14, wtk=  0.33333, kpt=  0.3333  0.1667  0.0000 (reduced coord)
  -2.16265  -1.29136  -1.28362  -1.28232  -0.48076  -0.47534  -0.23283  -0.21969
  -0.17477  -0.15421  -0.11864  -0.09525  -0.05200   0.05135
 kpt#   7, nband= 14, wtk=  0.05556, kpt=  0.3333  0.3333  0.0000 (reduced coord)
  -2.16228  -1.28910  -1.28697  -1.28333  -0.46958  -0.46915  -0.24066  -0.20408
  -0.18654  -0.16312  -0.13995  -0.11309  -0.03497   0.03299
 Total charge density [el/Bohr^3]
,     Maximum=    8.7317E-01  at reduced coord.    0.8333    0.9167    0.0000
,Next maximum=    8.7317E-01  at reduced coord.    0.0833    0.9167    0.0000
,     Minimum=    3.8132E-07  at reduced coord.    0.2917    0.0417    0.4907
,Next minimum=    3.8132E-07  at reduced coord.    0.7500    0.0417    0.4907
,  Integrated=    2.6000E+01

--------------------------------------------------------------------------------
 Components of total free energy (in Hartree) :

    Kinetic energy  =  2.97639878269411E+01
    Hartree energy  =  2.02489161654599E+02
    XC energy       = -1.22737017666525E+01
    Ewald energy    =  1.25106462624148E+02
    PspCore energy  =  1.14841199016599E+00
    Loc. psp. energy= -4.30659996185754E+02
    NL   psp  energy= -3.97690718201344E+00
    >>>>>>>>> Etotal= -8.84025810385664E+01

 Other information on the energy :
    Total energy(eV)= -2.40555656685519E+03 ; Band energy (Ha)=  -1.5968895501E+01
--------------------------------------------------------------------------------

 Cartesian components of stress tensor (hartree/bohr^3)
  sigma(1 1)=  7.56371963E-04  sigma(3 2)=  0.00000000E+00
  sigma(2 2)=  7.56371963E-04  sigma(3 1)=  0.00000000E+00
  sigma(3 3)=  7.39587874E-04  sigma(2 1)= -1.96739059E-14

-Cartesian components of stress tensor (GPa)         [Pressure= -2.2089E+01 GPa]
- sigma(1 1)=  2.22532277E+01  sigma(3 2)=  0.00000000E+00
- sigma(2 2)=  2.22532277E+01  sigma(3 1)=  0.00000000E+00
- sigma(3 3)=  2.17594228E+01  sigma(2 1)= -5.78826197E-10

== END DATASET(S) ==============================================================
================================================================================
  
 -outvars: echo values of variables after computation  --------
            acell      5.9203808995E+00  5.9203808994E+00  3.0000000000E+01 Bohr
              amu      9.59400000E+01  3.20660000E+01
           diemac      4.50000000E+00
             ecut      1.50000000E+01 Hartree
           etotal     -8.8402581039E+01
            fcart      3.0320630478E-28  1.7505624169E-28 -0.0000000000E+00
                      -6.0641260956E-29 -3.5011248337E-29  2.5037377459E-03
                      -2.4256504383E-28 -1.4004499335E-28 -2.5037377459E-03
           istwfk        2    0    0    3    0    0    0
              kpt      0.00000000E+00  0.00000000E+00  0.00000000E+00
                       1.66666667E-01  0.00000000E+00  0.00000000E+00
                       3.33333333E-01  0.00000000E+00  0.00000000E+00
                       5.00000000E-01  0.00000000E+00  0.00000000E+00
                       1.66666667E-01  1.66666667E-01  0.00000000E+00
                       3.33333333E-01  1.66666667E-01  0.00000000E+00
                       3.33333333E-01  3.33333333E-01  0.00000000E+00
         kptrlatt        6    0    0      0    6    0      0    0    1
          kptrlen      3.55222854E+01
P           mkmem           7
            natom           3
            nband          14
            ngfft          24      24     108
             nkpt           7
            nstep         100
             nsym          12
           ntypat           2
              occ      2.000000  2.000000  2.000000  2.000000  2.000000  2.000000
                       2.000000  2.000000  2.000000  2.000000  2.000000  2.000000
                       2.000000  0.000000
           prtvol           3
            rprim      1.0000000000E+00  0.0000000000E+00  0.0000000000E+00
                      -5.0000000000E-01  8.6602540378E-01  0.0000000000E+00
                       0.0000000000E+00  0.0000000000E+00  1.0000000000E+00
          spgroup         187
           strten      7.5637196324E-04  7.5637196333E-04  7.3958787449E-04
                       0.0000000000E+00  0.0000000000E+00 -1.9673905857E-14
           symrel      1  0  0   0  1  0   0  0  1       0 -1  0  -1  0  0   0  0 -1
                      -1 -1  0   1  0  0   0  0 -1      -1  0  0   1  1  0   0  0  1
                       0  1  0  -1 -1  0   0  0  1       1  1  0   0 -1  0   0  0 -1
                       1  0  0   0  1  0   0  0 -1       0 -1  0  -1  0  0   0  0  1
                      -1 -1  0   1  0  0   0  0  1      -1  0  0   1  1  0   0  0 -1
                       0  1  0  -1 -1  0   0  0 -1       1  1  0   0 -1  0   0  0  1
           toldfe      1.00000000E-08 Hartree
            typat      1  2  2
              wtk        0.02778    0.16667    0.16667    0.08333    0.16667    0.33333
                         0.05556
           xangst      0.0000000000E+00  0.0000000000E+00  0.0000000000E+00
                       1.5664653191E+00  9.0439917363E-01  1.5521205663E+00
                       1.5664653191E+00  9.0439917363E-01 -1.5521205663E+00
            xcart      0.0000000000E+00  0.0000000000E+00  0.0000000000E+00
                       2.9601904498E+00  1.7090667530E+00  2.9330827955E+00
                       2.9601904498E+00  1.7090667530E+00 -2.9330827955E+00
             xred      0.0000000000E+00  0.0000000000E+00  0.0000000000E+00
                       6.6666666667E-01  3.3333333333E-01  9.7769426517E-02
                       6.6666666667E-01  3.3333333333E-01 -9.7769426517E-02
            znucl       42.00000   16.00000

================================================================================


- Timing analysis has been suppressed with timopt=0



================================================================================

 Suggested references for the acknowledgment of ABINIT usage.

 The users of ABINIT have little formal obligations with respect to the ABINIT group
 (those specified in the GNU General Public License, http://www.gnu.org/copyleft/gpl.txt).
 However, it is common practice in the scientific literature,
 to acknowledge the efforts of people that have made the research possible.
 In this spirit, please find below suggested citations of work written by ABINIT developers,
 corresponding to implementations inside of ABINIT that you have used in the present run.
 Note also that it will be of great value to readers of publications presenting these results,
 to read papers enabling them to understand the theoretical formalism and details
 of the ABINIT implementation.
 For information on why they are suggested, see also http://www.abinit.org/about/?text=acknowledgments.

 [1] ABINIT : First-principles approach of materials and nanosystem properties.
 X. Gonze, B. Amadon, P.-M. Anglade, J.-M. Beuken, F. Bottin, P. Boulanger, F. Bruneval,
 D. Caliste, R. Caracas, M. Cote, T. Deutsch, L. Genovese, Ph. Ghosez, M. Giantomassi
 S. Goedecker, D.R. Hamann, P. Hermet, F. Jollet, G. Jomard, S. Leroux, M. Mancini, S. Mazevet,
 M.J.T. Oliveira, G. Onida, Y. Pouillon, T. Rangel, G.-M. Rignanese, D. Sangalli, R. Shaltaf,
 M. Torrent, M.J. Verstraete, G. Zerah, J.W. Zwanziger
 Computer Phys. Comm. 180, 2582-2615 (2009).
 Comment : the third generic paper describing the ABINIT project.
 Note that a version of this paper, that is not formatted for Computer Phys. Comm. 
 is available at http://www.abinit.org/about/ABINIT_CPC_v10.pdf .
 The licence allows the authors to put it on the Web.

 [2] A brief introduction to the ABINIT software package.
 X. Gonze, G.-M. Rignanese, M. Verstraete, J.-M. Beuken, Y. Pouillon, R. Caracas, F. Jollet,
 M. Torrent, G. Zerah, M. Mikami, Ph. Ghosez, M. Veithen, J.-Y. Raty, V. Olevano, F. Bruneval,
 L. Reining, R. Godby, G. Onida, D.R. Hamann, and D.C. Allan.
 Z. Kristallogr. 220, 558-562 (2005).
 Comment : the second generic paper describing the ABINIT project. Note that this paper
 should be cited especially if you are using the GW part of ABINIT, as several authors
 of this part are not in the list of authors of the first or third paper.
 The .pdf of the latter paper is available at http://www.abinit.org/about/zfk_0505-06_558-562.pdf.
 Note that it should not redistributed (Copyright by Oldenburg Wissenshaftverlag,
 the licence allows the authors to put it on the Web).


 And optionally :

 [3] First-principles computation of material properties : the ABINIT software project. 
 X. Gonze, J.-M. Beuken, R. Caracas, F. Detraux, M. Fuchs, G.-M. Rignanese, L. Sindic,
 M. Verstraete, G. Zerah, F. Jollet, M. Torrent, A. Roy, M. Mikami, Ph. Ghosez, J.-Y. Raty, D.C. Allan.
 Computational Materials Science 25, 478-492 (2002). http://dx.doi.org/10.1016/S0927-0256(02)00325-7
 Comment : the original paper describing the ABINIT project.

 [4] Fast radix 2, 3, 4 and 5 kernels for Fast Fourier Transformations
 on computers with overlapping multiply-add instructions.
 S. Goedecker, SIAM J. on Scientific Computing 18, 1605 (1997).
-
- Proc.   0 individual time (sec): cpu=         15.0  wall=         15.3

================================================================================

 Calculation completed.
.Delivered    1 WARNINGs and   4 COMMENTs to log file.
+Overall time at end (sec) : cpu=         15.0  wall=         15.3
