
     Program PWSCF v.6.5 starts on 28Mar2021 at 12: 0:49 

     This program is part of the open-source Quantum ESPRESSO suite
     for quantum simulation of materials; please cite
         "P. Giannozzi et al., J. Phys.:Condens. Matter 21 395502 (2009);
         "P. Giannozzi et al., J. Phys.:Condens. Matter 29 465901 (2017);
          URL http://www.quantum-espresso.org", 
     in publications or presentations arising from this work. More details at
     http://www.quantum-espresso.org/quote

     Parallel version (MPI), running on     1 processors

     MPI processes distributed on     1 nodes
     Waiting for input...
     Reading input from standard input

     Current dimensions of program PWSCF are:
     Max number of different atomic species (ntypx) = 10
     Max number of k-points (npk) =  40000
     Max angular momentum in pseudopotentials (lmaxx) =  3

     Atomic positions and unit cell read from directory:
     ./CH4_3dist.save/                                                                                                                                                                                                                                               

               file H.pbe-mt_fhi.UPF: wavefunction(s)  2p 4f renormalized
               file C.pbe-mt_fhi.UPF: wavefunction(s)  4f renormalized

     gamma-point specific algorithms are used

     Subspace diagonalization in iterative solution of the eigenvalue problem:
     a serial algorithm will be used


     G-vector sticks info
     --------------------
     sticks:   dense  smooth     PW     G-vecs:    dense   smooth      PW
     Sum       10229   10229   2561               778439   778439   97521


     Title: 
     CH4_3dist                                                                  


     bravais-lattice index     =            8
     lattice parameter (alat)  =      28.3459  a.u.
     unit-cell volume          =   22775.6292 (a.u.)^3
     number of atoms/cell      =            5
     number of atomic types    =            2
     number of electrons       =         8.00
     number of Kohn-Sham states=           20
     kinetic-energy cutoff     =      40.0000  Ry
     charge density cutoff     =     160.0000  Ry
     Exchange-correlation= PBE
                           (   1   4   3   4   0   0   0)

     celldm(1)=  28.345892  celldm(2)=   1.000000  celldm(3)=   1.000000
     celldm(4)=   0.000000  celldm(5)=   0.000000  celldm(6)=   0.000000

     crystal axes: (cart. coord. in units of alat)
               a(1) = (   1.000000   0.000000   0.000000 )  
               a(2) = (   0.000000   1.000000   0.000000 )  
               a(3) = (   0.000000   0.000000   1.000000 )  

     reciprocal axes: (cart. coord. in units 2 pi/alat)
               b(1) = (  1.000000  0.000000  0.000000 )  
               b(2) = (  0.000000  1.000000  0.000000 )  
               b(3) = (  0.000000  0.000000  1.000000 )  


     PseudoPot. # 1 for H  read from file:
     ../../psp/H.pbe-mt_fhi.UPF
     MD5 check sum: a19bd5488733b3d98581df861506e80d
     Pseudo is Norm-conserving, Zval =  1.0
     Generated using FHI98PP, converted with fhi2upf.x v.5.0.2
     Using radial grid of  387 points,  3 beta functions with: 
                l(1) =   0
                l(2) =   1
                l(3) =   3

     PseudoPot. # 2 for C  read from file:
     ../../psp/C.pbe-mt_fhi.UPF
     MD5 check sum: 058ca341f9d6d5327d9962fd88a91b65
     Pseudo is Norm-conserving, Zval =  4.0
     Generated using FHI98PP, converted with fhi2upf.x v.5.0.2
     Using radial grid of  461 points,  3 beta functions with: 
                l(1) =   0
                l(2) =   1
                l(3) =   3

     atomic species   valence    mass     pseudopotential
        H              1.00     1.00794     H ( 1.00)
        C              4.00    12.01070     C ( 1.00)

     No symmetry found


                                    s                        frac. trans.

      isym =  1     identity                                     

 cryst.   s( 1) = (     1          0          0      )
                  (     0          1          0      )
                  (     0          0          1      )

 cart.    s( 1) = (  1.0000000  0.0000000  0.0000000 )
                  (  0.0000000  1.0000000  0.0000000 )
                  (  0.0000000  0.0000000  1.0000000 )


     point group C_1 (1)    
     there are  1 classes
     the character table:

       E    
A      1.00

     the symmetry operations in each class and the name of the first element:

     E        1
          identity                                               

   Cartesian axes

     site n.     atom                  positions (alat units)
         1           C   tau(   1) = (   0.5000000   0.5000000   0.5000000  )
         2           H   tau(   2) = (   0.5495000   0.5495000   0.5495000  )
         3           H   tau(   3) = (   0.4595000   0.4595000   0.5405000  )
         4           H   tau(   4) = (   0.5540000   0.4460000   0.4460000  )
         5           H   tau(   5) = (   0.4550000   0.5450000   0.4550000  )

   Crystallographic axes

     site n.     atom                  positions (cryst. coord.)
         1           C   tau(   1) = (  0.5000000  0.5000000  0.5000000  )
         2           H   tau(   2) = (  0.5495000  0.5495000  0.5495000  )
         3           H   tau(   3) = (  0.4595000  0.4595000  0.5405000  )
         4           H   tau(   4) = (  0.5540000  0.4460000  0.4460000  )
         5           H   tau(   5) = (  0.4550000  0.5450000  0.4550000  )

     number of k points=     1  Methfessel-Paxton smearing, width (Ry)=  0.0007
                       cart. coord. in units 2pi/alat
        k(    1) = (   0.0000000   0.0000000   0.0000000), wk =   2.0000000

                       cryst. coord.
        k(    1) = (   0.0000000   0.0000000   0.0000000), wk =   2.0000000

     Dense  grid:   389220 G-vectors     FFT dimensions: ( 120, 120, 120)

     Dynamical RAM for                 wfc:      14.85 MB

     Dynamical RAM for     wfc (w. buffer):      14.85 MB

     Dynamical RAM for           str. fact:      11.88 MB

     Dynamical RAM for           local pot:       0.00 MB

     Dynamical RAM for          nlocal pot:      40.83 MB

     Dynamical RAM for                qrad:       3.66 MB

     Dynamical RAM for          rho,v,vnew:      57.37 MB

     Dynamical RAM for           G-vectors:      25.24 MB

     Dynamical RAM for          h,s,v(r/c):       0.15 MB

     Dynamical RAM for          <psi|beta>:       0.01 MB

     Dynamical RAM for                 psi:      59.39 MB

     Dynamical RAM for                hpsi:      59.39 MB

     Dynamical RAM for      wfcinit/wfcrot:     118.92 MB

     Estimated static dynamical RAM per process >     237.56 MB

     Estimated max dynamical RAM per process >     356.49 MB

     The potential is recalculated from file :
     ./CH4_3dist.save/charge-density

     Starting wfcs are   80 randomized atomic wfcs

     Band Structure Calculation
     Davidson diagonalization with overlap

     Computing kpt #:     1  of     1
     total cpu time spent up to now is       64.2 secs

     ethr =  1.00E-06,  avg # of iterations = 62.0

     total cpu time spent up to now is       64.2 secs

     End of band structure calculation

          k = 0.0000 0.0000 0.0000 ( 48761 PWs)   bands (ev):

   -16.3199  -9.5356  -8.9154  -8.3791  -0.7718   0.1347   0.3593   0.4498
     0.4733   0.6266   0.6268   0.7605   0.9594   1.0404   1.0546   1.1096
     1.1196   1.1599   1.2756   1.2771

     occupation numbers 
     1.0000   1.0000   1.0000   1.0000  -0.0000  -0.0000  -0.0000  -0.0000
    -0.0000  -0.0000  -0.0000  -0.0000  -0.0000  -0.0000  -0.0000  -0.0000
    -0.0000  -0.0000  -0.0000  -0.0000

     the Fermi energy is    -7.5214 ev

     Writing output data file ./CH4_3dist.save/

     init_run     :      1.26s CPU      1.49s WALL (       1 calls)
     electrons    :     62.09s CPU     62.48s WALL (       1 calls)

     Called by init_run:
     wfcinit      :      0.00s CPU      0.00s WALL (       1 calls)
     wfcinit:atom :      0.05s CPU      0.07s WALL (       1 calls)
     wfcinit:wfcr :      7.21s CPU      7.27s WALL (       1 calls)
     potinit      :      0.80s CPU      0.98s WALL (       1 calls)
     hinit0       :      0.26s CPU      0.30s WALL (       1 calls)

     Called by electrons:
     c_bands      :     62.09s CPU     62.48s WALL (       1 calls)
     v_of_rho     :      0.72s CPU      0.88s WALL (       1 calls)
     v_h          :      0.07s CPU      0.08s WALL (       1 calls)
     v_xc         :      0.66s CPU      0.80s WALL (       1 calls)

     Called by c_bands:
     init_us_2    :      0.04s CPU      0.05s WALL (       1 calls)
     regterg      :     54.46s CPU     54.74s WALL (       4 calls)

     Called by sum_band:

     Called by *egterg:
     h_psi        :     39.91s CPU     40.00s WALL (      67 calls)
     g_psi        :      0.14s CPU      0.14s WALL (      62 calls)
     rdiaghg      :      0.08s CPU      0.08s WALL (      63 calls)
     regterg:over :     10.25s CPU     10.25s WALL (      62 calls)
     regterg:upda :      4.81s CPU      4.81s WALL (      62 calls)
     regterg:last :      3.03s CPU      3.03s WALL (      11 calls)

     Called by h_psi:
     h_psi:calbec :      6.98s CPU      6.99s WALL (      67 calls)
     vloc_psi     :     28.44s CPU     28.49s WALL (      67 calls)
     add_vuspsi   :      4.41s CPU      4.42s WALL (      67 calls)

     General routines
     calbec       :      6.98s CPU      6.99s WALL (      67 calls)
     fft          :      0.48s CPU      0.48s WALL (       8 calls)
     fftw         :     26.08s CPU     26.12s WALL (     700 calls)
     davcio       :      0.00s CPU      0.02s WALL (       2 calls)

     Parallel routines

     PWSCF        :   1m 3.55s CPU   1m 4.20s WALL


   This run was terminated on:  12: 1:53  28Mar2021            

=------------------------------------------------------------------------------=
   JOB DONE.
=------------------------------------------------------------------------------=
