
     Program PWSCF v.6.5 starts on 16Nov2020 at 14: 3: 3 

     This program is part of the open-source Quantum ESPRESSO suite
     for quantum simulation of materials; please cite
         "P. Giannozzi et al., J. Phys.:Condens. Matter 21 395502 (2009);
         "P. Giannozzi et al., J. Phys.:Condens. Matter 29 465901 (2017);
          URL http://www.quantum-espresso.org", 
     in publications or presentations arising from this work. More details at
     http://www.quantum-espresso.org/quote

     Parallel version (MPI), running on     1 processors

     MPI processes distributed on     1 nodes
     Waiting for input...
     Reading input from standard input
     Message from routine read_cards :
     DEPRECATED: no units specified in ATOMIC_POSITIONS card
     Message from routine read_cards :
     ATOMIC_POSITIONS: units set to alat

     Current dimensions of program PWSCF are:
     Max number of different atomic species (ntypx) = 10
     Max number of k-points (npk) =  40000
     Max angular momentum in pseudopotentials (lmaxx) =  3

     Atomic positions and unit cell read from directory:
     ./Fe_nscf_e45_k4_nb10.save/                                                                                                                                                                                                                                     

     Message from routine read_upf::
     Pseudo file Fe.rel-pbe-n-nc.UPF has been fixed on the fly.
To avoid this message in the future, permanently fix 
 your pseudo files following these instructions: 
https://gitlab.com/QEF/q-e/blob/master/upftools/how_to_fix_upf.md

     Subspace diagonalization in iterative solution of the eigenvalue problem:
     a serial algorithm will be used


     G-vector sticks info
     --------------------
     sticks:   dense  smooth     PW     G-vecs:    dense   smooth      PW
     Sum         291     291     95                 3151     3151     603



     bravais-lattice index     =            3
     lattice parameter (alat)  =       5.4200  a.u.
     unit-cell volume          =      79.6100 (a.u.)^3
     number of atoms/cell      =            1
     number of atomic types    =            1
     number of electrons       =         8.00
     number of Kohn-Sham states=           10
     kinetic-energy cutoff     =      45.0000  Ry
     charge density cutoff     =     180.0000  Ry
     Exchange-correlation= PBE
                           (   1   4   3   4   0   0   0)

     celldm(1)=   5.420000  celldm(2)=   0.000000  celldm(3)=   0.000000
     celldm(4)=   0.000000  celldm(5)=   0.000000  celldm(6)=   0.000000

     crystal axes: (cart. coord. in units of alat)
               a(1) = (   0.500000   0.500000   0.500000 )  
               a(2) = (  -0.500000   0.500000   0.500000 )  
               a(3) = (  -0.500000  -0.500000   0.500000 )  

     reciprocal axes: (cart. coord. in units 2 pi/alat)
               b(1) = (  1.000000  0.000000  1.000000 )  
               b(2) = ( -1.000000  1.000000  0.000000 )  
               b(3) = (  0.000000 -1.000000  1.000000 )  


     PseudoPot. # 1 for Fe read from file:
     ./Fe.rel-pbe-n-nc.UPF
     MD5 check sum: 94258d60e67ccf79570366bad73e55f4
     Pseudo is Norm-conserving + core correction, Zval =  8.0
     Generated using "atomic" code by A. Dal Corso v.5.0.2 svn rev. 10042M
     Using radial grid of 1191 points,  2 beta functions with: 
                l(1) =   1
                l(2) =   2

     atomic species   valence    mass     pseudopotential
        Fe             8.00    55.84500     Fe( 1.00)

     Starting magnetic structure 
     atomic species   magnetization
        Fe           1.000

     48 Sym. Ops., with inversion, found


                                    s                        frac. trans.

      isym =  1     identity                                     

 cryst.   s( 1) = (     1          0          0      )
                  (     0          1          0      )
                  (     0          0          1      )

 cart.    s( 1) = (  1.0000000  0.0000000  0.0000000 )
                  (  0.0000000  1.0000000  0.0000000 )
                  (  0.0000000  0.0000000  1.0000000 )


      isym =  2     180 deg rotation - cart. axis [0,0,1]        

 cryst.   s( 2) = (     0          0          1      )
                  (     1         -1          1      )
                  (     1          0          0      )

 cart.    s( 2) = ( -1.0000000  0.0000000  0.0000000 )
                  (  0.0000000 -1.0000000  0.0000000 )
                  (  0.0000000  0.0000000  1.0000000 )


      isym =  3     180 deg rotation - cart. axis [0,1,0]        

 cryst.   s( 3) = (    -1          1         -1      )
                  (     0          0         -1      )
                  (     0         -1          0      )

 cart.    s( 3) = ( -1.0000000  0.0000000  0.0000000 )
                  (  0.0000000  1.0000000  0.0000000 )
                  (  0.0000000  0.0000000 -1.0000000 )


      isym =  4     180 deg rotation - cart. axis [1,0,0]        

 cryst.   s( 4) = (     0         -1          0      )
                  (    -1          0          0      )
                  (    -1          1         -1      )

 cart.    s( 4) = (  1.0000000  0.0000000  0.0000000 )
                  (  0.0000000 -1.0000000  0.0000000 )
                  (  0.0000000  0.0000000 -1.0000000 )


      isym =  5     180 deg rotation - cart. axis [1,1,0]        

 cryst.   s( 5) = (     0          0         -1      )
                  (     0         -1          0      )
                  (    -1          0          0      )

 cart.    s( 5) = (  0.0000000  1.0000000  0.0000000 )
                  (  1.0000000  0.0000000  0.0000000 )
                  (  0.0000000  0.0000000 -1.0000000 )


      isym =  6     180 deg rotation - cart. axis [1,-1,0]       

 cryst.   s( 6) = (    -1          0          0      )
                  (    -1          1         -1      )
                  (     0          0         -1      )

 cart.    s( 6) = (  0.0000000 -1.0000000  0.0000000 )
                  ( -1.0000000  0.0000000  0.0000000 )
                  (  0.0000000  0.0000000 -1.0000000 )


      isym =  7      90 deg rotation - cart. axis [0,0,-1]       

 cryst.   s( 7) = (     1         -1          1      )
                  (     1          0          0      )
                  (     0          1          0      )

 cart.    s( 7) = (  0.0000000  1.0000000  0.0000000 )
                  ( -1.0000000  0.0000000  0.0000000 )
                  (  0.0000000  0.0000000  1.0000000 )


      isym =  8      90 deg rotation - cart. axis [0,0,1]        

 cryst.   s( 8) = (     0          1          0      )
                  (     0          0          1      )
                  (     1         -1          1      )

 cart.    s( 8) = (  0.0000000 -1.0000000  0.0000000 )
                  (  1.0000000  0.0000000  0.0000000 )
                  (  0.0000000  0.0000000  1.0000000 )


      isym =  9     180 deg rotation - cart. axis [1,0,1]        

 cryst.   s( 9) = (     1         -1          1      )
                  (     0         -1          0      )
                  (     0          0         -1      )

 cart.    s( 9) = (  0.0000000  0.0000000  1.0000000 )
                  (  0.0000000 -1.0000000  0.0000000 )
                  (  1.0000000  0.0000000  0.0000000 )


      isym = 10     180 deg rotation - cart. axis [-1,0,1]       

 cryst.   s(10) = (    -1          0          0      )
                  (     0          0          1      )
                  (     0          1          0      )

 cart.    s(10) = (  0.0000000  0.0000000 -1.0000000 )
                  (  0.0000000 -1.0000000  0.0000000 )
                  ( -1.0000000  0.0000000  0.0000000 )


      isym = 11      90 deg rotation - cart. axis [0,1,0]        

 cryst.   s(11) = (     0          0         -1      )
                  (     1          0          0      )
                  (     1         -1          1      )

 cart.    s(11) = (  0.0000000  0.0000000  1.0000000 )
                  (  0.0000000  1.0000000  0.0000000 )
                  ( -1.0000000  0.0000000  0.0000000 )


      isym = 12      90 deg rotation - cart. axis [0,-1,0]       

 cryst.   s(12) = (     0          1          0      )
                  (    -1          1         -1      )
                  (    -1          0          0      )

 cart.    s(12) = (  0.0000000  0.0000000 -1.0000000 )
                  (  0.0000000  1.0000000  0.0000000 )
                  (  1.0000000  0.0000000  0.0000000 )


      isym = 13     180 deg rotation - cart. axis [0,1,1]        

 cryst.   s(13) = (     0          1          0      )
                  (     1          0          0      )
                  (     0          0         -1      )

 cart.    s(13) = ( -1.0000000  0.0000000  0.0000000 )
                  (  0.0000000  0.0000000  1.0000000 )
                  (  0.0000000  1.0000000  0.0000000 )


      isym = 14     180 deg rotation - cart. axis [0,1,-1]       

 cryst.   s(14) = (    -1          0          0      )
                  (     0         -1          0      )
                  (     1         -1          1      )

 cart.    s(14) = ( -1.0000000  0.0000000  0.0000000 )
                  (  0.0000000  0.0000000 -1.0000000 )
                  (  0.0000000 -1.0000000  0.0000000 )


      isym = 15      90 deg rotation - cart. axis [-1,0,0]       

 cryst.   s(15) = (     0          0         -1      )
                  (    -1          1         -1      )
                  (     0          1          0      )

 cart.    s(15) = (  1.0000000  0.0000000  0.0000000 )
                  (  0.0000000  0.0000000  1.0000000 )
                  (  0.0000000 -1.0000000  0.0000000 )


      isym = 16      90 deg rotation - cart. axis [1,0,0]        

 cryst.   s(16) = (     1         -1          1      )
                  (     0          0          1      )
                  (    -1          0          0      )

 cart.    s(16) = (  1.0000000  0.0000000  0.0000000 )
                  (  0.0000000  0.0000000 -1.0000000 )
                  (  0.0000000  1.0000000  0.0000000 )


      isym = 17     120 deg rotation - cart. axis [-1,-1,-1]     

 cryst.   s(17) = (     1          0          0      )
                  (     0          0         -1      )
                  (    -1          1         -1      )

 cart.    s(17) = (  0.0000000  1.0000000  0.0000000 )
                  (  0.0000000  0.0000000  1.0000000 )
                  (  1.0000000  0.0000000  0.0000000 )


      isym = 18     120 deg rotation - cart. axis [-1,1,1]       

 cryst.   s(18) = (    -1          1         -1      )
                  (     0          1          0      )
                  (     1          0          0      )

 cart.    s(18) = (  0.0000000 -1.0000000  0.0000000 )
                  (  0.0000000  0.0000000  1.0000000 )
                  ( -1.0000000  0.0000000  0.0000000 )


      isym = 19     120 deg rotation - cart. axis [1,1,-1]       

 cryst.   s(19) = (     0         -1          0      )
                  (     1         -1          1      )
                  (     0          0          1      )

 cart.    s(19) = (  0.0000000  1.0000000  0.0000000 )
                  (  0.0000000  0.0000000 -1.0000000 )
                  ( -1.0000000  0.0000000  0.0000000 )


      isym = 20     120 deg rotation - cart. axis [1,-1,1]       

 cryst.   s(20) = (     0          0          1      )
                  (    -1          0          0      )
                  (     0         -1          0      )

 cart.    s(20) = (  0.0000000 -1.0000000  0.0000000 )
                  (  0.0000000  0.0000000 -1.0000000 )
                  (  1.0000000  0.0000000  0.0000000 )


      isym = 21     120 deg rotation - cart. axis [1,1,1]        

 cryst.   s(21) = (     1          0          0      )
                  (     1         -1          1      )
                  (     0         -1          0      )

 cart.    s(21) = (  0.0000000  0.0000000  1.0000000 )
                  (  1.0000000  0.0000000  0.0000000 )
                  (  0.0000000  1.0000000  0.0000000 )


      isym = 22     120 deg rotation - cart. axis [-1,1,-1]      

 cryst.   s(22) = (     0         -1          0      )
                  (     0          0         -1      )
                  (     1          0          0      )

 cart.    s(22) = (  0.0000000  0.0000000  1.0000000 )
                  ( -1.0000000  0.0000000  0.0000000 )
                  (  0.0000000 -1.0000000  0.0000000 )


      isym = 23     120 deg rotation - cart. axis [1,-1,-1]      

 cryst.   s(23) = (     0          0          1      )
                  (     0          1          0      )
                  (    -1          1         -1      )

 cart.    s(23) = (  0.0000000  0.0000000 -1.0000000 )
                  ( -1.0000000  0.0000000  0.0000000 )
                  (  0.0000000  1.0000000  0.0000000 )


      isym = 24     120 deg rotation - cart. axis [-1,-1,1]      

 cryst.   s(24) = (    -1          1         -1      )
                  (    -1          0          0      )
                  (     0          0          1      )

 cart.    s(24) = (  0.0000000  0.0000000 -1.0000000 )
                  (  1.0000000  0.0000000  0.0000000 )
                  (  0.0000000 -1.0000000  0.0000000 )


      isym = 25     inversion                                    

 cryst.   s(25) = (    -1          0          0      )
                  (     0         -1          0      )
                  (     0          0         -1      )

 cart.    s(25) = ( -1.0000000  0.0000000  0.0000000 )
                  (  0.0000000 -1.0000000  0.0000000 )
                  (  0.0000000  0.0000000 -1.0000000 )


      isym = 26     inv. 180 deg rotation - cart. axis [0,0,1]   

 cryst.   s(26) = (     0          0         -1      )
                  (    -1          1         -1      )
                  (    -1          0          0      )

 cart.    s(26) = (  1.0000000  0.0000000  0.0000000 )
                  (  0.0000000  1.0000000  0.0000000 )
                  (  0.0000000  0.0000000 -1.0000000 )


      isym = 27     inv. 180 deg rotation - cart. axis [0,1,0]   

 cryst.   s(27) = (     1         -1          1      )
                  (     0          0          1      )
                  (     0          1          0      )

 cart.    s(27) = (  1.0000000  0.0000000  0.0000000 )
                  (  0.0000000 -1.0000000  0.0000000 )
                  (  0.0000000  0.0000000  1.0000000 )


      isym = 28     inv. 180 deg rotation - cart. axis [1,0,0]   

 cryst.   s(28) = (     0          1          0      )
                  (     1          0          0      )
                  (     1         -1          1      )

 cart.    s(28) = ( -1.0000000  0.0000000  0.0000000 )
                  (  0.0000000  1.0000000  0.0000000 )
                  (  0.0000000  0.0000000  1.0000000 )


      isym = 29     inv. 180 deg rotation - cart. axis [1,1,0]   

 cryst.   s(29) = (     0          0          1      )
                  (     0          1          0      )
                  (     1          0          0      )

 cart.    s(29) = (  0.0000000 -1.0000000  0.0000000 )
                  ( -1.0000000  0.0000000  0.0000000 )
                  (  0.0000000  0.0000000  1.0000000 )


      isym = 30     inv. 180 deg rotation - cart. axis [1,-1,0]  

 cryst.   s(30) = (     1          0          0      )
                  (     1         -1          1      )
                  (     0          0          1      )

 cart.    s(30) = (  0.0000000  1.0000000  0.0000000 )
                  (  1.0000000  0.0000000  0.0000000 )
                  (  0.0000000  0.0000000  1.0000000 )


      isym = 31     inv.  90 deg rotation - cart. axis [0,0,-1]  

 cryst.   s(31) = (    -1          1         -1      )
                  (    -1          0          0      )
                  (     0         -1          0      )

 cart.    s(31) = (  0.0000000 -1.0000000  0.0000000 )
                  (  1.0000000  0.0000000  0.0000000 )
                  (  0.0000000  0.0000000 -1.0000000 )


      isym = 32     inv.  90 deg rotation - cart. axis [0,0,1]   

 cryst.   s(32) = (     0         -1          0      )
                  (     0          0         -1      )
                  (    -1          1         -1      )

 cart.    s(32) = (  0.0000000  1.0000000  0.0000000 )
                  ( -1.0000000  0.0000000  0.0000000 )
                  (  0.0000000  0.0000000 -1.0000000 )


      isym = 33     inv. 180 deg rotation - cart. axis [1,0,1]   

 cryst.   s(33) = (    -1          1         -1      )
                  (     0          1          0      )
                  (     0          0          1      )

 cart.    s(33) = (  0.0000000  0.0000000 -1.0000000 )
                  (  0.0000000  1.0000000  0.0000000 )
                  ( -1.0000000  0.0000000  0.0000000 )


      isym = 34     inv. 180 deg rotation - cart. axis [-1,0,1]  

 cryst.   s(34) = (     1          0          0      )
                  (     0          0         -1      )
                  (     0         -1          0      )

 cart.    s(34) = (  0.0000000  0.0000000  1.0000000 )
                  (  0.0000000  1.0000000  0.0000000 )
                  (  1.0000000  0.0000000  0.0000000 )


      isym = 35     inv.  90 deg rotation - cart. axis [0,1,0]   

 cryst.   s(35) = (     0          0          1      )
                  (    -1          0          0      )
                  (    -1          1         -1      )

 cart.    s(35) = (  0.0000000  0.0000000 -1.0000000 )
                  (  0.0000000 -1.0000000  0.0000000 )
                  (  1.0000000  0.0000000  0.0000000 )


      isym = 36     inv.  90 deg rotation - cart. axis [0,-1,0]  

 cryst.   s(36) = (     0         -1          0      )
                  (     1         -1          1      )
                  (     1          0          0      )

 cart.    s(36) = (  0.0000000  0.0000000  1.0000000 )
                  (  0.0000000 -1.0000000  0.0000000 )
                  ( -1.0000000  0.0000000  0.0000000 )


      isym = 37     inv. 180 deg rotation - cart. axis [0,1,1]   

 cryst.   s(37) = (     0         -1          0      )
                  (    -1          0          0      )
                  (     0          0          1      )

 cart.    s(37) = (  1.0000000  0.0000000  0.0000000 )
                  (  0.0000000  0.0000000 -1.0000000 )
                  (  0.0000000 -1.0000000  0.0000000 )


      isym = 38     inv. 180 deg rotation - cart. axis [0,1,-1]  

 cryst.   s(38) = (     1          0          0      )
                  (     0          1          0      )
                  (    -1          1         -1      )

 cart.    s(38) = (  1.0000000  0.0000000  0.0000000 )
                  (  0.0000000  0.0000000  1.0000000 )
                  (  0.0000000  1.0000000  0.0000000 )


      isym = 39     inv.  90 deg rotation - cart. axis [-1,0,0]  

 cryst.   s(39) = (     0          0          1      )
                  (     1         -1          1      )
                  (     0         -1          0      )

 cart.    s(39) = ( -1.0000000  0.0000000  0.0000000 )
                  (  0.0000000  0.0000000 -1.0000000 )
                  (  0.0000000  1.0000000  0.0000000 )


      isym = 40     inv.  90 deg rotation - cart. axis [1,0,0]   

 cryst.   s(40) = (    -1          1         -1      )
                  (     0          0         -1      )
                  (     1          0          0      )

 cart.    s(40) = ( -1.0000000  0.0000000  0.0000000 )
                  (  0.0000000  0.0000000  1.0000000 )
                  (  0.0000000 -1.0000000  0.0000000 )


      isym = 41     inv. 120 deg rotation - cart. axis [-1,-1,-1]

 cryst.   s(41) = (    -1          0          0      )
                  (     0          0          1      )
                  (     1         -1          1      )

 cart.    s(41) = (  0.0000000 -1.0000000  0.0000000 )
                  (  0.0000000  0.0000000 -1.0000000 )
                  ( -1.0000000  0.0000000  0.0000000 )


      isym = 42     inv. 120 deg rotation - cart. axis [-1,1,1]  

 cryst.   s(42) = (     1         -1          1      )
                  (     0         -1          0      )
                  (    -1          0          0      )

 cart.    s(42) = (  0.0000000  1.0000000  0.0000000 )
                  (  0.0000000  0.0000000 -1.0000000 )
                  (  1.0000000  0.0000000  0.0000000 )


      isym = 43     inv. 120 deg rotation - cart. axis [1,1,-1]  

 cryst.   s(43) = (     0          1          0      )
                  (    -1          1         -1      )
                  (     0          0         -1      )

 cart.    s(43) = (  0.0000000 -1.0000000  0.0000000 )
                  (  0.0000000  0.0000000  1.0000000 )
                  (  1.0000000  0.0000000  0.0000000 )


      isym = 44     inv. 120 deg rotation - cart. axis [1,-1,1]  

 cryst.   s(44) = (     0          0         -1      )
                  (     1          0          0      )
                  (     0          1          0      )

 cart.    s(44) = (  0.0000000  1.0000000  0.0000000 )
                  (  0.0000000  0.0000000  1.0000000 )
                  ( -1.0000000  0.0000000  0.0000000 )


      isym = 45     inv. 120 deg rotation - cart. axis [1,1,1]   

 cryst.   s(45) = (    -1          0          0      )
                  (    -1          1         -1      )
                  (     0          1          0      )

 cart.    s(45) = (  0.0000000  0.0000000 -1.0000000 )
                  ( -1.0000000  0.0000000  0.0000000 )
                  (  0.0000000 -1.0000000  0.0000000 )


      isym = 46     inv. 120 deg rotation - cart. axis [-1,1,-1] 

 cryst.   s(46) = (     0          1          0      )
                  (     0          0          1      )
                  (    -1          0          0      )

 cart.    s(46) = (  0.0000000  0.0000000 -1.0000000 )
                  (  1.0000000  0.0000000  0.0000000 )
                  (  0.0000000  1.0000000  0.0000000 )


      isym = 47     inv. 120 deg rotation - cart. axis [1,-1,-1] 

 cryst.   s(47) = (     0          0         -1      )
                  (     0         -1          0      )
                  (     1         -1          1      )

 cart.    s(47) = (  0.0000000  0.0000000  1.0000000 )
                  (  1.0000000  0.0000000  0.0000000 )
                  (  0.0000000 -1.0000000  0.0000000 )


      isym = 48     inv. 120 deg rotation - cart. axis [-1,-1,1] 

 cryst.   s(48) = (     1         -1          1      )
                  (     1          0          0      )
                  (     0          0         -1      )

 cart.    s(48) = (  0.0000000  0.0000000  1.0000000 )
                  ( -1.0000000  0.0000000  0.0000000 )
                  (  0.0000000  1.0000000  0.0000000 )


     point group O_h (m-3m) 
     there are 10 classes
     the character table:

       E     8C3   3C2   6C4   6C2'  i     8S6   3s_h  6S4   6s_d 
A_1g   1.00  1.00  1.00  1.00  1.00  1.00  1.00  1.00  1.00  1.00
A_2g   1.00  1.00  1.00 -1.00 -1.00  1.00  1.00  1.00 -1.00 -1.00
E_g    2.00 -1.00  2.00  0.00  0.00  2.00 -1.00  2.00  0.00  0.00
T_1g   3.00  0.00 -1.00  1.00 -1.00  3.00  0.00 -1.00  1.00 -1.00
T_2g   3.00  0.00 -1.00 -1.00  1.00  3.00  0.00 -1.00 -1.00  1.00
A_1u   1.00  1.00  1.00  1.00  1.00 -1.00 -1.00 -1.00 -1.00 -1.00
A_2u   1.00  1.00  1.00 -1.00 -1.00 -1.00 -1.00 -1.00  1.00  1.00
E_u    2.00 -1.00  2.00  0.00  0.00 -2.00  1.00 -2.00  0.00  0.00
T_1u   3.00  0.00 -1.00  1.00 -1.00 -3.00  0.00  1.00 -1.00  1.00
T_2u   3.00  0.00 -1.00 -1.00  1.00 -3.00  0.00  1.00  1.00 -1.00

     the symmetry operations in each class and the name of the first element:

     E        1
          identity                                               
     8C3     17   19   20   18   24   21   22   23
          120 deg rotation - cart. axis [-1,-1,-1]               
     3C2      2    4    3
          180 deg rotation - cart. axis [0,0,1]                  
     6C4      7    8   15   16   12   11
           90 deg rotation - cart. axis [0,0,-1]                 
     6C2'     5    6   14   13   10    9
          180 deg rotation - cart. axis [1,1,0]                  
     i       25
          inversion                                              
     8S6     41   43   44   42   48   45   46   47
          inv. 120 deg rotation - cart. axis [-1,-1,-1]          
     3s_h    26   28   27
          inv. 180 deg rotation - cart. axis [0,0,1]             
     6S4     31   32   39   40   36   35
          inv.  90 deg rotation - cart. axis [0,0,-1]            
     6s_d    29   30   38   37   34   33
          inv. 180 deg rotation - cart. axis [1,1,0]             

   Cartesian axes

     site n.     atom                  positions (alat units)
         1           Fe  tau(   1) = (   0.0000000   0.0000000   0.0000000  )

   Crystallographic axes

     site n.     atom                  positions (cryst. coord.)
         1           Fe  tau(   1) = (  0.0000000  0.0000000  0.0000000  )

     number of k points=     6  Gaussian smearing, width (Ry)=  0.0250
                       cart. coord. in units 2pi/alat
        k(    1) = (   0.0000000   0.0000000   0.2500000), wk =   0.0937500
        k(    2) = (   0.0000000  -0.2500000   0.5000000), wk =   0.3750000
        k(    3) = (  -0.2500000   0.2500000   0.2500000), wk =   0.1250000
        k(    4) = (  -0.2500000   0.7500000  -0.2500000), wk =   0.1250000
        k(    5) = (   0.5000000  -0.5000000   0.2500000), wk =   0.1875000
        k(    6) = (   0.0000000   0.0000000   0.7500000), wk =   0.0937500

                       cryst. coord.
        k(    1) = (   0.1250000   0.1250000   0.1250000), wk =   0.0937500
        k(    2) = (   0.1250000   0.1250000   0.3750000), wk =   0.3750000
        k(    3) = (   0.1250000   0.3750000   0.1250000), wk =   0.1250000
        k(    4) = (   0.1250000   0.3750000  -0.3750000), wk =   0.1250000
        k(    5) = (   0.1250000  -0.3750000   0.1250000), wk =   0.1875000
        k(    6) = (   0.3750000   0.3750000   0.3750000), wk =   0.0937500

     Dense  grid:     3151 G-vectors     FFT dimensions: (  20,  20,  20)

     Dynamical RAM for                 wfc:       0.06 MB

     Dynamical RAM for     wfc (w. buffer):       0.06 MB

     Dynamical RAM for           str. fact:       0.05 MB

     Dynamical RAM for           local pot:       0.00 MB

     Dynamical RAM for          nlocal pot:       0.05 MB

     Dynamical RAM for                qrad:       0.13 MB

     Dynamical RAM for          rho,v,vnew:       0.65 MB

     Dynamical RAM for           G-vectors:       0.20 MB

     Dynamical RAM for          h,s,v(r/c):       0.07 MB

     Dynamical RAM for          <psi|beta>:       0.00 MB

     Dynamical RAM for                 psi:       0.25 MB

     Dynamical RAM for                hpsi:       0.25 MB

     Dynamical RAM for      wfcinit/wfcrot:       0.13 MB

     Estimated static dynamical RAM per process >       1.61 MB

     Estimated max dynamical RAM per process >       2.18 MB
     Generating pointlists ...
     new r_m :   0.3572 (alat units)  1.9362 (a.u.) for type    1

     Check: negative core charge=   -0.000019

     The potential is recalculated from file :
     ./Fe_nscf_e45_k4_nb10.save/charge-density

     Starting wfcs are    9 randomized atomic wfcs +    1 random wfcs

     Band Structure Calculation
     Davidson diagonalization with overlap

     Computing kpt #:     1  of    12
     total cpu time spent up to now is        0.5 secs

     Computing kpt #:     2  of    12
     total cpu time spent up to now is        0.5 secs

     Computing kpt #:     3  of    12
     total cpu time spent up to now is        0.5 secs

     Computing kpt #:     4  of    12
     total cpu time spent up to now is        0.6 secs

     Computing kpt #:     5  of    12
     total cpu time spent up to now is        0.6 secs

     Computing kpt #:     6  of    12
     total cpu time spent up to now is        0.6 secs

     Computing kpt #:     7  of    12
     total cpu time spent up to now is        0.7 secs

     Computing kpt #:     8  of    12
     total cpu time spent up to now is        0.7 secs

     Computing kpt #:     9  of    12
     total cpu time spent up to now is        0.8 secs

     Computing kpt #:    10  of    12
     total cpu time spent up to now is        0.8 secs

     Computing kpt #:    11  of    12
     total cpu time spent up to now is        0.8 secs

     Computing kpt #:    12  of    12
     total cpu time spent up to now is        0.9 secs

     ethr =  1.25E-10,  avg # of iterations = 13.9

     total cpu time spent up to now is        0.9 secs

     End of band structure calculation

 ------ SPIN UP ------------


          k = 0.0000 0.0000 0.2500 (   398 PWs)   bands (ev):

     6.3211  11.4582  11.4582  11.7847  12.0013  12.7535  36.1134  37.7042
    37.7042  37.7719

     occupation numbers 
     1.0000   1.0000   1.0000   1.0000   1.0000   1.0000   0.0000   0.0000
     0.0000   0.0000

          k = 0.0000-0.2500 0.5000 (   407 PWs)   bands (ev):

     9.0559  10.8637  11.0852  12.3842  13.4482  14.0225  24.5597  31.9713
    32.6972  41.1072

     occupation numbers 
     1.0000   1.0000   1.0000   1.0000   0.8801   0.1127   0.0000   0.0000
     0.0000   0.0000

          k =-0.2500 0.2500 0.2500 (   411 PWs)   bands (ev):

     8.3514  10.6537  10.6537  12.5465  12.5465  13.6022  30.5868  30.5868
    31.3334  43.0851

     occupation numbers 
     1.0000   1.0000   1.0000   1.0000   1.0000   0.7038   0.0000   0.0000
     0.0000   0.0000

          k =-0.2500 0.7500-0.2500 (   400 PWs)   bands (ev):

    10.2475  10.2475  10.7813  13.0202  13.0202  20.8095  20.8095  22.9917
    37.6568  39.1704

     occupation numbers 
     1.0000   1.0000   1.0000   0.9984   0.9984   0.0000   0.0000   0.0000
     0.0000   0.0000

          k = 0.5000-0.5000 0.2500 (   406 PWs)   bands (ev):

     9.6038  10.3563  11.5429  12.7506  12.7710  17.6376  21.3016  28.1871
    28.1918  45.0009

     occupation numbers 
     1.0000   1.0000   1.0000   1.0000   1.0000   0.0000   0.0000   0.0000
     0.0000   0.0000

          k = 0.0000 0.0000 0.7500 (   402 PWs)   bands (ev):

     9.4214   9.5648  12.8723  12.8723  13.4474  18.3165  25.6088  25.6088
    31.8098  32.0676

     occupation numbers 
     1.0000   1.0000   0.9998   0.9998   0.8808   0.0000   0.0000   0.0000
     0.0000   0.0000

 ------ SPIN DOWN ----------


          k = 0.0000 0.0000 0.2500 (   398 PWs)   bands (ev):

     6.4509  13.6843  13.6843  14.0943  14.9285  15.8920  36.0454  38.0374
    38.0374  38.2775

     occupation numbers 
     1.0000   0.5769   0.5769   0.0654   0.0000   0.0000   0.0000   0.0000
     0.0000   0.0000

          k = 0.0000-0.2500 0.5000 (   407 PWs)   bands (ev):

    10.0488  12.9330  12.9715  14.9980  15.9591  16.4577  25.5742  32.6228
    32.9298  41.4065

     occupation numbers 
     1.0000   0.9995   0.9992   0.0000   0.0000   0.0000   0.0000   0.0000
     0.0000   0.0000

          k =-0.2500 0.2500 0.2500 (   411 PWs)   bands (ev):

     8.6150  12.7232  12.7232  15.6008  15.6008  15.9019  31.0393  31.0393
    32.2313  42.6559

     occupation numbers 
     1.0000   1.0000   1.0000   0.0000   0.0000   0.0000   0.0000   0.0000
     0.0000   0.0000

          k =-0.2500 0.7500-0.2500 (   400 PWs)   bands (ev):

    12.1454  12.1454  12.6940  15.5871  15.5871  21.9425  21.9425  23.9822
    38.2871  39.2629

     occupation numbers 
     1.0000   1.0000   1.0000   0.0000   0.0000   0.0000   0.0000   0.0000
     0.0000   0.0000

          k = 0.5000-0.5000 0.2500 (   406 PWs)   bands (ev):

    11.1628  12.2764  12.7894  15.7629  15.9534  18.9835  22.6320  28.6598
    28.8980  44.7895

     occupation numbers 
     1.0000   1.0000   1.0000   0.0000   0.0000   0.0000   0.0000   0.0000
     0.0000   0.0000

          k = 0.0000 0.0000 0.7500 (   402 PWs)   bands (ev):

    11.2688  11.7997  15.1796  15.1796  15.9612  19.3559  26.1329  26.1329
    32.5333  32.8817

     occupation numbers 
     1.0000   1.0000   0.0000   0.0000   0.0000   0.0000   0.0000   0.0000
     0.0000   0.0000

     the Fermi energy is    13.7309 ev

     Writing output data file ./Fe_nscf_e45_k4_nb10.save/

     init_run     :      0.09s CPU      0.09s WALL (       1 calls)
     electrons    :      0.43s CPU      0.45s WALL (       1 calls)

     Called by init_run:
     wfcinit      :      0.00s CPU      0.00s WALL (       1 calls)
     wfcinit:atom :      0.00s CPU      0.00s WALL (      12 calls)
     wfcinit:wfcr :      0.03s CPU      0.03s WALL (      12 calls)
     potinit      :      0.01s CPU      0.01s WALL (       1 calls)
     hinit0       :      0.07s CPU      0.08s WALL (       1 calls)

     Called by electrons:
     c_bands      :      0.43s CPU      0.45s WALL (       1 calls)
     v_of_rho     :      0.01s CPU      0.01s WALL (       1 calls)
     v_h          :      0.00s CPU      0.00s WALL (       1 calls)
     v_xc         :      0.01s CPU      0.01s WALL (       1 calls)

     Called by c_bands:
     init_us_2    :      0.00s CPU      0.00s WALL (      12 calls)
     cegterg      :      0.40s CPU      0.41s WALL (      12 calls)

     Called by sum_band:

     Called by *egterg:
     h_psi        :      0.28s CPU      0.29s WALL (     191 calls)
     g_psi        :      0.00s CPU      0.00s WALL (     167 calls)
     cdiaghg      :      0.05s CPU      0.05s WALL (     179 calls)
     cegterg:over :      0.04s CPU      0.04s WALL (     167 calls)
     cegterg:upda :      0.03s CPU      0.03s WALL (     167 calls)
     cegterg:last :      0.02s CPU      0.02s WALL (      36 calls)

     Called by h_psi:
     h_psi:calbec :      0.01s CPU      0.01s WALL (     191 calls)
     vloc_psi     :      0.26s CPU      0.27s WALL (     191 calls)
     add_vuspsi   :      0.01s CPU      0.01s WALL (     191 calls)

     General routines
     calbec       :      0.01s CPU      0.01s WALL (     191 calls)
     fft          :      0.00s CPU      0.00s WALL (      19 calls)
     fftw         :      0.24s CPU      0.25s WALL (    2286 calls)
     davcio       :      0.00s CPU      0.00s WALL (      24 calls)

     Parallel routines

     PWSCF        :      0.80s CPU      0.87s WALL


   This run was terminated on:  14: 3: 3  16Nov2020            

=------------------------------------------------------------------------------=
   JOB DONE.
=------------------------------------------------------------------------------=
