
     Program PWSCF v.5.1 (svn rev. 440) starts on  5Oct2015 at 14:22:36 

     This program is part of the open-source Quantum ESPRESSO suite
     for quantum simulation of materials; please cite
         "P. Giannozzi et al., J. Phys.:Condens. Matter 21 395502 (2009);
          URL http://www.quantum-espresso.org", 
     in publications or presentations arising from this work. More details at
     http://www.quantum-espresso.org/quote

     Serial version
     Waiting for input...
     Reading input from standard input

     Current dimensions of program PWSCF are:
     Max number of different atomic species (ntypx) = 10
     Max number of k-points (npk) =  40000
     Max angular momentum in pseudopotentials (lmaxx) =  3

     Atomic positions and unit cell read from directory:
     ./Si.save/


     G-vector sticks info
     --------------------
     sticks:   dense  smooth     PW     G-vecs:    dense   smooth      PW
     Sum         211     211     73                 2085     2085     411



     bravais-lattice index     =            2
     lattice parameter (alat)  =      10.1830  a.u.
     unit-cell volume          =     263.9777 (a.u.)^3
     number of atoms/cell      =            2
     number of atomic types    =            1
     number of electrons       =         8.00
     number of Kohn-Sham states=           10
     kinetic-energy cutoff     =      15.0000  Ry
     charge density cutoff     =      60.0000  Ry
     Exchange-correlation      =  SLA  PZ   NOGX NOGC ( 1  1  0  0 0)

     celldm(1)=  10.183000  celldm(2)=   0.000000  celldm(3)=   0.000000
     celldm(4)=   0.000000  celldm(5)=   0.000000  celldm(6)=   0.000000

     crystal axes: (cart. coord. in units of alat)
               a(1) = (  -0.500000   0.000000   0.500000 )  
               a(2) = (   0.000000   0.500000   0.500000 )  
               a(3) = (  -0.500000   0.500000   0.000000 )  

     reciprocal axes: (cart. coord. in units 2 pi/alat)
               b(1) = ( -1.000000 -1.000000  1.000000 )  
               b(2) = (  1.000000  1.000000  1.000000 )  
               b(3) = ( -1.000000  1.000000 -1.000000 )  


     PseudoPot. # 1 for Si read from file:
     ./Si.vbc.UPF
     MD5 check sum: 4c7b77fd47b93ec473fdb880ad3d12f9
     Pseudo is Norm-conserving, Zval =  4.0
     Generated by new atomic code, or converted to UPF format
     Using radial grid of  431 points,  2 beta functions with: 
                l(1) =   0
                l(2) =   1

     atomic species   valence    mass     pseudopotential
        Si             4.00    28.08600     Si( 1.00)

     24 Sym. Ops. (no inversion) found
          (note: 24 additional sym.ops. were found but ignored
           their fractional translations are incommensurate with FFT grid)


   Cartesian axes

     site n.     atom                  positions (alat units)
         1           Si  tau(   1) = (   0.0000000   0.0000000   0.0000000  )
         2           Si  tau(   2) = (   0.2500000   0.2500000   0.2500000  )

     number of k points=  1001

     Number of k-points >= 100: set verbosity='high' to print them.

     Dense  grid:     2085 G-vectors     FFT dimensions: (  18,  18,  18)

     Largest allocated arrays     est. size (Mb)     dimensions
        Kohn-Sham Wavefunctions         0.04 Mb     (     271,   10)
        NL pseudopotentials             0.03 Mb     (     271,    8)
        Each V/rho on FFT grid          0.09 Mb     (    5832)
        Each G-vector array             0.02 Mb     (    2085)
        G-vector shells                 0.00 Mb     (      54)
     Largest temporary arrays     est. size (Mb)     dimensions
        Auxiliary wavefunctions         0.17 Mb     (     271,   40)
        Each subspace H/S matrix        0.02 Mb     (      40,   40)
        Each <psi_i|beta_j> matrix      0.00 Mb     (       8,   10)

     The potential is recalculated from file :
     ./Si.save/charge-density.dat

     Starting wfc are    8 randomized atomic wfcs +    2 random wfc

     Band Structure Calculation
     Davidson diagonalization with overlap

     ethr =  1.25E-10,  avg # of iterations = 20.5

     total cpu time spent up to now is       35.4 secs

     End of band structure calculation

     Number of k-points >= 100: set verbosity='high' to print the bands.

     highest occupied, lowest unoccupied level (ev):     6.3305    6.8901

     Writing output data file Si.save

     init_run     :      0.05s CPU      0.05s WALL (       1 calls)
     electrons    :     34.76s CPU     35.31s WALL (       1 calls)

     Called by init_run:
     wfcinit      :      0.00s CPU      0.00s WALL (       1 calls)
     potinit      :      0.00s CPU      0.00s WALL (       1 calls)

     Called by electrons:
     c_bands      :     34.76s CPU     35.31s WALL (       1 calls)
     v_of_rho     :      0.00s CPU      0.00s WALL (       1 calls)

     Called by c_bands:
     init_us_2    :      0.08s CPU      0.07s WALL (    1001 calls)
     cegterg      :     32.78s CPU     33.27s WALL (    1476 calls)

     Called by *egterg:
     h_psi        :     23.25s CPU     23.57s WALL (   23009 calls)
     g_psi        :      0.24s CPU      0.22s WALL (   20532 calls)
     cdiaghg      :      6.48s CPU      6.77s WALL (   21533 calls)

     Called by h_psi:
     add_vuspsi   :      0.34s CPU      0.38s WALL (   23009 calls)

     General routines
     calbec       :      0.41s CPU      0.36s WALL (   23009 calls)
     fft          :      0.00s CPU      0.00s WALL (       3 calls)
     fftw         :     20.52s CPU     20.75s WALL (  277746 calls)
     davcio       :      0.02s CPU      0.02s WALL (    1001 calls)


     PWSCF        :    36.51s CPU        37.14s WALL


   This run was terminated on:  14:23:13   5Oct2015            

=------------------------------------------------------------------------------=
   JOB DONE.
=------------------------------------------------------------------------------=
