
     Program PWSCF v.5.1 starts on 14Sep2017 at 13:27:10 

     This program is part of the open-source Quantum ESPRESSO suite
     for quantum simulation of materials; please cite
         "P. Giannozzi et al., J. Phys.:Condens. Matter 21 395502 (2009);
          URL http://www.quantum-espresso.org", 
     in publications or presentations arising from this work. More details at
     http://www.quantum-espresso.org/quote

     Parallel version (MPI), running on     1 processors
     Waiting for input...
     Reading input from standard input
     Message from routine read_cards :
     DEPRECATED: no units specified in ATOMIC_POSITIONS card
     Message from routine read_cards :
     ATOMIC_POSITIONS: units set to alat

     Current dimensions of program PWSCF are:
     Max number of different atomic species (ntypx) = 10
     Max number of k-points (npk) =  40000
     Max angular momentum in pseudopotentials (lmaxx) =  3

     Subspace diagonalization in iterative solution of the eigenvalue problem:
     a serial algorithm will be used


     G-vector sticks info
     --------------------
     sticks:   dense  smooth     PW     G-vecs:    dense   smooth      PW
     Sum         467     467    151                 6363     6363    1157

     Generating pointlists ...
     new r_m :   0.3572 (alat units)  1.9362 (a.u.) for type    1


     bravais-lattice index     =            3
     lattice parameter (alat)  =       5.4200  a.u.
     unit-cell volume          =      79.6100 (a.u.)^3
     number of atoms/cell      =            1
     number of atomic types    =            1
     number of electrons       =         8.00
     number of Kohn-Sham states=            8
     kinetic-energy cutoff     =      70.0000  Ry
     charge density cutoff     =     280.0000  Ry
     convergence threshold     =      1.0E-08
     mixing beta               =       0.7000
     number of iterations used =            8  plain     mixing
     Exchange-correlation      = PBE ( 1  4  3  4 0)

     celldm(1)=   5.420000  celldm(2)=   0.000000  celldm(3)=   0.000000
     celldm(4)=   0.000000  celldm(5)=   0.000000  celldm(6)=   0.000000

     crystal axes: (cart. coord. in units of alat)
               a(1) = (   0.500000   0.500000   0.500000 )  
               a(2) = (  -0.500000   0.500000   0.500000 )  
               a(3) = (  -0.500000  -0.500000   0.500000 )  

     reciprocal axes: (cart. coord. in units 2 pi/alat)
               b(1) = (  1.000000  0.000000  1.000000 )  
               b(2) = ( -1.000000  1.000000  0.000000 )  
               b(3) = (  0.000000 -1.000000  1.000000 )  


     PseudoPot. # 1 for Fe read from file:
     ./Fe.rel-pbe-n-nc.UPF
     MD5 check sum: 94258d60e67ccf79570366bad73e55f4
     Pseudo is Norm-conserving + core correction, Zval =  8.0
     Generated using "atomic" code by A. Dal Corso  v.5.0.2 svn rev. 10042M
     Using radial grid of 1191 points,  2 beta functions with: 
                l(1) =   1
                l(2) =   2

     atomic species   valence    mass     pseudopotential
        Fe             8.00    55.84500     Fe( 1.00)

     Starting magnetic structure 
     atomic species   magnetization
        Fe           1.000

     48 Sym. Ops., with inversion, found



   Cartesian axes

     site n.     atom                  positions (alat units)
         1           Fe  tau(   1) = (   0.0000000   0.0000000   0.0000000  )

     number of k points=    88  gaussian smearing, width (Ry)=  0.0250
                       cart. coord. in units 2pi/alat
        k(    1) = (   0.0000000   0.0000000   0.1000000), wk =   0.0060000
        k(    2) = (   0.0000000  -0.1000000   0.2000000), wk =   0.0240000
        k(    3) = (   0.0000000  -0.2000000   0.3000000), wk =   0.0240000
        k(    4) = (   0.0000000  -0.3000000   0.4000000), wk =   0.0240000
        k(    5) = (   0.0000000  -0.4000000   0.5000000), wk =   0.0240000
        k(    6) = (  -0.1000000   0.1000000   0.1000000), wk =   0.0080000
        k(    7) = (  -0.1000000  -0.1000000   0.3000000), wk =   0.0240000
        k(    8) = (  -0.1000000  -0.2000000   0.4000000), wk =   0.0480000
        k(    9) = (  -0.1000000  -0.3000000   0.5000000), wk =   0.0480000
        k(   10) = (  -0.1000000   0.6000000  -0.4000000), wk =   0.0240000
        k(   11) = (  -0.2000000   0.2000000   0.1000000), wk =   0.0240000
        k(   12) = (  -0.2000000  -0.2000000   0.5000000), wk =   0.0240000
        k(   13) = (  -0.2000000   0.7000000  -0.4000000), wk =   0.0480000
        k(   14) = (  -0.3000000   0.3000000   0.1000000), wk =   0.0240000
        k(   15) = (  -0.3000000   0.2000000   0.2000000), wk =   0.0240000
        k(   16) = (  -0.3000000   0.7000000  -0.3000000), wk =   0.0080000
        k(   17) = (  -0.4000000   0.4000000   0.1000000), wk =   0.0240000
        k(   18) = (  -0.4000000   0.3000000   0.2000000), wk =   0.0480000
        k(   19) = (   0.5000000  -0.5000000   0.1000000), wk =   0.0120000
        k(   20) = (   0.5000000  -0.6000000   0.2000000), wk =   0.0480000
        k(   21) = (   0.5000000  -0.7000000   0.3000000), wk =   0.0240000
        k(   22) = (   0.4000000  -0.6000000   0.3000000), wk =   0.0240000
        k(   23) = (   0.0000000   0.0000000   0.3000000), wk =   0.0060000
        k(   24) = (   0.0000000  -0.1000000   0.4000000), wk =   0.0240000
        k(   25) = (   0.0000000  -0.2000000   0.5000000), wk =   0.0240000
        k(   26) = (   0.0000000  -0.3000000   0.6000000), wk =   0.0240000
        k(   27) = (  -0.1000000  -0.1000000   0.5000000), wk =   0.0240000
        k(   28) = (  -0.1000000  -0.2000000   0.6000000), wk =   0.0480000
        k(   29) = (  -0.1000000   0.7000000  -0.3000000), wk =   0.0240000
        k(   30) = (  -0.2000000   0.8000000  -0.3000000), wk =   0.0240000
        k(   31) = (  -0.3000000   0.3000000   0.3000000), wk =   0.0080000
        k(   32) = (   0.6000000  -0.6000000   0.3000000), wk =   0.0240000
        k(   33) = (   0.5000000  -0.5000000   0.3000000), wk =   0.0120000
        k(   34) = (   0.5000000  -0.6000000   0.4000000), wk =   0.0240000
        k(   35) = (   0.0000000   0.0000000   0.5000000), wk =   0.0060000
        k(   36) = (   0.0000000  -0.1000000   0.6000000), wk =   0.0240000
        k(   37) = (   0.0000000  -0.2000000   0.7000000), wk =   0.0240000
        k(   38) = (  -0.1000000  -0.1000000   0.7000000), wk =   0.0240000
        k(   39) = (  -0.1000000   0.8000000  -0.2000000), wk =   0.0240000
        k(   40) = (   0.5000000  -0.5000000   0.5000000), wk =   0.0020000
        k(   41) = (   0.0000000   0.0000000   0.7000000), wk =   0.0060000
        k(   42) = (   0.0000000  -0.1000000   0.8000000), wk =   0.0240000
        k(   43) = (  -0.1000000   0.9000000  -0.1000000), wk =   0.0080000
        k(   44) = (   0.0000000   0.0000000   0.9000000), wk =   0.0060000
        k(   45) = (   0.0000000   0.0000000   0.1000000), wk =   0.0060000
        k(   46) = (   0.0000000  -0.1000000   0.2000000), wk =   0.0240000
        k(   47) = (   0.0000000  -0.2000000   0.3000000), wk =   0.0240000
        k(   48) = (   0.0000000  -0.3000000   0.4000000), wk =   0.0240000
        k(   49) = (   0.0000000  -0.4000000   0.5000000), wk =   0.0240000
        k(   50) = (  -0.1000000   0.1000000   0.1000000), wk =   0.0080000
        k(   51) = (  -0.1000000  -0.1000000   0.3000000), wk =   0.0240000
        k(   52) = (  -0.1000000  -0.2000000   0.4000000), wk =   0.0480000
        k(   53) = (  -0.1000000  -0.3000000   0.5000000), wk =   0.0480000
        k(   54) = (  -0.1000000   0.6000000  -0.4000000), wk =   0.0240000
        k(   55) = (  -0.2000000   0.2000000   0.1000000), wk =   0.0240000
        k(   56) = (  -0.2000000  -0.2000000   0.5000000), wk =   0.0240000
        k(   57) = (  -0.2000000   0.7000000  -0.4000000), wk =   0.0480000
        k(   58) = (  -0.3000000   0.3000000   0.1000000), wk =   0.0240000
        k(   59) = (  -0.3000000   0.2000000   0.2000000), wk =   0.0240000
        k(   60) = (  -0.3000000   0.7000000  -0.3000000), wk =   0.0080000
        k(   61) = (  -0.4000000   0.4000000   0.1000000), wk =   0.0240000
        k(   62) = (  -0.4000000   0.3000000   0.2000000), wk =   0.0480000
        k(   63) = (   0.5000000  -0.5000000   0.1000000), wk =   0.0120000
        k(   64) = (   0.5000000  -0.6000000   0.2000000), wk =   0.0480000
        k(   65) = (   0.5000000  -0.7000000   0.3000000), wk =   0.0240000
        k(   66) = (   0.4000000  -0.6000000   0.3000000), wk =   0.0240000
        k(   67) = (   0.0000000   0.0000000   0.3000000), wk =   0.0060000
        k(   68) = (   0.0000000  -0.1000000   0.4000000), wk =   0.0240000
        k(   69) = (   0.0000000  -0.2000000   0.5000000), wk =   0.0240000
        k(   70) = (   0.0000000  -0.3000000   0.6000000), wk =   0.0240000
        k(   71) = (  -0.1000000  -0.1000000   0.5000000), wk =   0.0240000
        k(   72) = (  -0.1000000  -0.2000000   0.6000000), wk =   0.0480000
        k(   73) = (  -0.1000000   0.7000000  -0.3000000), wk =   0.0240000
        k(   74) = (  -0.2000000   0.8000000  -0.3000000), wk =   0.0240000
        k(   75) = (  -0.3000000   0.3000000   0.3000000), wk =   0.0080000
        k(   76) = (   0.6000000  -0.6000000   0.3000000), wk =   0.0240000
        k(   77) = (   0.5000000  -0.5000000   0.3000000), wk =   0.0120000
        k(   78) = (   0.5000000  -0.6000000   0.4000000), wk =   0.0240000
        k(   79) = (   0.0000000   0.0000000   0.5000000), wk =   0.0060000
        k(   80) = (   0.0000000  -0.1000000   0.6000000), wk =   0.0240000
        k(   81) = (   0.0000000  -0.2000000   0.7000000), wk =   0.0240000
        k(   82) = (  -0.1000000  -0.1000000   0.7000000), wk =   0.0240000
        k(   83) = (  -0.1000000   0.8000000  -0.2000000), wk =   0.0240000
        k(   84) = (   0.5000000  -0.5000000   0.5000000), wk =   0.0020000
        k(   85) = (   0.0000000   0.0000000   0.7000000), wk =   0.0060000
        k(   86) = (   0.0000000  -0.1000000   0.8000000), wk =   0.0240000
        k(   87) = (  -0.1000000   0.9000000  -0.1000000), wk =   0.0080000
        k(   88) = (   0.0000000   0.0000000   0.9000000), wk =   0.0060000

     Dense  grid:     6363 G-vectors     FFT dimensions: (  25,  25,  25)

     Largest allocated arrays     est. size (Mb)     dimensions
        Kohn-Sham Wavefunctions         0.10 Mb     (     795,    8)
        NL pseudopotentials             0.10 Mb     (     795,    8)
        Each V/rho on FFT grid          0.48 Mb     (   15625,   2)
        Each G-vector array             0.05 Mb     (    6363)
        G-vector shells                 0.00 Mb     (      98)
     Largest temporary arrays     est. size (Mb)     dimensions
        Auxiliary wavefunctions         0.39 Mb     (     795,   32)
        Each subspace H/S matrix        0.02 Mb     (      32,   32)
        Each <psi_i|beta_j> matrix      0.00 Mb     (       8,    8)
        Arrays for rho mixing           1.91 Mb     (   15625,    8)

     Check: negative/imaginary core charge=   -0.000002    0.000000

     Initial potential from superposition of free atoms

     starting charge    7.99956, renormalised to    8.00000
     Starting wfc are    9 randomized atomic wfcs

     total cpu time spent up to now is        1.1 secs

     per-process dynamical memory:    16.1 Mb

     Self-consistent Calculation

     iteration #  1     ecut=    70.00 Ry     beta=0.70
     Davidson diagonalization with overlap
     ethr =  1.00E-02,  avg # of iterations =  3.2

     Magnetic moment per site:
     atom:    1    charge:    6.4201    magn:    4.2770    constr:    0.0000

     total cpu time spent up to now is        3.1 secs

     total energy              =     -54.88829408 Ry
     Harris-Foulkes estimate   =     -54.69075266 Ry
     estimated scf accuracy    <       0.15760509 Ry

     total magnetization       =     3.47 Bohr mag/cell
     absolute magnetization    =     3.47 Bohr mag/cell

     iteration #  2     ecut=    70.00 Ry     beta=0.70
     Davidson diagonalization with overlap
     ethr =  1.97E-03,  avg # of iterations =  1.1

     Magnetic moment per site:
     atom:    1    charge:    6.4977    magn:    3.1343    constr:    0.0000

     total cpu time spent up to now is        4.5 secs

     total energy              =     -54.95714251 Ry
     Harris-Foulkes estimate   =     -54.91673394 Ry
     estimated scf accuracy    <       0.03811991 Ry

     total magnetization       =     2.99 Bohr mag/cell
     absolute magnetization    =     3.00 Bohr mag/cell

     iteration #  3     ecut=    70.00 Ry     beta=0.70
     Davidson diagonalization with overlap
     ethr =  4.76E-04,  avg # of iterations =  1.5

     Magnetic moment per site:
     atom:    1    charge:    6.4576    magn:    2.5804    constr:    0.0000

     total cpu time spent up to now is        6.0 secs

     total energy              =     -54.97144671 Ry
     Harris-Foulkes estimate   =     -54.97261215 Ry
     estimated scf accuracy    <       0.01616630 Ry

     total magnetization       =     2.65 Bohr mag/cell
     absolute magnetization    =     2.76 Bohr mag/cell

     iteration #  4     ecut=    70.00 Ry     beta=0.70
     Davidson diagonalization with overlap
     ethr =  2.02E-04,  avg # of iterations =  1.0

     Magnetic moment per site:
     atom:    1    charge:    6.4560    magn:    2.3743    constr:    0.0000

     total cpu time spent up to now is        7.4 secs

     total energy              =     -54.97554518 Ry
     Harris-Foulkes estimate   =     -54.97582223 Ry
     estimated scf accuracy    <       0.00037857 Ry

     total magnetization       =     2.45 Bohr mag/cell
     absolute magnetization    =     2.60 Bohr mag/cell

     iteration #  5     ecut=    70.00 Ry     beta=0.70
     Davidson diagonalization with overlap
     ethr =  4.73E-06,  avg # of iterations =  3.8

     Magnetic moment per site:
     atom:    1    charge:    6.4588    magn:    2.3978    constr:    0.0000

     total cpu time spent up to now is        9.6 secs

     total energy              =     -54.97641594 Ry
     Harris-Foulkes estimate   =     -54.97636016 Ry
     estimated scf accuracy    <       0.00009916 Ry

     total magnetization       =     2.34 Bohr mag/cell
     absolute magnetization    =     2.49 Bohr mag/cell

     iteration #  6     ecut=    70.00 Ry     beta=0.70
     Davidson diagonalization with overlap
     ethr =  1.24E-06,  avg # of iterations =  1.4

     Magnetic moment per site:
     atom:    1    charge:    6.4593    magn:    2.4086    constr:    0.0000

     total cpu time spent up to now is       11.0 secs

     total energy              =     -54.97644646 Ry
     Harris-Foulkes estimate   =     -54.97643290 Ry
     estimated scf accuracy    <       0.00000927 Ry

     total magnetization       =     2.35 Bohr mag/cell
     absolute magnetization    =     2.49 Bohr mag/cell

     iteration #  7     ecut=    70.00 Ry     beta=0.70
     Davidson diagonalization with overlap
     ethr =  1.16E-07,  avg # of iterations =  2.5

     Magnetic moment per site:
     atom:    1    charge:    6.4592    magn:    2.4062    constr:    0.0000

     total cpu time spent up to now is       12.8 secs

     total energy              =     -54.97645200 Ry
     Harris-Foulkes estimate   =     -54.97645147 Ry
     estimated scf accuracy    <       0.00000014 Ry

     total magnetization       =     2.35 Bohr mag/cell
     absolute magnetization    =     2.49 Bohr mag/cell

     iteration #  8     ecut=    70.00 Ry     beta=0.70
     Davidson diagonalization with overlap
     ethr =  1.74E-09,  avg # of iterations =  3.6

     Magnetic moment per site:
     atom:    1    charge:    6.4593    magn:    2.4065    constr:    0.0000

     total cpu time spent up to now is       15.1 secs

     End of self-consistent calculation

 ------ SPIN UP ------------


          k = 0.0000 0.0000 0.1000 (   783 PWs)   bands (ev):

     5.2850  11.2606  11.2606  11.3155  12.3513  12.4750  38.6105  39.5831

          k = 0.0000-0.1000 0.2000 (   782 PWs)   bands (ev):

     6.0620  11.0886  11.2267  11.7067  12.1617  12.5360  35.2684  37.5666

          k = 0.0000-0.2000 0.3000 (   787 PWs)   bands (ev):

     7.4136  10.7937  11.1082  12.1691  12.4248  12.6089  30.1110  35.1123

          k = 0.0000-0.3000 0.4000 (   792 PWs)   bands (ev):

     8.5741  10.5099  11.4935  12.4041  12.8305  13.2362  25.2651  33.2347

          k = 0.0000-0.4000 0.5000 (   794 PWs)   bands (ev):

     8.8429  10.3399  12.1340  12.4623  13.8000  14.0123  21.6598  32.2331

          k =-0.1000 0.1000 0.1000 (   785 PWs)   bands (ev):

     5.6797  11.1420  11.1420  11.6297  12.3873  12.3873  37.3056  37.3056

          k =-0.1000-0.1000 0.3000 (   782 PWs)   bands (ev):

     7.1237  11.0156  11.0206  11.9853  12.2444  12.6783  32.8254  33.3028

          k =-0.1000-0.2000 0.4000 (   792 PWs)   bands (ev):

     8.4563  10.6756  10.9558  12.1172  12.7556  13.2861  27.9278  31.0852

          k =-0.1000-0.3000 0.5000 (   788 PWs)   bands (ev):

     9.0918  10.4991  11.2537  12.3436  13.1313  14.7080  23.4622  29.6697

          k =-0.1000 0.6000-0.4000 (   789 PWs)   bands (ev):

     9.1326  10.4413  11.4883  12.3716  13.4396  16.0033  21.0936  29.1378

          k =-0.2000 0.2000 0.1000 (   784 PWs)   bands (ev):

     6.7853  10.8627  10.9967  12.2682  12.2971  12.4616  32.7132  35.0858

          k =-0.2000-0.2000 0.5000 (   780 PWs)   bands (ev):

     9.3991  10.3354  10.9511  12.2437  12.9073  14.9649  26.1364  26.3838

          k =-0.2000 0.7000-0.4000 (   783 PWs)   bands (ev):

     9.6668  10.3761  10.8452  12.4577  13.0625  17.3453  22.1983  25.3260

          k =-0.3000 0.3000 0.1000 (   790 PWs)   bands (ev):

     8.1949  10.5545  11.0308  12.3564  12.5389  13.1876  27.6354  33.0581

          k =-0.3000 0.2000 0.2000 (   786 PWs)   bands (ev):

     8.0536  10.6406  10.6723  12.3136  12.5491  13.2395  30.3694  30.7218

          k =-0.3000 0.7000-0.3000 (   784 PWs)   bands (ev):

    10.1355  10.3594  10.3594  12.7939  12.7939  20.4668  20.4668  22.8955

          k =-0.4000 0.4000 0.1000 (   786 PWs)   bands (ev):

     8.8685  10.3239  12.0010  12.4983  12.6012  14.3000  23.2512  31.6955

          k =-0.4000 0.3000 0.2000 (   788 PWs)   bands (ev):

     9.1594  10.3757  10.8417  12.4124  12.6488  14.6155  25.7112  28.8778

          k = 0.5000-0.5000 0.1000 (   786 PWs)   bands (ev):

     8.9244  10.2392  12.5113  12.6262  12.7705  15.2175  21.0475  31.2180

          k = 0.5000-0.6000 0.2000 (   788 PWs)   bands (ev):

     9.3317  10.2522  11.5321  12.5224  12.7462  16.4149  21.9112  27.9362

          k = 0.5000-0.7000 0.3000 (   782 PWs)   bands (ev):

     9.7536  10.2806  10.8180  12.5144  12.7342  16.8117  24.1324  24.6964

          k = 0.4000-0.6000 0.3000 (   788 PWs)   bands (ev):

     9.8158  10.3211  10.8779  12.6049  12.7433  18.9996  21.3382  24.0511

          k = 0.0000 0.0000 0.3000 (   771 PWs)   bands (ev):

     6.7912  11.3219  11.3219  11.6958  11.7246  12.7422  35.2766  36.3910

          k = 0.0000-0.1000 0.4000 (   787 PWs)   bands (ev):

     8.0197  11.0104  11.1811  11.7440  12.3418  13.0120  30.7384  33.8259

          k = 0.0000-0.2000 0.5000 (   788 PWs)   bands (ev):

     9.0304  10.7352  10.9477  12.1091  13.1625  13.8787  25.7882  31.6524

          k = 0.0000-0.3000 0.6000 (   790 PWs)   bands (ev):

     9.2255  10.8015  10.9074  12.1791  13.7462  15.7881  21.8992  30.3565

          k =-0.1000-0.1000 0.5000 (   788 PWs)   bands (ev):

     9.0408  10.5118  11.2975  11.8884  12.8366  13.8797  28.7313  28.7897

          k =-0.1000-0.2000 0.6000 (   783 PWs)   bands (ev):

     9.5444  10.2696  11.1118  12.2127  13.3103  15.8994  24.1293  27.3131

          k =-0.1000 0.7000-0.3000 (   784 PWs)   bands (ev):

     9.5319  10.4077  10.9437  12.3006  13.5721  17.8833  21.3016  26.7574

          k =-0.2000 0.8000-0.3000 (   785 PWs)   bands (ev):

     9.9378   9.9634  10.8652  12.7008  13.2155  18.8340  22.5940  23.6291

          k =-0.3000 0.3000 0.3000 (   790 PWs)   bands (ev):

     9.3036  10.3696  10.3696  12.5226  12.5226  14.6412  28.5088  28.5088

          k = 0.6000-0.6000 0.3000 (   789 PWs)   bands (ev):

     9.8283  10.2193  10.7359  12.5765  12.6200  16.6193  24.1471  27.3476

          k = 0.5000-0.5000 0.3000 (   786 PWs)   bands (ev):

     9.7613  10.1731  11.1683  12.6115  12.6454  18.4701  21.4046  26.9524

          k = 0.5000-0.6000 0.4000 (   789 PWs)   bands (ev):

    10.0534  10.3276  10.6567  12.6348  12.6568  19.3357  22.8723  23.7075

          k = 0.0000 0.0000 0.5000 (   771 PWs)   bands (ev):

     8.8878  10.6440  11.6872  11.6872  12.4043  13.6788  31.0676  31.0676

          k = 0.0000-0.1000 0.6000 (   788 PWs)   bands (ev):

     9.4421  10.1154  11.7257  12.0473  13.0606  15.1870  26.6963  28.8355

          k = 0.0000-0.2000 0.7000 (   783 PWs)   bands (ev):

     9.4954   9.9475  11.6471  12.2063  13.6600  17.7482  22.5067  27.5190

          k =-0.1000-0.1000 0.7000 (   779 PWs)   bands (ev):

     9.5620   9.6940  11.7977  12.5693  13.3742  17.5545  25.0079  25.2536

          k =-0.1000 0.8000-0.2000 (   783 PWs)   bands (ev):

     9.4939   9.6217  11.7450  12.8371  13.5298  20.1798  21.8345  24.5468

          k = 0.5000-0.5000 0.5000 (   784 PWs)   bands (ev):

    10.3665  10.3665  10.3665  12.6574  12.6574  22.4434  22.4434  22.4434

          k = 0.0000 0.0000 0.7000 (   787 PWs)   bands (ev):

     9.3977   9.6175  12.5102  12.5102  13.1068  17.0680  26.5067  26.5067

          k = 0.0000-0.1000 0.8000 (   795 PWs)   bands (ev):

     9.2658   9.3148  12.6765  12.8636  13.5756  19.7876  23.4389  25.1059

          k =-0.1000 0.9000-0.1000 (   793 PWs)   bands (ev):

     9.1545   9.1545  12.7771  13.4682  13.4682  22.4426  22.4426  23.1577

          k = 0.0000 0.0000 0.9000 (   792 PWs)   bands (ev):

     8.9963   9.0004  13.4421  13.4421  13.5528  21.9494  23.6142  23.6142

 ------ SPIN DOWN ----------


          k = 0.0000 0.0000 0.1000 (   783 PWs)   bands (ev):

     5.4477  13.5487  13.5487  13.6182  15.4090  15.5714  38.3208  39.2536

          k = 0.0000-0.1000 0.2000 (   782 PWs)   bands (ev):

     6.2331  13.3369  13.4791  14.0435  15.1384  15.6429  35.5076  37.6178

          k = 0.0000-0.2000 0.3000 (   787 PWs)   bands (ev):

     7.6727  12.9788  13.2238  14.8353  15.0338  15.7163  30.7832  35.2202

          k = 0.0000-0.3000 0.4000 (   792 PWs)   bands (ev):

     9.3419  12.6378  13.0781  15.1794  15.7476  15.8180  26.2568  33.3248

          k = 0.0000-0.4000 0.5000 (   794 PWs)   bands (ev):

    10.3084  12.4350  13.5475  15.3016  16.0357  16.3963  23.0638  32.2949

          k =-0.1000 0.1000 0.1000 (   785 PWs)   bands (ev):

     5.8448  13.4064  13.4064  13.9545  15.4503  15.4503  37.2931  37.2931

          k =-0.1000-0.1000 0.3000 (   782 PWs)   bands (ev):

     7.3389  13.2098  13.2484  14.6120  14.8402  15.7860  33.2335  33.8741

          k =-0.1000-0.2000 0.4000 (   792 PWs)   bands (ev):

     8.9233  12.8271  12.9881  14.8674  15.4833  15.9698  28.7192  31.6525

          k =-0.1000-0.3000 0.5000 (   788 PWs)   bands (ev):

    10.3199  12.5761  12.9095  15.0977  15.8972  16.8098  24.5830  30.2492

          k =-0.1000 0.6000-0.4000 (   789 PWs)   bands (ev):

    10.7471  12.5190  13.0793  15.1747  16.0777  17.5686  22.5532  29.7107

          k =-0.2000 0.2000 0.1000 (   784 PWs)   bands (ev):

     6.9795  13.0656  13.1947  14.6393  15.2718  15.5443  33.1790  35.2645

          k =-0.2000-0.2000 0.5000 (   780 PWs)   bands (ev):

    10.3663  12.4020  12.8732  14.9644  15.7723  17.0719  26.9860  27.2060

          k =-0.2000 0.7000-0.4000 (   783 PWs)   bands (ev):

    11.2904  12.3069  12.6531  15.1988  15.8096  18.8756  23.3677  26.1453

          k =-0.3000 0.3000 0.1000 (   790 PWs)   bands (ev):

     8.6157  12.6878  12.9344  15.2718  15.5740  15.6539  28.4440  33.2577

          k =-0.3000 0.2000 0.2000 (   786 PWs)   bands (ev):

     8.3497  12.7669  12.7750  15.2719  15.5587  15.6647  30.9004  31.3688

          k =-0.3000 0.7000-0.3000 (   784 PWs)   bands (ev):

    12.0271  12.1715  12.1715  15.5277  15.5277  21.6387  21.6387  23.9521

          k =-0.4000 0.4000 0.1000 (   786 PWs)   bands (ev):

    10.0487  12.4064  13.1304  15.3765  15.7493  16.5206  24.4141  31.8642

          k =-0.4000 0.3000 0.2000 (   788 PWs)   bands (ev):

     9.9489  12.4129  12.5923  15.3450  15.7467  16.7792  26.5955  29.5051

          k = 0.5000-0.5000 0.1000 (   786 PWs)   bands (ev):

    10.4759  12.3035  13.6206  15.4215  15.7890  17.0287  22.5524  31.3690

          k = 0.5000-0.6000 0.2000 (   788 PWs)   bands (ev):

    10.8446  12.2553  12.8594  15.4560  15.8047  18.0553  23.1775  28.5566

          k = 0.5000-0.7000 0.3000 (   782 PWs)   bands (ev):

    11.1595  12.1508  12.4498  15.4576  15.7807  18.5172  25.0395  25.5882

          k = 0.4000-0.6000 0.3000 (   788 PWs)   bands (ev):

    11.5435  12.1612  12.4214  15.5645  15.7444  20.2472  22.5557  24.9431

          k = 0.0000 0.0000 0.3000 (   771 PWs)   bands (ev):

     6.9845  13.5591  13.5591  14.0721  14.5471  15.8619  35.3162  36.9265

          k = 0.0000-0.1000 0.4000 (   787 PWs)   bands (ev):

     8.3438  13.3350  13.3829  14.3060  14.7432  16.0286  31.3988  34.4468

          k = 0.0000-0.2000 0.5000 (   788 PWs)   bands (ev):

     9.8946  12.8171  13.1042  14.6545  15.6623  16.3770  26.7225  32.3566

          k = 0.0000-0.3000 0.6000 (   790 PWs)   bands (ev):

    10.8185  12.6989  12.9303  14.8264  16.3350  17.3863  23.1971  31.0185

          k =-0.1000-0.1000 0.5000 (   788 PWs)   bands (ev):

     9.7263  12.8272  13.4420  14.3396  15.3679  16.4174  29.4856  29.5336

          k =-0.1000-0.2000 0.6000 (   783 PWs)   bands (ev):

    10.9380  12.3383  13.2395  14.7169  15.8910  17.6903  25.1271  28.0616

          k =-0.1000 0.7000-0.3000 (   784 PWs)   bands (ev):

    11.3645  12.2627  13.0635  14.8375  16.1522  19.1481  22.6081  27.4845

          k =-0.2000 0.8000-0.3000 (   785 PWs)   bands (ev):

    11.7535  11.9867  12.9150  15.2128  15.7799  20.1327  23.6176  24.5605

          k =-0.3000 0.3000 0.3000 (   790 PWs)   bands (ev):

     9.8087  12.3846  12.3846  15.5878  15.5878  16.8192  29.0883  29.0883

          k = 0.6000-0.6000 0.3000 (   789 PWs)   bands (ev):

    11.0942  12.1549  12.2773  15.6255  15.7615  18.3737  25.0749  27.9399

          k = 0.5000-0.5000 0.3000 (   786 PWs)   bands (ev):

    11.3828  12.0800  12.5488  15.6565  15.8151  19.7357  22.6762  27.5456

          k = 0.5000-0.6000 0.4000 (   789 PWs)   bands (ev):

    11.7710  12.0539  12.1795  15.7436  15.8039  20.6122  23.8045  24.6392

          k = 0.0000 0.0000 0.5000 (   771 PWs)   bands (ev):

     9.4863  13.1940  13.8960  13.8960  14.8298  16.3566  31.7810  31.7810

          k = 0.0000-0.1000 0.6000 (   788 PWs)   bands (ev):

    10.6487  12.4485  13.9406  14.3560  15.5495  17.1415  27.5101  29.5197

          k = 0.0000-0.2000 0.7000 (   783 PWs)   bands (ev):

    11.3553  11.9701  13.8536  14.5672  16.2369  19.0140  23.5709  28.1426

          k =-0.1000-0.1000 0.7000 (   779 PWs)   bands (ev):

    11.2931  11.9187  13.9982  14.9203  15.9048  18.8865  25.8158  26.0067

          k =-0.1000 0.8000-0.2000 (   783 PWs)   bands (ev):

    11.5831  11.6411  13.9020  15.2417  16.0740  21.1406  22.8455  25.2794

          k = 0.5000-0.5000 0.5000 (   784 PWs)   bands (ev):

    12.0358  12.0358  12.0358  15.8313  15.8313  23.3820  23.3820  23.3820

          k = 0.0000 0.0000 0.7000 (   787 PWs)   bands (ev):

    11.1015  11.9112  14.7980  14.7980  15.6178  18.3900  27.1292  27.1292

          k = 0.0000-0.1000 0.8000 (   795 PWs)   bands (ev):

    11.2841  11.4835  15.0230  15.2099  16.1417  20.6663  24.1403  25.6343

          k =-0.1000 0.9000-0.1000 (   793 PWs)   bands (ev):

    11.2757  11.2757  15.1178  15.9886  15.9886  23.0567  23.0567  23.7709

          k = 0.0000 0.0000 0.9000 (   792 PWs)   bands (ev):

    11.1057  11.1569  15.9539  15.9539  16.1208  22.4534  23.9960  23.9960

     the Fermi energy is    13.6526 ev

!    total energy              =     -54.97645254 Ry
     Harris-Foulkes estimate   =     -54.97645254 Ry
     estimated scf accuracy    <          7.2E-09 Ry

     The total energy is the sum of the following terms:

     one-electron contribution =       8.88510901 Ry
     hartree contribution      =       5.62588707 Ry
     xc contribution           =     -26.51106803 Ry
     ewald contribution        =     -42.97249830 Ry
     smearing contrib. (-TS)   =      -0.00388230 Ry

     total magnetization       =     2.35 Bohr mag/cell
     absolute magnetization    =     2.49 Bohr mag/cell

     convergence has been achieved in   8 iterations

     Forces acting on atoms (Ry/au):

     atom    1 type  1   force =     0.00000000    0.00000000    0.00000000

     Total force =     0.000000     Total SCF correction =     0.000000


     entering subroutine stress ...

          total   stress  (Ry/bohr**3)                   (kbar)     P=   94.28
   0.00064092   0.00000000  -0.00000000         94.28      0.00     -0.00
   0.00000000   0.00064092   0.00000000          0.00     94.28      0.00
  -0.00000000   0.00000000   0.00064092         -0.00      0.00     94.28


     Writing output data file Fe_scf_e70_k10_nb10.save

     init_run     :      1.48s CPU      0.92s WALL (       1 calls)
     electrons    :     22.74s CPU     13.99s WALL (       1 calls)
     forces       :      0.09s CPU      0.09s WALL (       1 calls)
     stress       :      1.37s CPU      0.75s WALL (       1 calls)

     Called by init_run:
     wfcinit      :      1.26s CPU      0.70s WALL (       1 calls)
     potinit      :      0.05s CPU      0.05s WALL (       1 calls)

     Called by electrons:
     c_bands      :     20.08s CPU     11.70s WALL (       8 calls)
     sum_band     :      2.31s CPU      1.95s WALL (       8 calls)
     v_of_rho     :      0.35s CPU      0.33s WALL (       9 calls)
     mix_rho      :      0.02s CPU      0.03s WALL (       8 calls)

     Called by c_bands:
     init_us_2    :      0.80s CPU      0.55s WALL (    1672 calls)
     cegterg      :     19.40s CPU     11.30s WALL (     704 calls)

     Called by *egterg:
     h_psi        :     17.97s CPU     10.37s WALL (    2376 calls)
     g_psi        :      0.10s CPU      0.05s WALL (    1584 calls)
     cdiaghg      :      1.17s CPU      0.68s WALL (    2288 calls)

     Called by h_psi:
     add_vuspsi   :      0.20s CPU      0.13s WALL (    2376 calls)

     General routines
     calbec       :      0.17s CPU      0.12s WALL (    2552 calls)
     fft          :      0.11s CPU      0.08s WALL (     229 calls)
     fftw         :     17.98s CPU     10.81s WALL (   35768 calls)

     Parallel routines
     fft_scatter  :      0.99s CPU      0.61s WALL (   35997 calls)

     PWSCF        :    26.12s CPU        16.16s WALL


   This run was terminated on:  13:27:26  14Sep2017            

=------------------------------------------------------------------------------=
   JOB DONE.
=------------------------------------------------------------------------------=
