
     Program PWSCF v.5.1 starts on 21Oct2017 at  0:37:30 

     This program is part of the open-source Quantum ESPRESSO suite
     for quantum simulation of materials; please cite
         "P. Giannozzi et al., J. Phys.:Condens. Matter 21 395502 (2009);
          URL http://www.quantum-espresso.org", 
     in publications or presentations arising from this work. More details at
     http://www.quantum-espresso.org/quote

     Parallel version (MPI), running on     1 processors
     Waiting for input...
     Reading input from standard input

     Current dimensions of program PWSCF are:
     Max number of different atomic species (ntypx) = 10
     Max number of k-points (npk) =  40000
     Max angular momentum in pseudopotentials (lmaxx) =  3

     Subspace diagonalization in iterative solution of the eigenvalue problem:
     a serial algorithm will be used


     G-vector sticks info
     --------------------
     sticks:   dense  smooth     PW     G-vecs:    dense   smooth      PW
     Sum         367     367    121                24333    24333    4363



     bravais-lattice index     =            4
     lattice parameter (alat)  =       4.7243  a.u.
     unit-cell volume          =     386.5791 (a.u.)^3
     number of atoms/cell      =            2
     number of atomic types    =            2
     number of electrons       =         8.00
     number of Kohn-Sham states=            4
     kinetic-energy cutoff     =      60.0000  Ry
     charge density cutoff     =     240.0000  Ry
     convergence threshold     =      1.0E-10
     mixing beta               =       0.7000
     number of iterations used =            8  plain     mixing
     Exchange-correlation      =  SLA  PZ   NOGX NOGC ( 1  1  0  0 0)

     celldm(1)=   4.724315  celldm(2)=   0.000000  celldm(3)=   4.233418
     celldm(4)=   0.000000  celldm(5)=   0.000000  celldm(6)=   0.000000

     crystal axes: (cart. coord. in units of alat)
               a(1) = (   1.000000   0.000000   0.000000 )  
               a(2) = (  -0.500000   0.866025   0.000000 )  
               a(3) = (   0.000000   0.000000   4.233418 )  

     reciprocal axes: (cart. coord. in units 2 pi/alat)
               b(1) = (  1.000000  0.577350 -0.000000 )  
               b(2) = (  0.000000  1.154701  0.000000 )  
               b(3) = (  0.000000 -0.000000  0.236216 )  


     PseudoPot. # 1 for B  read from file:
     ./psps/B.pz-vbc.UPF
     MD5 check sum: b59596b5d63edeea6a2b3a0beace49c5
     Pseudo is Norm-conserving, Zval =  3.0
     Generated by new atomic code, or converted to UPF format
     Using radial grid of  157 points,  1 beta functions with: 
                l(1) =   0

     PseudoPot. # 2 for N  read from file:
     ./psps/N.pz-vbc.UPF
     MD5 check sum: f7a51f6f78412844d17f6e69b370b417
     Pseudo is Norm-conserving, Zval =  5.0
     Generated by new atomic code, or converted to UPF format
     Using radial grid of  161 points,  1 beta functions with: 
                l(1) =   0

     atomic species   valence    mass     pseudopotential
        B              3.00     1.00000     B ( 1.00)
        N              5.00     1.00000     N ( 1.00)

     12 Sym. Ops. (no inversion) found



   Cartesian axes

     site n.     atom                  positions (alat units)
         1           B   tau(   1) = (   0.5000000   0.2886751   0.0000000  )
         2           N   tau(   2) = (  -0.5000000  -0.2886751   0.0000000  )

     number of k points=    42
                       cart. coord. in units 2pi/alat
        k(    1) = (   0.0000000   0.0481125  -0.1181079), wk =   0.0277778
        k(    2) = (   0.0000000   0.1443376  -0.1181079), wk =   0.0277778
        k(    3) = (   0.0000000   0.2405626  -0.1181079), wk =   0.0277778
        k(    4) = (   0.0000000   0.3367877  -0.1181079), wk =   0.0277778
        k(    5) = (   0.0000000   0.4330127  -0.1181079), wk =   0.0277778
        k(    6) = (   0.0000000   0.5292377  -0.1181079), wk =   0.0277778
        k(    7) = (   0.0833333   0.0962250  -0.1181079), wk =   0.0555556
        k(    8) = (   0.0833333   0.1924501  -0.1181079), wk =   0.0555556
        k(    9) = (   0.0833333   0.2886751  -0.1181079), wk =   0.0555556
        k(   10) = (   0.0833333   0.3849002  -0.1181079), wk =   0.0555556
        k(   11) = (   0.0833333   0.4811252  -0.1181079), wk =   0.0555556
        k(   12) = (   0.0833333   0.5773503  -0.1181079), wk =   0.0277778
        k(   13) = (   0.0833333  -0.0000000  -0.1181079), wk =   0.0277778
        k(   14) = (   0.1666667   0.1443376  -0.1181079), wk =   0.0555556
        k(   15) = (   0.1666667   0.2405626  -0.1181079), wk =   0.0555556
        k(   16) = (   0.1666667   0.3367877  -0.1181079), wk =   0.0555556
        k(   17) = (   0.1666667   0.4330127  -0.1181079), wk =   0.0555556
        k(   18) = (   0.1666667   0.5292377  -0.1181079), wk =   0.0555556
        k(   19) = (   0.1666667  -0.0481125  -0.1181079), wk =   0.0555556
        k(   20) = (   0.2500000   0.1924501  -0.1181079), wk =   0.0555556
        k(   21) = (   0.2500000   0.2886751  -0.1181079), wk =   0.0555556
        k(   22) = (   0.2500000   0.3849002  -0.1181079), wk =   0.0555556
        k(   23) = (   0.2500000   0.4811252  -0.1181079), wk =   0.0555556
        k(   24) = (   0.2500000   0.5773503  -0.1181079), wk =   0.0277778
        k(   25) = (   0.2500000  -0.0962250  -0.1181079), wk =   0.0555556
        k(   26) = (   0.2500000   0.0000000  -0.1181079), wk =   0.0277778
        k(   27) = (   0.3333333   0.2405626  -0.1181079), wk =   0.0555556
        k(   28) = (   0.3333333   0.3367877  -0.1181079), wk =   0.0555556
        k(   29) = (   0.3333333   0.4330127  -0.1181079), wk =   0.0555556
        k(   30) = (   0.3333333   0.5292377  -0.1181079), wk =   0.0555556
        k(   31) = (   0.3333333  -0.1443376  -0.1181079), wk =   0.0555556
        k(   32) = (   0.3333333  -0.0481125  -0.1181079), wk =   0.0555556
        k(   33) = (   0.4166667   0.2886751  -0.1181079), wk =   0.0555556
        k(   34) = (   0.4166667   0.3849002  -0.1181079), wk =   0.0555556
        k(   35) = (   0.4166667   0.4811252  -0.1181079), wk =   0.0555556
        k(   36) = (   0.4166667   0.5773503  -0.1181079), wk =   0.0277778
        k(   37) = (   0.4166667  -0.1924501  -0.1181079), wk =   0.0555556
        k(   38) = (   0.4166667  -0.0962250  -0.1181079), wk =   0.0555556
        k(   39) = (   0.4166667  -0.0000000  -0.1181079), wk =   0.0277778
        k(   40) = (  -0.5000000  -0.2405626  -0.1181079), wk =   0.0555556
        k(   41) = (  -0.5000000  -0.1443376  -0.1181079), wk =   0.0555556
        k(   42) = (  -0.5000000  -0.0481125  -0.1181079), wk =   0.0555556

     Dense  grid:    24333 G-vectors     FFT dimensions: (  24,  24, 100)

     Largest allocated arrays     est. size (Mb)     dimensions
        Kohn-Sham Wavefunctions         0.19 Mb     (    3066,    4)
        NL pseudopotentials             0.09 Mb     (    3066,    2)
        Each V/rho on FFT grid          0.88 Mb     (   57600)
        Each G-vector array             0.19 Mb     (   24333)
        G-vector shells                 0.01 Mb     (    1309)
     Largest temporary arrays     est. size (Mb)     dimensions
        Auxiliary wavefunctions         0.75 Mb     (    3066,   16)
        Each subspace H/S matrix        0.00 Mb     (      16,   16)
        Each <psi_i|beta_j> matrix      0.00 Mb     (       2,    4)
        Arrays for rho mixing           7.03 Mb     (   57600,    8)

     Initial potential from superposition of free atoms
     Check: negative starting charge=   -0.007541

     starting charge    7.99969, renormalised to    8.00000

     negative rho (up, down):  7.541E-03 0.000E+00
     Starting wfc are    8 randomized atomic wfcs

     total cpu time spent up to now is        1.4 secs

     per-process dynamical memory:    22.0 Mb

     Self-consistent Calculation

     iteration #  1     ecut=    60.00 Ry     beta=0.70
     Davidson diagonalization with overlap
     ethr =  1.00E-02,  avg # of iterations =  2.1

     negative rho (up, down):  2.182E-03 0.000E+00

     total cpu time spent up to now is        3.3 secs

     total energy              =     -25.59842004 Ry
     Harris-Foulkes estimate   =     -25.90925921 Ry
     estimated scf accuracy    <       0.44607341 Ry

     iteration #  2     ecut=    60.00 Ry     beta=0.70
     Davidson diagonalization with overlap
     ethr =  5.58E-03,  avg # of iterations =  3.3

     negative rho (up, down):  1.121E-03 0.000E+00

     total cpu time spent up to now is        5.4 secs

     total energy              =     -25.71764661 Ry
     Harris-Foulkes estimate   =     -25.86457423 Ry
     estimated scf accuracy    <       0.29664131 Ry

     iteration #  3     ecut=    60.00 Ry     beta=0.70
     Davidson diagonalization with overlap
     ethr =  3.71E-03,  avg # of iterations =  2.4

     negative rho (up, down):  9.021E-05 0.000E+00

     total cpu time spent up to now is        7.2 secs

     total energy              =     -25.77370143 Ry
     Harris-Foulkes estimate   =     -25.77419940 Ry
     estimated scf accuracy    <       0.00162452 Ry

     iteration #  4     ecut=    60.00 Ry     beta=0.70
     Davidson diagonalization with overlap
     ethr =  2.03E-05,  avg # of iterations =  3.2

     negative rho (up, down):  8.509E-05 0.000E+00

     total cpu time spent up to now is        9.3 secs

     total energy              =     -25.77507334 Ry
     Harris-Foulkes estimate   =     -25.77541700 Ry
     estimated scf accuracy    <       0.00060590 Ry

     iteration #  5     ecut=    60.00 Ry     beta=0.70
     Davidson diagonalization with overlap
     ethr =  7.57E-06,  avg # of iterations =  2.0

     negative rho (up, down):  2.902E-07 0.000E+00

     total cpu time spent up to now is       11.1 secs

     total energy              =     -25.77516577 Ry
     Harris-Foulkes estimate   =     -25.77517045 Ry
     estimated scf accuracy    <       0.00002460 Ry

     iteration #  6     ecut=    60.00 Ry     beta=0.70
     Davidson diagonalization with overlap
     ethr =  3.08E-07,  avg # of iterations =  2.5

     total cpu time spent up to now is       12.9 secs

     total energy              =     -25.77517054 Ry
     Harris-Foulkes estimate   =     -25.77517216 Ry
     estimated scf accuracy    <       0.00000359 Ry

     iteration #  7     ecut=    60.00 Ry     beta=0.70
     Davidson diagonalization with overlap
     ethr =  4.48E-08,  avg # of iterations =  2.0

     total cpu time spent up to now is       14.4 secs

     total energy              =     -25.77517075 Ry
     Harris-Foulkes estimate   =     -25.77517092 Ry
     estimated scf accuracy    <       0.00000031 Ry

     iteration #  8     ecut=    60.00 Ry     beta=0.70
     Davidson diagonalization with overlap
     ethr =  3.87E-09,  avg # of iterations =  3.0

     total cpu time spent up to now is       16.5 secs

     total energy              =     -25.77517092 Ry
     Harris-Foulkes estimate   =     -25.77517096 Ry
     estimated scf accuracy    <       0.00000010 Ry

     iteration #  9     ecut=    60.00 Ry     beta=0.70
     Davidson diagonalization with overlap
     ethr =  1.20E-09,  avg # of iterations =  1.1

     total cpu time spent up to now is       17.8 secs

     total energy              =     -25.77517092 Ry
     Harris-Foulkes estimate   =     -25.77517093 Ry
     estimated scf accuracy    <       0.00000002 Ry

     iteration # 10     ecut=    60.00 Ry     beta=0.70
     Davidson diagonalization with overlap
     ethr =  2.40E-10,  avg # of iterations =  2.9

     total cpu time spent up to now is       19.7 secs

     End of self-consistent calculation

          k = 0.0000 0.0481-0.1181 (  3018 PWs)   bands (ev):

   -20.3103  -8.0714  -4.2913  -4.2133

          k = 0.0000 0.1443-0.1181 (  3010 PWs)   bands (ev):

   -20.0443  -7.7087  -5.3220  -4.6979

          k = 0.0000 0.2406-0.1181 (  3020 PWs)   bands (ev):

   -19.5281  -7.0024  -6.9672  -5.4207

          k = 0.0000 0.3368-0.1181 (  3046 PWs)   bands (ev):

   -18.8043  -8.7876  -6.1289  -6.0032

          k = 0.0000 0.4330-0.1181 (  3056 PWs)   bands (ev):

   -17.9810 -10.4395  -6.6659  -4.8258

          k = 0.0000 0.5292-0.1181 (  3066 PWs)   bands (ev):

   -17.3374 -11.5213  -6.9498  -3.8535

          k = 0.0833 0.0962-0.1181 (  3012 PWs)   bands (ev):

   -20.1104  -7.7990  -5.0625  -4.6073

          k = 0.0833 0.1925-0.1181 (  3018 PWs)   bands (ev):

   -19.7188  -7.2642  -6.2952  -5.3181

          k = 0.0833 0.2887-0.1181 (  3022 PWs)   bands (ev):

   -19.0956  -7.9374  -6.4081  -6.1196

          k = 0.0833 0.3849-0.1181 (  3050 PWs)   bands (ev):

   -18.3091  -9.6392  -6.7889  -5.3051

          k = 0.0833 0.4811-0.1181 (  3040 PWs)   bands (ev):

   -17.5345 -11.0231  -7.2167  -4.1628

          k = 0.0833 0.5774-0.1181 (  3042 PWs)   bands (ev):

   -17.1686 -11.5999  -7.3657  -3.5877

          k = 0.0833-0.0000-0.1181 (  3018 PWs)   bands (ev):

   -20.2434  -7.9805  -4.5614  -4.3515

          k = 0.1667 0.1443-0.1181 (  3010 PWs)   bands (ev):

   -19.6549  -7.1763  -6.5579  -5.3120

          k = 0.1667 0.2406-0.1181 (  3018 PWs)   bands (ev):

   -19.1551  -7.6663  -6.4906  -6.2276

          k = 0.1667 0.3368-0.1181 (  3044 PWs)   bands (ev):

   -18.4590  -8.9766  -7.2168  -5.5212

          k = 0.1667 0.4330-0.1181 (  3042 PWs)   bands (ev):

   -17.6775 -10.3155  -7.9097  -4.3901

          k = 0.1667 0.5292-0.1181 (  3028 PWs)   bands (ev):

   -17.0788 -11.2422  -8.2506  -3.4641

          k = 0.1667-0.0481-0.1181 (  3014 PWs)   bands (ev):

   -19.9132  -7.5304  -5.7496  -4.9389

          k = 0.2500 0.1925-0.1181 (  3034 PWs)   bands (ev):

   -18.9778  -8.3423  -6.2448  -6.0535

          k = 0.2500 0.2887-0.1181 (  3036 PWs)   bands (ev):

   -18.4084  -9.2469  -7.0176  -5.4464

          k = 0.2500 0.3849-0.1181 (  3052 PWs)   bands (ev):

   -17.7090 -10.0564  -8.1806  -4.4415

          k = 0.2500 0.4811-0.1181 (  3038 PWs)   bands (ev):

   -17.0524 -10.7351  -9.0403  -3.4382

          k = 0.2500 0.5774-0.1181 (  3022 PWs)   bands (ev):

   -16.7594 -11.0449  -9.3311  -2.9544

          k = 0.2500-0.0962-0.1181 (  3018 PWs)   bands (ev):

   -19.3405  -7.4370  -6.7456  -5.6922

          k = 0.2500 0.0000-0.1181 (  3012 PWs)   bands (ev):

   -19.4643  -6.9374  -6.9157  -5.7681

          k = 0.3333 0.2406-0.1181 (  3044 PWs)   bands (ev):

   -18.1645 -10.0519  -6.6479  -5.0938

          k = 0.3333 0.3368-0.1181 (  3046 PWs)   bands (ev):

   -17.6174 -10.6737  -7.5467  -4.2954

          k = 0.3333 0.4330-0.1181 (  3030 PWs)   bands (ev):

   -17.0601 -10.9630  -8.7135  -3.4449

          k = 0.3333 0.5292-0.1181 (  3026 PWs)   bands (ev):

   -16.6896 -10.8832  -9.6883  -2.8382

          k = 0.3333-0.1443-0.1181 (  3044 PWs)   bands (ev):

   -18.5792  -9.2281  -6.3762  -5.6866

          k = 0.3333-0.0481-0.1181 (  3036 PWs)   bands (ev):

   -18.7990  -8.4536  -6.6505  -5.9967

          k = 0.4167 0.2887-0.1181 (  3054 PWs)   bands (ev):

   -17.4377 -11.3158  -7.0020  -4.0111

          k = 0.4167 0.3849-0.1181 (  3038 PWs)   bands (ev):

   -17.1136 -11.4692  -7.7784  -3.5080

          k = 0.4167 0.4811-0.1181 (  3024 PWs)   bands (ev):

   -16.8932 -11.1899  -8.8168  -3.1704

          k = 0.4167 0.5774-0.1181 (  3030 PWs)   bands (ev):

   -16.8192 -10.8390  -9.4560  -3.0584

          k = 0.4167-0.1925-0.1181 (  3050 PWs)   bands (ev):

   -17.7669 -10.7689  -6.8588  -4.5109

          k = 0.4167-0.0962-0.1181 (  3038 PWs)   bands (ev):

   -18.0038 -10.0053  -7.3170  -4.8649

          k = 0.4167-0.0000-0.1181 (  3046 PWs)   bands (ev):

   -18.0888  -9.5146  -7.7436  -4.9940

          k =-0.5000-0.2406-0.1181 (  3040 PWs)   bands (ev):

   -17.2447 -11.6161  -7.0737  -3.7046

          k =-0.5000-0.1443-0.1181 (  3038 PWs)   bands (ev):

   -17.2990 -11.1854  -7.6997  -3.8052

          k =-0.5000-0.0481-0.1181 (  3044 PWs)   bands (ev):

   -17.3508 -10.5608  -8.5037  -3.9026

     highest occupied level (ev):    -2.8382

!    total energy              =     -25.77517093 Ry
     Harris-Foulkes estimate   =     -25.77517093 Ry
     estimated scf accuracy    <          4.1E-11 Ry

     The total energy is the sum of the following terms:

     one-electron contribution =     -99.15314075 Ry
     hartree contribution      =      51.42350564 Ry
     xc contribution           =      -7.27644766 Ry
     ewald contribution        =      29.23091186 Ry

     convergence has been achieved in  10 iterations

     Writing output data file bn_scf.save

     init_run     :      2.05s CPU      1.33s WALL (       1 calls)
     electrons    :     30.46s CPU     18.30s WALL (       1 calls)

     Called by init_run:
     wfcinit      :      1.95s CPU      1.17s WALL (       1 calls)
     potinit      :      0.02s CPU      0.04s WALL (       1 calls)

     Called by electrons:
     c_bands      :     27.54s CPU     15.93s WALL (      10 calls)
     sum_band     :      2.73s CPU      2.18s WALL (      10 calls)
     v_of_rho     :      0.10s CPU      0.09s WALL (      11 calls)
     mix_rho      :      0.08s CPU      0.08s WALL (      10 calls)

     Called by c_bands:
     init_us_2    :      0.31s CPU      0.20s WALL (     882 calls)
     cegterg      :     27.24s CPU     15.75s WALL (     420 calls)

     Called by *egterg:
     h_psi        :     26.78s CPU     15.53s WALL (    1489 calls)
     g_psi        :      0.13s CPU      0.07s WALL (    1027 calls)
     cdiaghg      :      0.32s CPU      0.21s WALL (    1447 calls)

     Called by h_psi:
     add_vuspsi   :      0.18s CPU      0.11s WALL (    1489 calls)

     General routines
     calbec       :      0.18s CPU      0.13s WALL (    1489 calls)
     fft          :      0.06s CPU      0.11s WALL (      43 calls)
     fftw         :     26.52s CPU     15.74s WALL (   12340 calls)

     Parallel routines
     fft_scatter  :      2.23s CPU      1.30s WALL (   12383 calls)

     PWSCF        :    32.72s CPU        19.95s WALL


   This run was terminated on:   0:37:50  21Oct2017            

=------------------------------------------------------------------------------=
   JOB DONE.
=------------------------------------------------------------------------------=
