
     Program PWSCF v.6.5 starts on 27Mar2021 at 17:24: 4 

     This program is part of the open-source Quantum ESPRESSO suite
     for quantum simulation of materials; please cite
         "P. Giannozzi et al., J. Phys.:Condens. Matter 21 395502 (2009);
         "P. Giannozzi et al., J. Phys.:Condens. Matter 29 465901 (2017);
          URL http://www.quantum-espresso.org", 
     in publications or presentations arising from this work. More details at
     http://www.quantum-espresso.org/quote

     Parallel version (MPI), running on     1 processors

     MPI processes distributed on     1 nodes
     Waiting for input...
     Reading input from standard input

     Current dimensions of program PWSCF are:
     Max number of different atomic species (ntypx) = 10
     Max number of k-points (npk) =  40000
     Max angular momentum in pseudopotentials (lmaxx) =  3
               file H.pbe-mt_fhi.UPF: wavefunction(s)  2p 4f renormalized
               file C.pbe-mt_fhi.UPF: wavefunction(s)  4f renormalized

     gamma-point specific algorithms are used

     Subspace diagonalization in iterative solution of the eigenvalue problem:
     a serial algorithm will be used


     G-vector sticks info
     --------------------
     sticks:   dense  smooth     PW     G-vecs:    dense   smooth      PW
     Sum       10229   10229   2561               778439   778439   97521


     Title: 
     CH4_3dist                                                                  


     bravais-lattice index     =            8
     lattice parameter (alat)  =      28.3459  a.u.
     unit-cell volume          =   22775.6292 (a.u.)^3
     number of atoms/cell      =            5
     number of atomic types    =            2
     number of electrons       =         8.00
     number of Kohn-Sham states=           10
     kinetic-energy cutoff     =      40.0000  Ry
     charge density cutoff     =     160.0000  Ry
     convergence threshold     =      1.0E-06
     mixing beta               =       0.7000
     number of iterations used =            8  plain     mixing
     Exchange-correlation= PBE
                           (   1   4   3   4   0   0   0)

     celldm(1)=  28.345892  celldm(2)=   1.000000  celldm(3)=   1.000000
     celldm(4)=   0.000000  celldm(5)=   0.000000  celldm(6)=   0.000000

     crystal axes: (cart. coord. in units of alat)
               a(1) = (   1.000000   0.000000   0.000000 )  
               a(2) = (   0.000000   1.000000   0.000000 )  
               a(3) = (   0.000000   0.000000   1.000000 )  

     reciprocal axes: (cart. coord. in units 2 pi/alat)
               b(1) = (  1.000000  0.000000  0.000000 )  
               b(2) = (  0.000000  1.000000  0.000000 )  
               b(3) = (  0.000000  0.000000  1.000000 )  


     PseudoPot. # 1 for H  read from file:
     ../../psp/H.pbe-mt_fhi.UPF
     MD5 check sum: a19bd5488733b3d98581df861506e80d
     Pseudo is Norm-conserving, Zval =  1.0
     Generated using FHI98PP, converted with fhi2upf.x v.5.0.2
     Using radial grid of  387 points,  3 beta functions with: 
                l(1) =   0
                l(2) =   1
                l(3) =   3

     PseudoPot. # 2 for C  read from file:
     ../../psp/C.pbe-mt_fhi.UPF
     MD5 check sum: 058ca341f9d6d5327d9962fd88a91b65
     Pseudo is Norm-conserving, Zval =  4.0
     Generated using FHI98PP, converted with fhi2upf.x v.5.0.2
     Using radial grid of  461 points,  3 beta functions with: 
                l(1) =   0
                l(2) =   1
                l(3) =   3

     atomic species   valence    mass     pseudopotential
        H              1.00     1.00794     H ( 1.00)
        C              4.00    12.01070     C ( 1.00)

     No symmetry found



   Cartesian axes

     site n.     atom                  positions (alat units)
         1           C   tau(   1) = (   0.0000000   0.0000000   0.0000000  )
         2           H   tau(   2) = (   0.0495000   0.0495000   0.0495000  )
         3           H   tau(   3) = (  -0.0405000  -0.0405000   0.0405000  )
         4           H   tau(   4) = (   0.0540000  -0.0540000  -0.0540000  )
         5           H   tau(   5) = (  -0.0450000   0.0450000  -0.0450000  )

     number of k points=     1  Methfessel-Paxton smearing, width (Ry)=  0.0007
                       cart. coord. in units 2pi/alat
        k(    1) = (   0.0000000   0.0000000   0.0000000), wk =   2.0000000

     Dense  grid:   389220 G-vectors     FFT dimensions: ( 120, 120, 120)

     Estimated max dynamical RAM per process >     463.20 MB

     Initial potential from superposition of free atoms

     starting charge    7.99992, renormalised to    8.00000

     negative rho (up, down):  1.500E-03 0.000E+00
     Starting wfcs are   80 randomized atomic wfcs

     total cpu time spent up to now is        9.5 secs

     Self-consistent Calculation

     iteration #  1     ecut=    40.00 Ry     beta= 0.70
     Davidson diagonalization with overlap
     ethr =  1.00E-02,  avg # of iterations =  6.0

     negative rho (up, down):  4.327E-04 0.000E+00

     total cpu time spent up to now is       14.1 secs

     total energy              =     -15.88854377 Ry
     Harris-Foulkes estimate   =     -16.21509567 Ry
     estimated scf accuracy    <       0.48516870 Ry

     iteration #  2     ecut=    40.00 Ry     beta= 0.70
     Davidson diagonalization with overlap
     ethr =  6.06E-03,  avg # of iterations =  3.0

     negative rho (up, down):  2.562E-04 0.000E+00

     total cpu time spent up to now is       16.9 secs

     total energy              =     -15.98222246 Ry
     Harris-Foulkes estimate   =     -16.14508034 Ry
     estimated scf accuracy    <       0.33775442 Ry

     iteration #  3     ecut=    40.00 Ry     beta= 0.70
     Davidson diagonalization with overlap
     ethr =  4.22E-03,  avg # of iterations =  2.0

     negative rho (up, down):  1.003E-05 0.000E+00

     total cpu time spent up to now is       18.8 secs

     total energy              =     -16.04789205 Ry
     Harris-Foulkes estimate   =     -16.05026654 Ry
     estimated scf accuracy    <       0.00501757 Ry

     iteration #  4     ecut=    40.00 Ry     beta= 0.70
     Davidson diagonalization with overlap
     ethr =  6.27E-05,  avg # of iterations = 15.0

     negative rho (up, down):  1.140E-05 0.000E+00

     total cpu time spent up to now is       23.3 secs

     total energy              =     -16.04919670 Ry
     Harris-Foulkes estimate   =     -16.04929011 Ry
     estimated scf accuracy    <       0.00021319 Ry

     iteration #  5     ecut=    40.00 Ry     beta= 0.70
     Davidson diagonalization with overlap
     ethr =  2.66E-06,  avg # of iterations = 14.0

     negative rho (up, down):  2.184E-07 0.000E+00

     total cpu time spent up to now is       27.2 secs

     total energy              =     -16.04921065 Ry
     Harris-Foulkes estimate   =     -16.04921238 Ry
     estimated scf accuracy    <       0.00001024 Ry

     iteration #  6     ecut=    40.00 Ry     beta= 0.70
     Davidson diagonalization with overlap
     ethr =  1.28E-07,  avg # of iterations =  2.0

     negative rho (up, down):  2.695E-08 0.000E+00

     total cpu time spent up to now is       29.0 secs

     total energy              =     -16.04921211 Ry
     Harris-Foulkes estimate   =     -16.04921277 Ry
     estimated scf accuracy    <       0.00000130 Ry

     iteration #  7     ecut=    40.00 Ry     beta= 0.70
     Davidson diagonalization with overlap
     ethr =  1.62E-08,  avg # of iterations =  2.0

     total cpu time spent up to now is       30.7 secs

     End of self-consistent calculation

          k = 0.0000 0.0000 0.0000 ( 48761 PWs)   bands (ev):

   -16.3200  -9.5359  -8.9161  -8.3796  -0.7722   0.1351   0.3592   0.4498
     0.4733   0.6271

     the Fermi energy is    -7.8465 ev

!    total energy              =     -16.04921222 Ry
     Harris-Foulkes estimate   =     -16.04921227 Ry
     estimated scf accuracy    <       0.00000007 Ry

     The total energy is the sum of the following terms:

     one-electron contribution =     -42.99595855 Ry
     hartree contribution      =      22.23406967 Ry
     xc contribution           =      -6.04029154 Ry
     ewald contribution        =      10.75296821 Ry
     smearing contrib. (-TS)   =       0.00000000 Ry

     convergence has been achieved in   7 iterations

     Forces acting on atoms (cartesian axes, Ry/au):

     atom    1 type  2   force =     0.14743426    0.06453303   -0.08371608
     atom    2 type  1   force =    -0.07942731   -0.08526627   -0.08809770
     atom    3 type  1   force =    -0.02413882   -0.03527790    0.02985664
     atom    4 type  1   force =    -0.09805969    0.10193901    0.10005202
     atom    5 type  1   force =     0.05419156   -0.04592787    0.04190512

     Total force =     0.306249     Total SCF correction =     0.000146

     Writing output data file ./CH4_3dist.save/

     init_run     :      8.83s CPU      9.23s WALL (       1 calls)
     electrons    :     20.81s CPU     21.20s WALL (       1 calls)
     forces       :      0.58s CPU      0.60s WALL (       1 calls)

     Called by init_run:
     wfcinit      :      7.48s CPU      7.60s WALL (       1 calls)
     potinit      :      0.90s CPU      1.07s WALL (       1 calls)
     hinit0       :      0.25s CPU      0.31s WALL (       1 calls)

     Called by electrons:
     c_bands      :     14.97s CPU     15.00s WALL (       7 calls)
     sum_band     :      1.81s CPU      1.81s WALL (       7 calls)
     v_of_rho     :      4.19s CPU      4.58s WALL (       8 calls)
     mix_rho      :      0.51s CPU      0.56s WALL (       7 calls)

     Called by c_bands:
     init_us_2    :      0.27s CPU      0.29s WALL (      15 calls)
     regterg      :     14.50s CPU     14.53s WALL (       7 calls)

     Called by sum_band:

     Called by *egterg:
     h_psi        :     16.42s CPU     16.49s WALL (      52 calls)
     g_psi        :      0.04s CPU      0.04s WALL (      44 calls)
     rdiaghg      :      0.01s CPU      0.02s WALL (      51 calls)

     Called by h_psi:
     h_psi:calbec :      2.83s CPU      2.85s WALL (      52 calls)
     vloc_psi     :     11.73s CPU     11.75s WALL (      52 calls)
     add_vuspsi   :      1.83s CPU      1.83s WALL (      52 calls)

     General routines
     calbec       :      3.08s CPU      3.08s WALL (      56 calls)
     fft          :      2.85s CPU      2.88s WALL (      65 calls)
     ffts         :      0.31s CPU      0.31s WALL (       7 calls)
     fftw         :     11.58s CPU     11.58s WALL (     405 calls)

     Parallel routines

     PWSCF        :     30.39s CPU     31.39s WALL


   This run was terminated on:  17:24:36  27Mar2021            

=------------------------------------------------------------------------------=
   JOB DONE.
=------------------------------------------------------------------------------=
