
     Program PWSCF v.7.0 starts on  7Apr2022 at  0:16:38 

     This program is part of the open-source Quantum ESPRESSO suite
     for quantum simulation of materials; please cite
         "P. Giannozzi et al., J. Phys.:Condens. Matter 21 395502 (2009);
         "P. Giannozzi et al., J. Phys.:Condens. Matter 29 465901 (2017);
         "P. Giannozzi et al., J. Chem. Phys. 152 154105 (2020);
          URL http://www.quantum-espresso.org", 
     in publications or presentations arising from this work. More details at
     http://www.quantum-espresso.org/quote

     Parallel version (MPI), running on     1 processors

     MPI processes distributed on     1 nodes
     453 MiB available memory on the printing compute node when the environment starts

     Waiting for input...
     Reading input from standard input

     Current dimensions of program PWSCF are:
     Max number of different atomic species (ntypx) = 10
     Max number of k-points (npk) =  40000
     Max angular momentum in pseudopotentials (lmaxx) =  4

     Atomic positions and unit cell read from directory:
     ./bn.save/
     Atomic positions from file used, from input discarded


     Subspace diagonalization in iterative solution of the eigenvalue problem:
     a serial algorithm will be used


     G-vector sticks info
     --------------------
     sticks:   dense  smooth     PW     G-vecs:    dense   smooth      PW
     Sum         313     313     91                27687    27687    4847

     Using Slab Decomposition



     bravais-lattice index     =            4
     lattice parameter (alat)  =       4.7168  a.u.
     unit-cell volume          =     578.0146 (a.u.)^3
     number of atoms/cell      =            2
     number of atomic types    =            2
     number of electrons       =         8.00
     number of Kohn-Sham states=            8
     kinetic-energy cutoff     =      50.0000  Ry
     charge density cutoff     =     200.0000  Ry
     Exchange-correlation=  SLA  PZ   NOGX NOGC
                           (   1   1   0   0   0   0   0)

     celldm(1)=   4.716756  celldm(2)=   0.000000  celldm(3)=   6.360303
     celldm(4)=   0.000000  celldm(5)=   0.000000  celldm(6)=   0.000000

     crystal axes: (cart. coord. in units of alat)
               a(1) = (   1.000000   0.000000   0.000000 )  
               a(2) = (  -0.500000   0.866025   0.000000 )  
               a(3) = (   0.000000   0.000000   6.360303 )  

     reciprocal axes: (cart. coord. in units 2 pi/alat)
               b(1) = (  1.000000  0.577350 -0.000000 )  
               b(2) = (  0.000000  1.154701  0.000000 )  
               b(3) = (  0.000000 -0.000000  0.157225 )  


     PseudoPot. # 1 for B  read from file:
     ../../psps/B.pz-vbc.UPF
     MD5 check sum: b59596b5d63edeea6a2b3a0beace49c5
     Pseudo is Norm-conserving, Zval =  3.0
     Generated by new atomic code, or converted to UPF format
     Using radial grid of  157 points,  1 beta functions with: 
                l(1) =   0

     PseudoPot. # 2 for N  read from file:
     ../../psps/N.pz-vbc.UPF
     MD5 check sum: f7a51f6f78412844d17f6e69b370b417
     Pseudo is Norm-conserving, Zval =  5.0
     Generated by new atomic code, or converted to UPF format
     Using radial grid of  161 points,  1 beta functions with: 
                l(1) =   0

     atomic species   valence    mass     pseudopotential
        B              3.00    10.81100     B ( 1.00)
        N              5.00    14.00600     N ( 1.00)

     12 Sym. Ops. (no inversion) found


                                    s                        frac. trans.

      isym =  1     identity                                     

 cryst.   s( 1) = (     1          0          0      )
                  (     0          1          0      )
                  (     0          0          1      )

 cart.    s( 1) = (  1.0000000  0.0000000  0.0000000 )
                  (  0.0000000  1.0000000  0.0000000 )
                  (  0.0000000  0.0000000  1.0000000 )


      isym =  2     180 deg rotation - cart. axis [0,1,0]        

 cryst.   s( 2) = (    -1          0          0      )
                  (     1          1          0      )
                  (     0          0         -1      )

 cart.    s( 2) = ( -1.0000000  0.0000000  0.0000000 )
                  (  0.0000000  1.0000000  0.0000000 )
                  (  0.0000000  0.0000000 -1.0000000 )


      isym =  3     120 deg rotation - cryst. axis [0,0,1]       

 cryst.   s( 3) = (     0          1          0      )
                  (    -1         -1          0      )
                  (     0          0          1      )

 cart.    s( 3) = ( -0.5000000 -0.8660254  0.0000000 )
                  (  0.8660254 -0.5000000  0.0000000 )
                  (  0.0000000  0.0000000  1.0000000 )


      isym =  4     120 deg rotation - cryst. axis [0,0,-1]      

 cryst.   s( 4) = (    -1         -1          0      )
                  (     1          0          0      )
                  (     0          0          1      )

 cart.    s( 4) = ( -0.5000000  0.8660254  0.0000000 )
                  ( -0.8660254 -0.5000000  0.0000000 )
                  (  0.0000000  0.0000000  1.0000000 )


      isym =  5     180 deg rotation - cryst. axis [1,-1,0]      

 cryst.   s( 5) = (     0         -1          0      )
                  (    -1          0          0      )
                  (     0          0         -1      )

 cart.    s( 5) = (  0.5000000 -0.8660254  0.0000000 )
                  ( -0.8660254 -0.5000000  0.0000000 )
                  (  0.0000000  0.0000000 -1.0000000 )


      isym =  6     180 deg rotation - cryst. axis [2,1,0]       

 cryst.   s( 6) = (     1          1          0      )
                  (     0         -1          0      )
                  (     0          0         -1      )

 cart.    s( 6) = (  0.5000000  0.8660254  0.0000000 )
                  (  0.8660254 -0.5000000  0.0000000 )
                  (  0.0000000  0.0000000 -1.0000000 )


      isym =  7     inv. 180 deg rotation - cart. axis [0,0,1]   

 cryst.   s( 7) = (     1          0          0      )
                  (     0          1          0      )
                  (     0          0         -1      )

 cart.    s( 7) = (  1.0000000  0.0000000  0.0000000 )
                  (  0.0000000  1.0000000  0.0000000 )
                  (  0.0000000  0.0000000 -1.0000000 )


      isym =  8     inv. 180 deg rotation - cart. axis [1,0,0]   

 cryst.   s( 8) = (    -1          0          0      )
                  (     1          1          0      )
                  (     0          0          1      )

 cart.    s( 8) = ( -1.0000000  0.0000000  0.0000000 )
                  (  0.0000000  1.0000000  0.0000000 )
                  (  0.0000000  0.0000000  1.0000000 )


      isym =  9     inv.  60 deg rotation - cryst. axis [0,0,1]  

 cryst.   s( 9) = (    -1         -1          0      )
                  (     1          0          0      )
                  (     0          0         -1      )

 cart.    s( 9) = ( -0.5000000  0.8660254  0.0000000 )
                  ( -0.8660254 -0.5000000  0.0000000 )
                  (  0.0000000  0.0000000 -1.0000000 )


      isym = 10     inv.  60 deg rotation - cryst. axis [0,0,-1] 

 cryst.   s(10) = (     0          1          0      )
                  (    -1         -1          0      )
                  (     0          0         -1      )

 cart.    s(10) = ( -0.5000000 -0.8660254  0.0000000 )
                  (  0.8660254 -0.5000000  0.0000000 )
                  (  0.0000000  0.0000000 -1.0000000 )


      isym = 11     inv. 180 deg rotation - cryst. axis [0,1,0]  

 cryst.   s(11) = (     1          1          0      )
                  (     0         -1          0      )
                  (     0          0          1      )

 cart.    s(11) = (  0.5000000  0.8660254  0.0000000 )
                  (  0.8660254 -0.5000000  0.0000000 )
                  (  0.0000000  0.0000000  1.0000000 )


      isym = 12     inv. 180 deg rotation - cryst. axis [1,1,0]  

 cryst.   s(12) = (     0         -1          0      )
                  (    -1          0          0      )
                  (     0          0          1      )

 cart.    s(12) = (  0.5000000 -0.8660254  0.0000000 )
                  ( -0.8660254 -0.5000000  0.0000000 )
                  (  0.0000000  0.0000000  1.0000000 )


     point group D_3h (-62m)
     there are  6 classes
     the character table:

       E     2C3   3C2   s_h   2S3   3s_v 
A'_1   1.00  1.00  1.00  1.00  1.00  1.00
A'_2   1.00  1.00 -1.00  1.00  1.00 -1.00
E'     2.00 -1.00  0.00  2.00 -1.00  0.00
A''1   1.00  1.00  1.00 -1.00 -1.00 -1.00
A''2   1.00  1.00 -1.00 -1.00 -1.00  1.00
E''    2.00 -1.00  0.00 -2.00  1.00  0.00

     the symmetry operations in each class and the name of the first element:

     E        1
          identity                                               
     2C3      3    4
          120 deg rotation - cryst. axis [0,0,1]                 
     3C2      2    6    5
          180 deg rotation - cart. axis [0,1,0]                  
     s_h      7
          inv. 180 deg rotation - cart. axis [0,0,1]             
     2S3      9   10
          inv.  60 deg rotation - cryst. axis [0,0,1]            
     3s_v     8   11   12
          inv. 180 deg rotation - cart. axis [1,0,0]             

   Cartesian axes

     site n.     atom                  positions (alat units)
         1           B   tau(   1) = (   0.5000000   0.2886751   0.0000000  )
         2           N   tau(   2) = (  -0.5000000  -0.2886751   0.0000000  )

   Crystallographic axes

     site n.     atom                  positions (cryst. coord.)
         1           B   tau(   1) = (  0.6666667  0.3333333  0.0000000  )
         2           N   tau(   2) = ( -0.6666667 -0.3333333  0.0000000  )

     number of k points=     3
                       cart. coord. in units 2pi/alat
        k(    1) = (   0.0000000   0.0000000   0.0000000), wk =   0.2222222
        k(    2) = (   0.0000000   0.3849002   0.0000000), wk =   1.3333333
        k(    3) = (   0.3333333   0.5773503   0.0000000), wk =   0.4444444

                       cryst. coord.
        k(    1) = (   0.0000000   0.0000000   0.0000000), wk =   0.2222222
        k(    2) = (   0.0000000   0.3333333   0.0000000), wk =   1.3333333
        k(    3) = (   0.3333333   0.3333333   0.0000000), wk =   0.4444444

     Dense  grid:    27687 G-vectors     FFT dimensions: (  24,  24, 135)

     Dynamical RAM for                 wfc:       0.42 MB

     Dynamical RAM for     wfc (w. buffer):       0.42 MB

     Dynamical RAM for           str. fact:       0.84 MB

     Dynamical RAM for           local pot:       0.00 MB

     Dynamical RAM for          nlocal pot:       0.11 MB

     Dynamical RAM for                qrad:       0.02 MB

     Dynamical RAM for          rho,v,vnew:       3.05 MB

     Dynamical RAM for           G-vectors:       1.80 MB

     Dynamical RAM for          h,s,v(r/c):       0.01 MB

     Dynamical RAM for          <psi|beta>:       0.00 MB

     Dynamical RAM for                 psi:       0.84 MB

     Dynamical RAM for                hpsi:       0.84 MB

     Dynamical RAM for      wfcinit/wfcrot:       0.84 MB

     Estimated static dynamical RAM per process >      10.47 MB

     Estimated max dynamical RAM per process >      12.17 MB
 ----2D----2D----2D----2D----2D----2D----2D----2D----2D----2D----2D----2D
  The code is running with the 2D cutoff
  Please refer to:
  Sohier, T., Calandra, M., & Mauri, F. (2017), 
  Density functional perturbation theory for gated two-dimensional heterostructures:
  Theoretical developments and application to flexural phonons in graphene.
  Physical Review B, 96(7), 75448. https://doi.org/10.1103/PhysRevB.96.075448
 ----2D----2D----2D----2D----2D----2D----2D----2D----2D----2D----2D----2D

     The potential is recalculated from file :
     ./bn.save/charge-density

     Starting wfcs are    8 randomized atomic wfcs

     Band Structure Calculation
     Davidson diagonalization with overlap

     Computing kpt #:     1  of     3
     total cpu time spent up to now is        0.3 secs

     Computing kpt #:     2  of     3
     total cpu time spent up to now is        0.5 secs

     Computing kpt #:     3  of     3
     total cpu time spent up to now is        0.6 secs

     ethr =  1.00E-06,  avg # of iterations = 20.0

     total cpu time spent up to now is        0.6 secs

     End of band structure calculation

          k = 0.0000 0.0000 0.0000 (  3439 PWs)   bands (ev):

   -23.8293 -11.4720  -7.4058  -7.4058  -1.3437  -0.1736   1.1693   2.0178

     occupation numbers 
     1.0000   1.0000   1.0000   1.0000   0.0000   0.0000   0.0000   0.0000

          k = 0.0000 0.3849 0.0000 (  3453 PWs)   bands (ev):

   -21.8756 -12.9939  -9.7277  -8.7509   0.9542   2.0039   3.6092   4.1907

     occupation numbers 
     1.0000   1.0000   1.0000   1.0000   0.0000   0.0000   0.0000   0.0000

          k = 0.3333 0.5774 0.0000 (  3459 PWs)   bands (ev):

   -20.1232 -14.1881 -13.2063  -6.0199  -1.5502   6.0152   7.3513   8.4684

     occupation numbers 
     1.0000   1.0000   1.0000   1.0000   0.0000   0.0000   0.0000   0.0000

     highest occupied, lowest unoccupied level (ev):    -6.0199   -1.5502

     Writing all to output data dir ./bn.save/

     init_run     :      0.03s CPU      0.03s WALL (       1 calls)
     electrons    :      0.51s CPU      0.51s WALL (       1 calls)

     Called by init_run:
     wfcinit      :      0.00s CPU      0.00s WALL (       1 calls)
     wfcinit:atom :      0.00s CPU      0.00s WALL (       3 calls)
     wfcinit:wfcr :      0.03s CPU      0.03s WALL (       3 calls)
     potinit      :      0.01s CPU      0.01s WALL (       1 calls)
     hinit0       :      0.01s CPU      0.01s WALL (       1 calls)

     Called by electrons:
     c_bands      :      0.51s CPU      0.51s WALL (       1 calls)
     v_of_rho     :      0.00s CPU      0.00s WALL (       1 calls)
     v_h          :      0.00s CPU      0.00s WALL (       1 calls)
     v_xc         :      0.00s CPU      0.00s WALL (       1 calls)

     Called by c_bands:
     init_us_2    :      0.00s CPU      0.00s WALL (       3 calls)
     init_us_2:cp :      0.00s CPU      0.00s WALL (       3 calls)
     cegterg      :      0.47s CPU      0.47s WALL (       4 calls)

     Called by sum_band:

     Called by *egterg:
     cdiaghg      :      0.00s CPU      0.00s WALL (      63 calls)
     cegterg:over :      0.03s CPU      0.03s WALL (      60 calls)
     cegterg:upda :      0.02s CPU      0.02s WALL (      60 calls)
     cegterg:last :      0.03s CPU      0.03s WALL (      38 calls)
     h_psi        :      0.42s CPU      0.42s WALL (      67 calls)
     g_psi        :      0.00s CPU      0.00s WALL (      60 calls)

     Called by h_psi:
     h_psi:calbec :      0.00s CPU      0.00s WALL (      67 calls)
     vloc_psi     :      0.41s CPU      0.41s WALL (      67 calls)
     add_vuspsi   :      0.00s CPU      0.00s WALL (      67 calls)

     General routines
     calbec       :      0.00s CPU      0.00s WALL (      67 calls)
     fft          :      0.00s CPU      0.00s WALL (       3 calls)
     fftw         :      0.38s CPU      0.38s WALL (     642 calls)
     davcio       :      0.00s CPU      0.00s WALL (       6 calls)

     Parallel routines

     PWSCF        :      0.59s CPU      0.64s WALL


   This run was terminated on:   0:16:38   7Apr2022            

=------------------------------------------------------------------------------=
   JOB DONE.
=------------------------------------------------------------------------------=
